Renesas Optimizing Linker (W3.02.00 )             07-Oct-2020 19:19:26

*** Options ***

-subcommand=DefaultBuild\RTOSDemo.clnk
-library=DefaultBuild\RTOSDemo.lib
-input=DefaultBuild\port_asm.obj
-input=DefaultBuild\event_groups.obj
-input=DefaultBuild\list.obj
-input=DefaultBuild\heap_4.obj
-input=DefaultBuild\port.obj
-input=DefaultBuild\queue.obj
-input=DefaultBuild\stream_buffer.obj
-input=DefaultBuild\tasks.obj
-input=DefaultBuild\timers.obj
-input=DefaultBuild\main_blinky.obj
-input=DefaultBuild\FreeRTOS_CLI.obj
-input=DefaultBuild\IntQueueTimer.obj
-input=DefaultBuild\Sample-CLI-commands.obj
-input=DefaultBuild\BlockQ.obj
-input=DefaultBuild\EventGroupsDemo.obj
-input=DefaultBuild\GenQTest.obj
-input=DefaultBuild\IntQueue.obj
-input=DefaultBuild\IntSemTest.obj
-input=DefaultBuild\QueueOverwrite.obj
-input=DefaultBuild\TaskNotify.obj
-input=DefaultBuild\TaskNotifyArray.obj
-input=DefaultBuild\TimerDemo.obj
-input=DefaultBuild\blocktim.obj
-input=DefaultBuild\countsem.obj
-input=DefaultBuild\death.obj
-input=DefaultBuild\dynamic.obj
-input=DefaultBuild\flop.obj
-input=DefaultBuild\recmutex.obj
-input=DefaultBuild\semtest.obj
-input=DefaultBuild\UARTCommandConsole.obj
-input=DefaultBuild\main_full.obj
-input=DefaultBuild\serial.obj
-input=DefaultBuild\freertos_object_init.obj
-input=DefaultBuild\freertos_start.obj
-input=DefaultBuild\r_cg_hardware_setup.obj
-input=DefaultBuild\r_smc_cgc.obj
-input=DefaultBuild\r_smc_cgc_user.obj
-input=DefaultBuild\r_smc_interrupt.obj
-input=DefaultBuild\hwsetup.obj
-input=DefaultBuild\dbsct.obj
-input=DefaultBuild\lowlvl.obj
-input=DefaultBuild\lowsrc.obj
-input=DefaultBuild\mcu_locks.obj
-input=DefaultBuild\r_bsp_common.obj
-input=DefaultBuild\r_bsp_cpu.obj
-input=DefaultBuild\r_bsp_interrupts.obj
-input=DefaultBuild\r_bsp_locking.obj
-input=DefaultBuild\r_bsp_mcu_startup.obj
-input=DefaultBuild\r_bsp_software_interrupt.obj
-input=DefaultBuild\sbrk.obj
-input=DefaultBuild\mcu_clocks.obj
-input=DefaultBuild\mcu_init.obj
-input=DefaultBuild\mcu_interrupts.obj
-input=DefaultBuild\mcu_mapped_interrupts.obj
-input=DefaultBuild\vecttbl.obj
-input=DefaultBuild\r_byteq.obj
-input=DefaultBuild\r_gpio_rx.obj
-input=DefaultBuild\r_gpio_rx65n.obj
-input=DefaultBuild\r_sci_rx_pinset.obj
-input=DefaultBuild\r_sci_rx.obj
-input=DefaultBuild\r_sci_rx65n.obj
-input=DefaultBuild\r_sci_rx65n_data.obj
-input=DefaultBuild\FIT_patch.obj
-input=DefaultBuild\resetprg.obj
-input=DefaultBuild\r_dtc_rx.obj
-input=DefaultBuild\r_dtc_rx_target.obj
-input=DefaultBuild\u_sci_rx_ext.obj
-noprelink
-output=DefaultBuild\RTOSDemo.abs
-vect=_undefined_interrupt_source_isr
-list=DefaultBuild\RTOSDemo.map
-show=all
-optimize=speed
-start=B_1,R_1,B_2,R_2,B,R,SI/04,PResetPRG,C_1,C_2,C,C$*,D*,W*,L,P/0FFE00000,EXCEPTVECT/0FFFFFF80,RESETVECT/0FFFFFFFC
-rom=D=R,D_2=R_2,D_1=R_1
-stack
-change_message=warning=2300,2142
-total_size
-nologo
-end

*** Error information ***

*** Mapping List ***

SECTION                            START      END         SIZE   ALIGN
B_1
                                  00000004  0000b00b      b008   1
R_1
                                  0000b00c  0000b1f7       1ec   1
B_2
                                  0000b1f8  0000b1ff         8   2
R_2
                                  0000b200  0000b239        3a   2
B
                                  0000b23c  0000b987       74c   4
R
                                  0000b988  0000be03       47c   4
SI
                                  0000be04  0000c203       400   4
$ADDR_C_FE7F5D00
                                  fe7f5d00  fe7f5d0b         c   1
$ADDR_C_FE7F5D10
                                  fe7f5d10  fe7f5d13         4   1
$ADDR_C_FE7F5D20
                                  fe7f5d20  fe7f5d23         4   1
$ADDR_C_FE7F5D40
                                  fe7f5d40  fe7f5d43         4   1
$ADDR_C_FE7F5D48
                                  fe7f5d48  fe7f5d4b         4   1
$ADDR_C_FE7F5D50
                                  fe7f5d50  fe7f5d5f        10   1
$ADDR_C_FE7F5D64
                                  fe7f5d64  fe7f5d67         4   1
$ADDR_C_FE7F5D70
                                  fe7f5d70  fe7f5d73         4   1
PResetPRG
                                  ffe00000  ffe0006a        6b   1
C_1
                                  ffe0006b  ffe0014f        e5   1
C_2
                                  ffe00150  ffe0038d       23e   2
C
                                  ffe00390  ffe0088f       500   4
C$DSEC
                                  ffe00890  ffe008b3        24   4
C$BSEC
                                  ffe008b4  ffe008cb        18   4
C$VECT
                                  ffe008cc  ffe00ccb       400   4
D
                                  ffe00ccc  ffe01147       47c   4
D_2
                                  ffe01148  ffe01181        3a   2
D_1
                                  ffe01182  ffe0136d       1ec   1
W
                                  ffe01370  ffe01370         0   4
W_1
                                  ffe01370  ffe0137f        10   1
W_2
                                  ffe01380  ffe014bf       140   2
L
                                  ffe014c0  ffe01dd8       919   4
P
                                  ffe01dd9  ffe10543      e76b   1
EXCEPTVECT
                                  ffffff80  fffffffb        7c   4
RESETVECT
                                  fffffffc  ffffffff         4   4

*** Total Section Size ***

RAMDATA SECTION:  0000c1fe Byte(s)
ROMDATA SECTION:  00001e1e Byte(s)
PROGRAM SECTION:  0000e7d6 Byte(s)

*** Symbol List ***

SECTION=
FILE=                               START        END    SIZE
  SYMBOL                            ADDR        SIZE    INFO      COUNTS  OPT

SECTION=B_1
FILE=DefaultBuild\heap_4.obj
                                  00000004  0000a003      a000
  _ucHeap
                                  00000004      a000   data ,l         2
FILE=DefaultBuild\FreeRTOS_CLI.obj
                                  0000a004  0000adaf       dac
  _cOutputBuffer
                                  0000a004       dac   data ,l         1
FILE=DefaultBuild\UARTCommandConsole.obj
                                  0000adb0  0000ae13        64
  _cInputString$1
                                  0000adb0        32   data ,l         1
  _cLastInputString$2
                                  0000ade2        32   data ,l         2
FILE=DefaultBuild\lowsrc.obj
                                  0000ae14  0000ae27        14
  _flmod
                                  0000ae14        14   data ,g         4
FILE=DefaultBuild\r_bsp_software_interrupt.obj
                                  0000ae28  0000ae2b         4
  _s_bsp_swint_buf_used
                                  0000ae28         1   data ,l         5
  _s_bsp_swint_buf_top
                                  0000ae29         1   data ,l         2
  _s_bsp_swint_buf_bottom
                                  0000ae2a         1   data ,l         3
  _s_bsp_swint_nested_int_status
                                  0000ae2b         1   data ,l         5
FILE=DefaultBuild\r_sci_rx.obj
                                  0000ae2c  0000b00b       1e0
  _ch1_tx_buf
                                  0000ae2c        50   data ,l         1
  _ch1_rx_buf
                                  0000ae7c        50   data ,l         1
  _ch5_tx_buf
                                  0000aecc        50   data ,l         1
  _ch5_rx_buf
                                  0000af1c        50   data ,l         1
  _ch8_tx_buf
                                  0000af6c        50   data ,l         1
  _ch8_rx_buf
                                  0000afbc        50   data ,l         1

SECTION=R_1
FILE=DefaultBuild\IntQueue.obj
                                  0000b00c  0000b19b       190
  _ucNormallyEmptyReceivedValues
                                  0000b00c        c8   data ,l         4
  _ucNormallyFullReceivedValues
                                  0000b0d4        c8   data ,l         7
FILE=DefaultBuild\TimerDemo.obj
                                  0000b19c  0000b1a4         9
  _ucAutoReloadTimerCounters
                                  0000b19c         6   data ,l         6
  _ucOneShotTimerCounter
                                  0000b1a2         1   data ,l         3
  _ucISRAutoReloadTimerCounter
                                  0000b1a3         1   data ,l         d
  _ucISROneShotTimerCounter
                                  0000b1a4         1   data ,l         d
FILE=DefaultBuild\r_byteq.obj
                                  0000b1a5  0000b1a5         1
  _qcb_init$1
                                  0000b1a5         1   data ,l         1
FILE=DefaultBuild\r_dtc_rx.obj
                                  0000b1a6  0000b1a6         1
  _s_is_opened
                                  0000b1a6         1   data ,l         3
FILE=xfiles
                                  0000b1a7  0000b1f6        50
  _ebuf
                                  0000b1a7        50   data ,l         5
FILE=xstate
                                  0000b1f7  0000b1f7         1
  __Mbcurmax
                                  0000b1f7         1   data ,g         1

SECTION=B_2
FILE=DefaultBuild\r_bsp_cpu.obj
                                  0000b1f8  0000b1ff         8
  _s_protect_counters
                                  0000b1f8         8   data ,l         3

SECTION=R_2
FILE=DefaultBuild\BlockQ.obj
                                  0000b200  0000b217        18
  _sBlockingConsumerCount
                                  0000b200         6   data ,l         3
  _sBlockingProducerCount
                                  0000b206         6   data ,l         2
  _sLastBlockingProducerCount$2
                                  0000b20c         6   data ,l         1
  _sLastBlockingConsumerCount$1
                                  0000b212         6   data ,l         1
FILE=DefaultBuild\death.obj
                                  0000b218  0000b21b         4
  _usCreationCount
                                  0000b218         2   data ,l         2
  _usLastCreationCount$1
                                  0000b21a         2   data ,l         1
FILE=DefaultBuild\dynamic.obj
                                  0000b21c  0000b21f         4
  _usCheckVariable
                                  0000b21c         2   data ,l         2
  _usLastTaskCheck$2
                                  0000b21e         2   data ,l         1
FILE=DefaultBuild\flop.obj
                                  0000b220  0000b227         8
  _usTaskCheck
                                  0000b220         8   data ,l         2
FILE=DefaultBuild\semtest.obj
                                  0000b228  0000b239        12
  _sCheckVariables
                                  0000b228         8   data ,l         2
  _sNextCheckVariable
                                  0000b230         2   data ,l         1
  _sLastCheckVariables$1
                                  0000b232         8   data ,l         1

SECTION=B
FILE=DefaultBuild\heap_4.obj
                                  0000b23c  0000b243         8
  _xStart
                                  0000b23c         8   data ,l         5
FILE=DefaultBuild\tasks.obj
                                  0000b244  0000b33b        f8
  _pxReadyTasksLists
                                  0000b244        8c   data ,l        14
  _xDelayedTaskList1
                                  0000b2d0        14   data ,l         1
  _xDelayedTaskList2
                                  0000b2e4        14   data ,l         1
  _pxDelayedTaskList
                                  0000b2f8         4   data ,l        10
  _pxOverflowDelayedTaskList
                                  0000b2fc         4   data ,l         d
  _xPendingReadyList
                                  0000b300        14   data ,l         6
  _xTasksWaitingTermination
                                  0000b314        14   data ,l         6
  _xSuspendedTaskList
                                  0000b328        14   data ,l         b
FILE=DefaultBuild\timers.obj
                                  0000b33c  0000b36b        30
  _xActiveTimerList1
                                  0000b33c        14   data ,l         2
  _xActiveTimerList2
                                  0000b350        14   data ,l         2
  _pxCurrentTimerList
                                  0000b364         4   data ,l         3
  _pxOverflowTimerList
                                  0000b368         4   data ,l         6
FILE=DefaultBuild\GenQTest.obj
                                  0000b36c  0000b373         8
  _xHighPriorityMutexTask
                                  0000b36c         4   data ,l         2
  _xMediumPriorityMutexTask
                                  0000b370         4   data ,l         2
FILE=DefaultBuild\IntQueue.obj
                                  0000b374  0000b38b        18
  _xNormallyEmptyQueue
                                  0000b374         4   data ,l         5
  _xNormallyFullQueue
                                  0000b378         4   data ,l         6
  _xHighPriorityNormallyEmptyTask1
                                  0000b37c         4   data ,g         2
  _xHighPriorityNormallyEmptyTask2
                                  0000b380         4   data ,g         3
  _xHighPriorityNormallyFullTask1
                                  0000b384         4   data ,g         2
  _xHighPriorityNormallyFullTask2
                                  0000b388         4   data ,g         2
FILE=DefaultBuild\IntSemTest.obj
                                  0000b38c  0000b38f         4
  _xSlaveHandle
                                  0000b38c         4   data ,l         2
FILE=DefaultBuild\TimerDemo.obj
                                  0000b390  0000b393         4
  _xLastCycleFrequency$3
                                  0000b390         4   data ,l         1
FILE=DefaultBuild\blocktim.obj
                                  0000b394  0000b39f         c
  _xTestQueue
                                  0000b394         4   data ,l         3
  _xSecondary
                                  0000b398         4   data ,l         2
  _xRunIndicator
                                  0000b39c         4   data ,l         2
FILE=DefaultBuild\countsem.obj
                                  0000b3a0  0000b3b7        18
  _xParameters
                                  0000b3a0        18   data ,l         2
FILE=DefaultBuild\death.obj
                                  0000b3b8  0000b3bf         8
  _xCreatedTask
                                  0000b3b8         4   data ,g         1
  _uxTasksRunningNow$2
                                  0000b3bc         4   data ,l         1
FILE=DefaultBuild\dynamic.obj
                                  0000b3c0  0000b3cf        10
  _xContinuousIncrementHandle
                                  0000b3c0         4   data ,l         2
  _xLimitedIncrementHandle
                                  0000b3c4         4   data ,l         2
  _ulCounter
                                  0000b3c8         4   data ,l         2
  _xSuspendedTestQueue
                                  0000b3cc         4   data ,g         3
FILE=DefaultBuild\recmutex.obj
                                  0000b3d0  0000b3db         c
  _xMutex
                                  0000b3d0         4   data ,l         4
  _xControllingTaskHandle
                                  0000b3d4         4   data ,l         2
  _xBlockingTaskHandle
                                  0000b3d8         4   data ,l         2
FILE=DefaultBuild\r_cg_hardware_setup.obj
                                  0000b3dc  0000b3ef        14
  _xSerialSciHandle
                                  0000b3dc         4   data ,g         4
  _xSerialTxDtcInfo
                                  0000b3e0        10   data ,g         1
FILE=DefaultBuild\lowsrc.obj
                                  0000b3f0  0000b43f        50
  __Files
                                  0000b3f0        50   data ,g         5
FILE=DefaultBuild\mcu_locks.obj
                                  0000b440  0000b60f       1d0
  _g_bsp_Locks
                                  0000b440       1d0   data ,g         3
FILE=DefaultBuild\r_bsp_interrupts.obj
                                  0000b610  0000b78b       17c
  _g_bsp_vectors
                                  0000b610       17c   data ,l         b
FILE=DefaultBuild\r_bsp_software_interrupt.obj
                                  0000b78c  0000b7fb        70
  _g_bsp_swint_access_ctrl
                                  0000b78c         4   data ,g         4
  _s_bsp_swint_task
                                  0000b790        6c   data ,l         5
FILE=DefaultBuild\r_byteq.obj
                                  0000b7fc  0000b97b       180
  _g_qcb
                                  0000b7fc       180   data ,l         1
FILE=DefaultBuild\r_dtc_rx.obj
                                  0000b97c  0000b983         8
  _gp_dtc_table_work
                                  0000b97c         8   data ,g         1
FILE=_errno
                                  0000b984  0000b987         4
  __errno
                                  0000b984         4   data ,g         4

SECTION=R
FILE=DefaultBuild\heap_4.obj
                                  0000b988  0000b99f        18
  _pxEnd
                                  0000b988         4   data ,l         2
  _xFreeBytesRemaining
                                  0000b98c         4   data ,l         4
  _xMinimumEverFreeBytesRemaining
                                  0000b990         4   data ,l         3
  _xNumberOfSuccessfulAllocations
                                  0000b994         4   data ,l         1
  _xNumberOfSuccessfulFrees
                                  0000b998         4   data ,l         1
  _xBlockAllocatedBit
                                  0000b99c         4   data ,l         3
FILE=DefaultBuild\tasks.obj
                                  0000b9a0  0000b9d3        34
  _pxCurrentTCB
                                  0000b9a0         4   data ,g        46
  _uxDeletedTasksWaitingCleanUp
                                  0000b9a4         4   data ,l         2
  _uxCurrentNumberOfTasks
                                  0000b9a8         4   data ,l         7
  _xTickCount
                                  0000b9ac         4   data ,l        10
  _uxTopReadyPriority
                                  0000b9b0         4   data ,l        10
  _xSchedulerRunning
                                  0000b9b4         4   data ,l        15
  _xPendedTicks
                                  0000b9b8         4   data ,l         4
  _xYieldPending
                                  0000b9bc         4   data ,l         b
  _xNumOfOverflows
                                  0000b9c0         4   data ,l         4
  _uxTaskNumber
                                  0000b9c4         4   data ,l         2
  _xNextTaskUnblockTime
                                  0000b9c8         4   data ,l        11
  _xIdleTaskHandle
                                  0000b9cc         4   data ,l         1
  _uxSchedulerSuspended
                                  0000b9d0         4   data ,l        12
FILE=DefaultBuild\timers.obj
                                  0000b9d4  0000b9df         c
  _xTimerQueue
                                  0000b9d4         4   data ,l         6
  _xTimerTaskHandle
                                  0000b9d8         4   data ,l         1
  _xLastTime$1
                                  0000b9dc         4   data ,l         2
FILE=DefaultBuild\FreeRTOS_CLI.obj
                                  0000b9e0  0000b9f3        14
  _xRegisteredCommands
                                  0000b9e0         8   data ,l         3
  _pxLastCommandInList$1
                                  0000b9e8         4   data ,l         1
  _pxCommand$2
                                  0000b9ec         4   data ,l         1
  _pxCommand$3
                                  0000b9f0         4   data ,l         1
FILE=DefaultBuild\Sample-CLI-commands.obj
                                  0000b9f4  0000b9fb         8
  _uxParameterNumber$1
                                  0000b9f4         4   data ,l         1
  _uxParameterNumber$2
                                  0000b9f8         4   data ,l         1
FILE=DefaultBuild\EventGroupsDemo.obj
                                  0000b9fc  0000ba2b        30
  _ulTestMasterCycles
                                  0000b9fc         4   data ,l         2
  _ulTestSlaveCycles
                                  0000ba00         4   data ,l         3
  _ulISRCycles
                                  0000ba04         4   data ,l         2
  _xEventGroup
                                  0000ba08         4   data ,l         3
  _xISREventGroup
                                  0000ba0c         4   data ,l         2
  _xSyncTask1
                                  0000ba10         4   data ,l         3
  _xSyncTask2
                                  0000ba14         4   data ,l         2
  _xCallCount$1
                                  0000ba18         4   data ,l         1
  _xISRTestError$2
                                  0000ba1c         4   data ,l         3
  _ulPreviousWaitBitCycles$3
                                  0000ba20         4   data ,l         1
  _ulPreviousSetBitCycles$4
                                  0000ba24         4   data ,l         1
  _ulPreviousISRCycles$5
                                  0000ba28         4   data ,l         1
FILE=DefaultBuild\GenQTest.obj
                                  0000ba2c  0000ba47        1c
  _xErrorDetected
                                  0000ba2c         4   data ,l        1c
  _ulLoopCounter
                                  0000ba30         4   data ,l         2
  _ulLoopCounter2
                                  0000ba34         4   data ,l         2
  _ulGuardedVariable
                                  0000ba38         4   data ,l         2
  _xBlockWasAborted
                                  0000ba3c         4   data ,l         1
  _ulLastLoopCounter$1
                                  0000ba40         4   data ,l         1
  _ulLastLoopCounter2$2
                                  0000ba44         4   data ,l         1
FILE=DefaultBuild\IntQueue.obj
                                  0000ba48  0000ba83        3c
  _uxHighPriorityLoops1
                                  0000ba48         4   data ,l         2
  _uxHighPriorityLoops2
                                  0000ba4c         4   data ,l         2
  _uxLowPriorityLoops1
                                  0000ba50         4   data ,l         2
  _uxLowPriorityLoops2
                                  0000ba54         4   data ,l         2
  _xErrorStatus
                                  0000ba58         4   data ,l        1d
  _xErrorLine
                                  0000ba5c         4   data ,l        1c
  _xWasSuspended
                                  0000ba60         4   data ,l         3
  _uxValueForNormallyEmptyQueue
                                  0000ba64         4   data ,l         7
  _uxValueForNormallyFullQueue
                                  0000ba68         4   data ,l         5
  _uxNextOperation$1
                                  0000ba6c         4   data ,l         1
  _uxNextOperation$2
                                  0000ba70         4   data ,l         1
  _uxLastHighPriorityLoops1$3
                                  0000ba74         4   data ,l         1
  _uxLastHighPriorityLoops2$4
                                  0000ba78         4   data ,l         1
  _uxLastLowPriorityLoops1$5
                                  0000ba7c         4   data ,l         1
  _uxLastLowPriorityLoops2$6
                                  0000ba80         4   data ,l         1
FILE=DefaultBuild\IntSemTest.obj
                                  0000ba84  0000baaf        2c
  _xErrorDetected
                                  0000ba84         4   data ,l         6
  _ulMasterLoops
                                  0000ba88         4   data ,l         2
  _ulCountingSemaphoreLoops
                                  0000ba8c         4   data ,l         2
  _xISRMutex
                                  0000ba90         4   data ,l         3
  _xISRCountingSemaphore
                                  0000ba94         4   data ,l         3
  _xMasterSlaveMutex
                                  0000ba98         4   data ,l         3
  _xOkToGiveMutex
                                  0000ba9c         4   data ,l         2
  _xOkToGiveCountingSemaphore
                                  0000baa0         4   data ,l         2
  _xLastGiveTime$1
                                  0000baa4         4   data ,l         1
  _ulLastMasterLoopCounter$2
                                  0000baa8         4   data ,l         1
  _ulLastCountingSemaphoreLoops$3
                                  0000baac         4   data ,l         1
FILE=DefaultBuild\QueueOverwrite.obj
                                  0000bab0  0000babf        10
  _ulLoopCounter
                                  0000bab0         4   data ,l         3
  _xISRTestStatus
                                  0000bab4         4   data ,l         2
  _xISRQueue
                                  0000bab8         4   data ,l         2
  _ulCallCount$1
                                  0000babc         4   data ,l         1
FILE=DefaultBuild\TaskNotify.obj
                                  0000bac0  0000baeb        2c
  _xErrorStatus
                                  0000bac0         4   data ,l         5
  _ulNotifyCycleCount
                                  0000bac4         4   data ,l         2
  _xTaskToNotify
                                  0000bac8         4   data ,l         5
  _ulTimerNotificationsReceived
                                  0000bacc         4   data ,l         2
  _ulTimerNotificationsSent
                                  0000bad0         4   data ,l         3
  _xTimer
                                  0000bad4         4   data ,l         3
  _uxNextRand
                                  0000bad8         4   data ,l         3
  _ulCallCount$1
                                  0000badc         4   data ,l         1
  _xCallCount$2
                                  0000bae0         4   data ,l         1
  _xAPIToUse$3
                                  0000bae4         4   data ,l         1
  _ulLastNotifyCycleCount$4
                                  0000bae8         4   data ,l         1
FILE=DefaultBuild\TaskNotifyArray.obj
                                  0000baec  0000bb2b        40
  _ulFineCycleCount
                                  0000baec         4   data ,l         6
  _ulCourseCycleCounter
                                  0000baf0         4   data ,l         3
  _xTaskToNotify
                                  0000baf4         4   data ,l         5
  _xIncrementingIndexTimer
                                  0000baf8         4   data ,l         3
  _xNotifyWhileSuspendedTimer
                                  0000bafc         4   data ,l         3
  _uxNextRand
                                  0000bb00         4   data ,l         2
  _xSendNotificationFromISR
                                  0000bb04         4   data ,l         4
  _ulCallCount$1
                                  0000bb08         4   data ,l         1
  _uxIndexToNotify$2
                                  0000bb0c         4   data ,l         1
  _uxIndexToNotify$3
                                  0000bb10         4   data ,l         1
  _xAPIToUse$4
                                  0000bb14         4   data ,l         1
  _uxIndexToNotify$5
                                  0000bb18         4   data ,l         4
  _ulLastFineCycleCount$6
                                  0000bb1c         4   data ,l         1
  _ulLastCourseCycleCount$7
                                  0000bb20         4   data ,l         1
  _ulCallCount$8
                                  0000bb24         4   data ,l         1
  _xErrorStatus$9
                                  0000bb28         4   data ,l         3
FILE=DefaultBuild\TimerDemo.obj
                                  0000bb2c  0000bb6b        40
  _xTestStatus
                                  0000bb2c         4   data ,l        1d
  _ulLoopCounter
                                  0000bb30         4   data ,l         7
  _xAutoReloadTimers
                                  0000bb34        18   data ,l         8
  _xOneShotTimer
                                  0000bb4c         4   data ,l         1
  _xISRAutoReloadTimer
                                  0000bb50         4   data ,l         3
  _xISROneShotTimer
                                  0000bb54         4   data ,l         4
  _xBasePeriod
                                  0000bb58         4   data ,l         5
  _ulLastLoopCounter$1
                                  0000bb5c         4   data ,l         1
  _xIterationsWithoutCounterIncrement$2
                                  0000bb60         4   data ,l         3
  _uxTick$4
                                  0000bb64         4   data ,l         1
  _uxCallCount$5
                                  0000bb68         4   data ,l         1
FILE=DefaultBuild\blocktim.obj
                                  0000bb6c  0000bb7f        14
  _xPrimaryCycles
                                  0000bb6c         4   data ,l         3
  _xSecondaryCycles
                                  0000bb70         4   data ,l         2
  _xErrorOccurred
                                  0000bb74         4   data ,l         3
  _xLastPrimaryCycleCount$1
                                  0000bb78         4   data ,l         1
  _xLastSecondaryCycleCount$2
                                  0000bb7c         4   data ,l         1
FILE=DefaultBuild\countsem.obj
                                  0000bb80  0000bb8b         c
  _xErrorDetected
                                  0000bb80         4   data ,l         6
  _uxLastCount0$1
                                  0000bb84         4   data ,l         1
  _uxLastCount1$2
                                  0000bb88         4   data ,l         1
FILE=DefaultBuild\death.obj
                                  0000bb8c  0000bb8f         4
  _uxTasksRunningAtStart
                                  0000bb8c         4   data ,l         2
FILE=DefaultBuild\dynamic.obj
                                  0000bb90  0000bba3        14
  _xSuspendedQueueSendError
                                  0000bb90         4   data ,l         2
  _xSuspendedQueueReceiveError
                                  0000bb94         4   data ,l         2
  _ulExpectedValue
                                  0000bb98         4   data ,l         2
  _ulValueToSend$1
                                  0000bb9c         4   data ,l         1
  _ulLastExpectedValue$3
                                  0000bba0         4   data ,l         1
FILE=DefaultBuild\recmutex.obj
                                  0000bba4  0000bbc7        24
  _xErrorOccurred
                                  0000bba4         4   data ,l         7
  _xControllingIsSuspended
                                  0000bba8         4   data ,l         3
  _xBlockingIsSuspended
                                  0000bbac         4   data ,l         2
  _uxControllingCycles
                                  0000bbb0         4   data ,l         3
  _uxBlockingCycles
                                  0000bbb4         4   data ,l         2
  _uxPollingCycles
                                  0000bbb8         4   data ,l         2
  _uxLastControllingCycles$1
                                  0000bbbc         4   data ,l         1
  _uxLastBlockingCycles$2
                                  0000bbc0         4   data ,l         1
  _uxLastPollingCycles$3
                                  0000bbc4         4   data ,l         1
FILE=DefaultBuild\UARTCommandConsole.obj
                                  0000bbc8  0000bbcb         4
  _xTxMutex
                                  0000bbc8         4   data ,l         2
FILE=DefaultBuild\main_full.obj
                                  0000bbcc  0000bbd3         8
  _ulRegTest1LoopCounter
                                  0000bbcc         4   data ,g         2
  _ulRegTest2LoopCounter
                                  0000bbd0         4   data ,g         2
FILE=DefaultBuild\serial.obj
                                  0000bbd4  0000bbdb         8
  _xRxQueue
                                  0000bbd4         4   data ,l         3
  _xSendingTask
                                  0000bbd8         4   data ,l         2
FILE=DefaultBuild\r_sci_rx65n_data.obj
                                  0000bbdc  0000bc3b        60
  _ch1_ctrl
                                  0000bbdc        20   data ,g         5
  _ch5_ctrl
                                  0000bbfc        20   data ,g         5
  _ch8_ctrl
                                  0000bc1c        20   data ,g         5
FILE=xfiles
                                  0000bc3c  0000bd13        d8
  __Stdin
                                  0000bc3c        48   data ,g         8
  __Stdout
                                  0000bc84        48   data ,g         8
  __Stderr
                                  0000bccc        48   data ,g         4
FILE=xctype
                                  0000bd14  0000bd17         4
  __Ctype
                                  0000bd14         4   data ,g         1
FILE=xstate
                                  0000bd18  0000bd5f        48
  __Tls_setup__Mbcurmax
                                  0000bd18         4   data ,g         1
  __Mbstate
                                  0000bd1c        40   data ,g         1
  __Tls_setup__Mbstate
                                  0000bd5c         4   data ,g         1
FILE=localeco
                                  0000bd60  0000bdaf        50
  __Locale
                                  0000bd60        50   data ,g         1
FILE=xwcstate
                                  0000bdb0  0000bdf3        44
  __Wcstate
                                  0000bdb0        40   data ,g         1
  __Tls_setup__Wcstate
                                  0000bdf0         4   data ,g         1
FILE=xfvalues
                                  0000bdf4  0000be03        10
  __FInf
                                  0000bdf4        10   data ,g         1

SECTION=SI
FILE=DefaultBuild\resetprg.obj
                                  0000be04  0000c203       400

SECTION=$ADDR_C_FE7F5D00
FILE=DefaultBuild\vecttbl.obj
                                  fe7f5d00  fe7f5d0b         c
  ___MDEreg
                                  fe7f5d00         4   data ,g         0
  ___OFS0reg
                                  fe7f5d04         4   data ,g         0
  ___OFS1reg
                                  fe7f5d08         4   data ,g         0

SECTION=$ADDR_C_FE7F5D10
FILE=DefaultBuild\vecttbl.obj
                                  fe7f5d10  fe7f5d13         4
  ___TMINFreg
                                  fe7f5d10         4   data ,g         0

SECTION=$ADDR_C_FE7F5D20
FILE=DefaultBuild\vecttbl.obj
                                  fe7f5d20  fe7f5d23         4
  ___BANKSELreg
                                  fe7f5d20         4   data ,g         0

SECTION=$ADDR_C_FE7F5D40
FILE=DefaultBuild\vecttbl.obj
                                  fe7f5d40  fe7f5d43         4
  ___SPCCreg
                                  fe7f5d40         4   data ,g         0

SECTION=$ADDR_C_FE7F5D48
FILE=DefaultBuild\vecttbl.obj
                                  fe7f5d48  fe7f5d4b         4
  ___TMEFreg
                                  fe7f5d48         4   data ,g         0

SECTION=$ADDR_C_FE7F5D50
FILE=DefaultBuild\vecttbl.obj
                                  fe7f5d50  fe7f5d5f        10
  ___OSIS1reg
                                  fe7f5d50         4   data ,g         0
  ___OSIS2reg
                                  fe7f5d54         4   data ,g         0
  ___OSIS3reg
                                  fe7f5d58         4   data ,g         0
  ___OSIS4reg
                                  fe7f5d5c         4   data ,g         0

SECTION=$ADDR_C_FE7F5D64
FILE=DefaultBuild\vecttbl.obj
                                  fe7f5d64  fe7f5d67         4
  ___FAWreg
                                  fe7f5d64         4   data ,g         0

SECTION=$ADDR_C_FE7F5D70
FILE=DefaultBuild\vecttbl.obj
                                  fe7f5d70  fe7f5d73         4
  ___ROMCODEreg
                                  fe7f5d70         4   data ,g         0

SECTION=PResetPRG
FILE=DefaultBuild\resetprg.obj
                                  ffe00000  ffe0006a        6b
  _PowerON_Reset_PC
                                  ffe00000        6b   entry,g         1  ch

SECTION=C_1
FILE=DefaultBuild\r_gpio_rx65n.obj
                                  ffe0006b  ffe0007d        13
  _g_gpio_open_drain_n_support
                                  ffe0006b        13   data ,g         0
FILE=xprintf
                                  ffe0007e  ffe00087         a
  _fchar$1
                                  ffe0007e         a   data ,l         1
FILE=xputtxt
                                  ffe00088  ffe0012c        a5
  _spaces
                                  ffe00088        21   data ,l         2
  _zeroes
                                  ffe000a9        21   data ,l         3
  _asterisk
                                  ffe000ca        21   data ,l         1
  _plus
                                  ffe000eb        21   data ,l         1
  _minus
                                  ffe0010c        21   data ,l         1
FILE=xlitob
                                  ffe0012d  ffe0014e        22
  _ldigs
                                  ffe0012d        11   data ,l         1
  _udigs
                                  ffe0013e        11   data ,l         1
FILE=localeco
                                  ffe0014f  ffe0014f         1
  _null
                                  ffe0014f         1   data ,l         d

SECTION=C_2
FILE=DefaultBuild\r_bsp_cpu.obj
                                  ffe00150  ffe00155         6
  _s_prcr_masks
                                  ffe00150         6   data ,l         2
FILE=DefaultBuild\r_sci_rx65n_data.obj
                                  ffe00156  ffe0018b        36
  _async_baud
                                  ffe00156        36   data ,g         3
FILE=xctype
                                  ffe0018c  ffe0038d       202
  _ctyp_tab
                                  ffe0018c       202   data ,l         1

SECTION=C
FILE=DefaultBuild\FreeRTOS_CLI.obj
                                  ffe00390  ffe0039f        10
  _xHelpCommand
                                  ffe00390        10   data ,l         1
FILE=DefaultBuild\Sample-CLI-commands.obj
                                  ffe003a0  ffe003df        40
  _xTaskStats
                                  ffe003a0        10   data ,l         1
  _xThreeParameterEcho
                                  ffe003b0        10   data ,l         1
  _xParameterEcho
                                  ffe003c0        10   data ,l         1
  _xQueryHeap
                                  ffe003d0        10   data ,l         1
FILE=DefaultBuild\r_sci_rx65n_data.obj
                                  ffe003e0  ffe004df       100
  _ch1_rom
                                  ffe003e0        44   data ,g         1
  _ch5_rom
                                  ffe00424        44   data ,g         1
  _ch8_rom
                                  ffe00468        44   data ,g         1
  _g_handles
                                  ffe004ac        34   data ,g         2
FILE=DefaultBuild\r_dtc_rx_target.obj
                                  ffe004e0  ffe00803       324
  _g_source_array
                                  ffe004e0       324   data ,g         1
FILE=_nfiles
                                  ffe00804  ffe00807         4
  __nfiles
                                  ffe00804         4   data ,g         3
FILE=xfoprep
                                  ffe00808  ffe0084f        48
  _init$1
                                  ffe00808        48   data ,l         1
FILE=xprintf
                                  ffe00850  ffe00867        18
  _fbit$2
                                  ffe00850        18   data ,l         1
FILE=xfopen
                                  ffe00868  ffe00877        10
  _rwacc$1
                                  ffe00868        10   data ,l         1
FILE=xldtob
                                  ffe00878  ffe0088f        18
  _pows
                                  ffe00878        18   data ,l         2

SECTION=C$DSEC
FILE=DefaultBuild\dbsct.obj
                                  ffe00890  ffe008b3        24
  __DTBL
                                  ffe00890        24   data ,g         0

SECTION=C$BSEC
FILE=DefaultBuild\dbsct.obj
                                  ffe008b4  ffe008cb        18
  __BTBL
                                  ffe008b4        18   data ,g         0

SECTION=C$VECT
FILE=DefaultBuild\resetprg.obj
                                  ffe008cc  ffe00ccb       400

SECTION=D
FILE=DefaultBuild\heap_4.obj
                                  ffe00ccc  ffe00ce3        18
FILE=DefaultBuild\tasks.obj
                                  ffe00ce4  ffe00d17        34
FILE=DefaultBuild\timers.obj
                                  ffe00d18  ffe00d23         c
FILE=DefaultBuild\FreeRTOS_CLI.obj
                                  ffe00d24  ffe00d37        14
FILE=DefaultBuild\Sample-CLI-commands.obj
                                  ffe00d38  ffe00d3f         8
FILE=DefaultBuild\EventGroupsDemo.obj
                                  ffe00d40  ffe00d6f        30
FILE=DefaultBuild\GenQTest.obj
                                  ffe00d70  ffe00d8b        1c
FILE=DefaultBuild\IntQueue.obj
                                  ffe00d8c  ffe00dc7        3c
FILE=DefaultBuild\IntSemTest.obj
                                  ffe00dc8  ffe00df3        2c
FILE=DefaultBuild\QueueOverwrite.obj
                                  ffe00df4  ffe00e03        10
FILE=DefaultBuild\TaskNotify.obj
                                  ffe00e04  ffe00e2f        2c
FILE=DefaultBuild\TaskNotifyArray.obj
                                  ffe00e30  ffe00e6f        40
FILE=DefaultBuild\TimerDemo.obj
                                  ffe00e70  ffe00eaf        40
FILE=DefaultBuild\blocktim.obj
                                  ffe00eb0  ffe00ec3        14
FILE=DefaultBuild\countsem.obj
                                  ffe00ec4  ffe00ecf         c
FILE=DefaultBuild\death.obj
                                  ffe00ed0  ffe00ed3         4
FILE=DefaultBuild\dynamic.obj
                                  ffe00ed4  ffe00ee7        14
FILE=DefaultBuild\recmutex.obj
                                  ffe00ee8  ffe00f0b        24
FILE=DefaultBuild\UARTCommandConsole.obj
                                  ffe00f0c  ffe00f0f         4
FILE=DefaultBuild\main_full.obj
                                  ffe00f10  ffe00f17         8
FILE=DefaultBuild\serial.obj
                                  ffe00f18  ffe00f1f         8
FILE=DefaultBuild\r_sci_rx65n_data.obj
                                  ffe00f20  ffe00f7f        60
FILE=xfiles
                                  ffe00f80  ffe01057        d8
FILE=xctype
                                  ffe01058  ffe0105b         4
FILE=xstate
                                  ffe0105c  ffe010a3        48
FILE=localeco
                                  ffe010a4  ffe010f3        50
FILE=xwcstate
                                  ffe010f4  ffe01137        44
FILE=xfvalues
                                  ffe01138  ffe01147        10

SECTION=D_2
FILE=DefaultBuild\BlockQ.obj
                                  ffe01148  ffe0115f        18
FILE=DefaultBuild\death.obj
                                  ffe01160  ffe01163         4
FILE=DefaultBuild\dynamic.obj
                                  ffe01164  ffe01167         4
FILE=DefaultBuild\flop.obj
                                  ffe01168  ffe0116f         8
FILE=DefaultBuild\semtest.obj
                                  ffe01170  ffe01181        12

SECTION=D_1
FILE=DefaultBuild\IntQueue.obj
                                  ffe01182  ffe01311       190
FILE=DefaultBuild\TimerDemo.obj
                                  ffe01312  ffe0131a         9
FILE=DefaultBuild\r_byteq.obj
                                  ffe0131b  ffe0131b         1
FILE=DefaultBuild\r_dtc_rx.obj
                                  ffe0131c  ffe0131c         1
FILE=xfiles
                                  ffe0131d  ffe0136c        50
FILE=xstate
                                  ffe0136d  ffe0136d         1

SECTION=W_1
FILE=DefaultBuild\r_bsp_cpu.obj
                                  ffe01370  ffe0137f        10

SECTION=W_2
FILE=DefaultBuild\timers.obj
                                  ffe01380  ffe01393        14
FILE=DefaultBuild\r_bsp_interrupts.obj
                                  ffe01394  ffe013a1         e
FILE=DefaultBuild\r_bsp_software_interrupt.obj
                                  ffe013a2  ffe013bb        1a
FILE=DefaultBuild\r_sci_rx65n.obj
                                  ffe013bc  ffe013cd        12
FILE=DefaultBuild\r_dtc_rx.obj
                                  ffe013ce  ffe013e5        18
FILE=xputfld
                                  ffe013e6  ffe014bf        da

SECTION=L
FILE=DefaultBuild\tasks.obj
                                  ffe014c0  ffe014d3        14
FILE=DefaultBuild\timers.obj
                                  ffe014d4  ffe014db         8
FILE=DefaultBuild\main_blinky.obj
                                  ffe014dc  ffe01505        2a
FILE=DefaultBuild\FreeRTOS_CLI.obj
                                  ffe01508  ffe015e4        dd
FILE=DefaultBuild\Sample-CLI-commands.obj
                                  ffe015e8  ffe01846       25f
FILE=DefaultBuild\BlockQ.obj
                                  ffe01848  ffe01877        30
FILE=DefaultBuild\EventGroupsDemo.obj
                                  ffe01878  ffe01887        10
FILE=DefaultBuild\GenQTest.obj
                                  ffe01888  ffe0189f        18
FILE=DefaultBuild\IntQueue.obj
                                  ffe018a0  ffe018c3        24
FILE=DefaultBuild\IntSemTest.obj
                                  ffe018c4  ffe018d8        15
FILE=DefaultBuild\QueueOverwrite.obj
                                  ffe018dc  ffe018e1         6
FILE=DefaultBuild\TaskNotify.obj
                                  ffe018e4  ffe01902        1f
FILE=DefaultBuild\TaskNotifyArray.obj
                                  ffe01904  ffe01926        23
FILE=DefaultBuild\TimerDemo.obj
                                  ffe01928  ffe01954        2d
FILE=DefaultBuild\blocktim.obj
                                  ffe01958  ffe01965         e
FILE=DefaultBuild\countsem.obj
                                  ffe01968  ffe01971         a
FILE=DefaultBuild\death.obj
                                  ffe01974  ffe0198b        18
FILE=DefaultBuild\dynamic.obj
                                  ffe0198c  ffe019b2        27
FILE=DefaultBuild\flop.obj
                                  ffe019b4  ffe019cb        18
FILE=DefaultBuild\recmutex.obj
                                  ffe019cc  ffe019da         f
FILE=DefaultBuild\semtest.obj
                                  ffe019dc  ffe019fb        20
FILE=DefaultBuild\UARTCommandConsole.obj
                                  ffe019fc  ffe01a8b        90
FILE=DefaultBuild\main_full.obj
                                  ffe01a8c  ffe01d10       285
FILE=DefaultBuild\freertos_start.obj
                                  ffe01d14  ffe01d55        42
FILE=DefaultBuild\lowsrc.obj
                                  ffe01d58  ffe01d99        42
FILE=xprintf
                                  ffe01d9c  ffe01da2         7
FILE=xldtob
                                  ffe01da4  ffe01dc5        22
FILE=xgenld
                                  ffe01dc8  ffe01dc9         2
FILE=localeco
                                  ffe01dcc  ffe01dd8         d

SECTION=P
FILE=DefaultBuild\port_asm.obj
                                  ffe01dd9  ffe01ddb         3
  _vSoftwareInterruptEntry
                                  ffe01dd9         0   none ,g         1
FILE=DefaultBuild\event_groups.obj
                                  ffe01ddc  ffe0210c       331
  _xEventGroupCreate
                                  ffe01ddc        1f   func ,g         3  ch
  _xEventGroupSync
                                  ffe01dfb       118   func ,g         8  ch
  _xEventGroupWaitBits
                                  ffe01f13        e2   func ,g         9  ch
  _xEventGroupClearBits
                                  ffe01ff5        2b   func ,g         a  ch
  _xEventGroupClearBitsFromISR
                                  ffe02020        10   func ,g         1  ch
  _xEventGroupGetBitsFromISR
                                  ffe02030        1e   func ,g         2
  _xEventGroupSetBits
                                  ffe0204e        6e   func ,g         a  ch
  _vEventGroupDelete
                                  ffe020bc        39   func ,g         2  ch
  _vEventGroupSetBitsCallback
                                  ffe020f5         3   func ,g         1
  _vEventGroupClearBitsCallback
                                  ffe020f8         3   func ,g         1
  _xEventGroupSetBitsFromISR
                                  ffe020fb        12   func ,g         1  ch
FILE=DefaultBuild\list.obj
                                  ffe0210d  ffe02187        7b
  _vListInitialise
                                  ffe0210d        11   func ,g         f
  _vListInitialiseItem
                                  ffe0211e         4   func ,g         3
  _vListInsertEnd
                                  ffe02122        17   func ,g        16
  _vListInsert
                                  ffe02139        2d   func ,g        13
  _uxListRemove
                                  ffe02166        22   func ,g        21
FILE=DefaultBuild\heap_4.obj
                                  ffe02188  ffe023d3       24c
  _pvPortMalloc
                                  ffe02188       19a   func ,g        14  ch
  _vPortFree
                                  ffe02322        a2   func ,g         9  ch
  _xPortGetFreeHeapSize
                                  ffe023c4         8   func ,g         2  ch
  _xPortGetMinimumEverFreeHeapSize
                                  ffe023cc         8   func ,g         1  ch
FILE=DefaultBuild\port.obj
                                  ffe023d4  ffe025b5       1e2
  _pxPortInitialiseStack
                                  ffe023d4        53   func ,g         1
  _xPortStartScheduler
                                  ffe02427        e3   func ,g         1  ch
  _vTickISR
                                  ffe0250a        27   func ,g         0  ch
  _vSoftwareInterruptISR
                                  ffe02531        85   func ,g         1  ch
FILE=DefaultBuild\queue.obj
                                  ffe025b6  ffe03774      11bf
  _xQueueGenericReset
                                  ffe025b6        6c   func ,g         2  ch
  _xQueueGenericCreate
                                  ffe02622        81   func ,g        11  ch
  _xQueueCreateMutex
                                  ffe026a3        2d   func ,g         6
  _xQueueGiveMutexRecursive
                                  ffe026d0        30   func ,g         5  ch
  _xQueueTakeMutexRecursive
                                  ffe02700        3f   func ,g         3  ch
  _xQueueCreateCountingSemaphore
                                  ffe0273f        28   func ,g         3
  _xQueueGenericSend
                                  ffe02767       318   func ,g        35  ch
  _xQueueGenericSendFromISR
                                  ffe02a7f       1ad   func ,g         d  ch
  _xQueueGiveFromISR
                                  ffe02c2c       137   func ,g         3  ch
  _xQueueReceive
                                  ffe02d63       21b   func ,g        13  ch
  _xQueueSemaphoreTake
                                  ffe02f7e       331   func ,g        19  ch
  _xQueuePeek
                                  ffe032af       21a   func ,g         2  ch
  _xQueueReceiveFromISR
                                  ffe034c9        ae   func ,g         7  ch
  _xQueuePeekFromISR
                                  ffe03577        78   func ,g         1
  _uxQueueMessagesWaiting
                                  ffe035ef        16   func ,g        13  ch
  _uxQueueSpacesAvailable
                                  ffe03605        1a   func ,g         1  ch
  _prvUnlockQueue
                                  ffe0361f       105   func ,l         8  ch
  _xQueueIsQueueFullFromISR
                                  ffe03724        15   func ,g         8  ch
  _vQueueWaitForMessageRestricted
                                  ffe03739        3c   func ,g         1  ch
FILE=DefaultBuild\tasks.obj
                                  ffe03775  ffe05532      1dbe
  _xTaskCreate
                                  ffe03775       22f   func ,g        39  ch
  _vTaskDelete
                                  ffe039a4        f7   func ,g         4  ch
  _vTaskDelayUntil
                                  ffe03a9b        a1   func ,g         2  ch
  _vTaskDelay
                                  ffe03b3c        7b   func ,g        1d  ch
  _eTaskGetState
                                  ffe03bb7        dd   func ,g        36  ch
  _uxTaskPriorityGet
                                  ffe03c94        42   func ,g        1a  ch
  _vTaskPrioritySet
                                  ffe03cd6        f6   func ,g        1a  ch
  _vTaskSuspend
                                  ffe03dcc       1f0   func ,g        1a  ch
  _vTaskResume
                                  ffe03fbc        c0   func ,g        1f  ch
  _vTaskStartScheduler
                                  ffe0407c        5c   func ,g         2  ch
  _vTaskSuspendAll
                                  ffe040d8         c   func ,g        10  ch
  _xTaskResumeAll
                                  ffe040e4       23d   func ,g        21  ch
  _xTaskGetTickCount
                                  ffe04321         8   func ,g        27  ch
  _xTaskGetTickCountFromISR
                                  ffe04329        17   func ,g         3  ch
  _uxTaskGetNumberOfTasks
                                  ffe04340         8   func ,g         2  ch
  _xTaskIncrementTick
                                  ffe04348       125   func ,g         1  ch
  _vTaskSwitchContext
                                  ffe0446d        ac   func ,g         2  ch
  _vTaskPlaceOnEventList
                                  ffe04519        23   func ,g         4  ch
  _vTaskPlaceOnUnorderedEventList
                                  ffe0453c        88   func ,g         2  ch
  _vTaskPlaceOnEventListRestricted
                                  ffe045c4        2a   func ,g         1  ch
  _xTaskRemoveFromEventList
                                  ffe045ee        6b   func ,g        1d  ch
  _vTaskRemoveFromUnorderedEventList
                                  ffe04659        64   func ,g         3  ch
  _vTaskInternalSetTimeOutState
                                  ffe046bd        12   func ,g         4  ch
  _xTaskCheckForTimeOut
                                  ffe046cf        a2   func ,g         4  ch
  _vTaskMissedYield
                                  ffe04771         9   func ,g         c  ch
  _prvIdleTask
                                  ffe0477a        a4   func ,l         1  ch
  _vTaskGetInfo
                                  ffe0481e       172   func ,g         3  ch
  _prvListTasksWithinSingleList
                                  ffe04990        56   func ,l         3
  _xTaskGetCurrentTaskHandle
                                  ffe049e6         8   func ,g         4  ch
  _xTaskGetSchedulerState
                                  ffe049ee        1c   func ,g         b  ch
  _xTaskPriorityInherit
                                  ffe04a0a        84   func ,g         1  ch
  _xTaskPriorityDisinherit
                                  ffe04a8e        65   func ,g         b  ch
  _vTaskPriorityDisinheritAfterTimeout
                                  ffe04af3        77   func ,g         1  ch
  _vTaskEnterCritical
                                  ffe04b6a        2b   func ,g        45  ch
  _vTaskExitCritical
                                  ffe04b95        2b   func ,g        49  ch
  _vTaskList
                                  ffe04bc0       25e   func ,g         1  ch
  _uxTaskResetEventItemValue
                                  ffe04e1e        16   func ,g         2  ch
  _pvTaskIncrementMutexHeldCount
                                  ffe04e34        15   func ,g         1  ch
  _ulTaskGenericNotifyTake
                                  ffe04e49       148   func ,g         8  ch
  _xTaskGenericNotifyWait
                                  ffe04f91       161   func ,g        2e  ch
  _xTaskGenericNotify
                                  ffe050f2       124   func ,g        2a  ch
  _xTaskGenericNotifyFromISR
                                  ffe05216       118   func ,g         4  ch
  _vTaskGenericNotifyGiveFromISR
                                  ffe0532e        bc   func ,g         3  ch
  _xTaskGenericNotifyStateClear
                                  ffe053ea        7a   func ,g        12  ch
  _ulTaskGenericNotifyValueClear
                                  ffe05464        69   func ,g        15  ch
  _prvAddCurrentTaskToDelayedList
                                  ffe054cd        66   func ,l         2  ch
FILE=DefaultBuild\timers.obj
                                  ffe05533  ffe05a78       546
  _xTimerCreateTimerTask
                                  ffe05533        7a   func ,g         1  ch
  _xTimerCreate
                                  ffe055ad        8a   func ,g         9  ch
  _xTimerGenericCommand
                                  ffe05637        60   func ,g        15  ch
  _vTimerSetReloadMode
                                  ffe05697        19   func ,g         2  ch
  _uxTimerGetReloadMode
                                  ffe056b0        1b   func ,g         2  ch
  _pcTimerGetName
                                  ffe056cb         e   func ,g         1  ch
  _prvTimerTask
                                  ffe056d9       33c   func ,l         1  ch
  _xTimerIsTimerActive
                                  ffe05a15        19   func ,g        10  ch
  _pvTimerGetTimerID
                                  ffe05a2e        16   func ,g         2  ch
  _vTimerSetTimerID
                                  ffe05a44        15   func ,g         1  ch
  _xTimerPendFunctionCallFromISR
                                  ffe05a59        20   func ,g         2  ch
FILE=DefaultBuild\FreeRTOS_CLI.obj
                                  ffe05a79  ffe05c54       1dc
  _FreeRTOS_CLIRegisterCommand
                                  ffe05a79        35   func ,g         4  ch
  _FreeRTOS_CLIProcessCommand
                                  ffe05aae        f4   func ,g         1  ch
  _FreeRTOS_CLIGetOutputBuffer
                                  ffe05ba2         6   func ,g         1  ch
  _FreeRTOS_CLIGetParameter
                                  ffe05ba8        78   func ,g         2
  _prvHelpCommand
                                  ffe05c20        35   func ,l         1  ch
FILE=DefaultBuild\IntQueueTimer.obj
                                  ffe05c55  ffe05d5b       107
  _vInitialiseTimerForIntQueueTest
                                  ffe05c55        c3   func ,g         1  ch
  _prvIntQTimer_0_1_ISR
                                  ffe05d18        22   func ,l         0  ch
  _prvIntQTimer_2_3_ISR
                                  ffe05d3a        22   func ,l         0  ch
FILE=DefaultBuild\Sample-CLI-commands.obj
                                  ffe05d5c  ffe05ff4       299
  _vRegisterSampleCLICommands
                                  ffe05d5c        20   func ,g         1  ch
  _prvTaskStatsCommand
                                  ffe05d7c        b2   func ,l         1  ch
  _prvQueryHeapCommand
                                  ffe05e2e        2b   func ,l         1  ch
  _prvThreeParameterEchoCommand
                                  ffe05e59        cf   func ,l         1  ch
  _prvParameterEchoCommand
                                  ffe05f28        cd   func ,l         1  ch
FILE=DefaultBuild\BlockQ.obj
                                  ffe05ff5  ffe06231       23d
  _vStartBlockingQueueTasks
                                  ffe05ff5       151   func ,g         1  ch
  _vBlockingQueueProducer
                                  ffe06146        3b   func ,l         2  ch
  _vBlockingQueueConsumer
                                  ffe06181        39   func ,l         1  ch
  _xAreBlockingQueuesStillRunning
                                  ffe061ba        78   func ,g         1  ch
FILE=DefaultBuild\EventGroupsDemo.obj
                                  ffe06232  ffe06969       738
  _vStartEventGroupTasks
                                  ffe06232        97   func ,g         1  ch
  _prvTestMasterTask
                                  ffe062c9       40f   func ,l         1  ch
  _prvSyncTask
                                  ffe066d8        a1   func ,l         1  ch
  _prvTestSlaveTask
                                  ffe06779       11e   func ,l         1  ch
  _vPeriodicEventGroupsProcessing
                                  ffe06897        87   func ,g         1  ch
  _xAreEventGroupTasksStillRunning
                                  ffe0691e        4c   func ,g         1  ch
FILE=DefaultBuild\GenQTest.obj
                                  ffe0696a  ffe06e95       52c
  _vStartGenericQueueTasks
                                  ffe0696a        96   func ,g         1  ch
  _prvSendFrontAndBackTest
                                  ffe06a00       202   func ,l         1  ch
  _prvLowPriorityMutexTask
                                  ffe06c02       1f3   func ,l         1  ch
  _prvMediumPriorityMutexTask
                                  ffe06df5        16   func ,l         1  ch
  _prvHighPriorityMutexTask
                                  ffe06e0b        46   func ,l         1  ch
  _xAreGenericQueueTasksStillRunning
                                  ffe06e51        45   func ,g         1  ch
FILE=DefaultBuild\IntQueue.obj
                                  ffe06e96  ffe07a26       b91
  _vStartInterruptQueueTasks
                                  ffe06e96        e3   func ,g         1  ch
  _prvHigherPriorityNormallyEmptyTask
                                  ffe06f79       23e   func ,l         1  ch
  _prvLowerPriorityNormallyEmptyTask
                                  ffe071b7        a3   func ,l         1  ch
  _prv1stHigherPriorityNormallyFullTask
                                  ffe0725a       21e   func ,l         1  ch
  _prv2ndHigherPriorityNormallyFullTask
                                  ffe07478        84   func ,l         1  ch
  _prvLowerPriorityNormallyFullTask
                                  ffe074fc        97   func ,l         1  ch
  _xFirstTimerHandler
                                  ffe07593       1a1   func ,g         1  ch
  _xSecondTimerHandler
                                  ffe07734       250   func ,g         1  ch
  _xAreIntQueueTasksStillRunning
                                  ffe07984        a3   func ,g         1  ch
FILE=DefaultBuild\IntSemTest.obj
                                  ffe07a27  ffe07ddc       3b6
  _vStartInterruptSemaphoreTasks
                                  ffe07a27        97   func ,g         1  ch
  _vInterruptMutexMasterTask
                                  ffe07abe       19b   func ,l         1  ch
  _vInterruptMutexSlaveTask
                                  ffe07c59        37   func ,l         1  ch
  _vInterruptCountingSemaphoreTask
                                  ffe07c90        9f   func ,l         1  ch
  _vInterruptSemaphorePeriodicTest
                                  ffe07d2f        62   func ,g         1  ch
  _xAreInterruptSemaphoreTasksStillRunning
                                  ffe07d91        4c   func ,g         1  ch
FILE=DefaultBuild\QueueOverwrite.obj
                                  ffe07ddd  ffe07f48       16c
  _vStartQueueOverwriteTask
                                  ffe07ddd        34   func ,g         1  ch
  _prvQueueOverwriteTask
                                  ffe07e11        9d   func ,l         1  ch
  _xIsQueueOverwriteTaskStillRunning
                                  ffe07eae        22   func ,g         1  ch
  _vQueueOverwritePeriodicISRDemo
                                  ffe07ed0        79   func ,g         1  ch
FILE=DefaultBuild\TaskNotify.obj
                                  ffe07f49  ffe0875e       816
  _vStartTaskNotifyTask
                                  ffe07f49        2d   func ,g         1  ch
  _prvSuspendedTaskTimerTestCallback
                                  ffe07f76        46   func ,l         1  ch
  _prvNotifyingTimer
                                  ffe07fbc        28   func ,l         1  ch
  _prvNotifiedTask
                                  ffe07fe4       681   func ,l         1  ch
  _xNotifyTaskFromISR
                                  ffe08665        9f   func ,g         1  ch
  _xAreTaskNotificationTasksStillRunning
                                  ffe08704        43   func ,g         1  ch
  _prvRand
                                  ffe08747        18   func ,l         1  ch
FILE=DefaultBuild\TaskNotifyArray.obj
                                  ffe0875f  ffe093da       c7c
  _vStartTaskNotifyArrayTask
                                  ffe0875f        85   func ,g         1  ch
  _prvNotifiedTask
                                  ffe087e4       a62   func ,l         1  ch
  _prvSuspendedTaskTimerTestCallback
                                  ffe09246        5b   func ,l         1  ch
  _prvNotifyingTimerCallback
                                  ffe092a1        2e   func ,l         1  ch
  _xNotifyArrayTaskFromISR
                                  ffe092cf        a4   func ,g         1  ch
  _xAreTaskNotificationArrayTasksStillRunning
                                  ffe09373        50   func ,g         1  ch
  _prvRand
                                  ffe093c3        18   func ,l         1  ch
FILE=DefaultBuild\TimerDemo.obj
                                  ffe093db  ffe09df7       a1d
  _vStartTimerDemoTask
                                  ffe093db       170   func ,g         1  ch
  _prvTimerTestTask
                                  ffe0954b       455   func ,l         1  ch
  _xAreTimerDemoTasksStillRunning
                                  ffe099a0        5f   func ,g         1  ch
  _vTimerPeriodicISRTests
                                  ffe099ff       389   func ,g         1  ch
  _prvAutoReloadTimerCallback
                                  ffe09d88        26   func ,l         1  ch
  _prvOneShotTimerCallback
                                  ffe09dae        32   func ,l         1  ch
  _prvISRAutoReloadTimerCallback
                                  ffe09de0         c   func ,l         1  ch
  _prvISROneShotTimerCallback
                                  ffe09dec         c   func ,l         1  ch
FILE=DefaultBuild\blocktim.obj
                                  ffe09df8  ffe0a162       36b
  _vCreateBlockTimeTasks
                                  ffe09df8        5a   func ,g         1  ch
  _vPrimaryBlockTimeTestTask
                                  ffe09e52       23e   func ,l         1  ch
  _vSecondaryBlockTimeTestTask
                                  ffe0a090        92   func ,l         1  ch
  _xAreBlockTimeTestTasksStillRunning
                                  ffe0a122        41   func ,g         1  ch
FILE=DefaultBuild\countsem.obj
                                  ffe0a163  ffe0a342       1e0
  _vStartCountingSemaphoreTasks
                                  ffe0a163        76   func ,g         1  ch
  _prvCountingSemaphoreTask
                                  ffe0a1d9       133   func ,l         1  ch
  _xAreCountingSemaphoreTasksStillRunning
                                  ffe0a30c        37   func ,g         1  ch
FILE=DefaultBuild\death.obj
                                  ffe0a343  ffe0a464       122
  _vCreateSuicidalTasks
                                  ffe0a343        1c   func ,g         1  ch
  _vSuicidalTask
                                  ffe0a35f        4c   func ,l         1  ch
  _vCreateTasks
                                  ffe0a3ab        74   func ,l         1  ch
  _xIsCreateTaskStillRunning
                                  ffe0a41f        46   func ,g         1  ch
FILE=DefaultBuild\dynamic.obj
                                  ffe0a465  ffe0a6ec       288
  _vStartDynamicPriorityTasks
                                  ffe0a465        b4   func ,g         1  ch
  _vLimitedIncrementTask
                                  ffe0a519        1f   func ,l         1  ch
  _vContinuousIncrementTask
                                  ffe0a538        3d   func ,l         1  ch
  _vCounterControlTask
                                  ffe0a575        a7   func ,l         1  ch
  _vQueueSendWhenSuspendedTask
                                  ffe0a61c        3a   func ,l         1  ch
  _vQueueReceiveWhenSuspendedTask
                                  ffe0a656        4b   func ,l         1  ch
  _xAreDynamicPriorityTasksStillRunning
                                  ffe0a6a1        4c   func ,g         1  ch
FILE=DefaultBuild\flop.obj
                                  ffe0a6ed  ffe0aa6c       380
  _vStartMathTasks
                                  ffe0a6ed        7b   func ,g         1  ch
  _vCompetingMathTask1
                                  ffe0a768        6f   func ,l         1
  _vCompetingMathTask2
                                  ffe0a7d7        6f   func ,l         1
  _vCompetingMathTask3
                                  ffe0a846        f9   func ,l         1
  _vCompetingMathTask4
                                  ffe0a93f        f9   func ,l         1
  _xAreMathsTaskStillRunning
                                  ffe0aa38        35   func ,g         1  ch
FILE=DefaultBuild\recmutex.obj
                                  ffe0aa6d  ffe0acd8       26c
  _vStartRecursiveMutexTasks
                                  ffe0aa6d        76   func ,g         1  ch
  _prvRecursiveMutexControllingTask
                                  ffe0aae3        7d   func ,l         1  ch
  _prvRecursiveMutexBlockingTask
                                  ffe0ab60        66   func ,l         1  ch
  _prvRecursiveMutexPollingTask
                                  ffe0abc6        b5   func ,l         1  ch
  _xAreRecursiveMutexTasksStillRunning
                                  ffe0ac7b        5e   func ,g         1  ch
FILE=DefaultBuild\semtest.obj
                                  ffe0acd9  ffe0aeab       1d3
  _vStartSemaphoreTasks
                                  ffe0acd9        e0   func ,g         1  ch
  _prvSemaphoreTest
                                  ffe0adb9        a6   func ,l         2  ch
  _xAreSemaphoreTasksStillRunning
                                  ffe0ae5f        4d   func ,g         1  ch
FILE=DefaultBuild\UARTCommandConsole.obj
                                  ffe0aeac  ffe0b014       169
  _vUARTCommandConsoleStart
                                  ffe0aeac        36   func ,g         1  ch
  _prvUARTCommandConsoleTask
                                  ffe0aee2       133   func ,l         1  ch
FILE=DefaultBuild\main_full.obj
                                  ffe0b015  ffe0b3f3       3df
  _main_full
                                  ffe0b015        ce   func ,g         1  ch
  _prvCheckTask
                                  ffe0b0e3       180   func ,l         1  ch
  _prvPseudoRandomiser
                                  ffe0b263        42   func ,l         1  ch
  _vFullDemoTickHook
                                  ffe0b2a5        12   func ,g         1  ch
  _prvRegTestTaskEntry1
                                  ffe0b2b7        96   func ,l         1  ch
  _prvRegTestTaskEntry2
                                  ffe0b34d        a7   func ,l         1  ch
FILE=DefaultBuild\serial.obj
                                  ffe0b3f4  ffe0b55a       167
  _vSerialSciCallback
                                  ffe0b3f4        78   func ,g         1  ch
  _xSerialPortInitMinimal
                                  ffe0b46c        31   func ,g         1  ch
  _vSerialPutString
                                  ffe0b49d        9f   func ,g         5  ch
  _xSerialGetChar
                                  ffe0b53c         b   func ,g         1  ch
  _xSerialPutChar
                                  ffe0b547        14   func ,g         1
FILE=DefaultBuild\freertos_start.obj
                                  ffe0b55b  ffe0b733       1d9
  _vApplicationSetupTimerInterrupt
                                  ffe0b55b        55   func ,g         1
  _vAssertCalled
                                  ffe0b5b0        51   func ,g       182  ch
  _vApplicationIdleHook
                                  ffe0b601         c   func ,g         1
  _vApplicationTickHook
                                  ffe0b60d         3   func ,g         4  ch
  _vApplicationMallocFailedHook
                                  ffe0b610        6f   func ,g         1  ch
  _vApplicationStackOverflowHook
                                  ffe0b67f        6f   func ,g         2  ch
  _vPrintString
                                  ffe0b6ee        1e   func ,g         6  ch
  _Processing_Before_Start_Kernel
                                  ffe0b70c         e   func ,g         1  ch
  _vToggleLED
                                  ffe0b71a        18   func ,g         2
  _vSendString
                                  ffe0b732         2   func ,g         2
FILE=DefaultBuild\r_cg_hardware_setup.obj
                                  ffe0b734  ffe0b7c9        96
  _R_Systeminit
                                  ffe0b734         5   func ,g         1
  _r_undefined_exception
                                  ffe0b739         1   func ,g         1
  _R_CG_Config_Create
                                  ffe0b73a        34   func ,g         1  ch
  _R_FIT_Board_Support_Settings
                                  ffe0b76e        5c   func ,g         1  ch
FILE=DefaultBuild\r_smc_cgc.obj
                                  ffe0b7ca  ffe0b7ca         0
  _R_CGC_Create
                                  ffe0b7ca         0   func ,g         1  ch
FILE=DefaultBuild\r_smc_cgc_user.obj
                                  ffe0b7ca  ffe0b7ca         1
  _R_CGC_Create_UserInit
                                  ffe0b7ca         1   func ,g         1
FILE=DefaultBuild\hwsetup.obj
                                  ffe0b7cb  ffe0b84c        82
  _hardware_setup
                                  ffe0b7cb        82   func ,g         1  ch
FILE=DefaultBuild\lowlvl.obj
                                  ffe0b84d  ffe0b862        16
  _charput
                                  ffe0b84d        16   func ,g         8
FILE=DefaultBuild\lowsrc.obj
                                  ffe0b863  ffe0b9af       14d
  _init_iolib
                                  ffe0b863        7b   func ,g         1  ch
  _close_all
                                  ffe0b8de        26   func ,g         1  ch
  _open
                                  ffe0b904        72   func ,g         1  ch
  _close
                                  ffe0b976         3   func ,g         1
  _write
                                  ffe0b979        37   func ,g         1  ch
FILE=DefaultBuild\r_bsp_common.obj
                                  ffe0b9b0  ffe0ba77        c8
  _R_BSP_SoftwareDelay
                                  ffe0b9b0        c8   func ,g         1  ch
FILE=DefaultBuild\r_bsp_cpu.obj
                                  ffe0ba78  ffe0bbe8       171
  _R_BSP_InterruptsEnable
                                  ffe0ba78         9   func ,g         1
  _R_BSP_CpuInterruptLevelRead
                                  ffe0ba81         8   func ,g         1
  _R_BSP_CpuInterruptLevelWrite
                                  ffe0ba89        78   func ,g         1  ch
  _R_BSP_RegisterProtectEnable
                                  ffe0bb01        62   func ,g         3  ch
  _R_BSP_RegisterProtectDisable
                                  ffe0bb63        58   func ,g         3  ch
  _bsp_register_protect_open
                                  ffe0bbbb        12   func ,g         1  ch
  _bsp_ram_initialize
                                  ffe0bbcd        1c   func ,g         1  ch
FILE=DefaultBuild\r_bsp_interrupts.obj
                                  ffe0bbe9  ffe0c14f       567
  _R_BSP_InterruptRequestEnable
                                  ffe0bbe9         e   func ,g         3
  _R_BSP_InterruptRequestDisable
                                  ffe0bbf7         e   func ,g         3
  _bsp_interrupt_open
                                  ffe0bc05        39   func ,g         1  ch
  _R_BSP_InterruptWrite
                                  ffe0bc3e        22   func ,g         3  ch
  _R_BSP_InterruptControl
                                  ffe0bc60        c3   func ,g        59  ch
  _bsp_gr_int_enable_disable
                                  ffe0bd23       21c   func ,l         2
  _excep_supervisor_inst_isr
                                  ffe0bf3f        17   func ,g         1
  _excep_access_isr
                                  ffe0bf56        17   func ,g         1
  _excep_undefined_inst_isr
                                  ffe0bf6d        17   func ,g         1
  _excep_floating_point_isr
                                  ffe0bf84        21   func ,g         1
  _non_maskable_isr
                                  ffe0bfa5       176   func ,g         1  ch
  _undefined_interrupt_source_isr
                                  ffe0c11b        17   func ,g         6
  _bus_error_isr
                                  ffe0c132        1e   func ,g         0
FILE=DefaultBuild\r_bsp_locking.obj
                                  ffe0c150  ffe0c182        33
  _R_BSP_SoftwareLock
                                  ffe0c150        19   func ,g         1
  _R_BSP_HardwareLock
                                  ffe0c169         d   func ,g         3  ch
  _R_BSP_HardwareUnlock
                                  ffe0c176         d   func ,g         3  ch
FILE=DefaultBuild\r_bsp_software_interrupt.obj
                                  ffe0c183  ffe0c60a       488
  _R_BSP_SoftwareInterruptOpen
                                  ffe0c183        b9   func ,g         1  ch
  _bsp_swint_set_interrupt_request
                                  ffe0c23c         b   func ,l         1
  _R_BSP_SoftwareInterruptControl
                                  ffe0c247       2cf   func ,g         4  ch
  _bsp_swint_get_access_control
                                  ffe0c516        17   func ,l         4  ch
  _bsp_swint_release_access_control
                                  ffe0c52d        15   func ,l         5  ch
  _bsp_swint_dummy_task
                                  ffe0c542         2   func ,l         3
  _bsp_swint_execute_task
                                  ffe0c544        b8   func ,l         1  ch
  _bsp_swint2_isr
                                  ffe0c5fc         f   func ,l         0
FILE=DefaultBuild\mcu_clocks.obj
[...]
                                          0061(ffe0db2d:P)
                                          0064(ffe0004f:PResetPRG)
                                          0066(ffe0e576:P)
                                          0066(ffe0e58a:P)
                 _excep_supervisor_inst_isr
                                 ffe0bf3f 0055(ffffffd0:EXCEPTVECT)
                 _excep_access_isr
                                 ffe0bf56 0055(ffffffd4:EXCEPTVECT)
                 _excep_undefined_inst_isr
                                 ffe0bf6d 0055(ffffffdc:EXCEPTVECT)
                 _excep_floating_point_isr
                                 ffe0bf84 0055(ffffffe4:EXCEPTVECT)
                 _non_maskable_isr
                                 ffe0bfa5 0055(fffffff8:EXCEPTVECT)
                 _undefined_interrupt_source_isr
                                 ffe0c11b 0055(ffffffd8:EXCEPTVECT)
                                          0055(ffffffe0:EXCEPTVECT)
                                          0055(ffffffe8:EXCEPTVECT)
                                          0055(ffffffec:EXCEPTVECT)
                                          0055(fffffff0:EXCEPTVECT)
                                          0055(fffffff4:EXCEPTVECT)
                 _bus_error_isr
                                 ffe0c132
     SECTION=B
     SECTION=W
     SECTION=W_1
     SECTION=W_2
0047 r_bsp_locking
     SECTION=P
                 _R_BSP_SoftwareLock
                                 ffe0c150 0047(ffe0c175:P)
                 _R_BSP_HardwareLock
                                 ffe0c169 0049(ffe0c193:P)
                                          0064(ffe00055:PResetPRG)
                                          0065(ffe0e146:P)
                 _R_BSP_HardwareUnlock
                                 ffe0c176 0065(ffe0e172:P)
                                          0065(ffe0e205:P)
                                          0065(ffe0e355:P)
0048 r_bsp_mcu_startup
0049 r_bsp_software_interrupt
     SECTION=B
                 _g_bsp_swint_access_ctrl
                                 0000b78c 0049(ffe0c1a0:P)
                                          0049(ffe0c3aa:P)
                                          0049(ffe0c518:P)
                                          0049(ffe0c52f:P)
     SECTION=P
                 _R_BSP_SoftwareInterruptOpen
                                 ffe0c183 0046(ffe0bc3c:P)
                 _R_BSP_SoftwareInterruptControl
                                 ffe0c247 0049(ffe0c1b3:P)
                                          0049(ffe0c1bc:P)
                                          0049(ffe0c1ca:P)
                                          0049(ffe0c235:P)
                                          0049(ffe0c40c:P)
     SECTION=B_1
     SECTION=W
     SECTION=W_1
     SECTION=W_2
0050 sbrk
0051 mcu_clocks
     SECTION=P
                 _get_iclk_freq_hz
                                 ffe0c60b 0044(ffe0b9ca:P)
                 _mcu_clock_setup
                                 ffe0c6ae 0064(ffe00021:PResetPRG)
0052 mcu_init
     SECTION=P
                 _bsp_non_existent_port_init
                                 ffe0c7ce 0039(ffe0b7ea:P)
0053 mcu_interrupts
     SECTION=P
                 _bsp_interrupt_enable_disable
                                 ffe0c884 0046(ffe0bc9d:P)
                                          0046(ffe0bca5:P)
0054 mcu_mapped_interrupts
     SECTION=P
                 _bsp_mapped_interrupt_open
                                 ffe0ceef 0046(ffe0bc37:P)
0055 vecttbl
     SECTION=$ADDR_C_FE7F5D00
                 ___MDEreg
                                 fe7f5d00
                 ___OFS0reg
                                 fe7f5d04
                 ___OFS1reg
                                 fe7f5d08
     SECTION=$ADDR_C_FE7F5D10
                 ___TMINFreg
                                 fe7f5d10
     SECTION=$ADDR_C_FE7F5D20
                 ___BANKSELreg
                                 fe7f5d20
     SECTION=$ADDR_C_FE7F5D40
                 ___SPCCreg
                                 fe7f5d40
     SECTION=$ADDR_C_FE7F5D48
                 ___TMEFreg
                                 fe7f5d48
     SECTION=$ADDR_C_FE7F5D50
                 ___OSIS1reg
                                 fe7f5d50
                 ___OSIS2reg
                                 fe7f5d54
                 ___OSIS3reg
                                 fe7f5d58
                 ___OSIS4reg
                                 fe7f5d5c
     SECTION=$ADDR_C_FE7F5D64
                 ___FAWreg
                                 fe7f5d64
     SECTION=$ADDR_C_FE7F5D70
                 ___ROMCODEreg
                                 fe7f5d70
     SECTION=EXCEPTVECT
                 _Except_Vectors
                                 ffffff80
     SECTION=RESETVECT
                 _Reset_Vector
                                 fffffffc
0056 r_byteq
     SECTION=P
                 _R_BYTEQ_Open
                                 ffe0d0ea 0060(ffe0d499:P)
                                          0060(ffe0d4ba:P)
                                          0060(ffe0d4db:P)
                                          0060(ffe0d4ec:P)
                 _R_BYTEQ_Put
                                 ffe0d1e8 0060(ffe0d584:P)
                                          0060(ffe0d63b:P)
                 _R_BYTEQ_Get
                                 ffe0d21c 0060(ffe0d5b4:P)
                 _R_BYTEQ_Flush
                                 ffe0d254 0061(ffe0dc20:P)
                                          0061(ffe0dc46:P)
                                          0061(ffe0dc7d:P)
                 _R_BYTEQ_Used
                                 ffe0d263 0060(ffe0d5c4:P)
                                          0061(ffe0dc64:P)
                 _R_BYTEQ_Unused
                                 ffe0d27b 0060(ffe0d56a:P)
                                          0061(ffe0dc58:P)
     SECTION=D_1
     SECTION=B
     SECTION=R_1
0057 r_gpio_rx
     SECTION=P
                 _R_GPIO_PinWrite
                                 ffe0d298 0035(ffe0b77d:P)
                 _R_GPIO_PinDirectionSet
                                 ffe0d2b8 0035(ffe0b784:P)
                                          0035(ffe0b78f:P)
     SECTION=W
     SECTION=W_1
     SECTION=W_2
0058 r_gpio_rx65n
     SECTION=C_1
                 _g_gpio_open_drain_n_support
                                 ffe0006b
0059 r_sci_rx_pinset
     SECTION=P
                 _R_SCI_PinSet_SCI1
                                 ffe0d2d5 0035(ffe0b792:P)
0060 r_sci_rx
     SECTION=P
                 _R_SCI_Open
                                 ffe0d2fe 0035(ffe0b7b7:P)
                 _R_SCI_Send
                                 ffe0d51d 0032(ffe0b52b:P)
                 _txi_handler
                                 ffe0d5a9 0061(ffe0e0a4:P)
                                          0061(ffe0e0b6:P)
                                          0061(ffe0e0c8:P)
                 _tei_handler
                                 ffe0d5f4 0061(ffe0e0d6:P)
                                          0061(ffe0e0de:P)
                                          0061(ffe0e0e6:P)
                 _rxi_handler
                                 ffe0d624 0061(ffe0e0f2:P)
                                          0061(ffe0e104:P)
                                          0061(ffe0e116:P)
                 _eri_handler
                                 ffe0d65f 0061(ffe0e124:P)
                                          0061(ffe0e12c:P)
                                          0061(ffe0e134:P)
                 _R_SCI_Control
                                 ffe0d6ca 0067(ffe0e5a6:P)
                                          0067(ffe0e5af:P)
                                          0067(ffe0e5bd:P)
     SECTION=B_1
0061 r_sci_rx65n
     SECTION=P
                 _sci_mcu_param_check
                                 ffe0d7d0 0060(ffe0d30b:P)
                 _sci_init_register
                                 ffe0d7d6 0060(ffe0d39d:P)
                 _sci_init_bit_rate
                                 ffe0d88f 0060(ffe0d42f:P)
                                          0060(ffe0d75a:P)
                 _sci_initialize_ints
                                 ffe0da88 0060(ffe0d50b:P)
                 _sci_async_cmds
                                 ffe0db55 0060(ffe0d738:P)
                 _sci1_tei1_isr
                                 ffe0e0d0 0062(ffe003f0:C)
                 _sci5_tei5_isr
                                 ffe0e0d8 0062(ffe00434:C)
                 _sci8_tei8_isr
                                 ffe0e0e0 0062(ffe00478:C)
                 _sci1_eri1_isr
                                 ffe0e11e 0062(ffe003f8:C)
                 _sci5_eri5_isr
                                 ffe0e126 0062(ffe0043c:C)
                 _sci8_eri8_isr
                                 ffe0e12e 0062(ffe00480:C)
     SECTION=W
     SECTION=W_1
     SECTION=W_2
0062 r_sci_rx65n_data
     SECTION=R
                 _ch1_ctrl
                                 0000bbdc 0061(ffe0e0a0:P)
                                          0061(ffe0e0d2:P)
                                          0061(ffe0e0ee:P)
                                          0061(ffe0e120:P)
                                          0062(ffe004b0:C)
                 _ch5_ctrl
                                 0000bbfc 0061(ffe0e0b2:P)
                                          0061(ffe0e0da:P)
                                          0061(ffe0e100:P)
                                          0061(ffe0e128:P)
                                          0062(ffe004c0:C)
                 _ch8_ctrl
                                 0000bc1c 0061(ffe0e0c4:P)
                                          0061(ffe0e0e2:P)
                                          0061(ffe0e112:P)
                                          0061(ffe0e130:P)
                                          0062(ffe004cc:C)
     SECTION=C_2
                 _async_baud
                                 ffe00156 0061(ffe0d8af:P)
                                          0061(ffe0dccd:P)
                                          0061(ffe0defb:P)
     SECTION=C
                 _ch1_rom
                                 ffe003e0 0062(0000bbdc:R)
                 _ch5_rom
                                 ffe00424 0062(0000bbfc:R)
                 _ch8_rom
                                 ffe00468 0062(0000bc1c:R)
                 _g_handles
                                 ffe004ac 0060(ffe0d316:P)
                                          0060(ffe0d396:P)
     SECTION=D
0063 FIT_patch
     SECTION=P
                 _malloc
                                 ffe0e136 0065(ffe0e160:P)
                                          0087(ffe0fa21:P)
                 _free
                                 ffe0e13a 0069(ffe0e610:P)
                                          0077(ffe0eb5d:P)
                                          0087(ffe0faaf:P)
0064 resetprg
     SECTION=PResetPRG
                 _PowerON_Reset_PC
                                 ffe00000 0055(fffffffc:RESETVECT)
     SECTION=SI
     SECTION=C$VECT
     SECTION=EXCEPTVECT
0065 r_dtc_rx
     SECTION=B
                 _gp_dtc_table_work
                                 0000b97c 0065(ffe0e167:P)
     SECTION=P
                 _R_DTC_Open
                                 ffe0e13e 0035(ffe0b7bc:P)
                 _R_DTC_Create
                                 ffe0e1c8 0032(ffe0b505:P)
                 _R_DTC_Control
                                 ffe0e2fb 0032(ffe0b50e:P)
                                          0035(ffe0b7c5:P)
     SECTION=D_1
     SECTION=W
     SECTION=W_1
     SECTION=W_2
     SECTION=R_1
0066 r_dtc_rx_target
     SECTION=C
                 _g_source_array
                                 ffe004e0 0065(ffe0e191:P)
     SECTION=P
                 _r_dtc_module_enable
                                 ffe0e55f 0065(ffe0e1ac:P)
0067 u_sci_rx_ext
     SECTION=P
                 _U_SCI_Control_EXT
                                 ffe0e594 0032(ffe0b497:P)
0068 freopen
     SECTION=P
                 _freopen
                                 ffe0e5bf 0042(ffe0b88c:P)
                                          0042(ffe0b8a5:P)
                                          0042(ffe0b8c9:P)
0069 fclose
     SECTION=P
                 _fclose
                                 ffe0e5ec 0042(ffe0b8fb:P)
                                          0068(ffe0e5ce:P)
                                          0076(ffe0ea22:P)
                                          0076(ffe0ea98:P)
0070 sprintf
     SECTION=P
                 _sprintf
                                 ffe0e64c 0008(ffe04df2:P)
                                          0013(ffe05e4f:P)
                                          0013(ffe05e7f:P)
                                          0013(ffe05eb4:P)
                                          0013(ffe05f4e:P)
                                          0013(ffe05f8c:P)
0071 xfiles
     SECTION=R
                 __Stdin
                                 0000bc3c 0042(ffe0b867:P)
                                          0071(0000bc40:R)
                                          0071(0000bc44:R)
                                          0071(0000bc48:R)
                                          0071(0000bc4c:R)
                                          0071(0000bc50:R)
                                          0071(0000bc54:R)
                                          0071(0000bc58:R)
                 __Stdout
                                 0000bc84 0042(ffe0b873:P)
                                          0071(0000bc88:R)
                                          0071(0000bc8c:R)
                                          0071(0000bc90:R)
                                          0071(0000bc94:R)
                                          0071(0000bc98:R)
                                          0071(0000bc9c:R)
                                          0071(0000bca0:R)
                 __Stderr
                                 0000bccc 0042(ffe0b87a:P)
                                          0042(ffe0b8b2:P)
                                          0071(0000bce4:R)
                                          0071(0000bce8:R)
     SECTION=D
     SECTION=D_1
     SECTION=R_1
0072 _nfiles
     SECTION=C
                 __nfiles
                                 ffe00804 0042(ffe0b8e2:P)
                                          0075(ffe0e8e8:P)
                                          0077(ffe0eacd:P)
0073 __COM_DIV64u_sp
     SECTION=P
                 __COM_DIV64u
                                 ffe0e676 0044(ffe0ba1e:P)
                                          0088(ffe0fb42:P)
                                          0088(ffe0fb5c:P)
0074 __initsct
     SECTION=P
                 __INITSCT
                                 ffe0e895 0064(ffe00025:PResetPRG)
     SECTION=C$BSEC
     SECTION=C$DSEC
0075 fflush
     SECTION=P
                 _fflush
                                 ffe0e8df 0069(ffe0e603:P)
                                          0075(ffe0e907:P)
0076 xfoprep
     SECTION=P
                 __Foprep
                                 ffe0e959 0068(ffe0e5e5:P)
     SECTION=C
0077 xfofind
     SECTION=P
                 __Fofree
                                 ffe0eaa6 0069(ffe0e621:P)
                                          0069(ffe0e631:P)
0078 xprintf
     SECTION=P
                 __Printf
                                 ffe0eb60 0070(ffe0e666:P)
     SECTION=C
     SECTION=C_1
     SECTION=L
     SECTION=D
     SECTION=R
0079 _errno
     SECTION=B
                 __errno
                                 0000b984 0069(ffe0e638:P)
                                          0076(ffe0ea28:P)
                                          0076(ffe0ea92:P)
                                          0090(ffe100db:P)
0080 xputfld
     SECTION=P
                 __Putfld
                                 ffe0edd1 0078(ffe0eda5:P)
     SECTION=W
     SECTION=W_1
     SECTION=W_2
0081 xfopen
     SECTION=P
                 __Fopen
                                 ffe0f1ce 0076(ffe0ea86:P)
     SECTION=C
0082 xvacopy
     SECTION=P
                 __Vacopy
                                 ffe0f208 0078(ffe0eb71:P)
                                          0078(ffe0ed8c:P)
0083 xputtxt
     SECTION=P
                 __Puttxt
                                 ffe0f210 0078(ffe0edb2:P)
                                          0087(ffe0fa61:P)
                                          0087(ffe0fa92:P)
     SECTION=C_1
0084 strchr
     SECTION=P
                 _strchr
                                 ffe0f4ac 0078(ffe0ec2a:P)
                                          0078(ffe0ec4c:P)
                                          0078(ffe0ecfd:P)
0085 xctype
     SECTION=R
                 __Ctype
                                 0000bd14 0078(ffe0eb78:P)
     SECTION=P
     SECTION=C_2
     SECTION=D
0086 xldtob
     SECTION=P
                 __Ldtob
                                 ffe0f4cd 0080(ffe0efe4:P)
     SECTION=C
     SECTION=L
0087 xputstr
     SECTION=P
                 __Putstr
                                 ffe0f9e0 0080(ffe0f170:P)
0088 xlitob
     SECTION=P
                 __Litob
                                 ffe0fab6 0080(ffe0ef8c:P)
     SECTION=C_1
0089 xgenld
     SECTION=P
                 __Genld
                                 ffe0fbea 0086(ffe0f9d9:P)
     SECTION=L
0090 xwctomb
     SECTION=P
                 __Wctombx
                                 ffe0ff25 0090(ffe1011e:P)
                 __Wctomb
                                 ffe100e4 0087(ffe0fa3a:P)
0091 xstate
     SECTION=R_1
                 __Mbcurmax
                                 0000b1f7 0091(ffe10137:P)
     SECTION=R
                 __Tls_setup__Mbcurmax
                                 0000bd18 0091(ffe1012b:P)
                 __Mbstate
                                 0000bd1c 0090(ffe10112:P)
                 __Tls_setup__Mbstate
                                 0000bd5c 0090(ffe100e8:P)
     SECTION=P
                 __Getmbcurmax
                                 ffe10129 0087(ffe0f9f0:P)
                                          0090(ffe10061:P)
     SECTION=D
     SECTION=D_1
0092 xldscale
     SECTION=P
                 __LDscale
                                 ffe1013d 0086(ffe0f5f8:P)
0093 xldunsca
     SECTION=P
                 __LDunscale
                                 ffe10140 0086(ffe0f50c:P)
0094 __COM_MOD64u_sp
     SECTION=P
                 __COM_MOD64u
                                 ffe10143 0088(ffe0fb2f:P)
0095 _div
     SECTION=P
                 _div
                                 ffe1032f 0089(ffe0fd12:P)
                 _ldiv
                                 ffe1032f 0086(ffe0f88f:P)
0096 localeco
     SECTION=R
                 __Locale
                                 0000bd60 0096(ffe1033d:P)
     SECTION=P
                 _localeconv
                                 ffe1033b 0089(ffe0fbf8:P)
     SECTION=C_1
     SECTION=L
     SECTION=D
0097 xwcstate
     SECTION=R
                 __Wcstate
                                 0000bdb0 0090(ffe1010b:P)
                 __Tls_setup__Wcstate
                                 0000bdf0 0090(ffe10100:P)
     SECTION=P
     SECTION=D
0098 xfdscale
     SECTION=P
                 __FDscale
                                 ffe10341 0092(ffe1013e:P)
0099 xfdunsca
     SECTION=P
                 __FDunscale
                                 ffe1046d 0093(ffe10141:P)
0100 xfdnorm
     SECTION=P
                 __FDnorm
                                 ffe104cb 0098(ffe10372:P)
                                          0099(ffe104a4:P)
0101 xfvalues
     SECTION=R
                 __FInf
                                 0000bdf4 0098(ffe1038f:P)
     SECTION=D
