Archive member included because of file (symbol)

c:/renesas/gcc/redhat/gnurx-elf/8.3.0.202002/rx-elf/rx-elf/bin/../lib/gcc/rx-elf/8.3.0.202002-GNURX/../../../../rx-elf/lib/no-fpu-libs\libc_nano.a(lib_a-sprintf.o)
                              ./src/FreeRTOS_Demo/Full_Demo/Sample-CLI-commands.o (sprintf)
c:/renesas/gcc/redhat/gnurx-elf/8.3.0.202002/rx-elf/rx-elf/bin/../lib/gcc/rx-elf/8.3.0.202002-GNURX/../../../../rx-elf/lib/no-fpu-libs\libc_nano.a(lib_a-strlen.o)
                              ./src/FreeRTOS_Demo/Full_Demo/FreeRTOS-Plus-CLI/FreeRTOS_CLI.o (strlen)
c:/renesas/gcc/redhat/gnurx-elf/8.3.0.202002/rx-elf/rx-elf/bin/../lib/gcc/rx-elf/8.3.0.202002-GNURX/../../../../rx-elf/lib/no-fpu-libs\libc_nano.a(lib_a-strncat.o)
                              ./src/FreeRTOS_Demo/Full_Demo/Sample-CLI-commands.o (strncat)
c:/renesas/gcc/redhat/gnurx-elf/8.3.0.202002/rx-elf/rx-elf/bin/../lib/gcc/rx-elf/8.3.0.202002-GNURX/../../../../rx-elf/lib/no-fpu-libs\libc_nano.a(lib_a-strncpy.o)
                              ./src/FreeRTOS_Demo/Full_Demo/FreeRTOS-Plus-CLI/FreeRTOS_CLI.o (strncpy)
c:/renesas/gcc/redhat/gnurx-elf/8.3.0.202002/rx-elf/rx-elf/bin/../lib/gcc/rx-elf/8.3.0.202002-GNURX/../../../../rx-elf/lib/no-fpu-libs\libc_nano.a(lib_a-impure.o)
                              c:/renesas/gcc/redhat/gnurx-elf/8.3.0.202002/rx-elf/rx-elf/bin/../lib/gcc/rx-elf/8.3.0.202002-GNURX/../../../../rx-elf/lib/no-fpu-libs\libc_nano.a(lib_a-sprintf.o) (_impure_ptr)
c:/renesas/gcc/redhat/gnurx-elf/8.3.0.202002/rx-elf/rx-elf/bin/../lib/gcc/rx-elf/8.3.0.202002-GNURX/../../../../rx-elf/lib/no-fpu-libs\libc_nano.a(lib_a-nano-svfprintf.o)
                              c:/renesas/gcc/redhat/gnurx-elf/8.3.0.202002/rx-elf/rx-elf/bin/../lib/gcc/rx-elf/8.3.0.202002-GNURX/../../../../rx-elf/lib/no-fpu-libs\libc_nano.a(lib_a-sprintf.o) (_svfprintf_r)
c:/renesas/gcc/redhat/gnurx-elf/8.3.0.202002/rx-elf/rx-elf/bin/../lib/gcc/rx-elf/8.3.0.202002-GNURX/../../../../rx-elf/lib/no-fpu-libs\libc_nano.a(lib_a-nano-vfprintf_i.o)
                              c:/renesas/gcc/redhat/gnurx-elf/8.3.0.202002/rx-elf/rx-elf/bin/../lib/gcc/rx-elf/8.3.0.202002-GNURX/../../../../rx-elf/lib/no-fpu-libs\libc_nano.a(lib_a-nano-svfprintf.o) (_printf_i)
c:/renesas/gcc/redhat/gnurx-elf/8.3.0.202002/rx-elf/rx-elf/bin/../lib/gcc/rx-elf/8.3.0.202002-GNURX/../../../../rx-elf/lib/no-fpu-libs\libc_nano.a(lib_a-memchr.o)
                              c:/renesas/gcc/redhat/gnurx-elf/8.3.0.202002/rx-elf/rx-elf/bin/../lib/gcc/rx-elf/8.3.0.202002-GNURX/../../../../rx-elf/lib/no-fpu-libs\libc_nano.a(lib_a-nano-svfprintf.o) (memchr)
c:/renesas/gcc/redhat/gnurx-elf/8.3.0.202002/rx-elf/rx-elf/bin/../lib/gcc/rx-elf/8.3.0.202002-GNURX/../../../../rx-elf/lib/no-fpu-libs\libc_nano.a(lib_a-memcpy.o)
                              c:/renesas/gcc/redhat/gnurx-elf/8.3.0.202002/rx-elf/rx-elf/bin/../lib/gcc/rx-elf/8.3.0.202002-GNURX/../../../../rx-elf/lib/no-fpu-libs\libc_nano.a(lib_a-nano-svfprintf.o) (memcpy)
c:/renesas/gcc/redhat/gnurx-elf/8.3.0.202002/rx-elf/rx-elf/bin/../lib/gcc/rx-elf/8.3.0.202002-GNURX/../../../../rx-elf/lib/no-fpu-libs\libc_nano.a(lib_a-memmove.o)
                              c:/renesas/gcc/redhat/gnurx-elf/8.3.0.202002/rx-elf/rx-elf/bin/../lib/gcc/rx-elf/8.3.0.202002-GNURX/../../../../rx-elf/lib/no-fpu-libs\libc_nano.a(lib_a-nano-svfprintf.o) (memmove)
c:/renesas/gcc/redhat/gnurx-elf/8.3.0.202002/rx-elf/rx-elf/bin/../lib/gcc/rx-elf/8.3.0.202002-GNURX/../../../../rx-elf/lib/no-fpu-libs\libc_nano.a(lib_a-nano-freer.o)
                              c:/renesas/gcc/redhat/gnurx-elf/8.3.0.202002/rx-elf/rx-elf/bin/../lib/gcc/rx-elf/8.3.0.202002-GNURX/../../../../rx-elf/lib/no-fpu-libs\libc_nano.a(lib_a-nano-svfprintf.o) (_free_r)
c:/renesas/gcc/redhat/gnurx-elf/8.3.0.202002/rx-elf/rx-elf/bin/../lib/gcc/rx-elf/8.3.0.202002-GNURX/../../../../rx-elf/lib/no-fpu-libs\libc_nano.a(lib_a-nano-mallocr.o)
                              c:/renesas/gcc/redhat/gnurx-elf/8.3.0.202002/rx-elf/rx-elf/bin/../lib/gcc/rx-elf/8.3.0.202002-GNURX/../../../../rx-elf/lib/no-fpu-libs\libc_nano.a(lib_a-nano-svfprintf.o) (_malloc_r)
c:/renesas/gcc/redhat/gnurx-elf/8.3.0.202002/rx-elf/rx-elf/bin/../lib/gcc/rx-elf/8.3.0.202002-GNURX/../../../../rx-elf/lib/no-fpu-libs\libc_nano.a(lib_a-nano-reallocr.o)
                              c:/renesas/gcc/redhat/gnurx-elf/8.3.0.202002/rx-elf/rx-elf/bin/../lib/gcc/rx-elf/8.3.0.202002-GNURX/../../../../rx-elf/lib/no-fpu-libs\libc_nano.a(lib_a-nano-svfprintf.o) (_realloc_r)
c:/renesas/gcc/redhat/gnurx-elf/8.3.0.202002/rx-elf/rx-elf/bin/../lib/gcc/rx-elf/8.3.0.202002-GNURX/../../../../rx-elf/lib/no-fpu-libs\libc_nano.a(lib_a-sbrkr.o)
                              c:/renesas/gcc/redhat/gnurx-elf/8.3.0.202002/rx-elf/rx-elf/bin/../lib/gcc/rx-elf/8.3.0.202002-GNURX/../../../../rx-elf/lib/no-fpu-libs\libc_nano.a(lib_a-nano-mallocr.o) (_sbrk_r)
[...]
Memory Configuration

Name             Origin             Length             Attributes
RAM              0x00000004         0x0000bffc
ROM              0xfff80000         0x00080000
*default*        0x00000000         0xffffffff

Linker script and memory map

LOAD ./src/smc_workaround/r_dtc_rx_patch/r_dtc_rx.o
LOAD ./src/smc_workaround/r_dtc_rx_patch/r_dtc_rx_target.o
LOAD ./src/smc_workaround/FIT_patch.o
LOAD ./src/smc_workaround/u_sci_rx_ext.o
LOAD ./src/smc_gen/r_sci_rx/src/targets/rx130/r_sci_rx130.o
LOAD ./src/smc_gen/r_sci_rx/src/targets/rx130/r_sci_rx130_data.o
LOAD ./src/smc_gen/r_sci_rx/src/r_sci_rx.o
LOAD ./src/smc_gen/r_pincfg/r_sci_rx_pinset.o
LOAD ./src/smc_gen/r_gpio_rx/src/targets/rx130/r_gpio_rx130.o
LOAD ./src/smc_gen/r_gpio_rx/src/r_gpio_rx.o
LOAD ./src/smc_gen/r_byteq/src/r_byteq.o
LOAD ./src/smc_gen/r_bsp/mcu/rx130/mcu_clocks.o
LOAD ./src/smc_gen/r_bsp/mcu/rx130/mcu_init.o
LOAD ./src/smc_gen/r_bsp/mcu/rx130/mcu_interrupts.o
LOAD ./src/smc_gen/r_bsp/mcu/rx130/vecttbl.o
LOAD ./src/smc_gen/r_bsp/mcu/all/dbsct.o
LOAD ./src/smc_gen/r_bsp/mcu/all/lowlvl.o
LOAD ./src/smc_gen/r_bsp/mcu/all/lowsrc.o
LOAD ./src/smc_gen/r_bsp/mcu/all/mcu_locks.o
LOAD ./src/smc_gen/r_bsp/mcu/all/r_bsp_common.o
LOAD ./src/smc_gen/r_bsp/mcu/all/r_bsp_cpu.o
LOAD ./src/smc_gen/r_bsp/mcu/all/r_bsp_interrupts.o
LOAD ./src/smc_gen/r_bsp/mcu/all/r_bsp_locking.o
LOAD ./src/smc_gen/r_bsp/mcu/all/r_bsp_mcu_startup.o
LOAD ./src/smc_gen/r_bsp/mcu/all/r_bsp_software_interrupt.o
LOAD ./src/smc_gen/r_bsp/mcu/all/r_rx_intrinsic_functions.o
LOAD ./src/smc_gen/r_bsp/mcu/all/reset_program.o
LOAD ./src/smc_gen/r_bsp/mcu/all/resetprg.o
LOAD ./src/smc_gen/r_bsp/mcu/all/sbrk.o
LOAD ./src/smc_gen/r_bsp/board/generic_rx130/hwsetup.o
LOAD ./src/smc_gen/general/r_cg_hardware_setup.o
LOAD ./src/smc_gen/general/r_smc_cgc.o
LOAD ./src/smc_gen/general/r_smc_cgc_user.o
LOAD ./src/smc_gen/general/r_smc_interrupt.o
LOAD ./src/frtos_startup/freertos_object_init.o
LOAD ./src/frtos_startup/freertos_start.o
LOAD ./src/FreeRTOS_Demo/Full_Demo/Standard_Demo_Tasks/BlockQ.o
LOAD ./src/FreeRTOS_Demo/Full_Demo/Standard_Demo_Tasks/EventGroupsDemo.o
LOAD ./src/FreeRTOS_Demo/Full_Demo/Standard_Demo_Tasks/GenQTest.o
LOAD ./src/FreeRTOS_Demo/Full_Demo/Standard_Demo_Tasks/IntQueue.o
LOAD ./src/FreeRTOS_Demo/Full_Demo/Standard_Demo_Tasks/IntSemTest.o
LOAD ./src/FreeRTOS_Demo/Full_Demo/Standard_Demo_Tasks/QueueOverwrite.o
LOAD ./src/FreeRTOS_Demo/Full_Demo/Standard_Demo_Tasks/TaskNotify.o
LOAD ./src/FreeRTOS_Demo/Full_Demo/Standard_Demo_Tasks/TaskNotifyArray.o
LOAD ./src/FreeRTOS_Demo/Full_Demo/Standard_Demo_Tasks/TimerDemo.o
LOAD ./src/FreeRTOS_Demo/Full_Demo/Standard_Demo_Tasks/blocktim.o
LOAD ./src/FreeRTOS_Demo/Full_Demo/Standard_Demo_Tasks/countsem.o
LOAD ./src/FreeRTOS_Demo/Full_Demo/Standard_Demo_Tasks/death.o
LOAD ./src/FreeRTOS_Demo/Full_Demo/Standard_Demo_Tasks/dynamic.o
LOAD ./src/FreeRTOS_Demo/Full_Demo/Standard_Demo_Tasks/flop.o
LOAD ./src/FreeRTOS_Demo/Full_Demo/Standard_Demo_Tasks/recmutex.o
LOAD ./src/FreeRTOS_Demo/Full_Demo/Standard_Demo_Tasks/semtest.o
LOAD ./src/FreeRTOS_Demo/Full_Demo/FreeRTOS-Plus-CLI/FreeRTOS_CLI.o
LOAD ./src/FreeRTOS_Demo/Full_Demo/IntQueueTimer.o
LOAD ./src/FreeRTOS_Demo/Full_Demo/Sample-CLI-commands.o
LOAD ./src/FreeRTOS_Demo/Full_Demo/UARTCommandConsole.o
LOAD ./src/FreeRTOS_Demo/Full_Demo/main_full.o
LOAD ./src/FreeRTOS_Demo/Full_Demo/serial.o
LOAD ./src/FreeRTOS_Demo/Blinky_Demo/main_blinky.o
LOAD ./src/FreeRTOS/Source/portable/MemMang/heap_4.o
LOAD ./src/FreeRTOS/Source/portable/GCC/RX/port.o
LOAD ./src/FreeRTOS/Source/event_groups.o
LOAD ./src/FreeRTOS/Source/list.o
LOAD ./src/FreeRTOS/Source/queue.o
LOAD ./src/FreeRTOS/Source/stream_buffer.o
LOAD ./src/FreeRTOS/Source/tasks.o
LOAD ./src/FreeRTOS/Source/timers.o
START GROUP
LOAD c:/renesas/gcc/redhat/gnurx-elf/8.3.0.202002/rx-elf/rx-elf/bin/../lib/gcc/rx-elf/8.3.0.202002-GNURX/../../../../rx-elf/lib/no-fpu-libs\libm.a
LOAD c:/renesas/gcc/redhat/gnurx-elf/8.3.0.202002/rx-elf/rx-elf/bin/../lib/gcc/rx-elf/8.3.0.202002-GNURX/../../../../rx-elf/lib/no-fpu-libs\libc_nano.a
LOAD c:/renesas/gcc/redhat/gnurx-elf/8.3.0.202002/rx-elf/rx-elf/bin/../lib/gcc/rx-elf/8.3.0.202002-GNURX/no-fpu-libs\libgcc.a
END GROUP
LOAD c:/renesas/gcc/redhat/gnurx-elf/8.3.0.202002/rx-elf/rx-elf/bin/../lib/gcc/rx-elf/8.3.0.202002-GNURX/no-fpu-libs\libgcc.a
LOAD c:/renesas/gcc/redhat/gnurx-elf/8.3.0.202002/rx-elf/rx-elf/bin/../lib/gcc/rx-elf/8.3.0.202002-GNURX/../../../../rx-elf/lib/no-fpu-libs\libg_nano.a
LOAD c:/renesas/gcc/redhat/gnurx-elf/8.3.0.202002/rx-elf/rx-elf/bin/../lib/gcc/rx-elf/8.3.0.202002-GNURX/../../../../rx-elf/lib/no-fpu-libs\libc_nano.a
LOAD c:/renesas/gcc/redhat/gnurx-elf/8.3.0.202002/rx-elf/rx-elf/bin/../lib/gcc/rx-elf/8.3.0.202002-GNURX/no-fpu-libs\libgcc.a
START GROUP
LOAD c:/renesas/gcc/redhat/gnurx-elf/8.3.0.202002/rx-elf/rx-elf/bin/../lib/gcc/rx-elf/8.3.0.202002-GNURX/no-fpu-libs\libgcc.a
LOAD c:/renesas/gcc/redhat/gnurx-elf/8.3.0.202002/rx-elf/rx-elf/bin/../lib/gcc/rx-elf/8.3.0.202002-GNURX/../../../../rx-elf/lib/no-fpu-libs\libc_nano.a
END GROUP

.fvectors       0xffffff80       0x80
 *(.fvectors)
 .fvectors      0xffffff80       0x80 ./src/smc_gen/r_bsp/mcu/rx130/vecttbl.o
                0xffffff80                Fixed_Vectors

.text           0xfff80000     0xd7d0
 *(.text)
 .text          0xfff80000       0x43 ./src/smc_gen/r_bsp/mcu/all/reset_program.o
                0xfff80000                PowerON_Reset_PC
                0xfff80000                PowerON_Reset
                0xfff80012                _INITSCT
 .text          0xfff80043        0xd c:/renesas/gcc/redhat/gnurx-elf/8.3.0.202002/rx-elf/rx-elf/bin/../lib/gcc/rx-elf/8.3.0.202002-GNURX/../../../../rx-elf/lib/no-fpu-libs\libc_nano.a(lib_a-strlen.o)
                0xfff80043                strlen
 .text          0xfff80050       0x1d c:/renesas/gcc/redhat/gnurx-elf/8.3.0.202002/rx-elf/rx-elf/bin/../lib/gcc/rx-elf/8.3.0.202002-GNURX/../../../../rx-elf/lib/no-fpu-libs\libc_nano.a(lib_a-strncat.o)
                0xfff80050                strncat
 .text          0xfff8006d        0xb c:/renesas/gcc/redhat/gnurx-elf/8.3.0.202002/rx-elf/rx-elf/bin/../lib/gcc/rx-elf/8.3.0.202002-GNURX/../../../../rx-elf/lib/no-fpu-libs\libc_nano.a(lib_a-strncpy.o)
                0xfff8006d                strncpy
 .text          0xfff80078        0xb c:/renesas/gcc/redhat/gnurx-elf/8.3.0.202002/rx-elf/rx-elf/bin/../lib/gcc/rx-elf/8.3.0.202002-GNURX/../../../../rx-elf/lib/no-fpu-libs\libc_nano.a(lib_a-memchr.o)
                0xfff80078                memchr
 .text          0xfff80083        0x7 c:/renesas/gcc/redhat/gnurx-elf/8.3.0.202002/rx-elf/rx-elf/bin/../lib/gcc/rx-elf/8.3.0.202002-GNURX/../../../../rx-elf/lib/no-fpu-libs\libc_nano.a(lib_a-memcpy.o)
                0xfff80083                memcpy
 .text          0xfff8008a       0x18 c:/renesas/gcc/redhat/gnurx-elf/8.3.0.202002/rx-elf/rx-elf/bin/../lib/gcc/rx-elf/8.3.0.202002-GNURX/../../../../rx-elf/lib/no-fpu-libs\libc_nano.a(lib_a-memmove.o)
                0xfff8008a                memmove
 *(.text.*ISR)
 *fill*         0xfff800a2        0x2 
 .text.xNotifyTaskFromISR
                0xfff800a4       0xb8 ./src/FreeRTOS_Demo/Full_Demo/Standard_Demo_Tasks/TaskNotify.o
                0xfff800a4                xNotifyTaskFromISR
 .text.xNotifyArrayTaskFromISR
                0xfff8015c       0xa8 ./src/FreeRTOS_Demo/Full_Demo/Standard_Demo_Tasks/TaskNotifyArray.o
                0xfff8015c                xNotifyArrayTaskFromISR
 .text.prvIntQTimer_0_1_ISR
                0xfff80204       0x24 ./src/FreeRTOS_Demo/Full_Demo/IntQueueTimer.o
                0xfff80204                $tableentry$174$.rvectors
 .text.prvIntQTimer_2_3_ISR
                0xfff80228       0x24 ./src/FreeRTOS_Demo/Full_Demo/IntQueueTimer.o
                0xfff80228                $tableentry$180$.rvectors
 .text.vSoftwareInterruptISR
                0xfff8024c       0x56 ./src/FreeRTOS/Source/portable/GCC/RX/port.o
                0xfff8024c                $tableentry$27$.rvectors
                0xfff8024c                vSoftwareInterruptISR
 .text.vTickISR
                0xfff802a2       0x28 ./src/FreeRTOS/Source/portable/GCC/RX/port.o
                0xfff802a2                $tableentry$28$.rvectors
                0xfff802a2                vTickISR
 .text.xEventGroupClearBitsFromISR
                0xfff802ca       0x10 ./src/FreeRTOS/Source/event_groups.o
                0xfff802ca                xEventGroupClearBitsFromISR
 *fill*         0xfff802da        0x2 
 .text.xEventGroupGetBitsFromISR
                0xfff802dc       0x24 ./src/FreeRTOS/Source/event_groups.o
                0xfff802dc                xEventGroupGetBitsFromISR
 .text.xEventGroupSetBitsFromISR
                0xfff80300       0x10 ./src/FreeRTOS/Source/event_groups.o
                0xfff80300                xEventGroupSetBitsFromISR
 .text.xQueueGenericSendFromISR
                0xfff80310       0xf8 ./src/FreeRTOS/Source/queue.o
                0xfff80310                xQueueGenericSendFromISR
 .text.xQueueGiveFromISR
                0xfff80408       0xd8 ./src/FreeRTOS/Source/queue.o
                0xfff80408                xQueueGiveFromISR
 .text.xQueueReceiveFromISR
                0xfff804e0       0xc8 ./src/FreeRTOS/Source/queue.o
                0xfff804e0                xQueueReceiveFromISR
 .text.xQueuePeekFromISR
                0xfff805a8       0x98 ./src/FreeRTOS/Source/queue.o
                0xfff805a8                xQueuePeekFromISR
 .text.uxQueueMessagesWaitingFromISR
                0xfff80640       0x14 ./src/FreeRTOS/Source/queue.o
                0xfff80640                uxQueueMessagesWaitingFromISR
 .text.xQueueIsQueueEmptyFromISR
                0xfff80654       0x1e ./src/FreeRTOS/Source/queue.o
                0xfff80654                xQueueIsQueueEmptyFromISR
 .text.xQueueIsQueueFullFromISR
                0xfff80672       0x23 ./src/FreeRTOS/Source/queue.o
                0xfff80672                xQueueIsQueueFullFromISR
 *fill*         0xfff80695        0x3 
 .text.xQueueSelectFromSetFromISR
                0xfff80698       0xb4 ./src/FreeRTOS/Source/queue.o
                0xfff80698                xQueueSelectFromSetFromISR
 .text.xStreamBufferSendFromISR
                0xfff8074c      0x1d0 ./src/FreeRTOS/Source/stream_buffer.o
                0xfff8074c                xStreamBufferSendFromISR
 .text.xStreamBufferReceiveFromISR
                0xfff8091c       0xb8 ./src/FreeRTOS/Source/stream_buffer.o
                0xfff8091c                xStreamBufferReceiveFromISR
 .text.xStreamBufferSendCompletedFromISR
                0xfff809d4       0x60 ./src/FreeRTOS/Source/stream_buffer.o
                0xfff809d4                xStreamBufferSendCompletedFromISR
 .text.xStreamBufferReceiveCompletedFromISR
                0xfff80a34       0x60 ./src/FreeRTOS/Source/stream_buffer.o
                0xfff80a34                xStreamBufferReceiveCompletedFromISR
 .text.uxTaskPriorityGetFromISR
                0xfff80a94       0x4c ./src/FreeRTOS/Source/tasks.o
                0xfff80a94                uxTaskPriorityGetFromISR
 .text.xTaskResumeFromISR
                0xfff80ae0       0xe0 ./src/FreeRTOS/Source/tasks.o
                0xfff80ae0                xTaskResumeFromISR
 .text.xTaskGetTickCountFromISR
                0xfff80bc0       0x1e ./src/FreeRTOS/Source/tasks.o
                0xfff80bc0                xTaskGetTickCountFromISR
 *fill*         0xfff80bde        0x2 
 .text.xTaskGenericNotifyFromISR
                0xfff80be0      0x17c ./src/FreeRTOS/Source/tasks.o
                0xfff80be0                xTaskGenericNotifyFromISR
 .text.vTaskGenericNotifyGiveFromISR
                0xfff80d5c       0xe8 ./src/FreeRTOS/Source/tasks.o
                0xfff80d5c                vTaskGenericNotifyGiveFromISR
 .text.xTimerPendFunctionCallFromISR
                0xfff80e44       0x22 ./src/FreeRTOS/Source/timers.o
                0xfff80e44                xTimerPendFunctionCallFromISR
 *(.text.*_isr)
 .text.sci1_txi1_isr
                0xfff80e66       0x14 ./src/smc_gen/r_sci_rx/src/targets/rx130/r_sci_rx130.o
                0xfff80e66                $tableentry$220$.rvectors
 .text.sci1_tei1_isr
                0xfff80e7a       0x14 ./src/smc_gen/r_sci_rx/src/targets/rx130/r_sci_rx130.o
                0xfff80e7a                $tableentry$221$.rvectors
 .text.sci1_rxi1_isr
                0xfff80e8e       0x14 ./src/smc_gen/r_sci_rx/src/targets/rx130/r_sci_rx130.o
                0xfff80e8e                $tableentry$219$.rvectors
 .text.sci1_eri1_isr
                0xfff80ea2       0x14 ./src/smc_gen/r_sci_rx/src/targets/rx130/r_sci_rx130.o
                0xfff80ea2                $tableentry$218$.rvectors
 *fill*         0xfff80eb6        0x2 
 .text.excep_supervisor_inst_isr
                0xfff80eb8       0x28 ./src/smc_gen/r_bsp/mcu/all/r_bsp_interrupts.o
                0xfff80eb8                excep_supervisor_inst_isr
 .text.excep_undefined_inst_isr
                0xfff80ee0       0x28 ./src/smc_gen/r_bsp/mcu/all/r_bsp_interrupts.o
                0xfff80ee0                excep_undefined_inst_isr
 .text.non_maskable_isr
                0xfff80f08       0xb8 ./src/smc_gen/r_bsp/mcu/all/r_bsp_interrupts.o
                0xfff80f08                non_maskable_isr
 .text.undefined_interrupt_source_isr
                0xfff80fc0       0x28 ./src/smc_gen/r_bsp/mcu/all/r_bsp_interrupts.o
                0xfff80fc0                undefined_interrupt_source_isr
                0xfff80fc0                $tableentry$default$.rvectors
 .text.bus_error_isr
                0xfff80fe8       0x2c ./src/smc_gen/r_bsp/mcu/all/r_bsp_interrupts.o
                0xfff80fe8                $tableentry$16$.rvectors
                0xfff80fe8                bus_error_isr
 *(.text.*_interrupt)
 *(.text.*)
 .text.R_DTC_Open
                0xfff81014       0x8c ./src/smc_workaround/r_dtc_rx_patch/r_dtc_rx.o
                0xfff81014                R_DTC_Open
 .text.R_DTC_Create
                0xfff810a0      0x150 ./src/smc_workaround/r_dtc_rx_patch/r_dtc_rx.o
                0xfff810a0                R_DTC_Create
 .text.R_DTC_Control
                0xfff811f0      0x274 ./src/smc_workaround/r_dtc_rx_patch/r_dtc_rx.o
                0xfff811f0                R_DTC_Control
 .text.r_dtc_module_enable
                0xfff81464       0x2f ./src/smc_workaround/r_dtc_rx_patch/r_dtc_rx_target.o
                0xfff81464                r_dtc_module_enable
 .text.malloc   0xfff81493        0x4 ./src/smc_workaround/FIT_patch.o
                0xfff81493                malloc
 .text.sbrk     0xfff81497        0x4 ./src/smc_workaround/FIT_patch.o
                0xfff81497                sbrk
 .text.U_SCI_Control_EXT
                0xfff8149b       0x48 ./src/smc_workaround/u_sci_rx_ext.o
                0xfff8149b                U_SCI_Control_EXT
 *fill*         0xfff814e3        0x1 
 .text.sci_init_bit_rate.part.0
                0xfff814e4      0x224 ./src/smc_gen/r_sci_rx/src/targets/rx130/r_sci_rx130.o
 .text.sci_mcu_param_check
                0xfff81708       0x16 ./src/smc_gen/r_sci_rx/src/targets/rx130/r_sci_rx130.o
                0xfff81708                sci_mcu_param_check
 *fill*         0xfff8171e        0x2 
 .text.sci_init_register
                0xfff81720       0x80 ./src/smc_gen/r_sci_rx/src/targets/rx130/r_sci_rx130.o
                0xfff81720                sci_init_register
 .text.sci_init_bit_rate
                0xfff817a0        0xf ./src/smc_gen/r_sci_rx/src/targets/rx130/r_sci_rx130.o
                0xfff817a0                sci_init_bit_rate
 .text.sci_initialize_ints
                0xfff817af       0x84 ./src/smc_gen/r_sci_rx/src/targets/rx130/r_sci_rx130.o
                0xfff817af                sci_initialize_ints
 *fill*         0xfff81833        0x1 
 .text.sci_async_cmds
                0xfff81834      0x20c ./src/smc_gen/r_sci_rx/src/targets/rx130/r_sci_rx130.o
                0xfff81834                sci_async_cmds
 .text.R_SCI_Open
                0xfff81a40      0x1cc ./src/smc_gen/r_sci_rx/src/r_sci_rx.o
                0xfff81a40                R_SCI_Open
 .text.R_SCI_Send
                0xfff81c0c       0xa0 ./src/smc_gen/r_sci_rx/src/r_sci_rx.o
                0xfff81c0c                R_SCI_Send
 .text.txi_handler
                0xfff81cac       0x4c ./src/smc_gen/r_sci_rx/src/r_sci_rx.o
                0xfff81cac                txi_handler
 .text.tei_handler
                0xfff81cf8       0x32 ./src/smc_gen/r_sci_rx/src/r_sci_rx.o
                0xfff81cf8                tei_handler
 *fill*         0xfff81d2a        0x2 
 .text.rxi_handler
                0xfff81d2c       0x40 ./src/smc_gen/r_sci_rx/src/r_sci_rx.o
                0xfff81d2c                rxi_handler
 .text.eri_handler
                0xfff81d6c       0x70 ./src/smc_gen/r_sci_rx/src/r_sci_rx.o
                0xfff81d6c                eri_handler
 .text.R_SCI_Control
                0xfff81ddc       0xd0 ./src/smc_gen/r_sci_rx/src/r_sci_rx.o
                0xfff81ddc                R_SCI_Control
 .text.R_SCI_PinSet_SCI1
                0xfff81eac       0x29 ./src/smc_gen/r_pincfg/r_sci_rx_pinset.o
                0xfff81eac                R_SCI_PinSet_SCI1
 .text.R_GPIO_PinWrite
                0xfff81ed5       0x23 ./src/smc_gen/r_gpio_rx/src/r_gpio_rx.o
                0xfff81ed5                R_GPIO_PinWrite
 .text.R_GPIO_PinDirectionSet
                0xfff81ef8       0x23 ./src/smc_gen/r_gpio_rx/src/r_gpio_rx.o
                0xfff81ef8                R_GPIO_PinDirectionSet
 *fill*         0xfff81f1b        0x1 
 .text.R_BYTEQ_Open
                0xfff81f1c       0x7c ./src/smc_gen/r_byteq/src/r_byteq.o
                0xfff81f1c                R_BYTEQ_Open
 .text.R_BYTEQ_Put
                0xfff81f98       0x38 ./src/smc_gen/r_byteq/src/r_byteq.o
                0xfff81f98                R_BYTEQ_Put
 .text.R_BYTEQ_Get
                0xfff81fd0       0x40 ./src/smc_gen/r_byteq/src/r_byteq.o
                0xfff81fd0                R_BYTEQ_Get
 .text.R_BYTEQ_Flush
                0xfff82010       0x10 ./src/smc_gen/r_byteq/src/r_byteq.o
                0xfff82010                R_BYTEQ_Flush
 .text.R_BYTEQ_Used
                0xfff82020       0x12 ./src/smc_gen/r_byteq/src/r_byteq.o
                0xfff82020                R_BYTEQ_Used
 .text.R_BYTEQ_Unused
                0xfff82032       0x19 ./src/smc_gen/r_byteq/src/r_byteq.o
                0xfff82032                R_BYTEQ_Unused
 .text.get_iclk_freq_hz
                0xfff8204b       0xa2 ./src/smc_gen/r_bsp/mcu/rx130/mcu_clocks.o
                0xfff8204b                get_iclk_freq_hz
 *fill*         0xfff820ed        0x3 
 .text.mcu_clock_setup
                0xfff820f0      0x10c ./src/smc_gen/r_bsp/mcu/rx130/mcu_clocks.o
                0xfff820f0                mcu_clock_setup
 .text.bsp_non_existent_port_init
                0xfff821fc       0x87 ./src/smc_gen/r_bsp/mcu/rx130/mcu_init.o
                0xfff821fc                bsp_non_existent_port_init
 .text.bsp_interrupt_enable_disable
                0xfff82283       0x5f ./src/smc_gen/r_bsp/mcu/rx130/mcu_interrupts.o
                0xfff82283                bsp_interrupt_enable_disable
 *fill*         0xfff822e2        0x2 
 .text.charput  0xfff822e4       0x1c ./src/smc_gen/r_bsp/mcu/all/lowlvl.o
                0xfff822e4                charput
 .text.delay_wait
                0xfff82300        0x9 ./src/smc_gen/r_bsp/mcu/all/r_bsp_common.o
 *fill*         0xfff82309        0x3 
 .text.R_BSP_SoftwareDelay
                0xfff8230c       0xe8 ./src/smc_gen/r_bsp/mcu/all/r_bsp_common.o
                0xfff8230c                R_BSP_SoftwareDelay
 .text.R_BSP_CpuInterruptLevelRead
                0xfff823f4        0x8 ./src/smc_gen/r_bsp/mcu/all/r_bsp_cpu.o
                0xfff823f4                R_BSP_CpuInterruptLevelRead
 .text.R_BSP_CpuInterruptLevelWrite
                0xfff823fc       0x9c ./src/smc_gen/r_bsp/mcu/all/r_bsp_cpu.o
                0xfff823fc                R_BSP_CpuInterruptLevelWrite
 .text.R_BSP_RegisterProtectEnable
                0xfff82498       0x7c ./src/smc_gen/r_bsp/mcu/all/r_bsp_cpu.o
                0xfff82498                R_BSP_RegisterProtectEnable
 .text.R_BSP_RegisterProtectDisable
                0xfff82514       0x74 ./src/smc_gen/r_bsp/mcu/all/r_bsp_cpu.o
                0xfff82514                R_BSP_RegisterProtectDisable
 .text.bsp_register_protect_open
                0xfff82588       0x16 ./src/smc_gen/r_bsp/mcu/all/r_bsp_cpu.o
                0xfff82588                bsp_register_protect_open
 .text.bsp_ram_initialize
                0xfff8259e        0xe ./src/smc_gen/r_bsp/mcu/all/r_bsp_cpu.o
                0xfff8259e                bsp_ram_initialize
 .text.R_BSP_InterruptControl.part.1
                0xfff825ac       0x21 ./src/smc_gen/r_bsp/mcu/all/r_bsp_interrupts.o
 .text.R_BSP_InterruptRequestEnable
                0xfff825cd       0x10 ./src/smc_gen/r_bsp/mcu/all/r_bsp_interrupts.o
                0xfff825cd                R_BSP_InterruptRequestEnable
 .text.R_BSP_InterruptRequestDisable
                0xfff825dd       0x10 ./src/smc_gen/r_bsp/mcu/all/r_bsp_interrupts.o
                0xfff825dd                R_BSP_InterruptRequestDisable
 .text.bsp_interrupt_open
                0xfff825ed       0x4c ./src/smc_gen/r_bsp/mcu/all/r_bsp_interrupts.o
                0xfff825ed                bsp_interrupt_open
 .text.R_BSP_InterruptWrite
                0xfff82639       0x1a ./src/smc_gen/r_bsp/mcu/all/r_bsp_interrupts.o
                0xfff82639                R_BSP_InterruptWrite
 *fill*         0xfff82653        0x1 
 .text.R_BSP_InterruptControl
                0xfff82654       0x98 ./src/smc_gen/r_bsp/mcu/all/r_bsp_interrupts.o
                0xfff82654                R_BSP_InterruptControl
 .text.R_BSP_HardwareLock
                0xfff826ec       0x27 ./src/smc_gen/r_bsp/mcu/all/r_bsp_locking.o
                0xfff826ec                R_BSP_HardwareLock
 .text.R_BSP_HardwareUnlock
                0xfff82713       0x12 ./src/smc_gen/r_bsp/mcu/all/r_bsp_locking.o
                0xfff82713                R_BSP_HardwareUnlock
 .text.R_BSP_BitSet
                0xfff82725        0x4 ./src/smc_gen/r_bsp/mcu/all/r_rx_intrinsic_functions.o
                0xfff82725                R_BSP_BitSet
 .text.R_BSP_BitClear
                0xfff82729        0x4 ./src/smc_gen/r_bsp/mcu/all/r_rx_intrinsic_functions.o
                0xfff82729                R_BSP_BitClear
 *fill*         0xfff8272d        0x3 
 .text.PowerON_Reset_PC_Prg
                0xfff82730       0x4c ./src/smc_gen/r_bsp/mcu/all/resetprg.o
                0xfff82730                PowerON_Reset_PC_Prg
 .text.hardware_setup
                0xfff8277c        0xa ./src/smc_gen/r_bsp/board/generic_rx130/hwsetup.o
                0xfff8277c                hardware_setup
 .text.r_undefined_exception
                0xfff82786        0x1 ./src/smc_gen/general/r_cg_hardware_setup.o
                0xfff82786                r_undefined_exception
 .text.R_Systeminit
                0xfff82787       0x9c ./src/smc_gen/general/r_cg_hardware_setup.o
                0xfff82787                R_Systeminit
 .text.R_CGC_Create
                0xfff82823        0x4 ./src/smc_gen/general/r_smc_cgc.o
                0xfff82823                R_CGC_Create
 .text.R_CGC_Create_UserInit
                0xfff82827        0x1 ./src/smc_gen/general/r_smc_cgc_user.o
                0xfff82827                R_CGC_Create_UserInit
 .text.vApplicationSetupTimerInterrupt
                0xfff82828       0x53 ./src/frtos_startup/freertos_start.o
                0xfff82828                vApplicationSetupTimerInterrupt
 *fill*         0xfff8287b        0x1 
 .text.vAssertCalled
                0xfff8287c       0x60 ./src/frtos_startup/freertos_start.o
                0xfff8287c                vAssertCalled
 .text.vApplicationIdleHook
                0xfff828dc        0xc ./src/frtos_startup/freertos_start.o
                0xfff828dc                vApplicationIdleHook
 .text.vApplicationTickHook
                0xfff828e8        0x4 ./src/frtos_startup/freertos_start.o
                0xfff828e8                vApplicationTickHook
 .text.vPrintString
                0xfff828ec       0x28 ./src/frtos_startup/freertos_start.o
                0xfff828ec                vPrintString
 .text.vApplicationMallocFailedHook
                0xfff82914       0x2c ./src/frtos_startup/freertos_start.o
                0xfff82914                vApplicationMallocFailedHook
 .text.vApplicationStackOverflowHook
                0xfff82940       0x2c ./src/frtos_startup/freertos_start.o
                0xfff82940                vApplicationStackOverflowHook
 .text.Processing_Before_Start_Kernel
                0xfff8296c       0x40 ./src/frtos_startup/freertos_start.o
                0xfff8296c                Processing_Before_Start_Kernel
 .text.vToggleLED
                0xfff829ac       0x1b ./src/frtos_startup/freertos_start.o
                0xfff829ac                vToggleLED
 *fill*         0xfff829c7        0x1 
 .text.vSendString
                0xfff829c8       0x28 ./src/frtos_startup/freertos_start.o
                0xfff829c8                vSendString
 .text.vBlockingQueueProducer
                0xfff829f0       0x38 ./src/FreeRTOS_Demo/Full_Demo/Standard_Demo_Tasks/BlockQ.o
 .text.vBlockingQueueConsumer
                0xfff82a28       0x3c ./src/FreeRTOS_Demo/Full_Demo/Standard_Demo_Tasks/BlockQ.o
 .text.vStartBlockingQueueTasks
                0xfff82a64      0x147 ./src/FreeRTOS_Demo/Full_Demo/Standard_Demo_Tasks/BlockQ.o
                0xfff82a64                vStartBlockingQueueTasks
 .text.xAreBlockingQueuesStillRunning
                0xfff82bab       0x89 ./src/FreeRTOS_Demo/Full_Demo/Standard_Demo_Tasks/BlockQ.o
                0xfff82bab                xAreBlockingQueuesStillRunning
 .text.prvSyncTask
                0xfff82c34       0xe0 ./src/FreeRTOS_Demo/Full_Demo/Standard_Demo_Tasks/EventGroupsDemo.o
 .text.prvTestSlaveTask
                0xfff82d14      0x114 ./src/FreeRTOS_Demo/Full_Demo/Standard_Demo_Tasks/EventGroupsDemo.o
 .text.prvTestMasterTask
                0xfff82e28      0x3c4 ./src/FreeRTOS_Demo/Full_Demo/Standard_Demo_Tasks/EventGroupsDemo.o
 .text.vStartEventGroupTasks
                0xfff831ec       0xa8 ./src/FreeRTOS_Demo/Full_Demo/Standard_Demo_Tasks/EventGroupsDemo.o
                0xfff831ec                vStartEventGroupTasks
 .text.vPeriodicEventGroupsProcessing
                0xfff83294       0xa8 ./src/FreeRTOS_Demo/Full_Demo/Standard_Demo_Tasks/EventGroupsDemo.o
                0xfff83294                vPeriodicEventGroupsProcessing
 .text.xAreEventGroupTasksStillRunning
                0xfff8333c       0x6a ./src/FreeRTOS_Demo/Full_Demo/Standard_Demo_Tasks/EventGroupsDemo.o
                0xfff8333c                xAreEventGroupTasksStillRunning
 *fill*         0xfff833a6        0x2 
 .text.prvMediumPriorityMutexTask
                0xfff833a8       0x18 ./src/FreeRTOS_Demo/Full_Demo/Standard_Demo_Tasks/GenQTest.o
 .text.prvHighPriorityMutexTask
                0xfff833c0       0x60 ./src/FreeRTOS_Demo/Full_Demo/Standard_Demo_Tasks/GenQTest.o
 .text.prvLowPriorityMutexTask
                0xfff83420      0x1ac ./src/FreeRTOS_Demo/Full_Demo/Standard_Demo_Tasks/GenQTest.o
 .text.prvSendFrontAndBackTest
                0xfff835cc      0x25c ./src/FreeRTOS_Demo/Full_Demo/Standard_Demo_Tasks/GenQTest.o
 .text.vStartGenericQueueTasks
                0xfff83828       0x98 ./src/FreeRTOS_Demo/Full_Demo/Standard_Demo_Tasks/GenQTest.o
                0xfff83828                vStartGenericQueueTasks
 .text.xAreGenericQueueTasksStillRunning
                0xfff838c0       0x44 ./src/FreeRTOS_Demo/Full_Demo/Standard_Demo_Tasks/GenQTest.o
                0xfff838c0                xAreGenericQueueTasksStillRunning
 .text.prv2ndHigherPriorityNormallyFullTask
                0xfff83904       0x94 ./src/FreeRTOS_Demo/Full_Demo/Standard_Demo_Tasks/IntQueue.o
 .text.prv1stHigherPriorityNormallyFullTask
                0xfff83998      0x158 ./src/FreeRTOS_Demo/Full_Demo/Standard_Demo_Tasks/IntQueue.o
 .text.prvLowerPriorityNormallyFullTask
                0xfff83af0       0xb0 ./src/FreeRTOS_Demo/Full_Demo/Standard_Demo_Tasks/IntQueue.o
 .text.prvLowerPriorityNormallyEmptyTask
                0xfff83ba0       0xc0 ./src/FreeRTOS_Demo/Full_Demo/Standard_Demo_Tasks/IntQueue.o
 .text.prvHigherPriorityNormallyEmptyTask
                0xfff83c60      0x174 ./src/FreeRTOS_Demo/Full_Demo/Standard_Demo_Tasks/IntQueue.o
 .text.vStartInterruptQueueTasks
                0xfff83dd4       0xda ./src/FreeRTOS_Demo/Full_Demo/Standard_Demo_Tasks/IntQueue.o
                0xfff83dd4                vStartInterruptQueueTasks
 *fill*         0xfff83eae        0x2 
 .text.xFirstTimerHandler
                0xfff83eb0      0x1b8 ./src/FreeRTOS_Demo/Full_Demo/Standard_Demo_Tasks/IntQueue.o
                0xfff83eb0                xFirstTimerHandler
 .text.xSecondTimerHandler
                0xfff84068      0x274 ./src/FreeRTOS_Demo/Full_Demo/Standard_Demo_Tasks/IntQueue.o
                0xfff84068                xSecondTimerHandler
 .text.xAreIntQueueTasksStillRunning
                0xfff842dc       0xa0 ./src/FreeRTOS_Demo/Full_Demo/Standard_Demo_Tasks/IntQueue.o
                0xfff842dc                xAreIntQueueTasksStillRunning
 .text.vInterruptCountingSemaphoreTask
                0xfff8437c       0xa0 ./src/FreeRTOS_Demo/Full_Demo/Standard_Demo_Tasks/IntSemTest.o
 .text.vInterruptMutexMasterTask
                0xfff8441c      0x1cc ./src/FreeRTOS_Demo/Full_Demo/Standard_Demo_Tasks/IntSemTest.o
 .text.vInterruptMutexSlaveTask
                0xfff845e8       0x64 ./src/FreeRTOS_Demo/Full_Demo/Standard_Demo_Tasks/IntSemTest.o
 .text.vStartInterruptSemaphoreTasks
                0xfff8464c       0xcc ./src/FreeRTOS_Demo/Full_Demo/Standard_Demo_Tasks/IntSemTest.o
                0xfff8464c                vStartInterruptSemaphoreTasks
 .text.vInterruptSemaphorePeriodicTest
                0xfff84718       0x7c ./src/FreeRTOS_Demo/Full_Demo/Standard_Demo_Tasks/IntSemTest.o
                0xfff84718                vInterruptSemaphorePeriodicTest
 .text.xAreInterruptSemaphoreTasksStillRunning
                0xfff84794       0x48 ./src/FreeRTOS_Demo/Full_Demo/Standard_Demo_Tasks/IntSemTest.o
                0xfff84794                xAreInterruptSemaphoreTasksStillRunning
 .text.prvQueueOverwriteTask
                0xfff847dc       0xb4 ./src/FreeRTOS_Demo/Full_Demo/Standard_Demo_Tasks/QueueOverwrite.o
 .text.vStartQueueOverwriteTask
                0xfff84890       0x35 ./src/FreeRTOS_Demo/Full_Demo/Standard_Demo_Tasks/QueueOverwrite.o
                0xfff84890                vStartQueueOverwriteTask
 .text.xIsQueueOverwriteTaskStillRunning
                0xfff848c5       0x29 ./src/FreeRTOS_Demo/Full_Demo/Standard_Demo_Tasks/QueueOverwrite.o
                0xfff848c5                xIsQueueOverwriteTaskStillRunning
 *fill*         0xfff848ee        0x2 
 .text.vQueueOverwritePeriodicISRDemo
                0xfff848f0       0xac ./src/FreeRTOS_Demo/Full_Demo/Standard_Demo_Tasks/QueueOverwrite.o
                0xfff848f0                vQueueOverwritePeriodicISRDemo
 .text.prvRand  0xfff8499c       0x1a ./src/FreeRTOS_Demo/Full_Demo/Standard_Demo_Tasks/TaskNotify.o
 .text.prvNotifyingTimer
                0xfff849b6       0x2d ./src/FreeRTOS_Demo/Full_Demo/Standard_Demo_Tasks/TaskNotify.o
 *fill*         0xfff849e3        0x1 
 .text.prvNotifiedTask
                0xfff849e4      0x6c0 ./src/FreeRTOS_Demo/Full_Demo/Standard_Demo_Tasks/TaskNotify.o
 .text.prvSuspendedTaskTimerTestCallback
                0xfff850a4       0x68 ./src/FreeRTOS_Demo/Full_Demo/Standard_Demo_Tasks/TaskNotify.o
 .text.vStartTaskNotifyTask
                0xfff8510c       0x2f ./src/FreeRTOS_Demo/Full_Demo/Standard_Demo_Tasks/TaskNotify.o
                0xfff8510c                vStartTaskNotifyTask
 *fill*         0xfff8513b        0x1 
 .text.xAreTaskNotificationTasksStillRunning
                0xfff8513c       0x50 ./src/FreeRTOS_Demo/Full_Demo/Standard_Demo_Tasks/TaskNotify.o
                0xfff8513c                xAreTaskNotificationTasksStillRunning
 .text.prvRand  0xfff8518c       0x1a ./src/FreeRTOS_Demo/Full_Demo/Standard_Demo_Tasks/TaskNotifyArray.o
 .text.prvNotifyingTimerCallback
                0xfff851a6       0x32 ./src/FreeRTOS_Demo/Full_Demo/Standard_Demo_Tasks/TaskNotifyArray.o
 .text.prvNotifiedTask
                0xfff851d8      0xba4 ./src/FreeRTOS_Demo/Full_Demo/Standard_Demo_Tasks/TaskNotifyArray.o
 .text.prvSuspendedTaskTimerTestCallback
                0xfff85d7c       0x7c ./src/FreeRTOS_Demo/Full_Demo/Standard_Demo_Tasks/TaskNotifyArray.o
 .text.vStartTaskNotifyArrayTask
                0xfff85df8       0x8c ./src/FreeRTOS_Demo/Full_Demo/Standard_Demo_Tasks/TaskNotifyArray.o
                0xfff85df8                vStartTaskNotifyArrayTask
 .text.xAreTaskNotificationArrayTasksStillRunning
                0xfff85e84       0x64 ./src/FreeRTOS_Demo/Full_Demo/Standard_Demo_Tasks/TaskNotifyArray.o
                0xfff85e84                xAreTaskNotificationArrayTasksStillRunning
 .text.prvISRAutoReloadTimerCallback
                0xfff85ee8        0xd ./src/FreeRTOS_Demo/Full_Demo/Standard_Demo_Tasks/TimerDemo.o
 .text.prvISROneShotTimerCallback
                0xfff85ef5        0xd ./src/FreeRTOS_Demo/Full_Demo/Standard_Demo_Tasks/TimerDemo.o
 *fill*         0xfff85f02        0x2 
 .text.prvOneShotTimerCallback
                0xfff85f04       0x3c ./src/FreeRTOS_Demo/Full_Demo/Standard_Demo_Tasks/TimerDemo.o
 .text.prvTimerTestTask
                0xfff85f40      0x600 ./src/FreeRTOS_Demo/Full_Demo/Standard_Demo_Tasks/TimerDemo.o
 .text.prvAutoReloadTimerCallback
                0xfff86540       0x2b ./src/FreeRTOS_Demo/Full_Demo/Standard_Demo_Tasks/TimerDemo.o
 *fill*         0xfff8656b        0x1 
 .text.vStartTimerDemoTask
                0xfff8656c      0x184 ./src/FreeRTOS_Demo/Full_Demo/Standard_Demo_Tasks/TimerDemo.o
                0xfff8656c                vStartTimerDemoTask
 .text.xAreTimerDemoTasksStillRunning
                0xfff866f0       0x64 ./src/FreeRTOS_Demo/Full_Demo/Standard_Demo_Tasks/TimerDemo.o
                0xfff866f0                xAreTimerDemoTasksStillRunning
 .text.vTimerPeriodicISRTests
                0xfff86754      0x334 ./src/FreeRTOS_Demo/Full_Demo/Standard_Demo_Tasks/TimerDemo.o
                0xfff86754                vTimerPeriodicISRTests
 .text.vSecondaryBlockTimeTestTask
                0xfff86a88       0x9c ./src/FreeRTOS_Demo/Full_Demo/Standard_Demo_Tasks/blocktim.o
 .text.vPrimaryBlockTimeTestTask
                0xfff86b24      0x324 ./src/FreeRTOS_Demo/Full_Demo/Standard_Demo_Tasks/blocktim.o
 .text.vCreateBlockTimeTasks
                0xfff86e48       0x54 ./src/FreeRTOS_Demo/Full_Demo/Standard_Demo_Tasks/blocktim.o
                0xfff86e48                vCreateBlockTimeTasks
 .text.xAreBlockTimeTestTasksStillRunning
                0xfff86e9c       0x5c ./src/FreeRTOS_Demo/Full_Demo/Standard_Demo_Tasks/blocktim.o
                0xfff86e9c                xAreBlockTimeTestTasksStillRunning
 .text.prvDecrementSemaphoreCount
                0xfff86ef8       0x9c ./src/FreeRTOS_Demo/Full_Demo/Standard_Demo_Tasks/countsem.o
 .text.prvCountingSemaphoreTask
                0xfff86f94       0xac ./src/FreeRTOS_Demo/Full_Demo/Standard_Demo_Tasks/countsem.o
 .text.vStartCountingSemaphoreTasks
                0xfff87040       0x7c ./src/FreeRTOS_Demo/Full_Demo/Standard_Demo_Tasks/countsem.o
                0xfff87040                vStartCountingSemaphoreTasks
 .text.xAreCountingSemaphoreTasksStillRunning
                0xfff870bc       0x48 ./src/FreeRTOS_Demo/Full_Demo/Standard_Demo_Tasks/countsem.o
                0xfff870bc                xAreCountingSemaphoreTasksStillRunning
 .text.vCreateTasks
                0xfff87104       0x7c ./src/FreeRTOS_Demo/Full_Demo/Standard_Demo_Tasks/death.o
 .text.vSuicidalTask
                0xfff87180       0x5c ./src/FreeRTOS_Demo/Full_Demo/Standard_Demo_Tasks/death.o
 .text.vCreateSuicidalTasks
                0xfff871dc       0x1e ./src/FreeRTOS_Demo/Full_Demo/Standard_Demo_Tasks/death.o
                0xfff871dc                vCreateSuicidalTasks
 *fill*         0xfff871fa        0x2 
 .text.xIsCreateTaskStillRunning
                0xfff871fc       0x4c ./src/FreeRTOS_Demo/Full_Demo/Standard_Demo_Tasks/death.o
                0xfff871fc                xIsCreateTaskStillRunning
 .text.vQueueReceiveWhenSuspendedTask
                0xfff87248       0x78 ./src/FreeRTOS_Demo/Full_Demo/Standard_Demo_Tasks/dynamic.o
 .text.vQueueSendWhenSuspendedTask
                0xfff872c0       0x48 ./src/FreeRTOS_Demo/Full_Demo/Standard_Demo_Tasks/dynamic.o
 .text.vLimitedIncrementTask
                0xfff87308       0x1c ./src/FreeRTOS_Demo/Full_Demo/Standard_Demo_Tasks/dynamic.o
 .text.vCounterControlTask
                0xfff87324       0xc4 ./src/FreeRTOS_Demo/Full_Demo/Standard_Demo_Tasks/dynamic.o
 .text.vContinuousIncrementTask
                0xfff873e8       0x74 ./src/FreeRTOS_Demo/Full_Demo/Standard_Demo_Tasks/dynamic.o
 .text.vStartDynamicPriorityTasks
                0xfff8745c       0xb4 ./src/FreeRTOS_Demo/Full_Demo/Standard_Demo_Tasks/dynamic.o
                0xfff8745c                vStartDynamicPriorityTasks
 .text.xAreDynamicPriorityTasksStillRunning
                0xfff87510       0x58 ./src/FreeRTOS_Demo/Full_Demo/Standard_Demo_Tasks/dynamic.o
                0xfff87510                xAreDynamicPriorityTasksStillRunning
 .text.vCompetingMathTask1
                0xfff87568       0x8c ./src/FreeRTOS_Demo/Full_Demo/Standard_Demo_Tasks/flop.o
 .text.vCompetingMathTask2
                0xfff875f4       0x8c ./src/FreeRTOS_Demo/Full_Demo/Standard_Demo_Tasks/flop.o
 .text.vCompetingMathTask4
                0xfff87680      0x160 ./src/FreeRTOS_Demo/Full_Demo/Standard_Demo_Tasks/flop.o
 .text.vCompetingMathTask3
                0xfff877e0      0x16c ./src/FreeRTOS_Demo/Full_Demo/Standard_Demo_Tasks/flop.o
 .text.vStartMathTasks
                0xfff8794c       0x81 ./src/FreeRTOS_Demo/Full_Demo/Standard_Demo_Tasks/flop.o
                0xfff8794c                vStartMathTasks
 *fill*         0xfff879cd        0x3 
 .text.xAreMathsTaskStillRunning
                0xfff879d0       0x4c ./src/FreeRTOS_Demo/Full_Demo/Standard_Demo_Tasks/flop.o
                0xfff879d0                xAreMathsTaskStillRunning
 .text.prvRecursiveMutexPollingTask
                0xfff87a1c       0xcc ./src/FreeRTOS_Demo/Full_Demo/Standard_Demo_Tasks/recmutex.o
 .text.prvRecursiveMutexBlockingTask
                0xfff87ae8       0x70 ./src/FreeRTOS_Demo/Full_Demo/Standard_Demo_Tasks/recmutex.o
 .text.prvRecursiveMutexControllingTask
                0xfff87b58       0x98 ./src/FreeRTOS_Demo/Full_Demo/Standard_Demo_Tasks/recmutex.o
 .text.vStartRecursiveMutexTasks
                0xfff87bf0       0x70 ./src/FreeRTOS_Demo/Full_Demo/Standard_Demo_Tasks/recmutex.o
                0xfff87bf0                vStartRecursiveMutexTasks
 .text.xAreRecursiveMutexTasksStillRunning
                0xfff87c60       0x94 ./src/FreeRTOS_Demo/Full_Demo/Standard_Demo_Tasks/recmutex.o
                0xfff87c60                xAreRecursiveMutexTasksStillRunning
 .text.prvSemaphoreTest
                0xfff87cf4       0xd0 ./src/FreeRTOS_Demo/Full_Demo/Standard_Demo_Tasks/semtest.o
 .text.vStartSemaphoreTasks
                0xfff87dc4       0xdc ./src/FreeRTOS_Demo/Full_Demo/Standard_Demo_Tasks/semtest.o
                0xfff87dc4                vStartSemaphoreTasks
 .text.xAreSemaphoreTasksStillRunning
                0xfff87ea0       0x5a ./src/FreeRTOS_Demo/Full_Demo/Standard_Demo_Tasks/semtest.o
                0xfff87ea0                xAreSemaphoreTasksStillRunning
 .text.prvHelpCommand
                0xfff87efa       0x3e ./src/FreeRTOS_Demo/Full_Demo/FreeRTOS-Plus-CLI/FreeRTOS_CLI.o
 .text.FreeRTOS_CLIRegisterCommand
                0xfff87f38       0x50 ./src/FreeRTOS_Demo/Full_Demo/FreeRTOS-Plus-CLI/FreeRTOS_CLI.o
                0xfff87f38                FreeRTOS_CLIRegisterCommand
 .text.FreeRTOS_CLIProcessCommand
                0xfff87f88       0xdc ./src/FreeRTOS_Demo/Full_Demo/FreeRTOS-Plus-CLI/FreeRTOS_CLI.o
                0xfff87f88                FreeRTOS_CLIProcessCommand
 .text.FreeRTOS_CLIGetOutputBuffer
                0xfff88064        0x7 ./src/FreeRTOS_Demo/Full_Demo/FreeRTOS-Plus-CLI/FreeRTOS_CLI.o
                0xfff88064                FreeRTOS_CLIGetOutputBuffer
 *fill*         0xfff8806b        0x1 
 .text.FreeRTOS_CLIGetParameter
                0xfff8806c       0x5c ./src/FreeRTOS_Demo/Full_Demo/FreeRTOS-Plus-CLI/FreeRTOS_CLI.o
                0xfff8806c                FreeRTOS_CLIGetParameter
 .text.vInitialiseTimerForIntQueueTest
                0xfff880c8       0xc6 ./src/FreeRTOS_Demo/Full_Demo/IntQueueTimer.o
                0xfff880c8                vInitialiseTimerForIntQueueTest
 *fill*         0xfff8818e        0x2 
 .text.prvQueryHeapCommand
                0xfff88190       0x34 ./src/FreeRTOS_Demo/Full_Demo/Sample-CLI-commands.o
 .text.prvParameterEchoCommand
                0xfff881c4       0x90 ./src/FreeRTOS_Demo/Full_Demo/Sample-CLI-commands.o
 .text.prvThreeParameterEchoCommand
                0xfff88254       0x94 ./src/FreeRTOS_Demo/Full_Demo/Sample-CLI-commands.o
 .text.prvTaskStatsCommand
                0xfff882e8       0x44 ./src/FreeRTOS_Demo/Full_Demo/Sample-CLI-commands.o
 .text.vRegisterSampleCLICommands
                0xfff8832c       0x28 ./src/FreeRTOS_Demo/Full_Demo/Sample-CLI-commands.o
                0xfff8832c                vRegisterSampleCLICommands
 .text.prvUARTCommandConsoleTask
                0xfff88354      0x160 ./src/FreeRTOS_Demo/Full_Demo/UARTCommandConsole.o
 .text.vUARTCommandConsoleStart
                0xfff884b4       0x56 ./src/FreeRTOS_Demo/Full_Demo/UARTCommandConsole.o
                0xfff884b4                vUARTCommandConsoleStart
 .text.prvRegTest1Implementation
                0xfff8850a       0xbf ./src/FreeRTOS_Demo/Full_Demo/main_full.o
 .text.prvRegTest2Implementation
                0xfff885c9       0xd0 ./src/FreeRTOS_Demo/Full_Demo/main_full.o
 *fill*         0xfff88699        0x3 
 .text.prvCheckTask
                0xfff8869c      0x154 ./src/FreeRTOS_Demo/Full_Demo/main_full.o
 .text.prvPseudoRandomiser
                0xfff887f0       0x50 ./src/FreeRTOS_Demo/Full_Demo/main_full.o
 .text.prvRegTestTaskEntry2
                0xfff88840       0x17 ./src/FreeRTOS_Demo/Full_Demo/main_full.o
 .text.prvRegTestTaskEntry1
                0xfff88857       0x17 ./src/FreeRTOS_Demo/Full_Demo/main_full.o
 *fill*         0xfff8886e        0x2 
 .text.main_full
                0xfff88870       0xdc ./src/FreeRTOS_Demo/Full_Demo/main_full.o
                0xfff88870                main_full
 .text.vFullDemoTickHook
                0xfff8894c       0x18 ./src/FreeRTOS_Demo/Full_Demo/main_full.o
                0xfff8894c                vFullDemoTickHook
 .text.vSerialSciCallback
                0xfff88964       0x74 ./src/FreeRTOS_Demo/Full_Demo/serial.o
                0xfff88964                vSerialSciCallback
 .text.xSerialPortInitMinimal
                0xfff889d8       0x4c ./src/FreeRTOS_Demo/Full_Demo/serial.o
                0xfff889d8                xSerialPortInitMinimal
 .text.vSerialPutString
                0xfff88a24       0xac ./src/FreeRTOS_Demo/Full_Demo/serial.o
                0xfff88a24                vSerialPutString
 .text.xSerialGetChar
                0xfff88ad0        0xc ./src/FreeRTOS_Demo/Full_Demo/serial.o
                0xfff88ad0                xSerialGetChar
 .text.xSerialPutChar
                0xfff88adc       0x46 ./src/FreeRTOS_Demo/Full_Demo/serial.o
                0xfff88adc                xSerialPutChar
 *fill*         0xfff88b22        0x2 
 .text.pvPortMalloc
                0xfff88b24      0x194 ./src/FreeRTOS/Source/portable/MemMang/heap_4.o
                0xfff88b24                pvPortMalloc
 .text.vPortFree
                0xfff88cb8       0xcc ./src/FreeRTOS/Source/portable/MemMang/heap_4.o
                0xfff88cb8                vPortFree
 .text.xPortGetFreeHeapSize
                0xfff88d84        0x9 ./src/FreeRTOS/Source/portable/MemMang/heap_4.o
                0xfff88d84                xPortGetFreeHeapSize
 .text.xPortGetMinimumEverFreeHeapSize
                0xfff88d8d        0x9 ./src/FreeRTOS/Source/portable/MemMang/heap_4.o
                0xfff88d8d                xPortGetMinimumEverFreeHeapSize
 .text.prvStartFirstTask
                0xfff88d96       0x1c ./src/FreeRTOS/Source/portable/GCC/RX/port.o
 .text.pxPortInitialiseStack
                0xfff88db2       0x2f ./src/FreeRTOS/Source/portable/GCC/RX/port.o
                0xfff88db2                pxPortInitialiseStack
 *fill*         0xfff88de1        0x3 
 .text.xPortStartScheduler
                0xfff88de4       0x30 ./src/FreeRTOS/Source/portable/GCC/RX/port.o
                0xfff88de4                xPortStartScheduler
 .text.ulPortGetIPL
                0xfff88e14        0x8 ./src/FreeRTOS/Source/portable/GCC/RX/port.o
                0xfff88e14                ulPortGetIPL
 .text.vPortSetIPL
                0xfff88e1c       0x15 ./src/FreeRTOS/Source/portable/GCC/RX/port.o
                0xfff88e1c                vPortSetIPL
 *fill*         0xfff88e31        0x3 
 .text.vEventGroupClearBitsCallback
                0xfff88e34       0x44 ./src/FreeRTOS/Source/event_groups.o
                0xfff88e34                vEventGroupClearBitsCallback
 .text.xEventGroupCreate
                0xfff88e78       0x20 ./src/FreeRTOS/Source/event_groups.o
                0xfff88e78                xEventGroupCreate
 .text.xEventGroupWaitBits
                0xfff88e98      0x11c ./src/FreeRTOS/Source/event_groups.o
                0xfff88e98                xEventGroupWaitBits
 .text.xEventGroupClearBits
                0xfff88fb4       0x4c ./src/FreeRTOS/Source/event_groups.o
                0xfff88fb4                xEventGroupClearBits
 .text.xEventGroupSetBits
                0xfff89000       0x84 ./src/FreeRTOS/Source/event_groups.o
                0xfff89000                xEventGroupSetBits
 .text.xEventGroupSync
                0xfff89084      0x128 ./src/FreeRTOS/Source/event_groups.o
                0xfff89084                xEventGroupSync
 .text.vEventGroupSetBitsCallback
                0xfff891ac        0x4 ./src/FreeRTOS/Source/event_groups.o
                0xfff891ac                vEventGroupSetBitsCallback
 .text.vEventGroupDelete
                0xfff891b0       0x54 ./src/FreeRTOS/Source/event_groups.o
                0xfff891b0                vEventGroupDelete
 .text.vListInitialise
                0xfff89204       0x11 ./src/FreeRTOS/Source/list.o
                0xfff89204                vListInitialise
 .text.vListInitialiseItem
                0xfff89215        0x4 ./src/FreeRTOS/Source/list.o
                0xfff89215                vListInitialiseItem
 .text.vListInsertEnd
                0xfff89219       0x17 ./src/FreeRTOS/Source/list.o
                0xfff89219                vListInsertEnd
 .text.vListInsert
                0xfff89230       0x30 ./src/FreeRTOS/Source/list.o
                0xfff89230                vListInsert
 .text.uxListRemove
                0xfff89260       0x2a ./src/FreeRTOS/Source/list.o
                0xfff89260                uxListRemove
 *fill*         0xfff8928a        0x2 
 .text.prvCopyDataToQueue
                0xfff8928c       0x84 ./src/FreeRTOS/Source/queue.o
 .text.prvUnlockQueue
                0xfff89310      0x138 ./src/FreeRTOS/Source/queue.o
 .text.prvNotifyQueueSetContainer
                0xfff89448       0xa4 ./src/FreeRTOS/Source/queue.o
 .text.xQueueGenericReset
                0xfff894ec       0x84 ./src/FreeRTOS/Source/queue.o
                0xfff894ec                xQueueGenericReset
 .text.xQueueGenericCreate
                0xfff89570       0x9c ./src/FreeRTOS/Source/queue.o
                0xfff89570                xQueueGenericCreate
 .text.xQueueCreateCountingSemaphore
                0xfff8960c       0x7c ./src/FreeRTOS/Source/queue.o
                0xfff8960c                xQueueCreateCountingSemaphore
 .text.xQueueGenericSend
                0xfff89688      0x198 ./src/FreeRTOS/Source/queue.o
                0xfff89688                xQueueGenericSend
 .text.xQueueCreateMutex
                0xfff89820       0x70 ./src/FreeRTOS/Source/queue.o
                0xfff89820                xQueueCreateMutex
 .text.xQueueGiveMutexRecursive
                0xfff89890       0x40 ./src/FreeRTOS/Source/queue.o
                0xfff89890                xQueueGiveMutexRecursive
 .text.xQueueReceive
                0xfff898d0      0x160 ./src/FreeRTOS/Source/queue.o
                0xfff898d0                xQueueReceive
 .text.xQueueSemaphoreTake
                0xfff89a30      0x1ac ./src/FreeRTOS/Source/queue.o
                0xfff89a30                xQueueSemaphoreTake
 .text.xQueueTakeMutexRecursive
                0xfff89bdc       0x40 ./src/FreeRTOS/Source/queue.o
                0xfff89bdc                xQueueTakeMutexRecursive
 .text.xQueuePeek
                0xfff89c1c      0x160 ./src/FreeRTOS/Source/queue.o
                0xfff89c1c                xQueuePeek
 .text.uxQueueMessagesWaiting
                0xfff89d7c       0x29 ./src/FreeRTOS/Source/queue.o
                0xfff89d7c                uxQueueMessagesWaiting
 .text.uxQueueSpacesAvailable
                0xfff89da5       0x35 ./src/FreeRTOS/Source/queue.o
                0xfff89da5                uxQueueSpacesAvailable
 *fill*         0xfff89dda        0x2 
 .text.vQueueWaitForMessageRestricted
                0xfff89ddc       0x48 ./src/FreeRTOS/Source/queue.o
                0xfff89ddc                vQueueWaitForMessageRestricted
 .text.prvReadBytesFromBuffer
                0xfff89e24       0x7c ./src/FreeRTOS/Source/stream_buffer.o
 .text.vTaskSwitchContext.part.5
                0xfff89ea0      0x228 ./src/FreeRTOS/Source/tasks.o
 .text.prvIdleTask
                0xfff8a0c8       0xac ./src/FreeRTOS/Source/tasks.o
 .text.xTaskCreate
                0xfff8a174      0x290 ./src/FreeRTOS/Source/tasks.o
                0xfff8a174                xTaskCreate
 .text.vTaskDelete
                0xfff8a404      0x110 ./src/FreeRTOS/Source/tasks.o
                0xfff8a404                vTaskDelete
 .text.eTaskGetState
                0xfff8a514       0xcc ./src/FreeRTOS/Source/tasks.o
                0xfff8a514                eTaskGetState
 .text.uxTaskPriorityGet
                0xfff8a5e0       0x68 ./src/FreeRTOS/Source/tasks.o
                0xfff8a5e0                uxTaskPriorityGet
 .text.vTaskPrioritySet
                0xfff8a648      0x10c ./src/FreeRTOS/Source/tasks.o
                0xfff8a648                vTaskPrioritySet
 .text.vTaskSuspend
                0xfff8a754      0x17c ./src/FreeRTOS/Source/tasks.o
                0xfff8a754                vTaskSuspend
 .text.vTaskResume
                0xfff8a8d0       0xd8 ./src/FreeRTOS/Source/tasks.o
                0xfff8a8d0                vTaskResume
 .text.vTaskStartScheduler
                0xfff8a9a8      0x254 ./src/FreeRTOS/Source/tasks.o
                0xfff8a9a8                vTaskStartScheduler
 .text.vTaskSuspendAll
                0xfff8abfc        0xd ./src/FreeRTOS/Source/tasks.o
                0xfff8abfc                vTaskSuspendAll
 .text.xTaskGetTickCount
                0xfff8ac09        0x9 ./src/FreeRTOS/Source/tasks.o
                0xfff8ac09                xTaskGetTickCount
 .text.uxTaskGetNumberOfTasks
                0xfff8ac12        0x9 ./src/FreeRTOS/Source/tasks.o
                0xfff8ac12                uxTaskGetNumberOfTasks
 *fill*         0xfff8ac1b        0x1 
 .text.xTaskIncrementTick
                0xfff8ac1c      0x154 ./src/FreeRTOS/Source/tasks.o
                0xfff8ac1c                xTaskIncrementTick
 .text.xTaskResumeAll
                0xfff8ad70      0x16c ./src/FreeRTOS/Source/tasks.o
                0xfff8ad70                xTaskResumeAll
 .text.xTaskDelayUntil
                0xfff8aedc       0xd4 ./src/FreeRTOS/Source/tasks.o
                0xfff8aedc                xTaskDelayUntil
 .text.vTaskDelay
                0xfff8afb0       0x90 ./src/FreeRTOS/Source/tasks.o
                0xfff8afb0                vTaskDelay
 .text.prvListTasksWithinSingleList.part.9
                0xfff8b040       0xf0 ./src/FreeRTOS/Source/tasks.o
 .text.uxTaskGetSystemState
                0xfff8b130       0xe8 ./src/FreeRTOS/Source/tasks.o
                0xfff8b130                uxTaskGetSystemState
 .text.vTaskSwitchContext
                0xfff8b218       0x1a ./src/FreeRTOS/Source/tasks.o
                0xfff8b218                vTaskSwitchContext
 *fill*         0xfff8b232        0x2 
 .text.vTaskPlaceOnEventList
                0xfff8b234       0x8c ./src/FreeRTOS/Source/tasks.o
                0xfff8b234                vTaskPlaceOnEventList
 .text.vTaskPlaceOnUnorderedEventList
                0xfff8b2c0       0xbc ./src/FreeRTOS/Source/tasks.o
                0xfff8b2c0                vTaskPlaceOnUnorderedEventList
 .text.vTaskPlaceOnEventListRestricted
                0xfff8b37c       0xa0 ./src/FreeRTOS/Source/tasks.o
                0xfff8b37c                vTaskPlaceOnEventListRestricted
 .text.xTaskRemoveFromEventList
                0xfff8b41c       0x8c ./src/FreeRTOS/Source/tasks.o
                0xfff8b41c                xTaskRemoveFromEventList
 .text.vTaskRemoveFromUnorderedEventList
                0xfff8b4a8       0x90 ./src/FreeRTOS/Source/tasks.o
                0xfff8b4a8                vTaskRemoveFromUnorderedEventList
 .text.vTaskInternalSetTimeOutState
                0xfff8b538       0x15 ./src/FreeRTOS/Source/tasks.o
                0xfff8b538                vTaskInternalSetTimeOutState
 *fill*         0xfff8b54d        0x3 
 .text.xTaskCheckForTimeOut
                0xfff8b550       0xd0 ./src/FreeRTOS/Source/tasks.o
                0xfff8b550                xTaskCheckForTimeOut
 .text.vTaskMissedYield
                0xfff8b620        0xa ./src/FreeRTOS/Source/tasks.o
                0xfff8b620                vTaskMissedYield
 .text.xTaskGetCurrentTaskHandle
                0xfff8b62a        0x9 ./src/FreeRTOS/Source/tasks.o
                0xfff8b62a                xTaskGetCurrentTaskHandle
 .text.xTaskGetSchedulerState
                0xfff8b633       0x20 ./src/FreeRTOS/Source/tasks.o
                0xfff8b633                xTaskGetSchedulerState
 *fill*         0xfff8b653        0x1 
 .text.xTaskPriorityInherit
                0xfff8b654       0x88 ./src/FreeRTOS/Source/tasks.o
                0xfff8b654                xTaskPriorityInherit
 .text.xTaskPriorityDisinherit
                0xfff8b6dc       0x80 ./src/FreeRTOS/Source/tasks.o
                0xfff8b6dc                xTaskPriorityDisinherit
 .text.vTaskPriorityDisinheritAfterTimeout
                0xfff8b75c       0x9c ./src/FreeRTOS/Source/tasks.o
                0xfff8b75c                vTaskPriorityDisinheritAfterTimeout
 .text.vTaskEnterCritical
                0xfff8b7f8       0x2c ./src/FreeRTOS/Source/tasks.o
                0xfff8b7f8                vTaskEnterCritical
 .text.vTaskExitCritical
                0xfff8b824       0x2d ./src/FreeRTOS/Source/tasks.o
                0xfff8b824                vTaskExitCritical
 *fill*         0xfff8b851        0x3 
 .text.vTaskList
                0xfff8b854       0xc0 ./src/FreeRTOS/Source/tasks.o
                0xfff8b854                vTaskList
 .text.uxTaskResetEventItemValue
                0xfff8b914       0x17 ./src/FreeRTOS/Source/tasks.o
                0xfff8b914                uxTaskResetEventItemValue
 *fill*         0xfff8b92b        0x1 
 .text.pvTaskIncrementMutexHeldCount
                0xfff8b92c       0x18 ./src/FreeRTOS/Source/tasks.o
                0xfff8b92c                pvTaskIncrementMutexHeldCount
 .text.ulTaskGenericNotifyTake
                0xfff8b944      0x158 ./src/FreeRTOS/Source/tasks.o
                0xfff8b944                ulTaskGenericNotifyTake
 .text.xTaskGenericNotifyWait
                0xfff8ba9c      0x184 ./src/FreeRTOS/Source/tasks.o
                0xfff8ba9c                xTaskGenericNotifyWait
 .text.xTaskGenericNotify
                0xfff8bc20      0x17c ./src/FreeRTOS/Source/tasks.o
                0xfff8bc20                xTaskGenericNotify
 .text.xTaskGenericNotifyStateClear
                0xfff8bd9c       0x8c ./src/FreeRTOS/Source/tasks.o
                0xfff8bd9c                xTaskGenericNotifyStateClear
 .text.ulTaskGenericNotifyValueClear
                0xfff8be28       0x7c ./src/FreeRTOS/Source/tasks.o
                0xfff8be28                ulTaskGenericNotifyValueClear
 .text.prvSwitchTimerLists
                0xfff8bea4       0x88 ./src/FreeRTOS/Source/timers.o
 .text.prvTimerTask
                0xfff8bf2c      0x274 ./src/FreeRTOS/Source/timers.o
 .text.xTimerCreateTimerTask
                0xfff8c1a0       0x8c ./src/FreeRTOS/Source/timers.o
                0xfff8c1a0                xTimerCreateTimerTask
 .text.xTimerCreate
                0xfff8c22c       0xa8 ./src/FreeRTOS/Source/timers.o
                0xfff8c22c                xTimerCreate
 .text.xTimerGenericCommand
                0xfff8c2d4       0x70 ./src/FreeRTOS/Source/timers.o
                0xfff8c2d4                xTimerGenericCommand
 .text.vTimerSetReloadMode
                0xfff8c344       0x38 ./src/FreeRTOS/Source/timers.o
                0xfff8c344                vTimerSetReloadMode
 .text.uxTimerGetReloadMode
                0xfff8c37c       0x33 ./src/FreeRTOS/Source/timers.o
                0xfff8c37c                uxTimerGetReloadMode
 .text.pcTimerGetName
                0xfff8c3af       0x14 ./src/FreeRTOS/Source/timers.o
                0xfff8c3af                pcTimerGetName
 .text.xTimerIsTimerActive
                0xfff8c3c3       0x33 ./src/FreeRTOS/Source/timers.o
                0xfff8c3c3                xTimerIsTimerActive
 .text.pvTimerGetTimerID
                0xfff8c3f6       0x29 ./src/FreeRTOS/Source/timers.o
                0xfff8c3f6                pvTimerGetTimerID
 .text.vTimerSetTimerID
                0xfff8c41f       0x28 ./src/FreeRTOS/Source/timers.o
                0xfff8c41f                vTimerSetTimerID
 .text.sprintf  0xfff8c447       0x38 c:/renesas/gcc/redhat/gnurx-elf/8.3.0.202002/rx-elf/rx-elf/bin/../lib/gcc/rx-elf/8.3.0.202002-GNURX/../../../../rx-elf/lib/no-fpu-libs\libc_nano.a(lib_a-sprintf.o)
                0xfff8c447                siprintf
                0xfff8c447                sprintf
 .text.__ssputs_r
                0xfff8c47f       0xb2 c:/renesas/gcc/redhat/gnurx-elf/8.3.0.202002/rx-elf/rx-elf/bin/../lib/gcc/rx-elf/8.3.0.202002-GNURX/../../../../rx-elf/lib/no-fpu-libs\libc_nano.a(lib_a-nano-svfprintf.o)
                0xfff8c47f                __ssputs_r
 .text._svfprintf_r
                0xfff8c531      0x1ff c:/renesas/gcc/redhat/gnurx-elf/8.3.0.202002/rx-elf/rx-elf/bin/../lib/gcc/rx-elf/8.3.0.202002-GNURX/../../../../rx-elf/lib/no-fpu-libs\libc_nano.a(lib_a-nano-svfprintf.o)
                0xfff8c531                _svfprintf_r
                0xfff8c531                _svfiprintf_r
 .text._printf_common
                0xfff8c730       0xcf c:/renesas/gcc/redhat/gnurx-elf/8.3.0.202002/rx-elf/rx-elf/bin/../lib/gcc/rx-elf/8.3.0.202002-GNURX/../../../../rx-elf/lib/no-fpu-libs\libc_nano.a(lib_a-nano-vfprintf_i.o)
                0xfff8c730                _printf_common
 .text._printf_i
                0xfff8c7ff      0x226 c:/renesas/gcc/redhat/gnurx-elf/8.3.0.202002/rx-elf/rx-elf/bin/../lib/gcc/rx-elf/8.3.0.202002-GNURX/../../../../rx-elf/lib/no-fpu-libs\libc_nano.a(lib_a-nano-vfprintf_i.o)
                0xfff8c7ff                _printf_i
 .text._free_r  0xfff8ca25       0x9f c:/renesas/gcc/redhat/gnurx-elf/8.3.0.202002/rx-elf/rx-elf/bin/../lib/gcc/rx-elf/8.3.0.202002-GNURX/../../../../rx-elf/lib/no-fpu-libs\libc_nano.a(lib_a-nano-freer.o)
                0xfff8ca25                _free_r
 .text._malloc_r
                0xfff8cac4       0xbf c:/renesas/gcc/redhat/gnurx-elf/8.3.0.202002/rx-elf/rx-elf/bin/../lib/gcc/rx-elf/8.3.0.202002-GNURX/../../../../rx-elf/lib/no-fpu-libs\libc_nano.a(lib_a-nano-mallocr.o)
                0xfff8cac4                _malloc_r
 .text._realloc_r
                0xfff8cb83       0x4a c:/renesas/gcc/redhat/gnurx-elf/8.3.0.202002/rx-elf/rx-elf/bin/../lib/gcc/rx-elf/8.3.0.202002-GNURX/../../../../rx-elf/lib/no-fpu-libs\libc_nano.a(lib_a-nano-reallocr.o)
                0xfff8cb83                _realloc_r
 .text._sbrk_r  0xfff8cbcd       0x21 c:/renesas/gcc/redhat/gnurx-elf/8.3.0.202002/rx-elf/rx-elf/bin/../lib/gcc/rx-elf/8.3.0.202002-GNURX/../../../../rx-elf/lib/no-fpu-libs\libc_nano.a(lib_a-sbrkr.o)
                0xfff8cbcd                _sbrk_r
 .text.__malloc_lock
                0xfff8cbee        0x1 c:/renesas/gcc/redhat/gnurx-elf/8.3.0.202002/rx-elf/rx-elf/bin/../lib/gcc/rx-elf/8.3.0.202002-GNURX/../../../../rx-elf/lib/no-fpu-libs\libc_nano.a(lib_a-mlock.o)
                0xfff8cbee                __malloc_lock
 .text.__malloc_unlock
                0xfff8cbef        0x1 c:/renesas/gcc/redhat/gnurx-elf/8.3.0.202002/rx-elf/rx-elf/bin/../lib/gcc/rx-elf/8.3.0.202002-GNURX/../../../../rx-elf/lib/no-fpu-libs\libc_nano.a(lib_a-mlock.o)
                0xfff8cbef                __malloc_unlock
 .text._malloc_usable_size_r
                0xfff8cbf0       0x12 c:/renesas/gcc/redhat/gnurx-elf/8.3.0.202002/rx-elf/rx-elf/bin/../lib/gcc/rx-elf/8.3.0.202002-GNURX/../../../../rx-elf/lib/no-fpu-libs\libc_nano.a(lib_a-nano-msizer.o)
                0xfff8cbf0                _malloc_usable_size_r
 *(P)
 P              0xfff8cc02       0x34 c:/renesas/gcc/redhat/gnurx-elf/8.3.0.202002/rx-elf/rx-elf/bin/../lib/gcc/rx-elf/8.3.0.202002-GNURX/no-fpu-libs\libgcc.a(_fixunssfsi.o)
                0xfff8cc02                __fixunssfsi
                0xfff8cc02                _COM_CONVd32u
                0xfff8cc02                _COM_CONVf32u
 *fill*         0xfff8cc36        0x2 
 P              0xfff8cc38      0x3d0 c:/renesas/gcc/redhat/gnurx-elf/8.3.0.202002/rx-elf/rx-elf/bin/../lib/gcc/rx-elf/8.3.0.202002-GNURX/no-fpu-libs\libgcc.a(_udivdi3.o)
                0xfff8cc38                _COM_DIV64u
                0xfff8cc38                __udivdi3
 P              0xfff8d008      0x1d0 c:/renesas/gcc/redhat/gnurx-elf/8.3.0.202002/rx-elf/rx-elf/bin/../lib/gcc/rx-elf/8.3.0.202002-GNURX/no-fpu-libs\libgcc.a(_addsub_sf.o)
                0xfff8d169                __addsf3
                0xfff8d169                _COM_ADDd
                0xfff8d169                _COM_ADDf
                0xfff8d19d                _COM_SUBd
                0xfff8d19d                _COM_SUBf
                0xfff8d19d                __subsf3
 P              0xfff8d1d8      0x138 c:/renesas/gcc/redhat/gnurx-elf/8.3.0.202002/rx-elf/rx-elf/bin/../lib/gcc/rx-elf/8.3.0.202002-GNURX/no-fpu-libs\libgcc.a(_mul_sf.o)
                0xfff8d1d8                _COM_MULd
                0xfff8d1d8                __mulsf3
                0xfff8d1d8                _COM_MULf
 P              0xfff8d310       0xd8 c:/renesas/gcc/redhat/gnurx-elf/8.3.0.202002/rx-elf/rx-elf/bin/../lib/gcc/rx-elf/8.3.0.202002-GNURX/no-fpu-libs\libgcc.a(_div_sf.o)
                0xfff8d310                _COM_DIVd
                0xfff8d310                __divsf3
                0xfff8d310                _COM_DIVf
 P              0xfff8d3e8       0x3a c:/renesas/gcc/redhat/gnurx-elf/8.3.0.202002/rx-elf/rx-elf/bin/../lib/gcc/rx-elf/8.3.0.202002-GNURX/no-fpu-libs\libgcc.a(_gt_sf.o)
                0xfff8d3e8                __gtsf2
 P              0xfff8d422       0x3a c:/renesas/gcc/redhat/gnurx-elf/8.3.0.202002/rx-elf/rx-elf/bin/../lib/gcc/rx-elf/8.3.0.202002-GNURX/no-fpu-libs\libgcc.a(_ge_sf.o)
                0xfff8d422                __gesf2
 P              0xfff8d45c       0x39 c:/renesas/gcc/redhat/gnurx-elf/8.3.0.202002/rx-elf/rx-elf/bin/../lib/gcc/rx-elf/8.3.0.202002-GNURX/no-fpu-libs\libgcc.a(_lt_sf.o)
                0xfff8d45c                __ltsf2
 P              0xfff8d495       0x39 c:/renesas/gcc/redhat/gnurx-elf/8.3.0.202002/rx-elf/rx-elf/bin/../lib/gcc/rx-elf/8.3.0.202002-GNURX/no-fpu-libs\libgcc.a(_le_sf.o)
                0xfff8d495                __lesf2
 *fill*         0xfff8d4ce        0x2 
 P              0xfff8d4d0       0x60 c:/renesas/gcc/redhat/gnurx-elf/8.3.0.202002/rx-elf/rx-elf/bin/../lib/gcc/rx-elf/8.3.0.202002-GNURX/no-fpu-libs\libgcc.a(_sf_to_si.o)
                0xfff8d4d0                _COM_CONVf32s
                0xfff8d4d0                _COM_CONVd32s
                0xfff8d4d0                __fixsfsi
 P              0xfff8d530       0x65 c:/renesas/gcc/redhat/gnurx-elf/8.3.0.202002/rx-elf/rx-elf/bin/../lib/gcc/rx-elf/8.3.0.202002-GNURX/no-fpu-libs\libgcc.a(_usi_to_sf.o)
                0xfff8d530                _COM_CONV32uf
                0xfff8d530                _COM_CONV32ud
                0xfff8d530                __floatunsisf
 P              0xfff8d595       0x59 c:/renesas/gcc/redhat/gnurx-elf/8.3.0.202002/rx-elf/rx-elf/bin/../lib/gcc/rx-elf/8.3.0.202002-GNURX/no-fpu-libs\libgcc.a(_clzsi2.o)
                0xfff8d595                __clzsi2
 *fill*         0xfff8d5ee        0x2 
 P              0xfff8d5f0       0xe0 c:/renesas/gcc/redhat/gnurx-elf/8.3.0.202002/rx-elf/rx-elf/bin/../lib/gcc/rx-elf/8.3.0.202002-GNURX/no-fpu-libs\libgcc.a(_pack_sf.o)
                0xfff8d5f0                __pack_f
 P              0xfff8d6d0       0x70 c:/renesas/gcc/redhat/gnurx-elf/8.3.0.202002/rx-elf/rx-elf/bin/../lib/gcc/rx-elf/8.3.0.202002-GNURX/no-fpu-libs\libgcc.a(_unpack_sf.o)
                0xfff8d6d0                __unpack_f
 P              0xfff8d740       0x90 c:/renesas/gcc/redhat/gnurx-elf/8.3.0.202002/rx-elf/rx-elf/bin/../lib/gcc/rx-elf/8.3.0.202002-GNURX/no-fpu-libs\libgcc.a(_fpcmp_parts_sf.o)
                0xfff8d740                __fpcmp_parts_f
                0xfff8d7d0                etext = .

.rvectors       0xfff8d7d0      0x400
                0xfff8d7d0                _rvectors_start = .
                0xfff8d7d0        0x4 LONG 0xfff80fc0 DEFINED ($tableentry$0$.rvectors)?$tableentry$0$.rvectors:DEFINED ($tableentry$default$.rvectors)?$tableentry$default$.rvectors:0xffffffff
                0xfff8d7d4        0x4 LONG 0xfff80fc0 DEFINED ($tableentry$1$.rvectors)?$tableentry$1$.rvectors:DEFINED ($tableentry$default$.rvectors)?$tableentry$default$.rvectors:0xffffffff
                0xfff8d7d8        0x4 LONG 0xfff80fc0 DEFINED ($tableentry$2$.rvectors)?$tableentry$2$.rvectors:DEFINED ($tableentry$default$.rvectors)?$tableentry$default$.rvectors:0xffffffff
                0xfff8d7dc        0x4 LONG 0xfff80fc0 DEFINED ($tableentry$3$.rvectors)?$tableentry$3$.rvectors:DEFINED ($tableentry$default$.rvectors)?$tableentry$default$.rvectors:0xffffffff
                0xfff8d7e0        0x4 LONG 0xfff80fc0 DEFINED ($tableentry$4$.rvectors)?$tableentry$4$.rvectors:DEFINED ($tableentry$default$.rvectors)?$tableentry$default$.rvectors:0xffffffff
                0xfff8d7e4        0x4 LONG 0xfff80fc0 DEFINED ($tableentry$5$.rvectors)?$tableentry$5$.rvectors:DEFINED ($tableentry$default$.rvectors)?$tableentry$default$.rvectors:0xffffffff
                0xfff8d7e8        0x4 LONG 0xfff80fc0 DEFINED ($tableentry$6$.rvectors)?$tableentry$6$.rvectors:DEFINED ($tableentry$default$.rvectors)?$tableentry$default$.rvectors:0xffffffff
                0xfff8d7ec        0x4 LONG 0xfff80fc0 DEFINED ($tableentry$7$.rvectors)?$tableentry$7$.rvectors:DEFINED ($tableentry$default$.rvectors)?$tableentry$default$.rvectors:0xffffffff
                0xfff8d7f0        0x4 LONG 0xfff80fc0 DEFINED ($tableentry$8$.rvectors)?$tableentry$8$.rvectors:DEFINED ($tableentry$default$.rvectors)?$tableentry$default$.rvectors:0xffffffff
                0xfff8d7f4        0x4 LONG 0xfff80fc0 DEFINED ($tableentry$9$.rvectors)?$tableentry$9$.rvectors:DEFINED ($tableentry$default$.rvectors)?$tableentry$default$.rvectors:0xffffffff
                0xfff8d7f8        0x4 LONG 0xfff80fc0 DEFINED ($tableentry$10$.rvectors)?$tableentry$10$.rvectors:DEFINED ($tableentry$default$.rvectors)?$tableentry$default$.rvectors:0xffffffff
                0xfff8d7fc        0x4 LONG 0xfff80fc0 DEFINED ($tableentry$11$.rvectors)?$tableentry$11$.rvectors:DEFINED ($tableentry$default$.rvectors)?$tableentry$default$.rvectors:0xffffffff
                0xfff8d800        0x4 LONG 0xfff80fc0 DEFINED ($tableentry$12$.rvectors)?$tableentry$12$.rvectors:DEFINED ($tableentry$default$.rvectors)?$tableentry$default$.rvectors:0xffffffff
                0xfff8d804        0x4 LONG 0xfff80fc0 DEFINED ($tableentry$13$.rvectors)?$tableentry$13$.rvectors:DEFINED ($tableentry$default$.rvectors)?$tableentry$default$.rvectors:0xffffffff
                0xfff8d808        0x4 LONG 0xfff80fc0 DEFINED ($tableentry$14$.rvectors)?$tableentry$14$.rvectors:DEFINED ($tableentry$default$.rvectors)?$tableentry$default$.rvectors:0xffffffff
                0xfff8d80c        0x4 LONG 0xfff80fc0 DEFINED ($tableentry$15$.rvectors)?$tableentry$15$.rvectors:DEFINED ($tableentry$default$.rvectors)?$tableentry$default$.rvectors:0xffffffff
                0xfff8d810        0x4 LONG 0xfff80fe8 DEFINED ($tableentry$16$.rvectors)?$tableentry$16$.rvectors:DEFINED ($tableentry$default$.rvectors)?$tableentry$default$.rvectors:0xffffffff
                0xfff8d814        0x4 LONG 0xfff80fc0 DEFINED ($tableentry$17$.rvectors)?$tableentry$17$.rvectors:DEFINED ($tableentry$default$.rvectors)?$tableentry$default$.rvectors:0xffffffff
                0xfff8d818        0x4 LONG 0xfff80fc0 DEFINED ($tableentry$18$.rvectors)?$tableentry$18$.rvectors:DEFINED ($tableentry$default$.rvectors)?$tableentry$default$.rvectors:0xffffffff
                0xfff8d81c        0x4 LONG 0xfff80fc0 DEFINED ($tableentry$19$.rvectors)?$tableentry$19$.rvectors:DEFINED ($tableentry$default$.rvectors)?$tableentry$default$.rvectors:0xffffffff
                0xfff8d820        0x4 LONG 0xfff80fc0 DEFINED ($tableentry$20$.rvectors)?$tableentry$20$.rvectors:DEFINED ($tableentry$default$.rvectors)?$tableentry$default$.rvectors:0xffffffff
                0xfff8d824        0x4 LONG 0xfff80fc0 DEFINED ($tableentry$21$.rvectors)?$tableentry$21$.rvectors:DEFINED ($tableentry$default$.rvectors)?$tableentry$default$.rvectors:0xffffffff
                0xfff8d828        0x4 LONG 0xfff80fc0 DEFINED ($tableentry$22$.rvectors)?$tableentry$22$.rvectors:DEFINED ($tableentry$default$.rvectors)?$tableentry$default$.rvectors:0xffffffff
                0xfff8d82c        0x4 LONG 0xfff80fc0 DEFINED ($tableentry$23$.rvectors)?$tableentry$23$.rvectors:DEFINED ($tableentry$default$.rvectors)?$tableentry$default$.rvectors:0xffffffff
                0xfff8d830        0x4 LONG 0xfff80fc0 DEFINED ($tableentry$24$.rvectors)?$tableentry$24$.rvectors:DEFINED ($tableentry$default$.rvectors)?$tableentry$default$.rvectors:0xffffffff
                0xfff8d834        0x4 LONG 0xfff80fc0 DEFINED ($tableentry$25$.rvectors)?$tableentry$25$.rvectors:DEFINED ($tableentry$default$.rvectors)?$tableentry$default$.rvectors:0xffffffff
                0xfff8d838        0x4 LONG 0xfff80fc0 DEFINED ($tableentry$26$.rvectors)?$tableentry$26$.rvectors:DEFINED ($tableentry$default$.rvectors)?$tableentry$default$.rvectors:0xffffffff
                0xfff8d83c        0x4 LONG 0xfff8024c DEFINED ($tableentry$27$.rvectors)?$tableentry$27$.rvectors:DEFINED ($tableentry$default$.rvectors)?$tableentry$default$.rvectors:0xffffffff
                0xfff8d840        0x4 LONG 0xfff802a2 DEFINED ($tableentry$28$.rvectors)?$tableentry$28$.rvectors:DEFINED ($tableentry$default$.rvectors)?$tableentry$default$.rvectors:0xffffffff
                0xfff8d844        0x4 LONG 0xfff80fc0 DEFINED ($tableentry$29$.rvectors)?$tableentry$29$.rvectors:DEFINED ($tableentry$default$.rvectors)?$tableentry$default$.rvectors:0xffffffff
                0xfff8d848        0x4 LONG 0xfff80fc0 DEFINED ($tableentry$30$.rvectors)?$tableentry$30$.rvectors:DEFINED ($tableentry$default$.rvectors)?$tableentry$default$.rvectors:0xffffffff
                0xfff8d84c        0x4 LONG 0xfff80fc0 DEFINED ($tableentry$31$.rvectors)?$tableentry$31$.rvectors:DEFINED ($tableentry$default$.rvectors)?$tableentry$default$.rvectors:0xffffffff
                0xfff8d850        0x4 LONG 0xfff80fc0 DEFINED ($tableentry$32$.rvectors)?$tableentry$32$.rvectors:DEFINED ($tableentry$default$.rvectors)?$tableentry$default$.rvectors:0xffffffff
                0xfff8d854        0x4 LONG 0xfff80fc0 DEFINED ($tableentry$33$.rvectors)?$tableentry$33$.rvectors:DEFINED ($tableentry$default$.rvectors)?$tableentry$default$.rvectors:0xffffffff
                0xfff8d858        0x4 LONG 0xfff80fc0 DEFINED ($tableentry$34$.rvectors)?$tableentry$34$.rvectors:DEFINED ($tableentry$default$.rvectors)?$tableentry$default$.rvectors:0xffffffff
                0xfff8d85c        0x4 LONG 0xfff80fc0 DEFINED ($tableentry$35$.rvectors)?$tableentry$35$.rvectors:DEFINED ($tableentry$default$.rvectors)?$tableentry$default$.rvectors:0xffffffff
                0xfff8d860        0x4 LONG 0xfff80fc0 DEFINED ($tableentry$36$.rvectors)?$tableentry$36$.rvectors:DEFINED ($tableentry$default$.rvectors)?$tableentry$default$.rvectors:0xffffffff
                0xfff8d864        0x4 LONG 0xfff80fc0 DEFINED ($tableentry$37$.rvectors)?$tableentry$37$.rvectors:DEFINED ($tableentry$default$.rvectors)?$tableentry$default$.rvectors:0xffffffff
                0xfff8d868        0x4 LONG 0xfff80fc0 DEFINED ($tableentry$38$.rvectors)?$tableentry$38$.rvectors:DEFINED ($tableentry$default$.rvectors)?$tableentry$default$.rvectors:0xffffffff
                0xfff8d86c        0x4 LONG 0xfff80fc0 DEFINED ($tableentry$39$.rvectors)?$tableentry$39$.rvectors:DEFINED ($tableentry$default$.rvectors)?$tableentry$default$.rvectors:0xffffffff
                0xfff8d870        0x4 LONG 0xfff80fc0 DEFINED ($tableentry$40$.rvectors)?$tableentry$40$.rvectors:DEFINED ($tableentry$default$.rvectors)?$tableentry$default$.rvectors:0xffffffff
                0xfff8d874        0x4 LONG 0xfff80fc0 DEFINED ($tableentry$41$.rvectors)?$tableentry$41$.rvectors:DEFINED ($tableentry$default$.rvectors)?$tableentry$default$.rvectors:0xffffffff
                0xfff8d878        0x4 LONG 0xfff80fc0 DEFINED ($tableentry$42$.rvectors)?$tableentry$42$.rvectors:DEFINED ($tableentry$default$.rvectors)?$tableentry$default$.rvectors:0xffffffff
                0xfff8d87c        0x4 LONG 0xfff80fc0 DEFINED ($tableentry$43$.rvectors)?$tableentry$43$.rvectors:DEFINED ($tableentry$default$.rvectors)?$tableentry$default$.rvectors:0xffffffff
                0xfff8d880        0x4 LONG 0xfff80fc0 DEFINED ($tableentry$44$.rvectors)?$tableentry$44$.rvectors:DEFINED ($tableentry$default$.rvectors)?$tableentry$default$.rvectors:0xffffffff
                0xfff8d884        0x4 LONG 0xfff80fc0 DEFINED ($tableentry$45$.rvectors)?$tableentry$45$.rvectors:DEFINED ($tableentry$default$.rvectors)?$tableentry$default$.rvectors:0xffffffff
                0xfff8d888        0x4 LONG 0xfff80fc0 DEFINED ($tableentry$46$.rvectors)?$tableentry$46$.rvectors:DEFINED ($tableentry$default$.rvectors)?$tableentry$default$.rvectors:0xffffffff
                0xfff8d88c        0x4 LONG 0xfff80fc0 DEFINED ($tableentry$47$.rvectors)?$tableentry$47$.rvectors:DEFINED ($tableentry$default$.rvectors)?$tableentry$default$.rvectors:0xffffffff
                0xfff8d890        0x4 LONG 0xfff80fc0 DEFINED ($tableentry$48$.rvectors)?$tableentry$48$.rvectors:DEFINED ($tableentry$default$.rvectors)?$tableentry$default$.rvectors:0xffffffff
                0xfff8d894        0x4 LONG 0xfff80fc0 DEFINED ($tableentry$49$.rvectors)?$tableentry$49$.rvectors:DEFINED ($tableentry$default$.rvectors)?$tableentry$default$.rvectors:0xffffffff
                0xfff8d898        0x4 LONG 0xfff80fc0 DEFINED ($tableentry$50$.rvectors)?$tableentry$50$.rvectors:DEFINED ($tableentry$default$.rvectors)?$tableentry$default$.rvectors:0xffffffff
                0xfff8d89c        0x4 LONG 0xfff80fc0 DEFINED ($tableentry$51$.rvectors)?$tableentry$51$.rvectors:DEFINED ($tableentry$default$.rvectors)?$tableentry$default$.rvectors:0xffffffff
                0xfff8d8a0        0x4 LONG 0xfff80fc0 DEFINED ($tableentry$52$.rvectors)?$tableentry$52$.rvectors:DEFINED ($tableentry$default$.rvectors)?$tableentry$default$.rvectors:0xffffffff
                0xfff8d8a4        0x4 LONG 0xfff80fc0 DEFINED ($tableentry$53$.rvectors)?$tableentry$53$.rvectors:DEFINED ($tableentry$default$.rvectors)?$tableentry$default$.rvectors:0xffffffff
                0xfff8d8a8        0x4 LONG 0xfff80fc0 DEFINED ($tableentry$54$.rvectors)?$tableentry$54$.rvectors:DEFINED ($tableentry$default$.rvectors)?$tableentry$default$.rvectors:0xffffffff
                0xfff8d8ac        0x4 LONG 0xfff80fc0 DEFINED ($tableentry$55$.rvectors)?$tableentry$55$.rvectors:DEFINED ($tableentry$default$.rvectors)?$tableentry$default$.rvectors:0xffffffff
                0xfff8d8b0        0x4 LONG 0xfff80fc0 DEFINED ($tableentry$56$.rvectors)?$tableentry$56$.rvectors:DEFINED ($tableentry$default$.rvectors)?$tableentry$default$.rvectors:0xffffffff
                0xfff8d8b4        0x4 LONG 0xfff80fc0 DEFINED ($tableentry$57$.rvectors)?$tableentry$57$.rvectors:DEFINED ($tableentry$default$.rvectors)?$tableentry$default$.rvectors:0xffffffff
                0xfff8d8b8        0x4 LONG 0xfff80fc0 DEFINED ($tableentry$58$.rvectors)?$tableentry$58$.rvectors:DEFINED ($tableentry$default$.rvectors)?$tableentry$default$.rvectors:0xffffffff
                0xfff8d8bc        0x4 LONG 0xfff80fc0 DEFINED ($tableentry$59$.rvectors)?$tableentry$59$.rvectors:DEFINED ($tableentry$default$.rvectors)?$tableentry$default$.rvectors:0xffffffff
                0xfff8d8c0        0x4 LONG 0xfff80fc0 DEFINED ($tableentry$60$.rvectors)?$tableentry$60$.rvectors:DEFINED ($tableentry$default$.rvectors)?$tableentry$default$.rvectors:0xffffffff
                0xfff8d8c4        0x4 LONG 0xfff80fc0 DEFINED ($tableentry$61$.rvectors)?$tableentry$61$.rvectors:DEFINED ($tableentry$default$.rvectors)?$tableentry$default$.rvectors:0xffffffff
                0xfff8d8c8        0x4 LONG 0xfff80fc0 DEFINED ($tableentry$62$.rvectors)?$tableentry$62$.rvectors:DEFINED ($tableentry$default$.rvectors)?$tableentry$default$.rvectors:0xffffffff
                0xfff8d8cc        0x4 LONG 0xfff80fc0 DEFINED ($tableentry$63$.rvectors)?$tableentry$63$.rvectors:DEFINED ($tableentry$default$.rvectors)?$tableentry$default$.rvectors:0xffffffff
                0xfff8d8d0        0x4 LONG 0xfff80fc0 DEFINED ($tableentry$64$.rvectors)?$tableentry$64$.rvectors:DEFINED ($tableentry$default$.rvectors)?$tableentry$default$.rvectors:0xffffffff
                0xfff8d8d4        0x4 LONG 0xfff80fc0 DEFINED ($tableentry$65$.rvectors)?$tableentry$65$.rvectors:DEFINED ($tableentry$default$.rvectors)?$tableentry$default$.rvectors:0xffffffff
                0xfff8d8d8        0x4 LONG 0xfff80fc0 DEFINED ($tableentry$66$.rvectors)?$tableentry$66$.rvectors:DEFINED ($tableentry$default$.rvectors)?$tableentry$default$.rvectors:0xffffffff
                0xfff8d8dc        0x4 LONG 0xfff80fc0 DEFINED ($tableentry$67$.rvectors)?$tableentry$67$.rvectors:DEFINED ($tableentry$default$.rvectors)?$tableentry$default$.rvectors:0xffffffff
                0xfff8d8e0        0x4 LONG 0xfff80fc0 DEFINED ($tableentry$68$.rvectors)?$tableentry$68$.rvectors:DEFINED ($tableentry$default$.rvectors)?$tableentry$default$.rvectors:0xffffffff
                0xfff8d8e4        0x4 LONG 0xfff80fc0 DEFINED ($tableentry$69$.rvectors)?$tableentry$69$.rvectors:DEFINED ($tableentry$default$.rvectors)?$tableentry$default$.rvectors:0xffffffff
                0xfff8d8e8        0x4 LONG 0xfff80fc0 DEFINED ($tableentry$70$.rvectors)?$tableentry$70$.rvectors:DEFINED ($tableentry$default$.rvectors)?$tableentry$default$.rvectors:0xffffffff
                0xfff8d8ec        0x4 LONG 0xfff80fc0 DEFINED ($tableentry$71$.rvectors)?$tableentry$71$.rvectors:DEFINED ($tableentry$default$.rvectors)?$tableentry$default$.rvectors:0xffffffff
                0xfff8d8f0        0x4 LONG 0xfff80fc0 DEFINED ($tableentry$72$.rvectors)?$tableentry$72$.rvectors:DEFINED ($tableentry$default$.rvectors)?$tableentry$default$.rvectors:0xffffffff
                0xfff8d8f4        0x4 LONG 0xfff80fc0 DEFINED ($tableentry$73$.rvectors)?$tableentry$73$.rvectors:DEFINED ($tableentry$default$.rvectors)?$tableentry$default$.rvectors:0xffffffff
                0xfff8d8f8        0x4 LONG 0xfff80fc0 DEFINED ($tableentry$74$.rvectors)?$tableentry$74$.rvectors:DEFINED ($tableentry$default$.rvectors)?$tableentry$default$.rvectors:0xffffffff
                0xfff8d8fc        0x4 LONG 0xfff80fc0 DEFINED ($tableentry$75$.rvectors)?$tableentry$75$.rvectors:DEFINED ($tableentry$default$.rvectors)?$tableentry$default$.rvectors:0xffffffff
                0xfff8d900        0x4 LONG 0xfff80fc0 DEFINED ($tableentry$76$.rvectors)?$tableentry$76$.rvectors:DEFINED ($tableentry$default$.rvectors)?$tableentry$default$.rvectors:0xffffffff
                0xfff8d904        0x4 LONG 0xfff80fc0 DEFINED ($tableentry$77$.rvectors)?$tableentry$77$.rvectors:DEFINED ($tableentry$default$.rvectors)?$tableentry$default$.rvectors:0xffffffff
                0xfff8d908        0x4 LONG 0xfff80fc0 DEFINED ($tableentry$78$.rvectors)?$tableentry$78$.rvectors:DEFINED ($tableentry$default$.rvectors)?$tableentry$default$.rvectors:0xffffffff
                0xfff8d90c        0x4 LONG 0xfff80fc0 DEFINED ($tableentry$79$.rvectors)?$tableentry$79$.rvectors:DEFINED ($tableentry$default$.rvectors)?$tableentry$default$.rvectors:0xffffffff
                0xfff8d910        0x4 LONG 0xfff80fc0 DEFINED ($tableentry$80$.rvectors)?$tableentry$80$.rvectors:DEFINED ($tableentry$default$.rvectors)?$tableentry$default$.rvectors:0xffffffff
                0xfff8d914        0x4 LONG 0xfff80fc0 DEFINED ($tableentry$81$.rvectors)?$tableentry$81$.rvectors:DEFINED ($tableentry$default$.rvectors)?$tableentry$default$.rvectors:0xffffffff
                0xfff8d918        0x4 LONG 0xfff80fc0 DEFINED ($tableentry$82$.rvectors)?$tableentry$82$.rvectors:DEFINED ($tableentry$default$.rvectors)?$tableentry$default$.rvectors:0xffffffff
                0xfff8d91c        0x4 LONG 0xfff80fc0 DEFINED ($tableentry$83$.rvectors)?$tableentry$83$.rvectors:DEFINED ($tableentry$default$.rvectors)?$tableentry$default$.rvectors:0xffffffff
                0xfff8d920        0x4 LONG 0xfff80fc0 DEFINED ($tableentry$84$.rvectors)?$tableentry$84$.rvectors:DEFINED ($tableentry$default$.rvectors)?$tableentry$default$.rvectors:0xffffffff
                0xfff8d924        0x4 LONG 0xfff80fc0 DEFINED ($tableentry$85$.rvectors)?$tableentry$85$.rvectors:DEFINED ($tableentry$default$.rvectors)?$tableentry$default$.rvectors:0xffffffff
                0xfff8d928        0x4 LONG 0xfff80fc0 DEFINED ($tableentry$86$.rvectors)?$tableentry$86$.rvectors:DEFINED ($tableentry$default$.rvectors)?$tableentry$default$.rvectors:0xffffffff
                0xfff8d92c        0x4 LONG 0xfff80fc0 DEFINED ($tableentry$87$.rvectors)?$tableentry$87$.rvectors:DEFINED ($tableentry$default$.rvectors)?$tableentry$default$.rvectors:0xffffffff
                0xfff8d930        0x4 LONG 0xfff80fc0 DEFINED ($tableentry$88$.rvectors)?$tableentry$88$.rvectors:DEFINED ($tableentry$default$.rvectors)?$tableentry$default$.rvectors:0xffffffff
                0xfff8d934        0x4 LONG 0xfff80fc0 DEFINED ($tableentry$89$.rvectors)?$tableentry$89$.rvectors:DEFINED ($tableentry$default$.rvectors)?$tableentry$default$.rvectors:0xffffffff
                0xfff8d938        0x4 LONG 0xfff80fc0 DEFINED ($tableentry$90$.rvectors)?$tableentry$90$.rvectors:DEFINED ($tableentry$default$.rvectors)?$tableentry$default$.rvectors:0xffffffff
                0xfff8d93c        0x4 LONG 0xfff80fc0 DEFINED ($tableentry$91$.rvectors)?$tableentry$91$.rvectors:DEFINED ($tableentry$default$.rvectors)?$tableentry$default$.rvectors:0xffffffff
                0xfff8d940        0x4 LONG 0xfff80fc0 DEFINED ($tableentry$92$.rvectors)?$tableentry$92$.rvectors:DEFINED ($tableentry$default$.rvectors)?$tableentry$default$.rvectors:0xffffffff
                0xfff8d944        0x4 LONG 0xfff80fc0 DEFINED ($tableentry$93$.rvectors)?$tableentry$93$.rvectors:DEFINED ($tableentry$default$.rvectors)?$tableentry$default$.rvectors:0xffffffff
                0xfff8d948        0x4 LONG 0xfff80fc0 DEFINED ($tableentry$94$.rvectors)?$tableentry$94$.rvectors:DEFINED ($tableentry$default$.rvectors)?$tableentry$default$.rvectors:0xffffffff
                0xfff8d94c        0x4 LONG 0xfff80fc0 DEFINED ($tableentry$95$.rvectors)?$tableentry$95$.rvectors:DEFINED ($tableentry$default$.rvectors)?$tableentry$default$.rvectors:0xffffffff
                0xfff8d950        0x4 LONG 0xfff80fc0 DEFINED ($tableentry$96$.rvectors)?$tableentry$96$.rvectors:DEFINED ($tableentry$default$.rvectors)?$tableentry$default$.rvectors:0xffffffff
                0xfff8d954        0x4 LONG 0xfff80fc0 DEFINED ($tableentry$97$.rvectors)?$tableentry$97$.rvectors:DEFINED ($tableentry$default$.rvectors)?$tableentry$default$.rvectors:0xffffffff
                0xfff8d958        0x4 LONG 0xfff80fc0 DEFINED ($tableentry$98$.rvectors)?$tableentry$98$.rvectors:DEFINED ($tableentry$default$.rvectors)?$tableentry$default$.rvectors:0xffffffff
                0xfff8d95c        0x4 LONG 0xfff80fc0 DEFINED ($tableentry$99$.rvectors)?$tableentry$99$.rvectors:DEFINED ($tableentry$default$.rvectors)?$tableentry$default$.rvectors:0xffffffff
                0xfff8d960        0x4 LONG 0xfff80fc0 DEFINED ($tableentry$100$.rvectors)?$tableentry$100$.rvectors:DEFINED ($tableentry$default$.rvectors)?$tableentry$default$.rvectors:0xffffffff
                0xfff8d964        0x4 LONG 0xfff80fc0 DEFINED ($tableentry$101$.rvectors)?$tableentry$101$.rvectors:DEFINED ($tableentry$default$.rvectors)?$tableentry$default$.rvectors:0xffffffff
                0xfff8d968        0x4 LONG 0xfff80fc0 DEFINED ($tableentry$102$.rvectors)?$tableentry$102$.rvectors:DEFINED ($tableentry$default$.rvectors)?$tableentry$default$.rvectors:0xffffffff
                0xfff8d96c        0x4 LONG 0xfff80fc0 DEFINED ($tableentry$103$.rvectors)?$tableentry$103$.rvectors:DEFINED ($tableentry$default$.rvectors)?$tableentry$default$.rvectors:0xffffffff
                0xfff8d970        0x4 LONG 0xfff80fc0 DEFINED ($tableentry$104$.rvectors)?$tableentry$104$.rvectors:DEFINED ($tableentry$default$.rvectors)?$tableentry$default$.rvectors:0xffffffff
                0xfff8d974        0x4 LONG 0xfff80fc0 DEFINED ($tableentry$105$.rvectors)?$tableentry$105$.rvectors:DEFINED ($tableentry$default$.rvectors)?$tableentry$default$.rvectors:0xffffffff
                0xfff8d978        0x4 LONG 0xfff80fc0 DEFINED ($tableentry$106$.rvectors)?$tableentry$106$.rvectors:DEFINED ($tableentry$default$.rvectors)?$tableentry$default$.rvectors:0xffffffff
                0xfff8d97c        0x4 LONG 0xfff80fc0 DEFINED ($tableentry$107$.rvectors)?$tableentry$107$.rvectors:DEFINED ($tableentry$default$.rvectors)?$tableentry$default$.rvectors:0xffffffff
                0xfff8d980        0x4 LONG 0xfff80fc0 DEFINED ($tableentry$108$.rvectors)?$tableentry$108$.rvectors:DEFINED ($tableentry$default$.rvectors)?$tableentry$default$.rvectors:0xffffffff
                0xfff8d984        0x4 LONG 0xfff80fc0 DEFINED ($tableentry$109$.rvectors)?$tableentry$109$.rvectors:DEFINED ($tableentry$default$.rvectors)?$tableentry$default$.rvectors:0xffffffff
                0xfff8d988        0x4 LONG 0xfff80fc0 DEFINED ($tableentry$110$.rvectors)?$tableentry$110$.rvectors:DEFINED ($tableentry$default$.rvectors)?$tableentry$default$.rvectors:0xffffffff
                0xfff8d98c        0x4 LONG 0xfff80fc0 DEFINED ($tableentry$111$.rvectors)?$tableentry$111$.rvectors:DEFINED ($tableentry$default$.rvectors)?$tableentry$default$.rvectors:0xffffffff
                0xfff8d990        0x4 LONG 0xfff80fc0 DEFINED ($tableentry$112$.rvectors)?$tableentry$112$.rvectors:DEFINED ($tableentry$default$.rvectors)?$tableentry$default$.rvectors:0xffffffff
                0xfff8d994        0x4 LONG 0xfff80fc0 DEFINED ($tableentry$113$.rvectors)?$tableentry$113$.rvectors:DEFINED ($tableentry$default$.rvectors)?$tableentry$default$.rvectors:0xffffffff
                0xfff8d998        0x4 LONG 0xfff80fc0 DEFINED ($tableentry$114$.rvectors)?$tableentry$114$.rvectors:DEFINED ($tableentry$default$.rvectors)?$tableentry$default$.rvectors:0xffffffff
                0xfff8d99c        0x4 LONG 0xfff80fc0 DEFINED ($tableentry$115$.rvectors)?$tableentry$115$.rvectors:DEFINED ($tableentry$default$.rvectors)?$tableentry$default$.rvectors:0xffffffff
                0xfff8d9a0        0x4 LONG 0xfff80fc0 DEFINED ($tableentry$116$.rvectors)?$tableentry$116$.rvectors:DEFINED ($tableentry$default$.rvectors)?$tableentry$default$.rvectors:0xffffffff
                0xfff8d9a4        0x4 LONG 0xfff80fc0 DEFINED ($tableentry$117$.rvectors)?$tableentry$117$.rvectors:DEFINED ($tableentry$default$.rvectors)?$tableentry$default$.rvectors:0xffffffff
                0xfff8d9a8        0x4 LONG 0xfff80fc0 DEFINED ($tableentry$118$.rvectors)?$tableentry$118$.rvectors:DEFINED ($tableentry$default$.rvectors)?$tableentry$default$.rvectors:0xffffffff
                0xfff8d9ac        0x4 LONG 0xfff80fc0 DEFINED ($tableentry$119$.rvectors)?$tableentry$119$.rvectors:DEFINED ($tableentry$default$.rvectors)?$tableentry$default$.rvectors:0xffffffff
                0xfff8d9b0        0x4 LONG 0xfff80fc0 DEFINED ($tableentry$120$.rvectors)?$tableentry$120$.rvectors:DEFINED ($tableentry$default$.rvectors)?$tableentry$default$.rvectors:0xffffffff
                0xfff8d9b4        0x4 LONG 0xfff80fc0 DEFINED ($tableentry$121$.rvectors)?$tableentry$121$.rvectors:DEFINED ($tableentry$default$.rvectors)?$tableentry$default$.rvectors:0xffffffff
                0xfff8d9b8        0x4 LONG 0xfff80fc0 DEFINED ($tableentry$122$.rvectors)?$tableentry$122$.rvectors:DEFINED ($tableentry$default$.rvectors)?$tableentry$default$.rvectors:0xffffffff
                0xfff8d9bc        0x4 LONG 0xfff80fc0 DEFINED ($tableentry$123$.rvectors)?$tableentry$123$.rvectors:DEFINED ($tableentry$default$.rvectors)?$tableentry$default$.rvectors:0xffffffff
                0xfff8d9c0        0x4 LONG 0xfff80fc0 DEFINED ($tableentry$124$.rvectors)?$tableentry$124$.rvectors:DEFINED ($tableentry$default$.rvectors)?$tableentry$default$.rvectors:0xffffffff
                0xfff8d9c4        0x4 LONG 0xfff80fc0 DEFINED ($tableentry$125$.rvectors)?$tableentry$125$.rvectors:DEFINED ($tableentry$default$.rvectors)?$tableentry$default$.rvectors:0xffffffff
                0xfff8d9c8        0x4 LONG 0xfff80fc0 DEFINED ($tableentry$126$.rvectors)?$tableentry$126$.rvectors:DEFINED ($tableentry$default$.rvectors)?$tableentry$default$.rvectors:0xffffffff
                0xfff8d9cc        0x4 LONG 0xfff80fc0 DEFINED ($tableentry$127$.rvectors)?$tableentry$127$.rvectors:DEFINED ($tableentry$default$.rvectors)?$tableentry$default$.rvectors:0xffffffff
                0xfff8d9d0        0x4 LONG 0xfff80fc0 DEFINED ($tableentry$128$.rvectors)?$tableentry$128$.rvectors:DEFINED ($tableentry$default$.rvectors)?$tableentry$default$.rvectors:0xffffffff
                0xfff8d9d4        0x4 LONG 0xfff80fc0 DEFINED ($tableentry$129$.rvectors)?$tableentry$129$.rvectors:DEFINED ($tableentry$default$.rvectors)?$tableentry$default$.rvectors:0xffffffff
                0xfff8d9d8        0x4 LONG 0xfff80fc0 DEFINED ($tableentry$130$.rvectors)?$tableentry$130$.rvectors:DEFINED ($tableentry$default$.rvectors)?$tableentry$default$.rvectors:0xffffffff
                0xfff8d9dc        0x4 LONG 0xfff80fc0 DEFINED ($tableentry$131$.rvectors)?$tableentry$131$.rvectors:DEFINED ($tableentry$default$.rvectors)?$tableentry$default$.rvectors:0xffffffff
                0xfff8d9e0        0x4 LONG 0xfff80fc0 DEFINED ($tableentry$132$.rvectors)?$tableentry$132$.rvectors:DEFINED ($tableentry$default$.rvectors)?$tableentry$default$.rvectors:0xffffffff
                0xfff8d9e4        0x4 LONG 0xfff80fc0 DEFINED ($tableentry$133$.rvectors)?$tableentry$133$.rvectors:DEFINED ($tableentry$default$.rvectors)?$tableentry$default$.rvectors:0xffffffff
                0xfff8d9e8        0x4 LONG 0xfff80fc0 DEFINED ($tableentry$134$.rvectors)?$tableentry$134$.rvectors:DEFINED ($tableentry$default$.rvectors)?$tableentry$default$.rvectors:0xffffffff
                0xfff8d9ec        0x4 LONG 0xfff80fc0 DEFINED ($tableentry$135$.rvectors)?$tableentry$135$.rvectors:DEFINED ($tableentry$default$.rvectors)?$tableentry$default$.rvectors:0xffffffff
                0xfff8d9f0        0x4 LONG 0xfff80fc0 DEFINED ($tableentry$136$.rvectors)?$tableentry$136$.rvectors:DEFINED ($tableentry$default$.rvectors)?$tableentry$default$.rvectors:0xffffffff
                0xfff8d9f4        0x4 LONG 0xfff80fc0 DEFINED ($tableentry$137$.rvectors)?$tableentry$137$.rvectors:DEFINED ($tableentry$default$.rvectors)?$tableentry$default$.rvectors:0xffffffff
                0xfff8d9f8        0x4 LONG 0xfff80fc0 DEFINED ($tableentry$138$.rvectors)?$tableentry$138$.rvectors:DEFINED ($tableentry$default$.rvectors)?$tableentry$default$.rvectors:0xffffffff
                0xfff8d9fc        0x4 LONG 0xfff80fc0 DEFINED ($tableentry$139$.rvectors)?$tableentry$139$.rvectors:DEFINED ($tableentry$default$.rvectors)?$tableentry$default$.rvectors:0xffffffff
                0xfff8da00        0x4 LONG 0xfff80fc0 DEFINED ($tableentry$140$.rvectors)?$tableentry$140$.rvectors:DEFINED ($tableentry$default$.rvectors)?$tableentry$default$.rvectors:0xffffffff
                0xfff8da04        0x4 LONG 0xfff80fc0 DEFINED ($tableentry$141$.rvectors)?$tableentry$141$.rvectors:DEFINED ($tableentry$default$.rvectors)?$tableentry$default$.rvectors:0xffffffff
                0xfff8da08        0x4 LONG 0xfff80fc0 DEFINED ($tableentry$142$.rvectors)?$tableentry$142$.rvectors:DEFINED ($tableentry$default$.rvectors)?$tableentry$default$.rvectors:0xffffffff
                0xfff8da0c        0x4 LONG 0xfff80fc0 DEFINED ($tableentry$143$.rvectors)?$tableentry$143$.rvectors:DEFINED ($tableentry$default$.rvectors)?$tableentry$default$.rvectors:0xffffffff