Archive member included because of file (symbol)

c:/renesas/gcc/redhat/gnurx-elf/8.3.0.202002/rx-elf/rx-elf/bin/../lib/gcc/rx-elf/8.3.0.202002-GNURX/../../../../rx-elf/lib/no-fpu-libs\libc_nano.a(lib_a-sprintf.o)
                              ./src/FreeRTOS_Demo/Full_Demo/Sample-CLI-commands.o (sprintf)
c:/renesas/gcc/redhat/gnurx-elf/8.3.0.202002/rx-elf/rx-elf/bin/../lib/gcc/rx-elf/8.3.0.202002-GNURX/../../../../rx-elf/lib/no-fpu-libs\libc_nano.a(lib_a-strlen.o)
                              ./src/FreeRTOS_Demo/Full_Demo/FreeRTOS-Plus-CLI/FreeRTOS_CLI.o (strlen)
c:/renesas/gcc/redhat/gnurx-elf/8.3.0.202002/rx-elf/rx-elf/bin/../lib/gcc/rx-elf/8.3.0.202002-GNURX/../../../../rx-elf/lib/no-fpu-libs\libc_nano.a(lib_a-strncat.o)
                              ./src/FreeRTOS_Demo/Full_Demo/Sample-CLI-commands.o (strncat)
c:/renesas/gcc/redhat/gnurx-elf/8.3.0.202002/rx-elf/rx-elf/bin/../lib/gcc/rx-elf/8.3.0.202002-GNURX/../../../../rx-elf/lib/no-fpu-libs\libc_nano.a(lib_a-strncpy.o)
                              ./src/FreeRTOS_Demo/Full_Demo/FreeRTOS-Plus-CLI/FreeRTOS_CLI.o (strncpy)
c:/renesas/gcc/redhat/gnurx-elf/8.3.0.202002/rx-elf/rx-elf/bin/../lib/gcc/rx-elf/8.3.0.202002-GNURX/../../../../rx-elf/lib/no-fpu-libs\libc_nano.a(lib_a-impure.o)
                              c:/renesas/gcc/redhat/gnurx-elf/8.3.0.202002/rx-elf/rx-elf/bin/../lib/gcc/rx-elf/8.3.0.202002-GNURX/../../../../rx-elf/lib/no-fpu-libs\libc_nano.a(lib_a-sprintf.o) (_impure_ptr)
c:/renesas/gcc/redhat/gnurx-elf/8.3.0.202002/rx-elf/rx-elf/bin/../lib/gcc/rx-elf/8.3.0.202002-GNURX/../../../../rx-elf/lib/no-fpu-libs\libc_nano.a(lib_a-nano-svfprintf.o)
                              c:/renesas/gcc/redhat/gnurx-elf/8.3.0.202002/rx-elf/rx-elf/bin/../lib/gcc/rx-elf/8.3.0.202002-GNURX/../../../../rx-elf/lib/no-fpu-libs\libc_nano.a(lib_a-sprintf.o) (_svfprintf_r)
c:/renesas/gcc/redhat/gnurx-elf/8.3.0.202002/rx-elf/rx-elf/bin/../lib/gcc/rx-elf/8.3.0.202002-GNURX/../../../../rx-elf/lib/no-fpu-libs\libc_nano.a(lib_a-nano-vfprintf_i.o)
                              c:/renesas/gcc/redhat/gnurx-elf/8.3.0.202002/rx-elf/rx-elf/bin/../lib/gcc/rx-elf/8.3.0.202002-GNURX/../../../../rx-elf/lib/no-fpu-libs\libc_nano.a(lib_a-nano-svfprintf.o) (_printf_i)
c:/renesas/gcc/redhat/gnurx-elf/8.3.0.202002/rx-elf/rx-elf/bin/../lib/gcc/rx-elf/8.3.0.202002-GNURX/../../../../rx-elf/lib/no-fpu-libs\libc_nano.a(lib_a-memchr.o)
                              c:/renesas/gcc/redhat/gnurx-elf/8.3.0.202002/rx-elf/rx-elf/bin/../lib/gcc/rx-elf/8.3.0.202002-GNURX/../../../../rx-elf/lib/no-fpu-libs\libc_nano.a(lib_a-nano-svfprintf.o) (memchr)
c:/renesas/gcc/redhat/gnurx-elf/8.3.0.202002/rx-elf/rx-elf/bin/../lib/gcc/rx-elf/8.3.0.202002-GNURX/../../../../rx-elf/lib/no-fpu-libs\libc_nano.a(lib_a-memcpy.o)
                              c:/renesas/gcc/redhat/gnurx-elf/8.3.0.202002/rx-elf/rx-elf/bin/../lib/gcc/rx-elf/8.3.0.202002-GNURX/../../../../rx-elf/lib/no-fpu-libs\libc_nano.a(lib_a-nano-svfprintf.o) (memcpy)
c:/renesas/gcc/redhat/gnurx-elf/8.3.0.202002/rx-elf/rx-elf/bin/../lib/gcc/rx-elf/8.3.0.202002-GNURX/../../../../rx-elf/lib/no-fpu-libs\libc_nano.a(lib_a-memmove.o)
                              c:/renesas/gcc/redhat/gnurx-elf/8.3.0.202002/rx-elf/rx-elf/bin/../lib/gcc/rx-elf/8.3.0.202002-GNURX/../../../../rx-elf/lib/no-fpu-libs\libc_nano.a(lib_a-nano-svfprintf.o) (memmove)
c:/renesas/gcc/redhat/gnurx-elf/8.3.0.202002/rx-elf/rx-elf/bin/../lib/gcc/rx-elf/8.3.0.202002-GNURX/../../../../rx-elf/lib/no-fpu-libs\libc_nano.a(lib_a-nano-freer.o)
                              c:/renesas/gcc/redhat/gnurx-elf/8.3.0.202002/rx-elf/rx-elf/bin/../lib/gcc/rx-elf/8.3.0.202002-GNURX/../../../../rx-elf/lib/no-fpu-libs\libc_nano.a(lib_a-nano-svfprintf.o) (_free_r)
c:/renesas/gcc/redhat/gnurx-elf/8.3.0.202002/rx-elf/rx-elf/bin/../lib/gcc/rx-elf/8.3.0.202002-GNURX/../../../../rx-elf/lib/no-fpu-libs\libc_nano.a(lib_a-nano-mallocr.o)
                              c:/renesas/gcc/redhat/gnurx-elf/8.3.0.202002/rx-elf/rx-elf/bin/../lib/gcc/rx-elf/8.3.0.202002-GNURX/../../../../rx-elf/lib/no-fpu-libs\libc_nano.a(lib_a-nano-svfprintf.o) (_malloc_r)
c:/renesas/gcc/redhat/gnurx-elf/8.3.0.202002/rx-elf/rx-elf/bin/../lib/gcc/rx-elf/8.3.0.202002-GNURX/../../../../rx-elf/lib/no-fpu-libs\libc_nano.a(lib_a-nano-reallocr.o)
                              c:/renesas/gcc/redhat/gnurx-elf/8.3.0.202002/rx-elf/rx-elf/bin/../lib/gcc/rx-elf/8.3.0.202002-GNURX/../../../../rx-elf/lib/no-fpu-libs\libc_nano.a(lib_a-nano-svfprintf.o) (_realloc_r)
c:/renesas/gcc/redhat/gnurx-elf/8.3.0.202002/rx-elf/rx-elf/bin/../lib/gcc/rx-elf/8.3.0.202002-GNURX/../../../../rx-elf/lib/no-fpu-libs\libc_nano.a(lib_a-sbrkr.o)
                              c:/renesas/gcc/redhat/gnurx-elf/8.3.0.202002/rx-elf/rx-elf/bin/../lib/gcc/rx-elf/8.3.0.202002-GNURX/../../../../rx-elf/lib/no-fpu-libs\libc_nano.a(lib_a-nano-mallocr.o) (_sbrk_r)
[...]
Memory Configuration

Name             Origin             Length             Attributes
RAM              0x00000004         0x0000bffc
ROM              0xfff80000         0x00080000
*default*        0x00000000         0xffffffff

Linker script and memory map

LOAD ./src/smc_workaround/r_dtc_rx_patch/r_dtc_rx.o
LOAD ./src/smc_workaround/r_dtc_rx_patch/r_dtc_rx_target.o
LOAD ./src/smc_workaround/FIT_patch.o
LOAD ./src/smc_workaround/u_sci_rx_ext.o
LOAD ./src/smc_gen/r_sci_rx/src/targets/rx130/r_sci_rx130.o
LOAD ./src/smc_gen/r_sci_rx/src/targets/rx130/r_sci_rx130_data.o
LOAD ./src/smc_gen/r_sci_rx/src/r_sci_rx.o
LOAD ./src/smc_gen/r_pincfg/r_sci_rx_pinset.o
LOAD ./src/smc_gen/r_gpio_rx/src/targets/rx130/r_gpio_rx130.o
LOAD ./src/smc_gen/r_gpio_rx/src/r_gpio_rx.o
LOAD ./src/smc_gen/r_byteq/src/r_byteq.o
LOAD ./src/smc_gen/r_bsp/mcu/rx130/mcu_clocks.o
LOAD ./src/smc_gen/r_bsp/mcu/rx130/mcu_init.o
LOAD ./src/smc_gen/r_bsp/mcu/rx130/mcu_interrupts.o
LOAD ./src/smc_gen/r_bsp/mcu/rx130/vecttbl.o
LOAD ./src/smc_gen/r_bsp/mcu/all/dbsct.o
LOAD ./src/smc_gen/r_bsp/mcu/all/lowlvl.o
LOAD ./src/smc_gen/r_bsp/mcu/all/lowsrc.o
LOAD ./src/smc_gen/r_bsp/mcu/all/mcu_locks.o
LOAD ./src/smc_gen/r_bsp/mcu/all/r_bsp_common.o
LOAD ./src/smc_gen/r_bsp/mcu/all/r_bsp_cpu.o
LOAD ./src/smc_gen/r_bsp/mcu/all/r_bsp_interrupts.o
LOAD ./src/smc_gen/r_bsp/mcu/all/r_bsp_locking.o
LOAD ./src/smc_gen/r_bsp/mcu/all/r_bsp_mcu_startup.o
LOAD ./src/smc_gen/r_bsp/mcu/all/r_bsp_software_interrupt.o
LOAD ./src/smc_gen/r_bsp/mcu/all/r_rx_intrinsic_functions.o
LOAD ./src/smc_gen/r_bsp/mcu/all/reset_program.o
LOAD ./src/smc_gen/r_bsp/mcu/all/resetprg.o
LOAD ./src/smc_gen/r_bsp/mcu/all/sbrk.o
LOAD ./src/smc_gen/r_bsp/board/generic_rx130/hwsetup.o
LOAD ./src/smc_gen/general/r_cg_hardware_setup.o
LOAD ./src/smc_gen/general/r_smc_cgc.o
LOAD ./src/smc_gen/general/r_smc_cgc_user.o
LOAD ./src/smc_gen/general/r_smc_interrupt.o
LOAD ./src/frtos_startup/freertos_object_init.o
LOAD ./src/frtos_startup/freertos_start.o
LOAD ./src/FreeRTOS_Demo/Full_Demo/Standard_Demo_Tasks/BlockQ.o
LOAD ./src/FreeRTOS_Demo/Full_Demo/Standard_Demo_Tasks/EventGroupsDemo.o
LOAD ./src/FreeRTOS_Demo/Full_Demo/Standard_Demo_Tasks/GenQTest.o
LOAD ./src/FreeRTOS_Demo/Full_Demo/Standard_Demo_Tasks/IntQueue.o
LOAD ./src/FreeRTOS_Demo/Full_Demo/Standard_Demo_Tasks/IntSemTest.o
LOAD ./src/FreeRTOS_Demo/Full_Demo/Standard_Demo_Tasks/QueueOverwrite.o
LOAD ./src/FreeRTOS_Demo/Full_Demo/Standard_Demo_Tasks/TaskNotify.o
LOAD ./src/FreeRTOS_Demo/Full_Demo/Standard_Demo_Tasks/TaskNotifyArray.o
LOAD ./src/FreeRTOS_Demo/Full_Demo/Standard_Demo_Tasks/TimerDemo.o
LOAD ./src/FreeRTOS_Demo/Full_Demo/Standard_Demo_Tasks/blocktim.o
LOAD ./src/FreeRTOS_Demo/Full_Demo/Standard_Demo_Tasks/countsem.o
LOAD ./src/FreeRTOS_Demo/Full_Demo/Standard_Demo_Tasks/death.o
LOAD ./src/FreeRTOS_Demo/Full_Demo/Standard_Demo_Tasks/dynamic.o
LOAD ./src/FreeRTOS_Demo/Full_Demo/Standard_Demo_Tasks/flop.o
LOAD ./src/FreeRTOS_Demo/Full_Demo/Standard_Demo_Tasks/recmutex.o
LOAD ./src/FreeRTOS_Demo/Full_Demo/Standard_Demo_Tasks/semtest.o
LOAD ./src/FreeRTOS_Demo/Full_Demo/FreeRTOS-Plus-CLI/FreeRTOS_CLI.o
LOAD ./src/FreeRTOS_Demo/Full_Demo/IntQueueTimer.o
LOAD ./src/FreeRTOS_Demo/Full_Demo/Sample-CLI-commands.o
LOAD ./src/FreeRTOS_Demo/Full_Demo/UARTCommandConsole.o
LOAD ./src/FreeRTOS_Demo/Full_Demo/main_full.o
LOAD ./src/FreeRTOS_Demo/Full_Demo/serial.o
LOAD ./src/FreeRTOS_Demo/Blinky_Demo/main_blinky.o
LOAD ./src/FreeRTOS/Source/portable/MemMang/heap_4.o
LOAD ./src/FreeRTOS/Source/portable/GCC/RX100/port.o
LOAD ./src/FreeRTOS/Source/event_groups.o
LOAD ./src/FreeRTOS/Source/list.o
LOAD ./src/FreeRTOS/Source/queue.o
LOAD ./src/FreeRTOS/Source/stream_buffer.o
LOAD ./src/FreeRTOS/Source/tasks.o
LOAD ./src/FreeRTOS/Source/timers.o
START GROUP
LOAD c:/renesas/gcc/redhat/gnurx-elf/8.3.0.202002/rx-elf/rx-elf/bin/../lib/gcc/rx-elf/8.3.0.202002-GNURX/../../../../rx-elf/lib/no-fpu-libs\libm.a
LOAD c:/renesas/gcc/redhat/gnurx-elf/8.3.0.202002/rx-elf/rx-elf/bin/../lib/gcc/rx-elf/8.3.0.202002-GNURX/../../../../rx-elf/lib/no-fpu-libs\libc_nano.a
LOAD c:/renesas/gcc/redhat/gnurx-elf/8.3.0.202002/rx-elf/rx-elf/bin/../lib/gcc/rx-elf/8.3.0.202002-GNURX/no-fpu-libs\libgcc.a
END GROUP
LOAD c:/renesas/gcc/redhat/gnurx-elf/8.3.0.202002/rx-elf/rx-elf/bin/../lib/gcc/rx-elf/8.3.0.202002-GNURX/no-fpu-libs\libgcc.a
LOAD c:/renesas/gcc/redhat/gnurx-elf/8.3.0.202002/rx-elf/rx-elf/bin/../lib/gcc/rx-elf/8.3.0.202002-GNURX/../../../../rx-elf/lib/no-fpu-libs\libg_nano.a
LOAD c:/renesas/gcc/redhat/gnurx-elf/8.3.0.202002/rx-elf/rx-elf/bin/../lib/gcc/rx-elf/8.3.0.202002-GNURX/../../../../rx-elf/lib/no-fpu-libs\libc_nano.a
LOAD c:/renesas/gcc/redhat/gnurx-elf/8.3.0.202002/rx-elf/rx-elf/bin/../lib/gcc/rx-elf/8.3.0.202002-GNURX/no-fpu-libs\libgcc.a
START GROUP
LOAD c:/renesas/gcc/redhat/gnurx-elf/8.3.0.202002/rx-elf/rx-elf/bin/../lib/gcc/rx-elf/8.3.0.202002-GNURX/no-fpu-libs\libgcc.a
LOAD c:/renesas/gcc/redhat/gnurx-elf/8.3.0.202002/rx-elf/rx-elf/bin/../lib/gcc/rx-elf/8.3.0.202002-GNURX/../../../../rx-elf/lib/no-fpu-libs\libc_nano.a
END GROUP

.fvectors       0xffffff80       0x80
 *(.fvectors)
 .fvectors      0xffffff80       0x80 ./src/smc_gen/r_bsp/mcu/rx130/vecttbl.o
                0xffffff80                Fixed_Vectors

.text           0xfff80000     0xd6d8
 *(.text)
 .text          0xfff80000       0x43 ./src/smc_gen/r_bsp/mcu/all/reset_program.o
                0xfff80000                PowerON_Reset_PC
                0xfff80000                PowerON_Reset
                0xfff80012                _INITSCT
 .text          0xfff80043        0xd c:/renesas/gcc/redhat/gnurx-elf/8.3.0.202002/rx-elf/rx-elf/bin/../lib/gcc/rx-elf/8.3.0.202002-GNURX/../../../../rx-elf/lib/no-fpu-libs\libc_nano.a(lib_a-strlen.o)
                0xfff80043                strlen
 .text          0xfff80050       0x1d c:/renesas/gcc/redhat/gnurx-elf/8.3.0.202002/rx-elf/rx-elf/bin/../lib/gcc/rx-elf/8.3.0.202002-GNURX/../../../../rx-elf/lib/no-fpu-libs\libc_nano.a(lib_a-strncat.o)
                0xfff80050                strncat
 .text          0xfff8006d        0xb c:/renesas/gcc/redhat/gnurx-elf/8.3.0.202002/rx-elf/rx-elf/bin/../lib/gcc/rx-elf/8.3.0.202002-GNURX/../../../../rx-elf/lib/no-fpu-libs\libc_nano.a(lib_a-strncpy.o)
                0xfff8006d                strncpy
 .text          0xfff80078        0xb c:/renesas/gcc/redhat/gnurx-elf/8.3.0.202002/rx-elf/rx-elf/bin/../lib/gcc/rx-elf/8.3.0.202002-GNURX/../../../../rx-elf/lib/no-fpu-libs\libc_nano.a(lib_a-memchr.o)
                0xfff80078                memchr
 .text          0xfff80083        0x7 c:/renesas/gcc/redhat/gnurx-elf/8.3.0.202002/rx-elf/rx-elf/bin/../lib/gcc/rx-elf/8.3.0.202002-GNURX/../../../../rx-elf/lib/no-fpu-libs\libc_nano.a(lib_a-memcpy.o)
                0xfff80083                memcpy
 .text          0xfff8008a       0x18 c:/renesas/gcc/redhat/gnurx-elf/8.3.0.202002/rx-elf/rx-elf/bin/../lib/gcc/rx-elf/8.3.0.202002-GNURX/../../../../rx-elf/lib/no-fpu-libs\libc_nano.a(lib_a-memmove.o)
                0xfff8008a                memmove
 *(.text.*ISR)
 *fill*         0xfff800a2        0x2 
 .text.xNotifyTaskFromISR
                0xfff800a4       0xb8 ./src/FreeRTOS_Demo/Full_Demo/Standard_Demo_Tasks/TaskNotify.o
                0xfff800a4                xNotifyTaskFromISR
 .text.xNotifyArrayTaskFromISR
                0xfff8015c       0xa8 ./src/FreeRTOS_Demo/Full_Demo/Standard_Demo_Tasks/TaskNotifyArray.o
                0xfff8015c                xNotifyArrayTaskFromISR
 .text.prvIntQTimer_0_1_ISR
                0xfff80204       0x20 ./src/FreeRTOS_Demo/Full_Demo/IntQueueTimer.o
                0xfff80204                $tableentry$174$.rvectors
 .text.prvIntQTimer_2_3_ISR
                0xfff80224       0x20 ./src/FreeRTOS_Demo/Full_Demo/IntQueueTimer.o
                0xfff80224                $tableentry$180$.rvectors
 .text.vPortSoftwareInterruptISR
                0xfff80244       0x56 ./src/FreeRTOS/Source/portable/GCC/RX100/port.o
                0xfff80244                $tableentry$27$.rvectors
                0xfff80244                vPortSoftwareInterruptISR
 .text.vPortTickISR
                0xfff8029a       0x24 ./src/FreeRTOS/Source/portable/GCC/RX100/port.o
                0xfff8029a                vPortTickISR
                0xfff8029a                $tableentry$28$.rvectors
 .text.xEventGroupClearBitsFromISR
                0xfff802be       0x10 ./src/FreeRTOS/Source/event_groups.o
                0xfff802be                xEventGroupClearBitsFromISR
 *fill*         0xfff802ce        0x2 
 .text.xEventGroupGetBitsFromISR
                0xfff802d0       0x24 ./src/FreeRTOS/Source/event_groups.o
                0xfff802d0                xEventGroupGetBitsFromISR
 .text.xEventGroupSetBitsFromISR
                0xfff802f4       0x10 ./src/FreeRTOS/Source/event_groups.o
                0xfff802f4                xEventGroupSetBitsFromISR
 .text.xQueueGenericSendFromISR
                0xfff80304       0xf8 ./src/FreeRTOS/Source/queue.o
                0xfff80304                xQueueGenericSendFromISR
 .text.xQueueGiveFromISR
                0xfff803fc       0xd8 ./src/FreeRTOS/Source/queue.o
                0xfff803fc                xQueueGiveFromISR
 .text.xQueueReceiveFromISR
                0xfff804d4       0xc8 ./src/FreeRTOS/Source/queue.o
                0xfff804d4                xQueueReceiveFromISR
 .text.xQueuePeekFromISR
                0xfff8059c       0x98 ./src/FreeRTOS/Source/queue.o
                0xfff8059c                xQueuePeekFromISR
 .text.uxQueueMessagesWaitingFromISR
                0xfff80634       0x14 ./src/FreeRTOS/Source/queue.o
                0xfff80634                uxQueueMessagesWaitingFromISR
 .text.xQueueIsQueueEmptyFromISR
                0xfff80648       0x1e ./src/FreeRTOS/Source/queue.o
                0xfff80648                xQueueIsQueueEmptyFromISR
 .text.xQueueIsQueueFullFromISR
                0xfff80666       0x23 ./src/FreeRTOS/Source/queue.o
                0xfff80666                xQueueIsQueueFullFromISR
 *fill*         0xfff80689        0x3 
 .text.xQueueSelectFromSetFromISR
                0xfff8068c       0xb4 ./src/FreeRTOS/Source/queue.o
                0xfff8068c                xQueueSelectFromSetFromISR
 .text.xStreamBufferSendFromISR
                0xfff80740      0x1d0 ./src/FreeRTOS/Source/stream_buffer.o
                0xfff80740                xStreamBufferSendFromISR
 .text.xStreamBufferReceiveFromISR
                0xfff80910       0xb8 ./src/FreeRTOS/Source/stream_buffer.o
                0xfff80910                xStreamBufferReceiveFromISR
 .text.xStreamBufferSendCompletedFromISR
                0xfff809c8       0x60 ./src/FreeRTOS/Source/stream_buffer.o
                0xfff809c8                xStreamBufferSendCompletedFromISR
 .text.xStreamBufferReceiveCompletedFromISR
                0xfff80a28       0x60 ./src/FreeRTOS/Source/stream_buffer.o
                0xfff80a28                xStreamBufferReceiveCompletedFromISR
 .text.uxTaskPriorityGetFromISR
                0xfff80a88       0x4c ./src/FreeRTOS/Source/tasks.o
                0xfff80a88                uxTaskPriorityGetFromISR
 .text.xTaskResumeFromISR
                0xfff80ad4       0xe0 ./src/FreeRTOS/Source/tasks.o
                0xfff80ad4                xTaskResumeFromISR
 .text.xTaskGetTickCountFromISR
                0xfff80bb4       0x1e ./src/FreeRTOS/Source/tasks.o
                0xfff80bb4                xTaskGetTickCountFromISR
 *fill*         0xfff80bd2        0x2 
 .text.xTaskGenericNotifyFromISR
                0xfff80bd4      0x17c ./src/FreeRTOS/Source/tasks.o
                0xfff80bd4                xTaskGenericNotifyFromISR
 .text.vTaskGenericNotifyGiveFromISR
                0xfff80d50       0xe8 ./src/FreeRTOS/Source/tasks.o
                0xfff80d50                vTaskGenericNotifyGiveFromISR
 .text.xTimerPendFunctionCallFromISR
                0xfff80e38       0x22 ./src/FreeRTOS/Source/timers.o
                0xfff80e38                xTimerPendFunctionCallFromISR
 *(.text.*_isr)
 .text.sci1_txi1_isr
                0xfff80e5a       0x14 ./src/smc_gen/r_sci_rx/src/targets/rx130/r_sci_rx130.o
                0xfff80e5a                $tableentry$220$.rvectors
 .text.sci1_tei1_isr
                0xfff80e6e       0x14 ./src/smc_gen/r_sci_rx/src/targets/rx130/r_sci_rx130.o
                0xfff80e6e                $tableentry$221$.rvectors
 .text.sci1_rxi1_isr
                0xfff80e82       0x14 ./src/smc_gen/r_sci_rx/src/targets/rx130/r_sci_rx130.o
                0xfff80e82                $tableentry$219$.rvectors
 .text.sci1_eri1_isr
                0xfff80e96       0x14 ./src/smc_gen/r_sci_rx/src/targets/rx130/r_sci_rx130.o
                0xfff80e96                $tableentry$218$.rvectors
 *fill*         0xfff80eaa        0x2 
 .text.excep_supervisor_inst_isr
                0xfff80eac       0x28 ./src/smc_gen/r_bsp/mcu/all/r_bsp_interrupts.o
                0xfff80eac                excep_supervisor_inst_isr
 .text.excep_undefined_inst_isr
                0xfff80ed4       0x28 ./src/smc_gen/r_bsp/mcu/all/r_bsp_interrupts.o
                0xfff80ed4                excep_undefined_inst_isr
 .text.non_maskable_isr
                0xfff80efc       0xb8 ./src/smc_gen/r_bsp/mcu/all/r_bsp_interrupts.o
                0xfff80efc                non_maskable_isr
 .text.undefined_interrupt_source_isr
                0xfff80fb4       0x28 ./src/smc_gen/r_bsp/mcu/all/r_bsp_interrupts.o
                0xfff80fb4                undefined_interrupt_source_isr
                0xfff80fb4                $tableentry$default$.rvectors
 .text.bus_error_isr
                0xfff80fdc       0x2c ./src/smc_gen/r_bsp/mcu/all/r_bsp_interrupts.o
                0xfff80fdc                $tableentry$16$.rvectors
                0xfff80fdc                bus_error_isr
 *(.text.*_interrupt)
 *(.text.*)
 .text.R_DTC_Open
                0xfff81008       0x8c ./src/smc_workaround/r_dtc_rx_patch/r_dtc_rx.o
                0xfff81008                R_DTC_Open
 .text.R_DTC_Create
                0xfff81094      0x150 ./src/smc_workaround/r_dtc_rx_patch/r_dtc_rx.o
                0xfff81094                R_DTC_Create
 .text.R_DTC_Control
                0xfff811e4      0x274 ./src/smc_workaround/r_dtc_rx_patch/r_dtc_rx.o
                0xfff811e4                R_DTC_Control
 .text.r_dtc_module_enable
                0xfff81458       0x2f ./src/smc_workaround/r_dtc_rx_patch/r_dtc_rx_target.o
                0xfff81458                r_dtc_module_enable
 .text.malloc   0xfff81487        0x4 ./src/smc_workaround/FIT_patch.o
                0xfff81487                malloc
 .text.sbrk     0xfff8148b        0x4 ./src/smc_workaround/FIT_patch.o
                0xfff8148b                sbrk
 .text.U_SCI_Control_EXT
                0xfff8148f       0x48 ./src/smc_workaround/u_sci_rx_ext.o
                0xfff8148f                U_SCI_Control_EXT
 *fill*         0xfff814d7        0x1 
 .text.sci_init_bit_rate.part.0
                0xfff814d8      0x224 ./src/smc_gen/r_sci_rx/src/targets/rx130/r_sci_rx130.o
 .text.sci_mcu_param_check
                0xfff816fc       0x16 ./src/smc_gen/r_sci_rx/src/targets/rx130/r_sci_rx130.o
                0xfff816fc                sci_mcu_param_check
 *fill*         0xfff81712        0x2 
 .text.sci_init_register
                0xfff81714       0x80 ./src/smc_gen/r_sci_rx/src/targets/rx130/r_sci_rx130.o
                0xfff81714                sci_init_register
 .text.sci_init_bit_rate
                0xfff81794        0xf ./src/smc_gen/r_sci_rx/src/targets/rx130/r_sci_rx130.o
                0xfff81794                sci_init_bit_rate
 .text.sci_initialize_ints
                0xfff817a3       0x84 ./src/smc_gen/r_sci_rx/src/targets/rx130/r_sci_rx130.o
                0xfff817a3                sci_initialize_ints
 *fill*         0xfff81827        0x1 
 .text.sci_async_cmds
                0xfff81828      0x20c ./src/smc_gen/r_sci_rx/src/targets/rx130/r_sci_rx130.o
                0xfff81828                sci_async_cmds
 .text.R_SCI_Open
                0xfff81a34      0x1cc ./src/smc_gen/r_sci_rx/src/r_sci_rx.o
                0xfff81a34                R_SCI_Open
 .text.R_SCI_Send
                0xfff81c00       0xa0 ./src/smc_gen/r_sci_rx/src/r_sci_rx.o
                0xfff81c00                R_SCI_Send
 .text.txi_handler
                0xfff81ca0       0x4c ./src/smc_gen/r_sci_rx/src/r_sci_rx.o
                0xfff81ca0                txi_handler
 .text.tei_handler
                0xfff81cec       0x32 ./src/smc_gen/r_sci_rx/src/r_sci_rx.o
                0xfff81cec                tei_handler
 *fill*         0xfff81d1e        0x2 
 .text.rxi_handler
                0xfff81d20       0x40 ./src/smc_gen/r_sci_rx/src/r_sci_rx.o
                0xfff81d20                rxi_handler
 .text.eri_handler
                0xfff81d60       0x70 ./src/smc_gen/r_sci_rx/src/r_sci_rx.o
                0xfff81d60                eri_handler
 .text.R_SCI_Control
                0xfff81dd0       0xd0 ./src/smc_gen/r_sci_rx/src/r_sci_rx.o
                0xfff81dd0                R_SCI_Control
 .text.R_SCI_PinSet_SCI1
                0xfff81ea0       0x29 ./src/smc_gen/r_pincfg/r_sci_rx_pinset.o
                0xfff81ea0                R_SCI_PinSet_SCI1
 .text.R_GPIO_PinWrite
                0xfff81ec9       0x23 ./src/smc_gen/r_gpio_rx/src/r_gpio_rx.o
                0xfff81ec9                R_GPIO_PinWrite
 .text.R_GPIO_PinDirectionSet
                0xfff81eec       0x23 ./src/smc_gen/r_gpio_rx/src/r_gpio_rx.o
                0xfff81eec                R_GPIO_PinDirectionSet
 *fill*         0xfff81f0f        0x1 
 .text.R_BYTEQ_Open
                0xfff81f10       0x7c ./src/smc_gen/r_byteq/src/r_byteq.o
                0xfff81f10                R_BYTEQ_Open
 .text.R_BYTEQ_Put
                0xfff81f8c       0x38 ./src/smc_gen/r_byteq/src/r_byteq.o
                0xfff81f8c                R_BYTEQ_Put
 .text.R_BYTEQ_Get
                0xfff81fc4       0x40 ./src/smc_gen/r_byteq/src/r_byteq.o
                0xfff81fc4                R_BYTEQ_Get
 .text.R_BYTEQ_Flush
                0xfff82004       0x10 ./src/smc_gen/r_byteq/src/r_byteq.o
                0xfff82004                R_BYTEQ_Flush
 .text.R_BYTEQ_Used
                0xfff82014       0x12 ./src/smc_gen/r_byteq/src/r_byteq.o
                0xfff82014                R_BYTEQ_Used
 .text.R_BYTEQ_Unused
                0xfff82026       0x19 ./src/smc_gen/r_byteq/src/r_byteq.o
                0xfff82026                R_BYTEQ_Unused
 .text.get_iclk_freq_hz
                0xfff8203f       0xa2 ./src/smc_gen/r_bsp/mcu/rx130/mcu_clocks.o
                0xfff8203f                get_iclk_freq_hz
 *fill*         0xfff820e1        0x3 
 .text.mcu_clock_setup
                0xfff820e4      0x10c ./src/smc_gen/r_bsp/mcu/rx130/mcu_clocks.o
                0xfff820e4                mcu_clock_setup
 .text.bsp_non_existent_port_init
                0xfff821f0       0x87 ./src/smc_gen/r_bsp/mcu/rx130/mcu_init.o
                0xfff821f0                bsp_non_existent_port_init
 .text.bsp_interrupt_enable_disable
                0xfff82277       0x5f ./src/smc_gen/r_bsp/mcu/rx130/mcu_interrupts.o
                0xfff82277                bsp_interrupt_enable_disable
 *fill*         0xfff822d6        0x2 
 .text.charput  0xfff822d8       0x1c ./src/smc_gen/r_bsp/mcu/all/lowlvl.o
                0xfff822d8                charput
 .text.delay_wait
                0xfff822f4        0x9 ./src/smc_gen/r_bsp/mcu/all/r_bsp_common.o
 *fill*         0xfff822fd        0x3 
 .text.R_BSP_SoftwareDelay
                0xfff82300       0xe8 ./src/smc_gen/r_bsp/mcu/all/r_bsp_common.o
                0xfff82300                R_BSP_SoftwareDelay
 .text.R_BSP_CpuInterruptLevelRead
                0xfff823e8        0x8 ./src/smc_gen/r_bsp/mcu/all/r_bsp_cpu.o
                0xfff823e8                R_BSP_CpuInterruptLevelRead
 .text.R_BSP_CpuInterruptLevelWrite
                0xfff823f0       0x9c ./src/smc_gen/r_bsp/mcu/all/r_bsp_cpu.o
                0xfff823f0                R_BSP_CpuInterruptLevelWrite
 .text.R_BSP_RegisterProtectEnable
                0xfff8248c       0x7c ./src/smc_gen/r_bsp/mcu/all/r_bsp_cpu.o
                0xfff8248c                R_BSP_RegisterProtectEnable
 .text.R_BSP_RegisterProtectDisable
                0xfff82508       0x74 ./src/smc_gen/r_bsp/mcu/all/r_bsp_cpu.o
                0xfff82508                R_BSP_RegisterProtectDisable
 .text.bsp_register_protect_open
                0xfff8257c       0x16 ./src/smc_gen/r_bsp/mcu/all/r_bsp_cpu.o
                0xfff8257c                bsp_register_protect_open
 .text.bsp_ram_initialize
                0xfff82592        0xe ./src/smc_gen/r_bsp/mcu/all/r_bsp_cpu.o
                0xfff82592                bsp_ram_initialize
 .text.R_BSP_InterruptControl.part.1
                0xfff825a0       0x21 ./src/smc_gen/r_bsp/mcu/all/r_bsp_interrupts.o
 .text.R_BSP_InterruptRequestEnable
                0xfff825c1       0x10 ./src/smc_gen/r_bsp/mcu/all/r_bsp_interrupts.o
                0xfff825c1                R_BSP_InterruptRequestEnable
 .text.R_BSP_InterruptRequestDisable
                0xfff825d1       0x10 ./src/smc_gen/r_bsp/mcu/all/r_bsp_interrupts.o
                0xfff825d1                R_BSP_InterruptRequestDisable
 .text.bsp_interrupt_open
                0xfff825e1       0x4c ./src/smc_gen/r_bsp/mcu/all/r_bsp_interrupts.o
                0xfff825e1                bsp_interrupt_open
 .text.R_BSP_InterruptWrite
                0xfff8262d       0x1a ./src/smc_gen/r_bsp/mcu/all/r_bsp_interrupts.o
                0xfff8262d                R_BSP_InterruptWrite
 *fill*         0xfff82647        0x1 
 .text.R_BSP_InterruptControl
                0xfff82648       0x98 ./src/smc_gen/r_bsp/mcu/all/r_bsp_interrupts.o
                0xfff82648                R_BSP_InterruptControl
 .text.R_BSP_HardwareLock
                0xfff826e0       0x27 ./src/smc_gen/r_bsp/mcu/all/r_bsp_locking.o
                0xfff826e0                R_BSP_HardwareLock
 .text.R_BSP_HardwareUnlock
                0xfff82707       0x12 ./src/smc_gen/r_bsp/mcu/all/r_bsp_locking.o
                0xfff82707                R_BSP_HardwareUnlock
 .text.R_BSP_BitSet
                0xfff82719        0x4 ./src/smc_gen/r_bsp/mcu/all/r_rx_intrinsic_functions.o
                0xfff82719                R_BSP_BitSet
 .text.R_BSP_BitClear
                0xfff8271d        0x4 ./src/smc_gen/r_bsp/mcu/all/r_rx_intrinsic_functions.o
                0xfff8271d                R_BSP_BitClear
 *fill*         0xfff82721        0x3 
 .text.PowerON_Reset_PC_Prg
                0xfff82724       0x4c ./src/smc_gen/r_bsp/mcu/all/resetprg.o
                0xfff82724                PowerON_Reset_PC_Prg
 .text.hardware_setup
                0xfff82770        0xa ./src/smc_gen/r_bsp/board/generic_rx130/hwsetup.o
                0xfff82770                hardware_setup
 .text.r_undefined_exception
                0xfff8277a        0x1 ./src/smc_gen/general/r_cg_hardware_setup.o
                0xfff8277a                r_undefined_exception
 .text.R_Systeminit
                0xfff8277b       0x9c ./src/smc_gen/general/r_cg_hardware_setup.o
                0xfff8277b                R_Systeminit
 .text.R_CGC_Create
                0xfff82817        0x4 ./src/smc_gen/general/r_smc_cgc.o
                0xfff82817                R_CGC_Create
 .text.R_CGC_Create_UserInit
                0xfff8281b        0x1 ./src/smc_gen/general/r_smc_cgc_user.o
                0xfff8281b                R_CGC_Create_UserInit
 .text.vApplicationSetupTimerInterrupt
                0xfff8281c       0x53 ./src/frtos_startup/freertos_start.o
                0xfff8281c                vApplicationSetupTimerInterrupt
 *fill*         0xfff8286f        0x1 
 .text.vAssertCalled
                0xfff82870       0x60 ./src/frtos_startup/freertos_start.o
                0xfff82870                vAssertCalled
 .text.vApplicationIdleHook
                0xfff828d0        0xc ./src/frtos_startup/freertos_start.o
                0xfff828d0                vApplicationIdleHook
 .text.vApplicationTickHook
                0xfff828dc        0x4 ./src/frtos_startup/freertos_start.o
                0xfff828dc                vApplicationTickHook
 .text.vPrintString
                0xfff828e0       0x28 ./src/frtos_startup/freertos_start.o
                0xfff828e0                vPrintString
 .text.vApplicationMallocFailedHook
                0xfff82908       0x2c ./src/frtos_startup/freertos_start.o
                0xfff82908                vApplicationMallocFailedHook
 .text.vApplicationStackOverflowHook
                0xfff82934       0x2c ./src/frtos_startup/freertos_start.o
                0xfff82934                vApplicationStackOverflowHook
 .text.Processing_Before_Start_Kernel
                0xfff82960       0x40 ./src/frtos_startup/freertos_start.o
                0xfff82960                Processing_Before_Start_Kernel
 .text.vToggleLED
                0xfff829a0       0x1b ./src/frtos_startup/freertos_start.o
                0xfff829a0                vToggleLED
 *fill*         0xfff829bb        0x1 
 .text.vSendString
                0xfff829bc       0x28 ./src/frtos_startup/freertos_start.o
                0xfff829bc                vSendString
 .text.vBlockingQueueProducer
                0xfff829e4       0x38 ./src/FreeRTOS_Demo/Full_Demo/Standard_Demo_Tasks/BlockQ.o
 .text.vBlockingQueueConsumer
                0xfff82a1c       0x3c ./src/FreeRTOS_Demo/Full_Demo/Standard_Demo_Tasks/BlockQ.o
 .text.vStartBlockingQueueTasks
                0xfff82a58      0x147 ./src/FreeRTOS_Demo/Full_Demo/Standard_Demo_Tasks/BlockQ.o
                0xfff82a58                vStartBlockingQueueTasks
 .text.xAreBlockingQueuesStillRunning
                0xfff82b9f       0x89 ./src/FreeRTOS_Demo/Full_Demo/Standard_Demo_Tasks/BlockQ.o
                0xfff82b9f                xAreBlockingQueuesStillRunning
 .text.prvSyncTask
                0xfff82c28       0xe0 ./src/FreeRTOS_Demo/Full_Demo/Standard_Demo_Tasks/EventGroupsDemo.o
 .text.prvTestSlaveTask
                0xfff82d08      0x114 ./src/FreeRTOS_Demo/Full_Demo/Standard_Demo_Tasks/EventGroupsDemo.o
 .text.prvTestMasterTask
                0xfff82e1c      0x3c4 ./src/FreeRTOS_Demo/Full_Demo/Standard_Demo_Tasks/EventGroupsDemo.o
 .text.vStartEventGroupTasks
                0xfff831e0       0xa8 ./src/FreeRTOS_Demo/Full_Demo/Standard_Demo_Tasks/EventGroupsDemo.o
                0xfff831e0                vStartEventGroupTasks
 .text.vPeriodicEventGroupsProcessing
                0xfff83288       0xa8 ./src/FreeRTOS_Demo/Full_Demo/Standard_Demo_Tasks/EventGroupsDemo.o
                0xfff83288                vPeriodicEventGroupsProcessing
 .text.xAreEventGroupTasksStillRunning
                0xfff83330       0x6a ./src/FreeRTOS_Demo/Full_Demo/Standard_Demo_Tasks/EventGroupsDemo.o
                0xfff83330                xAreEventGroupTasksStillRunning
 *fill*         0xfff8339a        0x2 
 .text.prvMediumPriorityMutexTask
                0xfff8339c       0x18 ./src/FreeRTOS_Demo/Full_Demo/Standard_Demo_Tasks/GenQTest.o
 .text.prvHighPriorityMutexTask
                0xfff833b4       0x60 ./src/FreeRTOS_Demo/Full_Demo/Standard_Demo_Tasks/GenQTest.o
 .text.prvLowPriorityMutexTask
                0xfff83414      0x1ac ./src/FreeRTOS_Demo/Full_Demo/Standard_Demo_Tasks/GenQTest.o
 .text.prvSendFrontAndBackTest
                0xfff835c0      0x25c ./src/FreeRTOS_Demo/Full_Demo/Standard_Demo_Tasks/GenQTest.o
 .text.vStartGenericQueueTasks
                0xfff8381c       0x98 ./src/FreeRTOS_Demo/Full_Demo/Standard_Demo_Tasks/GenQTest.o
                0xfff8381c                vStartGenericQueueTasks
 .text.xAreGenericQueueTasksStillRunning
                0xfff838b4       0x44 ./src/FreeRTOS_Demo/Full_Demo/Standard_Demo_Tasks/GenQTest.o
                0xfff838b4                xAreGenericQueueTasksStillRunning
 .text.prv2ndHigherPriorityNormallyFullTask
                0xfff838f8       0x90 ./src/FreeRTOS_Demo/Full_Demo/Standard_Demo_Tasks/IntQueue.o
 .text.prv1stHigherPriorityNormallyFullTask
                0xfff83988      0x150 ./src/FreeRTOS_Demo/Full_Demo/Standard_Demo_Tasks/IntQueue.o
 .text.prvLowerPriorityNormallyFullTask
                0xfff83ad8       0xb0 ./src/FreeRTOS_Demo/Full_Demo/Standard_Demo_Tasks/IntQueue.o
 .text.prvLowerPriorityNormallyEmptyTask
                0xfff83b88       0xc0 ./src/FreeRTOS_Demo/Full_Demo/Standard_Demo_Tasks/IntQueue.o
 .text.prvHigherPriorityNormallyEmptyTask
                0xfff83c48      0x170 ./src/FreeRTOS_Demo/Full_Demo/Standard_Demo_Tasks/IntQueue.o
 .text.vStartInterruptQueueTasks
                0xfff83db8       0xda ./src/FreeRTOS_Demo/Full_Demo/Standard_Demo_Tasks/IntQueue.o
                0xfff83db8                vStartInterruptQueueTasks
 *fill*         0xfff83e92        0x2 
 .text.xFirstTimerHandler
                0xfff83e94      0x1b8 ./src/FreeRTOS_Demo/Full_Demo/Standard_Demo_Tasks/IntQueue.o
                0xfff83e94                xFirstTimerHandler
 .text.xSecondTimerHandler
                0xfff8404c      0x274 ./src/FreeRTOS_Demo/Full_Demo/Standard_Demo_Tasks/IntQueue.o
                0xfff8404c                xSecondTimerHandler
 .text.xAreIntQueueTasksStillRunning
                0xfff842c0       0xa0 ./src/FreeRTOS_Demo/Full_Demo/Standard_Demo_Tasks/IntQueue.o
                0xfff842c0                xAreIntQueueTasksStillRunning
 .text.vInterruptCountingSemaphoreTask
                0xfff84360       0xa0 ./src/FreeRTOS_Demo/Full_Demo/Standard_Demo_Tasks/IntSemTest.o
 .text.vInterruptMutexMasterTask
                0xfff84400      0x1cc ./src/FreeRTOS_Demo/Full_Demo/Standard_Demo_Tasks/IntSemTest.o
 .text.vInterruptMutexSlaveTask
                0xfff845cc       0x64 ./src/FreeRTOS_Demo/Full_Demo/Standard_Demo_Tasks/IntSemTest.o
 .text.vStartInterruptSemaphoreTasks
                0xfff84630       0xcc ./src/FreeRTOS_Demo/Full_Demo/Standard_Demo_Tasks/IntSemTest.o
                0xfff84630                vStartInterruptSemaphoreTasks
 .text.vInterruptSemaphorePeriodicTest
                0xfff846fc       0x7c ./src/FreeRTOS_Demo/Full_Demo/Standard_Demo_Tasks/IntSemTest.o
                0xfff846fc                vInterruptSemaphorePeriodicTest
 .text.xAreInterruptSemaphoreTasksStillRunning
                0xfff84778       0x48 ./src/FreeRTOS_Demo/Full_Demo/Standard_Demo_Tasks/IntSemTest.o
                0xfff84778                xAreInterruptSemaphoreTasksStillRunning
 .text.prvQueueOverwriteTask
                0xfff847c0       0xb4 ./src/FreeRTOS_Demo/Full_Demo/Standard_Demo_Tasks/QueueOverwrite.o
 .text.vStartQueueOverwriteTask
                0xfff84874       0x35 ./src/FreeRTOS_Demo/Full_Demo/Standard_Demo_Tasks/QueueOverwrite.o
                0xfff84874                vStartQueueOverwriteTask
 .text.xIsQueueOverwriteTaskStillRunning
                0xfff848a9       0x29 ./src/FreeRTOS_Demo/Full_Demo/Standard_Demo_Tasks/QueueOverwrite.o
                0xfff848a9                xIsQueueOverwriteTaskStillRunning
 *fill*         0xfff848d2        0x2 
 .text.vQueueOverwritePeriodicISRDemo
                0xfff848d4       0xac ./src/FreeRTOS_Demo/Full_Demo/Standard_Demo_Tasks/QueueOverwrite.o
                0xfff848d4                vQueueOverwritePeriodicISRDemo
 .text.prvRand  0xfff84980       0x1a ./src/FreeRTOS_Demo/Full_Demo/Standard_Demo_Tasks/TaskNotify.o
 .text.prvNotifyingTimer
                0xfff8499a       0x2d ./src/FreeRTOS_Demo/Full_Demo/Standard_Demo_Tasks/TaskNotify.o
 *fill*         0xfff849c7        0x1 
 .text.prvNotifiedTask
                0xfff849c8      0x6c0 ./src/FreeRTOS_Demo/Full_Demo/Standard_Demo_Tasks/TaskNotify.o
 .text.prvSuspendedTaskTimerTestCallback
                0xfff85088       0x68 ./src/FreeRTOS_Demo/Full_Demo/Standard_Demo_Tasks/TaskNotify.o
 .text.vStartTaskNotifyTask
                0xfff850f0       0x2f ./src/FreeRTOS_Demo/Full_Demo/Standard_Demo_Tasks/TaskNotify.o
                0xfff850f0                vStartTaskNotifyTask
 *fill*         0xfff8511f        0x1 
 .text.xAreTaskNotificationTasksStillRunning
                0xfff85120       0x50 ./src/FreeRTOS_Demo/Full_Demo/Standard_Demo_Tasks/TaskNotify.o
                0xfff85120                xAreTaskNotificationTasksStillRunning
 .text.prvRand  0xfff85170       0x1a ./src/FreeRTOS_Demo/Full_Demo/Standard_Demo_Tasks/TaskNotifyArray.o
 .text.prvNotifyingTimerCallback
                0xfff8518a       0x32 ./src/FreeRTOS_Demo/Full_Demo/Standard_Demo_Tasks/TaskNotifyArray.o
 .text.prvNotifiedTask
                0xfff851bc      0xba4 ./src/FreeRTOS_Demo/Full_Demo/Standard_Demo_Tasks/TaskNotifyArray.o
 .text.prvSuspendedTaskTimerTestCallback
                0xfff85d60       0x7c ./src/FreeRTOS_Demo/Full_Demo/Standard_Demo_Tasks/TaskNotifyArray.o
 .text.vStartTaskNotifyArrayTask
                0xfff85ddc       0x8c ./src/FreeRTOS_Demo/Full_Demo/Standard_Demo_Tasks/TaskNotifyArray.o
                0xfff85ddc                vStartTaskNotifyArrayTask
 .text.xAreTaskNotificationArrayTasksStillRunning
                0xfff85e68       0x64 ./src/FreeRTOS_Demo/Full_Demo/Standard_Demo_Tasks/TaskNotifyArray.o
                0xfff85e68                xAreTaskNotificationArrayTasksStillRunning
 .text.prvISRAutoReloadTimerCallback
                0xfff85ecc        0xd ./src/FreeRTOS_Demo/Full_Demo/Standard_Demo_Tasks/TimerDemo.o
 .text.prvISROneShotTimerCallback
                0xfff85ed9        0xd ./src/FreeRTOS_Demo/Full_Demo/Standard_Demo_Tasks/TimerDemo.o
 *fill*         0xfff85ee6        0x2 
 .text.prvOneShotTimerCallback
                0xfff85ee8       0x3c ./src/FreeRTOS_Demo/Full_Demo/Standard_Demo_Tasks/TimerDemo.o
 .text.prvTimerTestTask
                0xfff85f24      0x600 ./src/FreeRTOS_Demo/Full_Demo/Standard_Demo_Tasks/TimerDemo.o
 .text.prvAutoReloadTimerCallback
                0xfff86524       0x2b ./src/FreeRTOS_Demo/Full_Demo/Standard_Demo_Tasks/TimerDemo.o
 *fill*         0xfff8654f        0x1 
 .text.vStartTimerDemoTask
                0xfff86550      0x184 ./src/FreeRTOS_Demo/Full_Demo/Standard_Demo_Tasks/TimerDemo.o
                0xfff86550                vStartTimerDemoTask
 .text.xAreTimerDemoTasksStillRunning
                0xfff866d4       0x64 ./src/FreeRTOS_Demo/Full_Demo/Standard_Demo_Tasks/TimerDemo.o
                0xfff866d4                xAreTimerDemoTasksStillRunning
 .text.vTimerPeriodicISRTests
                0xfff86738      0x334 ./src/FreeRTOS_Demo/Full_Demo/Standard_Demo_Tasks/TimerDemo.o
                0xfff86738                vTimerPeriodicISRTests
 .text.vSecondaryBlockTimeTestTask
                0xfff86a6c       0x9c ./src/FreeRTOS_Demo/Full_Demo/Standard_Demo_Tasks/blocktim.o
 .text.vPrimaryBlockTimeTestTask
                0xfff86b08      0x2bc ./src/FreeRTOS_Demo/Full_Demo/Standard_Demo_Tasks/blocktim.o
 .text.vCreateBlockTimeTasks
                0xfff86dc4       0x54 ./src/FreeRTOS_Demo/Full_Demo/Standard_Demo_Tasks/blocktim.o
                0xfff86dc4                vCreateBlockTimeTasks
 .text.xAreBlockTimeTestTasksStillRunning
                0xfff86e18       0x5c ./src/FreeRTOS_Demo/Full_Demo/Standard_Demo_Tasks/blocktim.o
                0xfff86e18                xAreBlockTimeTestTasksStillRunning
 .text.prvDecrementSemaphoreCount
                0xfff86e74       0x9c ./src/FreeRTOS_Demo/Full_Demo/Standard_Demo_Tasks/countsem.o
 .text.prvCountingSemaphoreTask
                0xfff86f10       0xac ./src/FreeRTOS_Demo/Full_Demo/Standard_Demo_Tasks/countsem.o
 .text.vStartCountingSemaphoreTasks
                0xfff86fbc       0x7c ./src/FreeRTOS_Demo/Full_Demo/Standard_Demo_Tasks/countsem.o
                0xfff86fbc                vStartCountingSemaphoreTasks
 .text.xAreCountingSemaphoreTasksStillRunning
                0xfff87038       0x48 ./src/FreeRTOS_Demo/Full_Demo/Standard_Demo_Tasks/countsem.o
                0xfff87038                xAreCountingSemaphoreTasksStillRunning
 .text.vCreateTasks
                0xfff87080       0x7c ./src/FreeRTOS_Demo/Full_Demo/Standard_Demo_Tasks/death.o
 .text.vSuicidalTask
                0xfff870fc       0x5c ./src/FreeRTOS_Demo/Full_Demo/Standard_Demo_Tasks/death.o
 .text.vCreateSuicidalTasks
                0xfff87158       0x1e ./src/FreeRTOS_Demo/Full_Demo/Standard_Demo_Tasks/death.o
                0xfff87158                vCreateSuicidalTasks
 *fill*         0xfff87176        0x2 
 .text.xIsCreateTaskStillRunning
                0xfff87178       0x4c ./src/FreeRTOS_Demo/Full_Demo/Standard_Demo_Tasks/death.o
                0xfff87178                xIsCreateTaskStillRunning
 .text.vQueueReceiveWhenSuspendedTask
                0xfff871c4       0x78 ./src/FreeRTOS_Demo/Full_Demo/Standard_Demo_Tasks/dynamic.o
 .text.vQueueSendWhenSuspendedTask
                0xfff8723c       0x48 ./src/FreeRTOS_Demo/Full_Demo/Standard_Demo_Tasks/dynamic.o
 .text.vLimitedIncrementTask
                0xfff87284       0x1c ./src/FreeRTOS_Demo/Full_Demo/Standard_Demo_Tasks/dynamic.o
 .text.vCounterControlTask
                0xfff872a0       0xc4 ./src/FreeRTOS_Demo/Full_Demo/Standard_Demo_Tasks/dynamic.o
 .text.vContinuousIncrementTask
                0xfff87364       0x74 ./src/FreeRTOS_Demo/Full_Demo/Standard_Demo_Tasks/dynamic.o
 .text.vStartDynamicPriorityTasks
                0xfff873d8       0xb4 ./src/FreeRTOS_Demo/Full_Demo/Standard_Demo_Tasks/dynamic.o
                0xfff873d8                vStartDynamicPriorityTasks
 .text.xAreDynamicPriorityTasksStillRunning
                0xfff8748c       0x58 ./src/FreeRTOS_Demo/Full_Demo/Standard_Demo_Tasks/dynamic.o
                0xfff8748c                xAreDynamicPriorityTasksStillRunning
 .text.vCompetingMathTask1
                0xfff874e4       0x8c ./src/FreeRTOS_Demo/Full_Demo/Standard_Demo_Tasks/flop.o
 .text.vCompetingMathTask2
                0xfff87570       0x8c ./src/FreeRTOS_Demo/Full_Demo/Standard_Demo_Tasks/flop.o
 .text.vCompetingMathTask4
                0xfff875fc      0x160 ./src/FreeRTOS_Demo/Full_Demo/Standard_Demo_Tasks/flop.o
 .text.vCompetingMathTask3
                0xfff8775c      0x16c ./src/FreeRTOS_Demo/Full_Demo/Standard_Demo_Tasks/flop.o
 .text.vStartMathTasks
                0xfff878c8       0x81 ./src/FreeRTOS_Demo/Full_Demo/Standard_Demo_Tasks/flop.o
                0xfff878c8                vStartMathTasks
 *fill*         0xfff87949        0x3 
 .text.xAreMathsTaskStillRunning
                0xfff8794c       0x4c ./src/FreeRTOS_Demo/Full_Demo/Standard_Demo_Tasks/flop.o
                0xfff8794c                xAreMathsTaskStillRunning
 .text.prvRecursiveMutexPollingTask
                0xfff87998       0xcc ./src/FreeRTOS_Demo/Full_Demo/Standard_Demo_Tasks/recmutex.o
 .text.prvRecursiveMutexBlockingTask
                0xfff87a64       0x70 ./src/FreeRTOS_Demo/Full_Demo/Standard_Demo_Tasks/recmutex.o
 .text.prvRecursiveMutexControllingTask
                0xfff87ad4       0x98 ./src/FreeRTOS_Demo/Full_Demo/Standard_Demo_Tasks/recmutex.o
 .text.vStartRecursiveMutexTasks
                0xfff87b6c       0x70 ./src/FreeRTOS_Demo/Full_Demo/Standard_Demo_Tasks/recmutex.o
                0xfff87b6c                vStartRecursiveMutexTasks
 .text.xAreRecursiveMutexTasksStillRunning
                0xfff87bdc       0x94 ./src/FreeRTOS_Demo/Full_Demo/Standard_Demo_Tasks/recmutex.o
                0xfff87bdc                xAreRecursiveMutexTasksStillRunning
 .text.prvSemaphoreTest
                0xfff87c70       0xcc ./src/FreeRTOS_Demo/Full_Demo/Standard_Demo_Tasks/semtest.o
 .text.vStartSemaphoreTasks
                0xfff87d3c       0xdc ./src/FreeRTOS_Demo/Full_Demo/Standard_Demo_Tasks/semtest.o
                0xfff87d3c                vStartSemaphoreTasks
 .text.xAreSemaphoreTasksStillRunning
                0xfff87e18       0x5a ./src/FreeRTOS_Demo/Full_Demo/Standard_Demo_Tasks/semtest.o
                0xfff87e18                xAreSemaphoreTasksStillRunning
 .text.prvHelpCommand
                0xfff87e72       0x3e ./src/FreeRTOS_Demo/Full_Demo/FreeRTOS-Plus-CLI/FreeRTOS_CLI.o
 .text.FreeRTOS_CLIRegisterCommand
                0xfff87eb0       0x50 ./src/FreeRTOS_Demo/Full_Demo/FreeRTOS-Plus-CLI/FreeRTOS_CLI.o
                0xfff87eb0                FreeRTOS_CLIRegisterCommand
 .text.FreeRTOS_CLIProcessCommand
                0xfff87f00       0xdc ./src/FreeRTOS_Demo/Full_Demo/FreeRTOS-Plus-CLI/FreeRTOS_CLI.o
                0xfff87f00                FreeRTOS_CLIProcessCommand
 .text.FreeRTOS_CLIGetOutputBuffer
                0xfff87fdc        0x7 ./src/FreeRTOS_Demo/Full_Demo/FreeRTOS-Plus-CLI/FreeRTOS_CLI.o
                0xfff87fdc                FreeRTOS_CLIGetOutputBuffer
 *fill*         0xfff87fe3        0x1 
 .text.FreeRTOS_CLIGetParameter
                0xfff87fe4       0x5c ./src/FreeRTOS_Demo/Full_Demo/FreeRTOS-Plus-CLI/FreeRTOS_CLI.o
                0xfff87fe4                FreeRTOS_CLIGetParameter
 .text.vInitialiseTimerForIntQueueTest
                0xfff88040       0xc6 ./src/FreeRTOS_Demo/Full_Demo/IntQueueTimer.o
                0xfff88040                vInitialiseTimerForIntQueueTest
 *fill*         0xfff88106        0x2 
 .text.prvQueryHeapCommand
                0xfff88108       0x34 ./src/FreeRTOS_Demo/Full_Demo/Sample-CLI-commands.o
 .text.prvParameterEchoCommand
                0xfff8813c       0x90 ./src/FreeRTOS_Demo/Full_Demo/Sample-CLI-commands.o
 .text.prvThreeParameterEchoCommand
                0xfff881cc       0x94 ./src/FreeRTOS_Demo/Full_Demo/Sample-CLI-commands.o
 .text.prvTaskStatsCommand
                0xfff88260       0x44 ./src/FreeRTOS_Demo/Full_Demo/Sample-CLI-commands.o
 .text.vRegisterSampleCLICommands
                0xfff882a4       0x28 ./src/FreeRTOS_Demo/Full_Demo/Sample-CLI-commands.o
                0xfff882a4                vRegisterSampleCLICommands
 .text.prvUARTCommandConsoleTask
                0xfff882cc      0x160 ./src/FreeRTOS_Demo/Full_Demo/UARTCommandConsole.o
 .text.vUARTCommandConsoleStart
                0xfff8842c       0x56 ./src/FreeRTOS_Demo/Full_Demo/UARTCommandConsole.o
                0xfff8842c                vUARTCommandConsoleStart
 .text.prvRegTest1Implementation
                0xfff88482       0x8a ./src/FreeRTOS_Demo/Full_Demo/main_full.o
 .text.prvRegTest2Implementation
                0xfff8850c       0x9b ./src/FreeRTOS_Demo/Full_Demo/main_full.o
 *fill*         0xfff885a7        0x1 
 .text.prvCheckTask
                0xfff885a8      0x154 ./src/FreeRTOS_Demo/Full_Demo/main_full.o
 .text.prvPseudoRandomiser
                0xfff886fc       0x50 ./src/FreeRTOS_Demo/Full_Demo/main_full.o
 .text.prvRegTestTaskEntry2
                0xfff8874c       0x17 ./src/FreeRTOS_Demo/Full_Demo/main_full.o
 .text.prvRegTestTaskEntry1
                0xfff88763       0x17 ./src/FreeRTOS_Demo/Full_Demo/main_full.o
 *fill*         0xfff8877a        0x2 
 .text.main_full
                0xfff8877c       0xdc ./src/FreeRTOS_Demo/Full_Demo/main_full.o
                0xfff8877c                main_full
 .text.vFullDemoTickHook
                0xfff88858       0x18 ./src/FreeRTOS_Demo/Full_Demo/main_full.o
                0xfff88858                vFullDemoTickHook
 .text.vSerialSciCallback
                0xfff88870       0x7c ./src/FreeRTOS_Demo/Full_Demo/serial.o
                0xfff88870                vSerialSciCallback
 .text.xSerialPortInitMinimal
                0xfff888ec       0x4c ./src/FreeRTOS_Demo/Full_Demo/serial.o
                0xfff888ec                xSerialPortInitMinimal
 .text.vSerialPutString
                0xfff88938       0xac ./src/FreeRTOS_Demo/Full_Demo/serial.o
                0xfff88938                vSerialPutString
 .text.xSerialGetChar
                0xfff889e4        0xc ./src/FreeRTOS_Demo/Full_Demo/serial.o
                0xfff889e4                xSerialGetChar
 .text.xSerialPutChar
                0xfff889f0       0x46 ./src/FreeRTOS_Demo/Full_Demo/serial.o
                0xfff889f0                xSerialPutChar
 *fill*         0xfff88a36        0x2 
 .text.pvPortMalloc
                0xfff88a38      0x194 ./src/FreeRTOS/Source/portable/MemMang/heap_4.o
                0xfff88a38                pvPortMalloc
 .text.vPortFree
                0xfff88bcc       0xcc ./src/FreeRTOS/Source/portable/MemMang/heap_4.o
                0xfff88bcc                vPortFree
 .text.xPortGetFreeHeapSize
                0xfff88c98        0x9 ./src/FreeRTOS/Source/portable/MemMang/heap_4.o
                0xfff88c98                xPortGetFreeHeapSize
 .text.xPortGetMinimumEverFreeHeapSize
                0xfff88ca1        0x9 ./src/FreeRTOS/Source/portable/MemMang/heap_4.o
                0xfff88ca1                xPortGetMinimumEverFreeHeapSize
 .text.prvStartFirstTask
                0xfff88caa       0x1c ./src/FreeRTOS/Source/portable/GCC/RX100/port.o
 .text.pxPortInitialiseStack
                0xfff88cc6       0x33 ./src/FreeRTOS/Source/portable/GCC/RX100/port.o
                0xfff88cc6                pxPortInitialiseStack
 *fill*         0xfff88cf9        0x3 
 .text.xPortStartScheduler
                0xfff88cfc       0x84 ./src/FreeRTOS/Source/portable/GCC/RX100/port.o
                0xfff88cfc                xPortStartScheduler
 .text.ulPortGetIPL
                0xfff88d80        0x8 ./src/FreeRTOS/Source/portable/GCC/RX100/port.o
                0xfff88d80                ulPortGetIPL
 .text.vPortSetIPL
                0xfff88d88       0x15 ./src/FreeRTOS/Source/portable/GCC/RX100/port.o
                0xfff88d88                vPortSetIPL
 *fill*         0xfff88d9d        0x3 
 .text.vEventGroupClearBitsCallback
                0xfff88da0       0x44 ./src/FreeRTOS/Source/event_groups.o
                0xfff88da0                vEventGroupClearBitsCallback
 .text.xEventGroupCreate
                0xfff88de4       0x20 ./src/FreeRTOS/Source/event_groups.o
                0xfff88de4                xEventGroupCreate
 .text.xEventGroupWaitBits
                0xfff88e04      0x118 ./src/FreeRTOS/Source/event_groups.o
                0xfff88e04                xEventGroupWaitBits
 .text.xEventGroupClearBits
                0xfff88f1c       0x4c ./src/FreeRTOS/Source/event_groups.o
                0xfff88f1c                xEventGroupClearBits
 .text.xEventGroupSetBits
                0xfff88f68       0x84 ./src/FreeRTOS/Source/event_groups.o
                0xfff88f68                xEventGroupSetBits
 .text.xEventGroupSync
                0xfff88fec      0x124 ./src/FreeRTOS/Source/event_groups.o
                0xfff88fec                xEventGroupSync
 .text.vEventGroupSetBitsCallback
                0xfff89110        0x4 ./src/FreeRTOS/Source/event_groups.o
                0xfff89110                vEventGroupSetBitsCallback
 .text.vEventGroupDelete
                0xfff89114       0x54 ./src/FreeRTOS/Source/event_groups.o
                0xfff89114                vEventGroupDelete
 .text.vListInitialise
                0xfff89168       0x11 ./src/FreeRTOS/Source/list.o
                0xfff89168                vListInitialise
 .text.vListInitialiseItem
                0xfff89179        0x4 ./src/FreeRTOS/Source/list.o
                0xfff89179                vListInitialiseItem
 .text.vListInsertEnd
                0xfff8917d       0x17 ./src/FreeRTOS/Source/list.o
                0xfff8917d                vListInsertEnd
 .text.vListInsert
                0xfff89194       0x30 ./src/FreeRTOS/Source/list.o
                0xfff89194                vListInsert
 .text.uxListRemove
                0xfff891c4       0x2a ./src/FreeRTOS/Source/list.o
                0xfff891c4                uxListRemove
 *fill*         0xfff891ee        0x2 
 .text.prvCopyDataToQueue
                0xfff891f0       0x84 ./src/FreeRTOS/Source/queue.o
 .text.prvUnlockQueue
                0xfff89274      0x138 ./src/FreeRTOS/Source/queue.o
 .text.prvNotifyQueueSetContainer
                0xfff893ac       0xa4 ./src/FreeRTOS/Source/queue.o
 .text.xQueueGenericReset
                0xfff89450       0x80 ./src/FreeRTOS/Source/queue.o
                0xfff89450                xQueueGenericReset
 .text.xQueueGenericCreate
                0xfff894d0       0x9c ./src/FreeRTOS/Source/queue.o
                0xfff894d0                xQueueGenericCreate
 .text.xQueueCreateCountingSemaphore
                0xfff8956c       0x7c ./src/FreeRTOS/Source/queue.o
                0xfff8956c                xQueueCreateCountingSemaphore
 .text.xQueueGenericSend
                0xfff895e8      0x190 ./src/FreeRTOS/Source/queue.o
                0xfff895e8                xQueueGenericSend
 .text.xQueueCreateMutex
                0xfff89778       0x70 ./src/FreeRTOS/Source/queue.o
                0xfff89778                xQueueCreateMutex
 .text.xQueueGiveMutexRecursive
                0xfff897e8       0x40 ./src/FreeRTOS/Source/queue.o
                0xfff897e8                xQueueGiveMutexRecursive
 .text.xQueueReceive
                0xfff89828      0x158 ./src/FreeRTOS/Source/queue.o
                0xfff89828                xQueueReceive
 .text.xQueueSemaphoreTake
                0xfff89980      0x1a4 ./src/FreeRTOS/Source/queue.o
                0xfff89980                xQueueSemaphoreTake
 .text.xQueueTakeMutexRecursive
                0xfff89b24       0x40 ./src/FreeRTOS/Source/queue.o
                0xfff89b24                xQueueTakeMutexRecursive
 .text.xQueuePeek
                0xfff89b64      0x158 ./src/FreeRTOS/Source/queue.o
                0xfff89b64                xQueuePeek
 .text.uxQueueMessagesWaiting
                0xfff89cbc       0x29 ./src/FreeRTOS/Source/queue.o
                0xfff89cbc                uxQueueMessagesWaiting
 .text.uxQueueSpacesAvailable
                0xfff89ce5       0x35 ./src/FreeRTOS/Source/queue.o
                0xfff89ce5                uxQueueSpacesAvailable
 *fill*         0xfff89d1a        0x2 
 .text.vQueueWaitForMessageRestricted
                0xfff89d1c       0x48 ./src/FreeRTOS/Source/queue.o
                0xfff89d1c                vQueueWaitForMessageRestricted
 .text.prvReadBytesFromBuffer
                0xfff89d64       0x7c ./src/FreeRTOS/Source/stream_buffer.o
 .text.vTaskSwitchContext.part.5
                0xfff89de0      0x228 ./src/FreeRTOS/Source/tasks.o
 .text.prvIdleTask
                0xfff8a008       0xa8 ./src/FreeRTOS/Source/tasks.o
 .text.xTaskCreate
                0xfff8a0b0      0x28c ./src/FreeRTOS/Source/tasks.o
                0xfff8a0b0                xTaskCreate
 .text.vTaskDelete
                0xfff8a33c      0x10c ./src/FreeRTOS/Source/tasks.o
                0xfff8a33c                vTaskDelete
 .text.eTaskGetState
                0xfff8a448       0xcc ./src/FreeRTOS/Source/tasks.o
                0xfff8a448                eTaskGetState
 .text.uxTaskPriorityGet
                0xfff8a514       0x68 ./src/FreeRTOS/Source/tasks.o
                0xfff8a514                uxTaskPriorityGet
 .text.vTaskPrioritySet
                0xfff8a57c      0x108 ./src/FreeRTOS/Source/tasks.o
                0xfff8a57c                vTaskPrioritySet
 .text.vTaskSuspend
                0xfff8a684      0x174 ./src/FreeRTOS/Source/tasks.o
                0xfff8a684                vTaskSuspend
 .text.vTaskResume
                0xfff8a7f8       0xd4 ./src/FreeRTOS/Source/tasks.o
                0xfff8a7f8                vTaskResume
 .text.vTaskStartScheduler
                0xfff8a8cc      0x234 ./src/FreeRTOS/Source/tasks.o
                0xfff8a8cc                vTaskStartScheduler
 .text.vTaskSuspendAll
                0xfff8ab00        0xd ./src/FreeRTOS/Source/tasks.o
                0xfff8ab00                vTaskSuspendAll
 .text.xTaskGetTickCount
                0xfff8ab0d        0x9 ./src/FreeRTOS/Source/tasks.o
                0xfff8ab0d                xTaskGetTickCount
 .text.uxTaskGetNumberOfTasks
                0xfff8ab16        0x9 ./src/FreeRTOS/Source/tasks.o
                0xfff8ab16                uxTaskGetNumberOfTasks
 *fill*         0xfff8ab1f        0x1 
 .text.xTaskIncrementTick
                0xfff8ab20      0x154 ./src/FreeRTOS/Source/tasks.o
                0xfff8ab20                xTaskIncrementTick
 .text.xTaskResumeAll
                0xfff8ac74      0x168 ./src/FreeRTOS/Source/tasks.o
                0xfff8ac74                xTaskResumeAll
 .text.vTaskDelayUntil
                0xfff8addc       0xc4 ./src/FreeRTOS/Source/tasks.o
                0xfff8addc                vTaskDelayUntil
 .text.vTaskDelay
                0xfff8aea0       0x8c ./src/FreeRTOS/Source/tasks.o
                0xfff8aea0                vTaskDelay
 .text.prvListTasksWithinSingleList.part.9
                0xfff8af2c       0xf0 ./src/FreeRTOS/Source/tasks.o
 .text.uxTaskGetSystemState
                0xfff8b01c       0xe8 ./src/FreeRTOS/Source/tasks.o
                0xfff8b01c                uxTaskGetSystemState
 .text.vTaskSwitchContext
                0xfff8b104       0x1a ./src/FreeRTOS/Source/tasks.o
                0xfff8b104                vTaskSwitchContext
 *fill*         0xfff8b11e        0x2 
 .text.vTaskPlaceOnEventList
                0xfff8b120       0x8c ./src/FreeRTOS/Source/tasks.o
                0xfff8b120                vTaskPlaceOnEventList
 .text.vTaskPlaceOnUnorderedEventList
                0xfff8b1ac       0xbc ./src/FreeRTOS/Source/tasks.o
                0xfff8b1ac                vTaskPlaceOnUnorderedEventList
 .text.vTaskPlaceOnEventListRestricted
                0xfff8b268       0xa0 ./src/FreeRTOS/Source/tasks.o
                0xfff8b268                vTaskPlaceOnEventListRestricted
 .text.xTaskRemoveFromEventList
                0xfff8b308       0x8c ./src/FreeRTOS/Source/tasks.o
                0xfff8b308                xTaskRemoveFromEventList
 .text.vTaskRemoveFromUnorderedEventList
                0xfff8b394       0x90 ./src/FreeRTOS/Source/tasks.o
                0xfff8b394                vTaskRemoveFromUnorderedEventList
 .text.vTaskInternalSetTimeOutState
                0xfff8b424       0x15 ./src/FreeRTOS/Source/tasks.o
                0xfff8b424                vTaskInternalSetTimeOutState
 *fill*         0xfff8b439        0x3 
 .text.xTaskCheckForTimeOut
                0xfff8b43c       0xd0 ./src/FreeRTOS/Source/tasks.o
                0xfff8b43c                xTaskCheckForTimeOut
 .text.vTaskMissedYield
                0xfff8b50c        0xa ./src/FreeRTOS/Source/tasks.o
                0xfff8b50c                vTaskMissedYield
 .text.xTaskGetCurrentTaskHandle
                0xfff8b516        0x9 ./src/FreeRTOS/Source/tasks.o
                0xfff8b516                xTaskGetCurrentTaskHandle
 .text.xTaskGetSchedulerState
                0xfff8b51f       0x20 ./src/FreeRTOS/Source/tasks.o
                0xfff8b51f                xTaskGetSchedulerState
 *fill*         0xfff8b53f        0x1 
 .text.xTaskPriorityInherit
                0xfff8b540       0x88 ./src/FreeRTOS/Source/tasks.o
                0xfff8b540                xTaskPriorityInherit
 .text.xTaskPriorityDisinherit
                0xfff8b5c8       0x80 ./src/FreeRTOS/Source/tasks.o
                0xfff8b5c8                xTaskPriorityDisinherit
 .text.vTaskPriorityDisinheritAfterTimeout
                0xfff8b648       0x9c ./src/FreeRTOS/Source/tasks.o
                0xfff8b648                vTaskPriorityDisinheritAfterTimeout
 .text.vTaskEnterCritical
                0xfff8b6e4       0x2c ./src/FreeRTOS/Source/tasks.o
                0xfff8b6e4                vTaskEnterCritical
 .text.vTaskExitCritical
                0xfff8b710       0x2d ./src/FreeRTOS/Source/tasks.o
                0xfff8b710                vTaskExitCritical
 *fill*         0xfff8b73d        0x3 
 .text.vTaskList
                0xfff8b740       0xec ./src/FreeRTOS/Source/tasks.o
                0xfff8b740                vTaskList
 .text.uxTaskResetEventItemValue
                0xfff8b82c       0x17 ./src/FreeRTOS/Source/tasks.o
                0xfff8b82c                uxTaskResetEventItemValue
 *fill*         0xfff8b843        0x1 
 .text.pvTaskIncrementMutexHeldCount
                0xfff8b844       0x18 ./src/FreeRTOS/Source/tasks.o
                0xfff8b844                pvTaskIncrementMutexHeldCount
 .text.ulTaskGenericNotifyTake
                0xfff8b85c      0x154 ./src/FreeRTOS/Source/tasks.o
                0xfff8b85c                ulTaskGenericNotifyTake
 .text.xTaskGenericNotifyWait
                0xfff8b9b0      0x180 ./src/FreeRTOS/Source/tasks.o
                0xfff8b9b0                xTaskGenericNotifyWait
 .text.xTaskGenericNotify
                0xfff8bb30      0x178 ./src/FreeRTOS/Source/tasks.o
                0xfff8bb30                xTaskGenericNotify
 .text.xTaskGenericNotifyStateClear
                0xfff8bca8       0x8c ./src/FreeRTOS/Source/tasks.o
                0xfff8bca8                xTaskGenericNotifyStateClear
 .text.ulTaskGenericNotifyValueClear
                0xfff8bd34       0x7c ./src/FreeRTOS/Source/tasks.o
                0xfff8bd34                ulTaskGenericNotifyValueClear
 .text.prvSwitchTimerLists
                0xfff8bdb0       0x88 ./src/FreeRTOS/Source/timers.o
 .text.prvTimerTask
                0xfff8be38      0x270 ./src/FreeRTOS/Source/timers.o
 .text.xTimerCreateTimerTask
                0xfff8c0a8       0x8c ./src/FreeRTOS/Source/timers.o
                0xfff8c0a8                xTimerCreateTimerTask
 .text.xTimerCreate
                0xfff8c134       0xa8 ./src/FreeRTOS/Source/timers.o
                0xfff8c134                xTimerCreate
 .text.xTimerGenericCommand
                0xfff8c1dc       0x70 ./src/FreeRTOS/Source/timers.o
                0xfff8c1dc                xTimerGenericCommand
 .text.vTimerSetReloadMode
                0xfff8c24c       0x38 ./src/FreeRTOS/Source/timers.o
                0xfff8c24c                vTimerSetReloadMode
 .text.uxTimerGetReloadMode
                0xfff8c284       0x33 ./src/FreeRTOS/Source/timers.o
                0xfff8c284                uxTimerGetReloadMode
 .text.pcTimerGetName
                0xfff8c2b7       0x14 ./src/FreeRTOS/Source/timers.o
                0xfff8c2b7                pcTimerGetName
 .text.xTimerIsTimerActive
                0xfff8c2cb       0x33 ./src/FreeRTOS/Source/timers.o
                0xfff8c2cb                xTimerIsTimerActive
 .text.pvTimerGetTimerID
                0xfff8c2fe       0x29 ./src/FreeRTOS/Source/timers.o
                0xfff8c2fe                pvTimerGetTimerID
 .text.vTimerSetTimerID
                0xfff8c327       0x28 ./src/FreeRTOS/Source/timers.o
                0xfff8c327                vTimerSetTimerID
 .text.sprintf  0xfff8c34f       0x38 c:/renesas/gcc/redhat/gnurx-elf/8.3.0.202002/rx-elf/rx-elf/bin/../lib/gcc/rx-elf/8.3.0.202002-GNURX/../../../../rx-elf/lib/no-fpu-libs\libc_nano.a(lib_a-sprintf.o)
                0xfff8c34f                siprintf
                0xfff8c34f                sprintf
 .text.__ssputs_r
                0xfff8c387       0xb2 c:/renesas/gcc/redhat/gnurx-elf/8.3.0.202002/rx-elf/rx-elf/bin/../lib/gcc/rx-elf/8.3.0.202002-GNURX/../../../../rx-elf/lib/no-fpu-libs\libc_nano.a(lib_a-nano-svfprintf.o)
                0xfff8c387                __ssputs_r
 .text._svfprintf_r
                0xfff8c439      0x1ff c:/renesas/gcc/redhat/gnurx-elf/8.3.0.202002/rx-elf/rx-elf/bin/../lib/gcc/rx-elf/8.3.0.202002-GNURX/../../../../rx-elf/lib/no-fpu-libs\libc_nano.a(lib_a-nano-svfprintf.o)
                0xfff8c439                _svfprintf_r
                0xfff8c439                _svfiprintf_r
 .text._printf_common
                0xfff8c638       0xcf c:/renesas/gcc/redhat/gnurx-elf/8.3.0.202002/rx-elf/rx-elf/bin/../lib/gcc/rx-elf/8.3.0.202002-GNURX/../../../../rx-elf/lib/no-fpu-libs\libc_nano.a(lib_a-nano-vfprintf_i.o)
                0xfff8c638                _printf_common
 .text._printf_i
                0xfff8c707      0x226 c:/renesas/gcc/redhat/gnurx-elf/8.3.0.202002/rx-elf/rx-elf/bin/../lib/gcc/rx-elf/8.3.0.202002-GNURX/../../../../rx-elf/lib/no-fpu-libs\libc_nano.a(lib_a-nano-vfprintf_i.o)
                0xfff8c707                _printf_i
 .text._free_r  0xfff8c92d       0x9f c:/renesas/gcc/redhat/gnurx-elf/8.3.0.202002/rx-elf/rx-elf/bin/../lib/gcc/rx-elf/8.3.0.202002-GNURX/../../../../rx-elf/lib/no-fpu-libs\libc_nano.a(lib_a-nano-freer.o)
                0xfff8c92d                _free_r
 .text._malloc_r
                0xfff8c9cc       0xbf c:/renesas/gcc/redhat/gnurx-elf/8.3.0.202002/rx-elf/rx-elf/bin/../lib/gcc/rx-elf/8.3.0.202002-GNURX/../../../../rx-elf/lib/no-fpu-libs\libc_nano.a(lib_a-nano-mallocr.o)
                0xfff8c9cc                _malloc_r
 .text._realloc_r
                0xfff8ca8b       0x4a c:/renesas/gcc/redhat/gnurx-elf/8.3.0.202002/rx-elf/rx-elf/bin/../lib/gcc/rx-elf/8.3.0.202002-GNURX/../../../../rx-elf/lib/no-fpu-libs\libc_nano.a(lib_a-nano-reallocr.o)
                0xfff8ca8b                _realloc_r
 .text._sbrk_r  0xfff8cad5       0x21 c:/renesas/gcc/redhat/gnurx-elf/8.3.0.202002/rx-elf/rx-elf/bin/../lib/gcc/rx-elf/8.3.0.202002-GNURX/../../../../rx-elf/lib/no-fpu-libs\libc_nano.a(lib_a-sbrkr.o)
                0xfff8cad5                _sbrk_r
 .text.__malloc_lock
                0xfff8caf6        0x1 c:/renesas/gcc/redhat/gnurx-elf/8.3.0.202002/rx-elf/rx-elf/bin/../lib/gcc/rx-elf/8.3.0.202002-GNURX/../../../../rx-elf/lib/no-fpu-libs\libc_nano.a(lib_a-mlock.o)
                0xfff8caf6                __malloc_lock
 .text.__malloc_unlock
                0xfff8caf7        0x1 c:/renesas/gcc/redhat/gnurx-elf/8.3.0.202002/rx-elf/rx-elf/bin/../lib/gcc/rx-elf/8.3.0.202002-GNURX/../../../../rx-elf/lib/no-fpu-libs\libc_nano.a(lib_a-mlock.o)
                0xfff8caf7                __malloc_unlock
 .text._malloc_usable_size_r
                0xfff8caf8       0x12 c:/renesas/gcc/redhat/gnurx-elf/8.3.0.202002/rx-elf/rx-elf/bin/../lib/gcc/rx-elf/8.3.0.202002-GNURX/../../../../rx-elf/lib/no-fpu-libs\libc_nano.a(lib_a-nano-msizer.o)
                0xfff8caf8                _malloc_usable_size_r
 *(P)
 P              0xfff8cb0a       0x34 c:/renesas/gcc/redhat/gnurx-elf/8.3.0.202002/rx-elf/rx-elf/bin/../lib/gcc/rx-elf/8.3.0.202002-GNURX/no-fpu-libs\libgcc.a(_fixunssfsi.o)
                0xfff8cb0a                __fixunssfsi
                0xfff8cb0a                _COM_CONVd32u
                0xfff8cb0a                _COM_CONVf32u
 *fill*         0xfff8cb3e        0x2 
 P              0xfff8cb40      0x3d0 c:/renesas/gcc/redhat/gnurx-elf/8.3.0.202002/rx-elf/rx-elf/bin/../lib/gcc/rx-elf/8.3.0.202002-GNURX/no-fpu-libs\libgcc.a(_udivdi3.o)
                0xfff8cb40                _COM_DIV64u
                0xfff8cb40                __udivdi3
 P              0xfff8cf10      0x1d0 c:/renesas/gcc/redhat/gnurx-elf/8.3.0.202002/rx-elf/rx-elf/bin/../lib/gcc/rx-elf/8.3.0.202002-GNURX/no-fpu-libs\libgcc.a(_addsub_sf.o)
                0xfff8d071                __addsf3
                0xfff8d071                _COM_ADDd
                0xfff8d071                _COM_ADDf
                0xfff8d0a5                _COM_SUBd
                0xfff8d0a5                _COM_SUBf
                0xfff8d0a5                __subsf3
 P              0xfff8d0e0      0x138 c:/renesas/gcc/redhat/gnurx-elf/8.3.0.202002/rx-elf/rx-elf/bin/../lib/gcc/rx-elf/8.3.0.202002-GNURX/no-fpu-libs\libgcc.a(_mul_sf.o)
                0xfff8d0e0                _COM_MULd
                0xfff8d0e0                __mulsf3
                0xfff8d0e0                _COM_MULf
 P              0xfff8d218       0xd8 c:/renesas/gcc/redhat/gnurx-elf/8.3.0.202002/rx-elf/rx-elf/bin/../lib/gcc/rx-elf/8.3.0.202002-GNURX/no-fpu-libs\libgcc.a(_div_sf.o)
                0xfff8d218                _COM_DIVd
                0xfff8d218                __divsf3
                0xfff8d218                _COM_DIVf
 P              0xfff8d2f0       0x3a c:/renesas/gcc/redhat/gnurx-elf/8.3.0.202002/rx-elf/rx-elf/bin/../lib/gcc/rx-elf/8.3.0.202002-GNURX/no-fpu-libs\libgcc.a(_gt_sf.o)
                0xfff8d2f0                __gtsf2
 P              0xfff8d32a       0x3a c:/renesas/gcc/redhat/gnurx-elf/8.3.0.202002/rx-elf/rx-elf/bin/../lib/gcc/rx-elf/8.3.0.202002-GNURX/no-fpu-libs\libgcc.a(_ge_sf.o)
                0xfff8d32a                __gesf2
 P              0xfff8d364       0x39 c:/renesas/gcc/redhat/gnurx-elf/8.3.0.202002/rx-elf/rx-elf/bin/../lib/gcc/rx-elf/8.3.0.202002-GNURX/no-fpu-libs\libgcc.a(_lt_sf.o)
                0xfff8d364                __ltsf2
 P              0xfff8d39d       0x39 c:/renesas/gcc/redhat/gnurx-elf/8.3.0.202002/rx-elf/rx-elf/bin/../lib/gcc/rx-elf/8.3.0.202002-GNURX/no-fpu-libs\libgcc.a(_le_sf.o)
                0xfff8d39d                __lesf2
 *fill*         0xfff8d3d6        0x2 
 P              0xfff8d3d8       0x60 c:/renesas/gcc/redhat/gnurx-elf/8.3.0.202002/rx-elf/rx-elf/bin/../lib/gcc/rx-elf/8.3.0.202002-GNURX/no-fpu-libs\libgcc.a(_sf_to_si.o)
                0xfff8d3d8                _COM_CONVf32s
                0xfff8d3d8                _COM_CONVd32s
                0xfff8d3d8                __fixsfsi
 P              0xfff8d438       0x65 c:/renesas/gcc/redhat/gnurx-elf/8.3.0.202002/rx-elf/rx-elf/bin/../lib/gcc/rx-elf/8.3.0.202002-GNURX/no-fpu-libs\libgcc.a(_usi_to_sf.o)
                0xfff8d438                _COM_CONV32uf
                0xfff8d438                _COM_CONV32ud
                0xfff8d438                __floatunsisf
 P              0xfff8d49d       0x59 c:/renesas/gcc/redhat/gnurx-elf/8.3.0.202002/rx-elf/rx-elf/bin/../lib/gcc/rx-elf/8.3.0.202002-GNURX/no-fpu-libs\libgcc.a(_clzsi2.o)
                0xfff8d49d                __clzsi2
 *fill*         0xfff8d4f6        0x2 
 P              0xfff8d4f8       0xe0 c:/renesas/gcc/redhat/gnurx-elf/8.3.0.202002/rx-elf/rx-elf/bin/../lib/gcc/rx-elf/8.3.0.202002-GNURX/no-fpu-libs\libgcc.a(_pack_sf.o)
                0xfff8d4f8                __pack_f
 P              0xfff8d5d8       0x70 c:/renesas/gcc/redhat/gnurx-elf/8.3.0.202002/rx-elf/rx-elf/bin/../lib/gcc/rx-elf/8.3.0.202002-GNURX/no-fpu-libs\libgcc.a(_unpack_sf.o)
                0xfff8d5d8                __unpack_f
 P              0xfff8d648       0x90 c:/renesas/gcc/redhat/gnurx-elf/8.3.0.202002/rx-elf/rx-elf/bin/../lib/gcc/rx-elf/8.3.0.202002-GNURX/no-fpu-libs\libgcc.a(_fpcmp_parts_sf.o)
                0xfff8d648                __fpcmp_parts_f
                0xfff8d6d8                etext = .

.rvectors       0xfff8d6d8      0x400
                0xfff8d6d8                _rvectors_start = .
                0xfff8d6d8        0x4 LONG 0xfff80fb4 DEFINED ($tableentry$0$.rvectors)?$tableentry$0$.rvectors:DEFINED ($tableentry$default$.rvectors)?$tableentry$default$.rvectors:0xffffffff
                0xfff8d6dc        0x4 LONG 0xfff80fb4 DEFINED ($tableentry$1$.rvectors)?$tableentry$1$.rvectors:DEFINED ($tableentry$default$.rvectors)?$tableentry$default$.rvectors:0xffffffff
                0xfff8d6e0        0x4 LONG 0xfff80fb4 DEFINED ($tableentry$2$.rvectors)?$tableentry$2$.rvectors:DEFINED ($tableentry$default$.rvectors)?$tableentry$default$.rvectors:0xffffffff
                0xfff8d6e4        0x4 LONG 0xfff80fb4 DEFINED ($tableentry$3$.rvectors)?$tableentry$3$.rvectors:DEFINED ($tableentry$default$.rvectors)?$tableentry$default$.rvectors:0xffffffff
                0xfff8d6e8        0x4 LONG 0xfff80fb4 DEFINED ($tableentry$4$.rvectors)?$tableentry$4$.rvectors:DEFINED ($tableentry$default$.rvectors)?$tableentry$default$.rvectors:0xffffffff
                0xfff8d6ec        0x4 LONG 0xfff80fb4 DEFINED ($tableentry$5$.rvectors)?$tableentry$5$.rvectors:DEFINED ($tableentry$default$.rvectors)?$tableentry$default$.rvectors:0xffffffff
                0xfff8d6f0        0x4 LONG 0xfff80fb4 DEFINED ($tableentry$6$.rvectors)?$tableentry$6$.rvectors:DEFINED ($tableentry$default$.rvectors)?$tableentry$default$.rvectors:0xffffffff
                0xfff8d6f4        0x4 LONG 0xfff80fb4 DEFINED ($tableentry$7$.rvectors)?$tableentry$7$.rvectors:DEFINED ($tableentry$default$.rvectors)?$tableentry$default$.rvectors:0xffffffff
                0xfff8d6f8        0x4 LONG 0xfff80fb4 DEFINED ($tableentry$8$.rvectors)?$tableentry$8$.rvectors:DEFINED ($tableentry$default$.rvectors)?$tableentry$default$.rvectors:0xffffffff
                0xfff8d6fc        0x4 LONG 0xfff80fb4 DEFINED ($tableentry$9$.rvectors)?$tableentry$9$.rvectors:DEFINED ($tableentry$default$.rvectors)?$tableentry$default$.rvectors:0xffffffff
                0xfff8d700        0x4 LONG 0xfff80fb4 DEFINED ($tableentry$10$.rvectors)?$tableentry$10$.rvectors:DEFINED ($tableentry$default$.rvectors)?$tableentry$default$.rvectors:0xffffffff
                0xfff8d704        0x4 LONG 0xfff80fb4 DEFINED ($tableentry$11$.rvectors)?$tableentry$11$.rvectors:DEFINED ($tableentry$default$.rvectors)?$tableentry$default$.rvectors:0xffffffff
                0xfff8d708        0x4 LONG 0xfff80fb4 DEFINED ($tableentry$12$.rvectors)?$tableentry$12$.rvectors:DEFINED ($tableentry$default$.rvectors)?$tableentry$default$.rvectors:0xffffffff
                0xfff8d70c        0x4 LONG 0xfff80fb4 DEFINED ($tableentry$13$.rvectors)?$tableentry$13$.rvectors:DEFINED ($tableentry$default$.rvectors)?$tableentry$default$.rvectors:0xffffffff
                0xfff8d710        0x4 LONG 0xfff80fb4 DEFINED ($tableentry$14$.rvectors)?$tableentry$14$.rvectors:DEFINED ($tableentry$default$.rvectors)?$tableentry$default$.rvectors:0xffffffff
                0xfff8d714        0x4 LONG 0xfff80fb4 DEFINED ($tableentry$15$.rvectors)?$tableentry$15$.rvectors:DEFINED ($tableentry$default$.rvectors)?$tableentry$default$.rvectors:0xffffffff
                0xfff8d718        0x4 LONG 0xfff80fdc DEFINED ($tableentry$16$.rvectors)?$tableentry$16$.rvectors:DEFINED ($tableentry$default$.rvectors)?$tableentry$default$.rvectors:0xffffffff
                0xfff8d71c        0x4 LONG 0xfff80fb4 DEFINED ($tableentry$17$.rvectors)?$tableentry$17$.rvectors:DEFINED ($tableentry$default$.rvectors)?$tableentry$default$.rvectors:0xffffffff
                0xfff8d720        0x4 LONG 0xfff80fb4 DEFINED ($tableentry$18$.rvectors)?$tableentry$18$.rvectors:DEFINED ($tableentry$default$.rvectors)?$tableentry$default$.rvectors:0xffffffff
                0xfff8d724        0x4 LONG 0xfff80fb4 DEFINED ($tableentry$19$.rvectors)?$tableentry$19$.rvectors:DEFINED ($tableentry$default$.rvectors)?$tableentry$default$.rvectors:0xffffffff
                0xfff8d728        0x4 LONG 0xfff80fb4 DEFINED ($tableentry$20$.rvectors)?$tableentry$20$.rvectors:DEFINED ($tableentry$default$.rvectors)?$tableentry$default$.rvectors:0xffffffff
                0xfff8d72c        0x4 LONG 0xfff80fb4 DEFINED ($tableentry$21$.rvectors)?$tableentry$21$.rvectors:DEFINED ($tableentry$default$.rvectors)?$tableentry$default$.rvectors:0xffffffff
                0xfff8d730        0x4 LONG 0xfff80fb4 DEFINED ($tableentry$22$.rvectors)?$tableentry$22$.rvectors:DEFINED ($tableentry$default$.rvectors)?$tableentry$default$.rvectors:0xffffffff
                0xfff8d734        0x4 LONG 0xfff80fb4 DEFINED ($tableentry$23$.rvectors)?$tableentry$23$.rvectors:DEFINED ($tableentry$default$.rvectors)?$tableentry$default$.rvectors:0xffffffff
                0xfff8d738        0x4 LONG 0xfff80fb4 DEFINED ($tableentry$24$.rvectors)?$tableentry$24$.rvectors:DEFINED ($tableentry$default$.rvectors)?$tableentry$default$.rvectors:0xffffffff
                0xfff8d73c        0x4 LONG 0xfff80fb4 DEFINED ($tableentry$25$.rvectors)?$tableentry$25$.rvectors:DEFINED ($tableentry$default$.rvectors)?$tableentry$default$.rvectors:0xffffffff
                0xfff8d740        0x4 LONG 0xfff80fb4 DEFINED ($tableentry$26$.rvectors)?$tableentry$26$.rvectors:DEFINED ($tableentry$default$.rvectors)?$tableentry$default$.rvectors:0xffffffff
                0xfff8d744        0x4 LONG 0xfff80244 DEFINED ($tableentry$27$.rvectors)?$tableentry$27$.rvectors:DEFINED ($tableentry$default$.rvectors)?$tableentry$default$.rvectors:0xffffffff
                0xfff8d748        0x4 LONG 0xfff8029a DEFINED ($tableentry$28$.rvectors)?$tableentry$28$.rvectors:DEFINED ($tableentry$default$.rvectors)?$tableentry$default$.rvectors:0xffffffff
                0xfff8d74c        0x4 LONG 0xfff80fb4 DEFINED ($tableentry$29$.rvectors)?$tableentry$29$.rvectors:DEFINED ($tableentry$default$.rvectors)?$tableentry$default$.rvectors:0xffffffff
                0xfff8d750        0x4 LONG 0xfff80fb4 DEFINED ($tableentry$30$.rvectors)?$tableentry$30$.rvectors:DEFINED ($tableentry$default$.rvectors)?$tableentry$default$.rvectors:0xffffffff
                0xfff8d754        0x4 LONG 0xfff80fb4 DEFINED ($tableentry$31$.rvectors)?$tableentry$31$.rvectors:DEFINED ($tableentry$default$.rvectors)?$tableentry$default$.rvectors:0xffffffff
                0xfff8d758        0x4 LONG 0xfff80fb4 DEFINED ($tableentry$32$.rvectors)?$tableentry$32$.rvectors:DEFINED ($tableentry$default$.rvectors)?$tableentry$default$.rvectors:0xffffffff
                0xfff8d75c        0x4 LONG 0xfff80fb4 DEFINED ($tableentry$33$.rvectors)?$tableentry$33$.rvectors:DEFINED ($tableentry$default$.rvectors)?$tableentry$default$.rvectors:0xffffffff
                0xfff8d760        0x4 LONG 0xfff80fb4 DEFINED ($tableentry$34$.rvectors)?$tableentry$34$.rvectors:DEFINED ($tableentry$default$.rvectors)?$tableentry$default$.rvectors:0xffffffff
                0xfff8d764        0x4 LONG 0xfff80fb4 DEFINED ($tableentry$35$.rvectors)?$tableentry$35$.rvectors:DEFINED ($tableentry$default$.rvectors)?$tableentry$default$.rvectors:0xffffffff
                0xfff8d768        0x4 LONG 0xfff80fb4 DEFINED ($tableentry$36$.rvectors)?$tableentry$36$.rvectors:DEFINED ($tableentry$default$.rvectors)?$tableentry$default$.rvectors:0xffffffff
                0xfff8d76c        0x4 LONG 0xfff80fb4 DEFINED ($tableentry$37$.rvectors)?$tableentry$37$.rvectors:DEFINED ($tableentry$default$.rvectors)?$tableentry$default$.rvectors:0xffffffff
                0xfff8d770        0x4 LONG 0xfff80fb4 DEFINED ($tableentry$38$.rvectors)?$tableentry$38$.rvectors:DEFINED ($tableentry$default$.rvectors)?$tableentry$default$.rvectors:0xffffffff
                0xfff8d774        0x4 LONG 0xfff80fb4 DEFINED ($tableentry$39$.rvectors)?$tableentry$39$.rvectors:DEFINED ($tableentry$default$.rvectors)?$tableentry$default$.rvectors:0xffffffff
                0xfff8d778        0x4 LONG 0xfff80fb4 DEFINED ($tableentry$40$.rvectors)?$tableentry$40$.rvectors:DEFINED ($tableentry$default$.rvectors)?$tableentry$default$.rvectors:0xffffffff
                0xfff8d77c        0x4 LONG 0xfff80fb4 DEFINED ($tableentry$41$.rvectors)?$tableentry$41$.rvectors:DEFINED ($tableentry$default$.rvectors)?$tableentry$default$.rvectors:0xffffffff
                0xfff8d780        0x4 LONG 0xfff80fb4 DEFINED ($tableentry$42$.rvectors)?$tableentry$42$.rvectors:DEFINED ($tableentry$default$.rvectors)?$tableentry$default$.rvectors:0xffffffff
                0xfff8d784        0x4 LONG 0xfff80fb4 DEFINED ($tableentry$43$.rvectors)?$tableentry$43$.rvectors:DEFINED ($tableentry$default$.rvectors)?$tableentry$default$.rvectors:0xffffffff
                0xfff8d788        0x4 LONG 0xfff80fb4 DEFINED ($tableentry$44$.rvectors)?$tableentry$44$.rvectors:DEFINED ($tableentry$default$.rvectors)?$tableentry$default$.rvectors:0xffffffff
                0xfff8d78c        0x4 LONG 0xfff80fb4 DEFINED ($tableentry$45$.rvectors)?$tableentry$45$.rvectors:DEFINED ($tableentry$default$.rvectors)?$tableentry$default$.rvectors:0xffffffff
                0xfff8d790        0x4 LONG 0xfff80fb4 DEFINED ($tableentry$46$.rvectors)?$tableentry$46$.rvectors:DEFINED ($tableentry$default$.rvectors)?$tableentry$default$.rvectors:0xffffffff
                0xfff8d794        0x4 LONG 0xfff80fb4 DEFINED ($tableentry$47$.rvectors)?$tableentry$47$.rvectors:DEFINED ($tableentry$default$.rvectors)?$tableentry$default$.rvectors:0xffffffff
                0xfff8d798        0x4 LONG 0xfff80fb4 DEFINED ($tableentry$48$.rvectors)?$tableentry$48$.rvectors:DEFINED ($tableentry$default$.rvectors)?$tableentry$default$.rvectors:0xffffffff
                0xfff8d79c        0x4 LONG 0xfff80fb4 DEFINED ($tableentry$49$.rvectors)?$tableentry$49$.rvectors:DEFINED ($tableentry$default$.rvectors)?$tableentry$default$.rvectors:0xffffffff
                0xfff8d7a0        0x4 LONG 0xfff80fb4 DEFINED ($tableentry$50$.rvectors)?$tableentry$50$.rvectors:DEFINED ($tableentry$default$.rvectors)?$tableentry$default$.rvectors:0xffffffff
                0xfff8d7a4        0x4 LONG 0xfff80fb4 DEFINED ($tableentry$51$.rvectors)?$tableentry$51$.rvectors:DEFINED ($tableentry$default$.rvectors)?$tableentry$default$.rvectors:0xffffffff
                0xfff8d7a8        0x4 LONG 0xfff80fb4 DEFINED ($tableentry$52$.rvectors)?$tableentry$52$.rvectors:DEFINED ($tableentry$default$.rvectors)?$tableentry$default$.rvectors:0xffffffff
                0xfff8d7ac        0x4 LONG 0xfff80fb4 DEFINED ($tableentry$53$.rvectors)?$tableentry$53$.rvectors:DEFINED ($tableentry$default$.rvectors)?$tableentry$default$.rvectors:0xffffffff
                0xfff8d7b0        0x4 LONG 0xfff80fb4 DEFINED ($tableentry$54$.rvectors)?$tableentry$54$.rvectors:DEFINED ($tableentry$default$.rvectors)?$tableentry$default$.rvectors:0xffffffff
                0xfff8d7b4        0x4 LONG 0xfff80fb4 DEFINED ($tableentry$55$.rvectors)?$tableentry$55$.rvectors:DEFINED ($tableentry$default$.rvectors)?$tableentry$default$.rvectors:0xffffffff
                0xfff8d7b8        0x4 LONG 0xfff80fb4 DEFINED ($tableentry$56$.rvectors)?$tableentry$56$.rvectors:DEFINED ($tableentry$default$.rvectors)?$tableentry$default$.rvectors:0xffffffff
                0xfff8d7bc        0x4 LONG 0xfff80fb4 DEFINED ($tableentry$57$.rvectors)?$tableentry$57$.rvectors:DEFINED ($tableentry$default$.rvectors)?$tableentry$default$.rvectors:0xffffffff
                0xfff8d7c0        0x4 LONG 0xfff80fb4 DEFINED ($tableentry$58$.rvectors)?$tableentry$58$.rvectors:DEFINED ($tableentry$default$.rvectors)?$tableentry$default$.rvectors:0xffffffff
                0xfff8d7c4        0x4 LONG 0xfff80fb4 DEFINED ($tableentry$59$.rvectors)?$tableentry$59$.rvectors:DEFINED ($tableentry$default$.rvectors)?$tableentry$default$.rvectors:0xffffffff
                0xfff8d7c8        0x4 LONG 0xfff80fb4 DEFINED ($tableentry$60$.rvectors)?$tableentry$60$.rvectors:DEFINED ($tableentry$default$.rvectors)?$tableentry$default$.rvectors:0xffffffff
                0xfff8d7cc        0x4 LONG 0xfff80fb4 DEFINED ($tableentry$61$.rvectors)?$tableentry$61$.rvectors:DEFINED ($tableentry$default$.rvectors)?$tableentry$default$.rvectors:0xffffffff
                0xfff8d7d0        0x4 LONG 0xfff80fb4 DEFINED ($tableentry$62$.rvectors)?$tableentry$62$.rvectors:DEFINED ($tableentry$default$.rvectors)?$tableentry$default$.rvectors:0xffffffff
                0xfff8d7d4        0x4 LONG 0xfff80fb4 DEFINED ($tableentry$63$.rvectors)?$tableentry$63$.rvectors:DEFINED ($tableentry$default$.rvectors)?$tableentry$default$.rvectors:0xffffffff
                0xfff8d7d8        0x4 LONG 0xfff80fb4 DEFINED ($tableentry$64$.rvectors)?$tableentry$64$.rvectors:DEFINED ($tableentry$default$.rvectors)?$tableentry$default$.rvectors:0xffffffff
                0xfff8d7dc        0x4 LONG 0xfff80fb4 DEFINED ($tableentry$65$.rvectors)?$tableentry$65$.rvectors:DEFINED ($tableentry$default$.rvectors)?$tableentry$default$.rvectors:0xffffffff
                0xfff8d7e0        0x4 LONG 0xfff80fb4 DEFINED ($tableentry$66$.rvectors)?$tableentry$66$.rvectors:DEFINED ($tableentry$default$.rvectors)?$tableentry$default$.rvectors:0xffffffff
                0xfff8d7e4        0x4 LONG 0xfff80fb4 DEFINED ($tableentry$67$.rvectors)?$tableentry$67$.rvectors:DEFINED ($tableentry$default$.rvectors)?$tableentry$default$.rvectors:0xffffffff
                0xfff8d7e8        0x4 LONG 0xfff80fb4 DEFINED ($tableentry$68$.rvectors)?$tableentry$68$.rvectors:DEFINED ($tableentry$default$.rvectors)?$tableentry$default$.rvectors:0xffffffff
                0xfff8d7ec        0x4 LONG 0xfff80fb4 DEFINED ($tableentry$69$.rvectors)?$tableentry$69$.rvectors:DEFINED ($tableentry$default$.rvectors)?$tableentry$default$.rvectors:0xffffffff
                0xfff8d7f0        0x4 LONG 0xfff80fb4 DEFINED ($tableentry$70$.rvectors)?$tableentry$70$.rvectors:DEFINED ($tableentry$default$.rvectors)?$tableentry$default$.rvectors:0xffffffff
                0xfff8d7f4        0x4 LONG 0xfff80fb4 DEFINED ($tableentry$71$.rvectors)?$tableentry$71$.rvectors:DEFINED ($tableentry$default$.rvectors)?$tableentry$default$.rvectors:0xffffffff
                0xfff8d7f8        0x4 LONG 0xfff80fb4 DEFINED ($tableentry$72$.rvectors)?$tableentry$72$.rvectors:DEFINED ($tableentry$default$.rvectors)?$tableentry$default$.rvectors:0xffffffff
                0xfff8d7fc        0x4 LONG 0xfff80fb4 DEFINED ($tableentry$73$.rvectors)?$tableentry$73$.rvectors:DEFINED ($tableentry$default$.rvectors)?$tableentry$default$.rvectors:0xffffffff
                0xfff8d800        0x4 LONG 0xfff80fb4 DEFINED ($tableentry$74$.rvectors)?$tableentry$74$.rvectors:DEFINED ($tableentry$default$.rvectors)?$tableentry$default$.rvectors:0xffffffff
                0xfff8d804        0x4 LONG 0xfff80fb4 DEFINED ($tableentry$75$.rvectors)?$tableentry$75$.rvectors:DEFINED ($tableentry$default$.rvectors)?$tableentry$default$.rvectors:0xffffffff
                0xfff8d808        0x4 LONG 0xfff80fb4 DEFINED ($tableentry$76$.rvectors)?$tableentry$76$.rvectors:DEFINED ($tableentry$default$.rvectors)?$tableentry$default$.rvectors:0xffffffff
                0xfff8d80c        0x4 LONG 0xfff80fb4 DEFINED ($tableentry$77$.rvectors)?$tableentry$77$.rvectors:DEFINED ($tableentry$default$.rvectors)?$tableentry$default$.rvectors:0xffffffff
                0xfff8d810        0x4 LONG 0xfff80fb4 DEFINED ($tableentry$78$.rvectors)?$tableentry$78$.rvectors:DEFINED ($tableentry$default$.rvectors)?$tableentry$default$.rvectors:0xffffffff
                0xfff8d814        0x4 LONG 0xfff80fb4 DEFINED ($tableentry$79$.rvectors)?$tableentry$79$.rvectors:DEFINED ($tableentry$default$.rvectors)?$tableentry$default$.rvectors:0xffffffff
                0xfff8d818        0x4 LONG 0xfff80fb4 DEFINED ($tableentry$80$.rvectors)?$tableentry$80$.rvectors:DEFINED ($tableentry$default$.rvectors)?$tableentry$default$.rvectors:0xffffffff
                0xfff8d81c        0x4 LONG 0xfff80fb4 DEFINED ($tableentry$81$.rvectors)?$tableentry$81$.rvectors:DEFINED ($tableentry$default$.rvectors)?$tableentry$default$.rvectors:0xffffffff
                0xfff8d820        0x4 LONG 0xfff80fb4 DEFINED ($tableentry$82$.rvectors)?$tableentry$82$.rvectors:DEFINED ($tableentry$default$.rvectors)?$tableentry$default$.rvectors:0xffffffff
                0xfff8d824        0x4 LONG 0xfff80fb4 DEFINED ($tableentry$83$.rvectors)?$tableentry$83$.rvectors:DEFINED ($tableentry$default$.rvectors)?$tableentry$default$.rvectors:0xffffffff
                0xfff8d828        0x4 LONG 0xfff80fb4 DEFINED ($tableentry$84$.rvectors)?$tableentry$84$.rvectors:DEFINED ($tableentry$default$.rvectors)?$tableentry$default$.rvectors:0xffffffff
                0xfff8d82c        0x4 LONG 0xfff80fb4 DEFINED ($tableentry$85$.rvectors)?$tableentry$85$.rvectors:DEFINED ($tableentry$default$.rvectors)?$tableentry$default$.rvectors:0xffffffff
                0xfff8d830        0x4 LONG 0xfff80fb4 DEFINED ($tableentry$86$.rvectors)?$tableentry$86$.rvectors:DEFINED ($tableentry$default$.rvectors)?$tableentry$default$.rvectors:0xffffffff
                0xfff8d834        0x4 LONG 0xfff80fb4 DEFINED ($tableentry$87$.rvectors)?$tableentry$87$.rvectors:DEFINED ($tableentry$default$.rvectors)?$tableentry$default$.rvectors:0xffffffff
                0xfff8d838        0x4 LONG 0xfff80fb4 DEFINED ($tableentry$88$.rvectors)?$tableentry$88$.rvectors:DEFINED ($tableentry$default$.rvectors)?$tableentry$default$.rvectors:0xffffffff
                0xfff8d83c        0x4 LONG 0xfff80fb4 DEFINED ($tableentry$89$.rvectors)?$tableentry$89$.rvectors:DEFINED ($tableentry$default$.rvectors)?$tableentry$default$.rvectors:0xffffffff
                0xfff8d840        0x4 LONG 0xfff80fb4 DEFINED ($tableentry$90$.rvectors)?$tableentry$90$.rvectors:DEFINED ($tableentry$default$.rvectors)?$tableentry$default$.rvectors:0xffffffff
                0xfff8d844        0x4 LONG 0xfff80fb4 DEFINED ($tableentry$91$.rvectors)?$tableentry$91$.rvectors:DEFINED ($tableentry$default$.rvectors)?$tableentry$default$.rvectors:0xffffffff
                0xfff8d848        0x4 LONG 0xfff80fb4 DEFINED ($tableentry$92$.rvectors)?$tableentry$92$.rvectors:DEFINED ($tableentry$default$.rvectors)?$tableentry$default$.rvectors:0xffffffff
                0xfff8d84c        0x4 LONG 0xfff80fb4 DEFINED ($tableentry$93$.rvectors)?$tableentry$93$.rvectors:DEFINED ($tableentry$default$.rvectors)?$tableentry$default$.rvectors:0xffffffff
                0xfff8d850        0x4 LONG 0xfff80fb4 DEFINED ($tableentry$94$.rvectors)?$tableentry$94$.rvectors:DEFINED ($tableentry$default$.rvectors)?$tableentry$default$.rvectors:0xffffffff
                0xfff8d854        0x4 LONG 0xfff80fb4 DEFINED ($tableentry$95$.rvectors)?$tableentry$95$.rvectors:DEFINED ($tableentry$default$.rvectors)?$tableentry$default$.rvectors:0xffffffff
                0xfff8d858        0x4 LONG 0xfff80fb4 DEFINED ($tableentry$96$.rvectors)?$tableentry$96$.rvectors:DEFINED ($tableentry$default$.rvectors)?$tableentry$default$.rvectors:0xffffffff
                0xfff8d85c        0x4 LONG 0xfff80fb4 DEFINED ($tableentry$97$.rvectors)?$tableentry$97$.rvectors:DEFINED ($tableentry$default$.rvectors)?$tableentry$default$.rvectors:0xffffffff
                0xfff8d860        0x4 LONG 0xfff80fb4 DEFINED ($tableentry$98$.rvectors)?$tableentry$98$.rvectors:DEFINED ($tableentry$default$.rvectors)?$tableentry$default$.rvectors:0xffffffff
                0xfff8d864        0x4 LONG 0xfff80fb4 DEFINED ($tableentry$99$.rvectors)?$tableentry$99$.rvectors:DEFINED ($tableentry$default$.rvectors)?$tableentry$default$.rvectors:0xffffffff
                0xfff8d868        0x4 LONG 0xfff80fb4 DEFINED ($tableentry$100$.rvectors)?$tableentry$100$.rvectors:DEFINED ($tableentry$default$.rvectors)?$tableentry$default$.rvectors:0xffffffff
                0xfff8d86c        0x4 LONG 0xfff80fb4 DEFINED ($tableentry$101$.rvectors)?$tableentry$101$.rvectors:DEFINED ($tableentry$default$.rvectors)?$tableentry$default$.rvectors:0xffffffff
                0xfff8d870        0x4 LONG 0xfff80fb4 DEFINED ($tableentry$102$.rvectors)?$tableentry$102$.rvectors:DEFINED ($tableentry$default$.rvectors)?$tableentry$default$.rvectors:0xffffffff
                0xfff8d874        0x4 LONG 0xfff80fb4 DEFINED ($tableentry$103$.rvectors)?$tableentry$103$.rvectors:DEFINED ($tableentry$default$.rvectors)?$tableentry$default$.rvectors:0xffffffff
                0xfff8d878        0x4 LONG 0xfff80fb4 DEFINED ($tableentry$104$.rvectors)?$tableentry$104$.rvectors:DEFINED ($tableentry$default$.rvectors)?$tableentry$default$.rvectors:0xffffffff
                0xfff8d87c        0x4 LONG 0xfff80fb4 DEFINED ($tableentry$105$.rvectors)?$tableentry$105$.rvectors:DEFINED ($tableentry$default$.rvectors)?$tableentry$default$.rvectors:0xffffffff
                0xfff8d880        0x4 LONG 0xfff80fb4 DEFINED ($tableentry$106$.rvectors)?$tableentry$106$.rvectors:DEFINED ($tableentry$default$.rvectors)?$tableentry$default$.rvectors:0xffffffff
                0xfff8d884        0x4 LONG 0xfff80fb4 DEFINED ($tableentry$107$.rvectors)?$tableentry$107$.rvectors:DEFINED ($tableentry$default$.rvectors)?$tableentry$default$.rvectors:0xffffffff
                0xfff8d888        0x4 LONG 0xfff80fb4 DEFINED ($tableentry$108$.rvectors)?$tableentry$108$.rvectors:DEFINED ($tableentry$default$.rvectors)?$tableentry$default$.rvectors:0xffffffff
                0xfff8d88c        0x4 LONG 0xfff80fb4 DEFINED ($tableentry$109$.rvectors)?$tableentry$109$.rvectors:DEFINED ($tableentry$default$.rvectors)?$tableentry$default$.rvectors:0xffffffff
                0xfff8d890        0x4 LONG 0xfff80fb4 DEFINED ($tableentry$110$.rvectors)?$tableentry$110$.rvectors:DEFINED ($tableentry$default$.rvectors)?$tableentry$default$.rvectors:0xffffffff
                0xfff8d894        0x4 LONG 0xfff80fb4 DEFINED ($tableentry$111$.rvectors)?$tableentry$111$.rvectors:DEFINED ($tableentry$default$.rvectors)?$tableentry$default$.rvectors:0xffffffff
                0xfff8d898        0x4 LONG 0xfff80fb4 DEFINED ($tableentry$112$.rvectors)?$tableentry$112$.rvectors:DEFINED ($tableentry$default$.rvectors)?$tableentry$default$.rvectors:0xffffffff
                0xfff8d89c        0x4 LONG 0xfff80fb4 DEFINED ($tableentry$113$.rvectors)?$tableentry$113$.rvectors:DEFINED ($tableentry$default$.rvectors)?$tableentry$default$.rvectors:0xffffffff
                0xfff8d8a0        0x4 LONG 0xfff80fb4 DEFINED ($tableentry$114$.rvectors)?$tableentry$114$.rvectors:DEFINED ($tableentry$default$.rvectors)?$tableentry$default$.rvectors:0xffffffff
                0xfff8d8a4        0x4 LONG 0xfff80fb4 DEFINED ($tableentry$115$.rvectors)?$tableentry$115$.rvectors:DEFINED ($tableentry$default$.rvectors)?$tableentry$default$.rvectors:0xffffffff
                0xfff8d8a8        0x4 LONG 0xfff80fb4 DEFINED ($tableentry$116$.rvectors)?$tableentry$116$.rvectors:DEFINED ($tableentry$default$.rvectors)?$tableentry$default$.rvectors:0xffffffff
                0xfff8d8ac        0x4 LONG 0xfff80fb4 DEFINED ($tableentry$117$.rvectors)?$tableentry$117$.rvectors:DEFINED ($tableentry$default$.rvectors)?$tableentry$default$.rvectors:0xffffffff
                0xfff8d8b0        0x4 LONG 0xfff80fb4 DEFINED ($tableentry$118$.rvectors)?$tableentry$118$.rvectors:DEFINED ($tableentry$default$.rvectors)?$tableentry$default$.rvectors:0xffffffff
                0xfff8d8b4        0x4 LONG 0xfff80fb4 DEFINED ($tableentry$119$.rvectors)?$tableentry$119$.rvectors:DEFINED ($tableentry$default$.rvectors)?$tableentry$default$.rvectors:0xffffffff
                0xfff8d8b8        0x4 LONG 0xfff80fb4 DEFINED ($tableentry$120$.rvectors)?$tableentry$120$.rvectors:DEFINED ($tableentry$default$.rvectors)?$tableentry$default$.rvectors:0xffffffff
                0xfff8d8bc        0x4 LONG 0xfff80fb4 DEFINED ($tableentry$121$.rvectors)?$tableentry$121$.rvectors:DEFINED ($tableentry$default$.rvectors)?$tableentry$default$.rvectors:0xffffffff
                0xfff8d8c0        0x4 LONG 0xfff80fb4 DEFINED ($tableentry$122$.rvectors)?$tableentry$122$.rvectors:DEFINED ($tableentry$default$.rvectors)?$tableentry$default$.rvectors:0xffffffff
                0xfff8d8c4        0x4 LONG 0xfff80fb4 DEFINED ($tableentry$123$.rvectors)?$tableentry$123$.rvectors:DEFINED ($tableentry$default$.rvectors)?$tableentry$default$.rvectors:0xffffffff
                0xfff8d8c8        0x4 LONG 0xfff80fb4 DEFINED ($tableentry$124$.rvectors)?$tableentry$124$.rvectors:DEFINED ($tableentry$default$.rvectors)?$tableentry$default$.rvectors:0xffffffff
                0xfff8d8cc        0x4 LONG 0xfff80fb4 DEFINED ($tableentry$125$.rvectors)?$tableentry$125$.rvectors:DEFINED ($tableentry$default$.rvectors)?$tableentry$default$.rvectors:0xffffffff
                0xfff8d8d0        0x4 LONG 0xfff80fb4 DEFINED ($tableentry$126$.rvectors)?$tableentry$126$.rvectors:DEFINED ($tableentry$default$.rvectors)?$tableentry$default$.rvectors:0xffffffff
                0xfff8d8d4        0x4 LONG 0xfff80fb4 DEFINED ($tableentry$127$.rvectors)?$tableentry$127$.rvectors:DEFINED ($tableentry$default$.rvectors)?$tableentry$default$.rvectors:0xffffffff
                0xfff8d8d8        0x4 LONG 0xfff80fb4 DEFINED ($tableentry$128$.rvectors)?$tableentry$128$.rvectors:DEFINED ($tableentry$default$.rvectors)?$tableentry$default$.rvectors:0xffffffff
                0xfff8d8dc        0x4 LONG 0xfff80fb4 DEFINED ($tableentry$129$.rvectors)?$tableentry$129$.rvectors:DEFINED ($tableentry$default$.rvectors)?$tableentry$default$.rvectors:0xffffffff
                0xfff8d8e0        0x4 LONG 0xfff80fb4 DEFINED ($tableentry$130$.rvectors)?$tableentry$130$.rvectors:DEFINED ($tableentry$default$.rvectors)?$tableentry$default$.rvectors:0xffffffff
                0xfff8d8e4        0x4 LONG 0xfff80fb4 DEFINED ($tableentry$131$.rvectors)?$tableentry$131$.rvectors:DEFINED ($tableentry$default$.rvectors)?$tableentry$default$.rvectors:0xffffffff
                0xfff8d8e8        0x4 LONG 0xfff80fb4 DEFINED ($tableentry$132$.rvectors)?$tableentry$132$.rvectors:DEFINED ($tableentry$default$.rvectors)?$tableentry$default$.rvectors:0xffffffff
                0xfff8d8ec        0x4 LONG 0xfff80fb4 DEFINED ($tableentry$133$.rvectors)?$tableentry$133$.rvectors:DEFINED ($tableentry$default$.rvectors)?$tableentry$default$.rvectors:0xffffffff
                0xfff8d8f0        0x4 LONG 0xfff80fb4 DEFINED ($tableentry$134$.rvectors)?$tableentry$134$.rvectors:DEFINED ($tableentry$default$.rvectors)?$tableentry$default$.rvectors:0xffffffff
                0xfff8d8f4        0x4 LONG 0xfff80fb4 DEFINED ($tableentry$135$.rvectors)?$tableentry$135$.rvectors:DEFINED ($tableentry$default$.rvectors)?$tableentry$default$.rvectors:0xffffffff
                0xfff8d8f8        0x4 LONG 0xfff80fb4 DEFINED ($tableentry$136$.rvectors)?$tableentry$136$.rvectors:DEFINED ($tableentry$default$.rvectors)?$tableentry$default$.rvectors:0xffffffff
                0xfff8d8fc        0x4 LONG 0xfff80fb4 DEFINED ($tableentry$137$.rvectors)?$tableentry$137$.rvectors:DEFINED ($tableentry$default$.rvectors)?$tableentry$default$.rvectors:0xffffffff
                0xfff8d900        0x4 LONG 0xfff80fb4 DEFINED ($tableentry$138$.rvectors)?$tableentry$138$.rvectors:DEFINED ($tableentry$default$.rvectors)?$tableentry$default$.rvectors:0xffffffff
                0xfff8d904        0x4 LONG 0xfff80fb4 DEFINED ($tableentry$139$.rvectors)?$tableentry$139$.rvectors:DEFINED ($tableentry$default$.rvectors)?$tableentry$default$.rvectors:0xffffffff
                0xfff8d908        0x4 LONG 0xfff80fb4 DEFINED ($tableentry$140$.rvectors)?$tableentry$140$.rvectors:DEFINED ($tableentry$default$.rvectors)?$tableentry$default$.rvectors:0xffffffff
                0xfff8d90c        0x4 LONG 0xfff80fb4 DEFINED ($tableentry$141$.rvectors)?$tableentry$141$.rvectors:DEFINED ($tableentry$default$.rvectors)?$tableentry$default$.rvectors:0xffffffff
                0xfff8d910        0x4 LONG 0xfff80fb4 DEFINED ($tableentry$142$.rvectors)?$tableentry$142$.rvectors:DEFINED ($tableentry$default$.rvectors)?$tableentry$default$.rvectors:0xffffffff
                0xfff8d914        0x4 LONG 0xfff80fb4 DEFINED ($tableentry$143$.rvectors)?$tableentry$143$.rvectors:DEFINED ($tableentry$default$.rvectors)?$tableentry$default$.rvectors:0xffffffff