Archive member included because of file (symbol)

c:/renesas/gcc/redhat/gnurx-elf/8.3.0.202004/rx-elf/rx-elf/bin/../lib/gcc/rx-elf/8.3.0.202004-GNURX/../../../../rx-elf/lib/no-fpu-libs\libc_nano.a(lib_a-sprintf.o)
                              ./src/FreeRTOS_Demo/Full_Demo/Sample-CLI-commands.o (sprintf)
c:/renesas/gcc/redhat/gnurx-elf/8.3.0.202004/rx-elf/rx-elf/bin/../lib/gcc/rx-elf/8.3.0.202004-GNURX/../../../../rx-elf/lib/no-fpu-libs\libc_nano.a(lib_a-strlen.o)
                              ./src/FreeRTOS_Demo/Full_Demo/FreeRTOS-Plus-CLI/FreeRTOS_CLI.o (strlen)
c:/renesas/gcc/redhat/gnurx-elf/8.3.0.202004/rx-elf/rx-elf/bin/../lib/gcc/rx-elf/8.3.0.202004-GNURX/../../../../rx-elf/lib/no-fpu-libs\libc_nano.a(lib_a-strncat.o)
                              ./src/FreeRTOS_Demo/Full_Demo/Sample-CLI-commands.o (strncat)
c:/renesas/gcc/redhat/gnurx-elf/8.3.0.202004/rx-elf/rx-elf/bin/../lib/gcc/rx-elf/8.3.0.202004-GNURX/../../../../rx-elf/lib/no-fpu-libs\libc_nano.a(lib_a-strncpy.o)
                              ./src/FreeRTOS_Demo/Full_Demo/FreeRTOS-Plus-CLI/FreeRTOS_CLI.o (strncpy)
c:/renesas/gcc/redhat/gnurx-elf/8.3.0.202004/rx-elf/rx-elf/bin/../lib/gcc/rx-elf/8.3.0.202004-GNURX/../../../../rx-elf/lib/no-fpu-libs\libc_nano.a(lib_a-impure.o)
                              c:/renesas/gcc/redhat/gnurx-elf/8.3.0.202004/rx-elf/rx-elf/bin/../lib/gcc/rx-elf/8.3.0.202004-GNURX/../../../../rx-elf/lib/no-fpu-libs\libc_nano.a(lib_a-sprintf.o) (_impure_ptr)
c:/renesas/gcc/redhat/gnurx-elf/8.3.0.202004/rx-elf/rx-elf/bin/../lib/gcc/rx-elf/8.3.0.202004-GNURX/../../../../rx-elf/lib/no-fpu-libs\libc_nano.a(lib_a-nano-svfprintf.o)
                              c:/renesas/gcc/redhat/gnurx-elf/8.3.0.202004/rx-elf/rx-elf/bin/../lib/gcc/rx-elf/8.3.0.202004-GNURX/../../../../rx-elf/lib/no-fpu-libs\libc_nano.a(lib_a-sprintf.o) (_svfprintf_r)
c:/renesas/gcc/redhat/gnurx-elf/8.3.0.202004/rx-elf/rx-elf/bin/../lib/gcc/rx-elf/8.3.0.202004-GNURX/../../../../rx-elf/lib/no-fpu-libs\libc_nano.a(lib_a-nano-vfprintf_i.o)
                              c:/renesas/gcc/redhat/gnurx-elf/8.3.0.202004/rx-elf/rx-elf/bin/../lib/gcc/rx-elf/8.3.0.202004-GNURX/../../../../rx-elf/lib/no-fpu-libs\libc_nano.a(lib_a-nano-svfprintf.o) (_printf_i)
c:/renesas/gcc/redhat/gnurx-elf/8.3.0.202004/rx-elf/rx-elf/bin/../lib/gcc/rx-elf/8.3.0.202004-GNURX/../../../../rx-elf/lib/no-fpu-libs\libc_nano.a(lib_a-memchr.o)
                              c:/renesas/gcc/redhat/gnurx-elf/8.3.0.202004/rx-elf/rx-elf/bin/../lib/gcc/rx-elf/8.3.0.202004-GNURX/../../../../rx-elf/lib/no-fpu-libs\libc_nano.a(lib_a-nano-svfprintf.o) (memchr)
c:/renesas/gcc/redhat/gnurx-elf/8.3.0.202004/rx-elf/rx-elf/bin/../lib/gcc/rx-elf/8.3.0.202004-GNURX/../../../../rx-elf/lib/no-fpu-libs\libc_nano.a(lib_a-memcpy.o)
                              c:/renesas/gcc/redhat/gnurx-elf/8.3.0.202004/rx-elf/rx-elf/bin/../lib/gcc/rx-elf/8.3.0.202004-GNURX/../../../../rx-elf/lib/no-fpu-libs\libc_nano.a(lib_a-nano-svfprintf.o) (memcpy)
c:/renesas/gcc/redhat/gnurx-elf/8.3.0.202004/rx-elf/rx-elf/bin/../lib/gcc/rx-elf/8.3.0.202004-GNURX/../../../../rx-elf/lib/no-fpu-libs\libc_nano.a(lib_a-memmove.o)
                              c:/renesas/gcc/redhat/gnurx-elf/8.3.0.202004/rx-elf/rx-elf/bin/../lib/gcc/rx-elf/8.3.0.202004-GNURX/../../../../rx-elf/lib/no-fpu-libs\libc_nano.a(lib_a-nano-svfprintf.o) (memmove)
c:/renesas/gcc/redhat/gnurx-elf/8.3.0.202004/rx-elf/rx-elf/bin/../lib/gcc/rx-elf/8.3.0.202004-GNURX/../../../../rx-elf/lib/no-fpu-libs\libc_nano.a(lib_a-nano-freer.o)
                              c:/renesas/gcc/redhat/gnurx-elf/8.3.0.202004/rx-elf/rx-elf/bin/../lib/gcc/rx-elf/8.3.0.202004-GNURX/../../../../rx-elf/lib/no-fpu-libs\libc_nano.a(lib_a-nano-svfprintf.o) (_free_r)
c:/renesas/gcc/redhat/gnurx-elf/8.3.0.202004/rx-elf/rx-elf/bin/../lib/gcc/rx-elf/8.3.0.202004-GNURX/../../../../rx-elf/lib/no-fpu-libs\libc_nano.a(lib_a-nano-mallocr.o)
                              c:/renesas/gcc/redhat/gnurx-elf/8.3.0.202004/rx-elf/rx-elf/bin/../lib/gcc/rx-elf/8.3.0.202004-GNURX/../../../../rx-elf/lib/no-fpu-libs\libc_nano.a(lib_a-nano-svfprintf.o) (_malloc_r)
c:/renesas/gcc/redhat/gnurx-elf/8.3.0.202004/rx-elf/rx-elf/bin/../lib/gcc/rx-elf/8.3.0.202004-GNURX/../../../../rx-elf/lib/no-fpu-libs\libc_nano.a(lib_a-nano-reallocr.o)
                              c:/renesas/gcc/redhat/gnurx-elf/8.3.0.202004/rx-elf/rx-elf/bin/../lib/gcc/rx-elf/8.3.0.202004-GNURX/../../../../rx-elf/lib/no-fpu-libs\libc_nano.a(lib_a-nano-svfprintf.o) (_realloc_r)
c:/renesas/gcc/redhat/gnurx-elf/8.3.0.202004/rx-elf/rx-elf/bin/../lib/gcc/rx-elf/8.3.0.202004-GNURX/../../../../rx-elf/lib/no-fpu-libs\libc_nano.a(lib_a-sbrkr.o)
                              c:/renesas/gcc/redhat/gnurx-elf/8.3.0.202004/rx-elf/rx-elf/bin/../lib/gcc/rx-elf/8.3.0.202004-GNURX/../../../../rx-elf/lib/no-fpu-libs\libc_nano.a(lib_a-nano-mallocr.o) (_sbrk_r)
[...]
Memory Configuration

Name             Origin             Length             Attributes
RAM              0x00000004         0x0000bffc
ROM              0xfff80000         0x00080000
*default*        0x00000000         0xffffffff

Linker script and memory map

LOAD ./src/smc_workaround/r_dtc_rx_patch/r_dtc_rx.o
LOAD ./src/smc_workaround/r_dtc_rx_patch/r_dtc_rx_target.o
LOAD ./src/smc_workaround/FIT_patch.o
LOAD ./src/smc_workaround/u_sci_rx_ext.o
LOAD ./src/smc_gen/r_sci_rx/src/targets/rx130/r_sci_rx130.o
LOAD ./src/smc_gen/r_sci_rx/src/targets/rx130/r_sci_rx130_data.o
LOAD ./src/smc_gen/r_sci_rx/src/r_sci_rx.o
LOAD ./src/smc_gen/r_pincfg/r_sci_rx_pinset.o
LOAD ./src/smc_gen/r_gpio_rx/src/targets/rx130/r_gpio_rx130.o
LOAD ./src/smc_gen/r_gpio_rx/src/r_gpio_rx.o
LOAD ./src/smc_gen/r_byteq/src/r_byteq.o
LOAD ./src/smc_gen/r_bsp/mcu/rx130/mcu_clocks.o
LOAD ./src/smc_gen/r_bsp/mcu/rx130/mcu_init.o
LOAD ./src/smc_gen/r_bsp/mcu/rx130/mcu_interrupts.o
LOAD ./src/smc_gen/r_bsp/mcu/rx130/vecttbl.o
LOAD ./src/smc_gen/r_bsp/mcu/all/dbsct.o
LOAD ./src/smc_gen/r_bsp/mcu/all/lowlvl.o
LOAD ./src/smc_gen/r_bsp/mcu/all/lowsrc.o
LOAD ./src/smc_gen/r_bsp/mcu/all/mcu_locks.o
LOAD ./src/smc_gen/r_bsp/mcu/all/r_bsp_common.o
LOAD ./src/smc_gen/r_bsp/mcu/all/r_bsp_cpu.o
LOAD ./src/smc_gen/r_bsp/mcu/all/r_bsp_interrupts.o
LOAD ./src/smc_gen/r_bsp/mcu/all/r_bsp_locking.o
LOAD ./src/smc_gen/r_bsp/mcu/all/r_bsp_mcu_startup.o
LOAD ./src/smc_gen/r_bsp/mcu/all/r_bsp_software_interrupt.o
LOAD ./src/smc_gen/r_bsp/mcu/all/r_rx_intrinsic_functions.o
LOAD ./src/smc_gen/r_bsp/mcu/all/reset_program.o
LOAD ./src/smc_gen/r_bsp/mcu/all/resetprg.o
LOAD ./src/smc_gen/r_bsp/mcu/all/sbrk.o
LOAD ./src/smc_gen/r_bsp/board/generic_rx130/hwsetup.o
LOAD ./src/smc_gen/general/r_cg_hardware_setup.o
LOAD ./src/smc_gen/general/r_smc_cgc.o
LOAD ./src/smc_gen/general/r_smc_cgc_user.o
LOAD ./src/smc_gen/general/r_smc_interrupt.o
LOAD ./src/frtos_startup/freertos_object_init.o
LOAD ./src/frtos_startup/freertos_start.o
LOAD ./src/FreeRTOS_Demo/Full_Demo/Standard_Demo_Tasks/BlockQ.o
LOAD ./src/FreeRTOS_Demo/Full_Demo/Standard_Demo_Tasks/EventGroupsDemo.o
LOAD ./src/FreeRTOS_Demo/Full_Demo/Standard_Demo_Tasks/GenQTest.o
LOAD ./src/FreeRTOS_Demo/Full_Demo/Standard_Demo_Tasks/IntQueue.o
LOAD ./src/FreeRTOS_Demo/Full_Demo/Standard_Demo_Tasks/IntSemTest.o
LOAD ./src/FreeRTOS_Demo/Full_Demo/Standard_Demo_Tasks/QueueOverwrite.o
LOAD ./src/FreeRTOS_Demo/Full_Demo/Standard_Demo_Tasks/TaskNotify.o
LOAD ./src/FreeRTOS_Demo/Full_Demo/Standard_Demo_Tasks/TaskNotifyArray.o
LOAD ./src/FreeRTOS_Demo/Full_Demo/Standard_Demo_Tasks/TimerDemo.o
LOAD ./src/FreeRTOS_Demo/Full_Demo/Standard_Demo_Tasks/blocktim.o
LOAD ./src/FreeRTOS_Demo/Full_Demo/Standard_Demo_Tasks/countsem.o
LOAD ./src/FreeRTOS_Demo/Full_Demo/Standard_Demo_Tasks/death.o
LOAD ./src/FreeRTOS_Demo/Full_Demo/Standard_Demo_Tasks/dynamic.o
LOAD ./src/FreeRTOS_Demo/Full_Demo/Standard_Demo_Tasks/flop.o
LOAD ./src/FreeRTOS_Demo/Full_Demo/Standard_Demo_Tasks/recmutex.o
LOAD ./src/FreeRTOS_Demo/Full_Demo/Standard_Demo_Tasks/semtest.o
LOAD ./src/FreeRTOS_Demo/Full_Demo/FreeRTOS-Plus-CLI/FreeRTOS_CLI.o
LOAD ./src/FreeRTOS_Demo/Full_Demo/IntQueueTimer.o
LOAD ./src/FreeRTOS_Demo/Full_Demo/Sample-CLI-commands.o
LOAD ./src/FreeRTOS_Demo/Full_Demo/UARTCommandConsole.o
LOAD ./src/FreeRTOS_Demo/Full_Demo/main_full.o
LOAD ./src/FreeRTOS_Demo/Full_Demo/serial.o
LOAD ./src/FreeRTOS_Demo/Blinky_Demo/main_blinky.o
LOAD ./src/FreeRTOS/Source/portable/MemMang/heap_4.o
LOAD ./src/FreeRTOS/Source/portable/GCC/RX/port.o
LOAD ./src/FreeRTOS/Source/event_groups.o
LOAD ./src/FreeRTOS/Source/list.o
LOAD ./src/FreeRTOS/Source/queue.o
LOAD ./src/FreeRTOS/Source/stream_buffer.o
LOAD ./src/FreeRTOS/Source/tasks.o
LOAD ./src/FreeRTOS/Source/timers.o
START GROUP
LOAD c:/renesas/gcc/redhat/gnurx-elf/8.3.0.202004/rx-elf/rx-elf/bin/../lib/gcc/rx-elf/8.3.0.202004-GNURX/../../../../rx-elf/lib/no-fpu-libs\libm.a
LOAD c:/renesas/gcc/redhat/gnurx-elf/8.3.0.202004/rx-elf/rx-elf/bin/../lib/gcc/rx-elf/8.3.0.202004-GNURX/../../../../rx-elf/lib/no-fpu-libs\libc_nano.a
LOAD c:/renesas/gcc/redhat/gnurx-elf/8.3.0.202004/rx-elf/rx-elf/bin/../lib/gcc/rx-elf/8.3.0.202004-GNURX/no-fpu-libs\libgcc.a
END GROUP
LOAD c:/renesas/gcc/redhat/gnurx-elf/8.3.0.202004/rx-elf/rx-elf/bin/../lib/gcc/rx-elf/8.3.0.202004-GNURX/no-fpu-libs\libgcc.a
LOAD c:/renesas/gcc/redhat/gnurx-elf/8.3.0.202004/rx-elf/rx-elf/bin/../lib/gcc/rx-elf/8.3.0.202004-GNURX/../../../../rx-elf/lib/no-fpu-libs\libg_nano.a
LOAD c:/renesas/gcc/redhat/gnurx-elf/8.3.0.202004/rx-elf/rx-elf/bin/../lib/gcc/rx-elf/8.3.0.202004-GNURX/../../../../rx-elf/lib/no-fpu-libs\libc_nano.a
LOAD c:/renesas/gcc/redhat/gnurx-elf/8.3.0.202004/rx-elf/rx-elf/bin/../lib/gcc/rx-elf/8.3.0.202004-GNURX/no-fpu-libs\libgcc.a
START GROUP
LOAD c:/renesas/gcc/redhat/gnurx-elf/8.3.0.202004/rx-elf/rx-elf/bin/../lib/gcc/rx-elf/8.3.0.202004-GNURX/no-fpu-libs\libgcc.a
LOAD c:/renesas/gcc/redhat/gnurx-elf/8.3.0.202004/rx-elf/rx-elf/bin/../lib/gcc/rx-elf/8.3.0.202004-GNURX/../../../../rx-elf/lib/no-fpu-libs\libc_nano.a
END GROUP

.fvectors       0xffffff80       0x80
 *(.fvectors)
 .fvectors      0xffffff80       0x80 ./src/smc_gen/r_bsp/mcu/rx130/vecttbl.o
                0xffffff80                Fixed_Vectors

.text           0xfff80000     0xd9f0
 *(.text)
 .text          0xfff80000       0x43 ./src/smc_gen/r_bsp/mcu/all/reset_program.o
                0xfff80000                PowerON_Reset_PC
                0xfff80000                PowerON_Reset
                0xfff80012                _INITSCT
 .text          0xfff80043        0xd c:/renesas/gcc/redhat/gnurx-elf/8.3.0.202004/rx-elf/rx-elf/bin/../lib/gcc/rx-elf/8.3.0.202004-GNURX/../../../../rx-elf/lib/no-fpu-libs\libc_nano.a(lib_a-strlen.o)
                0xfff80043                strlen
 .text          0xfff80050       0x1d c:/renesas/gcc/redhat/gnurx-elf/8.3.0.202004/rx-elf/rx-elf/bin/../lib/gcc/rx-elf/8.3.0.202004-GNURX/../../../../rx-elf/lib/no-fpu-libs\libc_nano.a(lib_a-strncat.o)
                0xfff80050                strncat
 .text          0xfff8006d        0xb c:/renesas/gcc/redhat/gnurx-elf/8.3.0.202004/rx-elf/rx-elf/bin/../lib/gcc/rx-elf/8.3.0.202004-GNURX/../../../../rx-elf/lib/no-fpu-libs\libc_nano.a(lib_a-strncpy.o)
                0xfff8006d                strncpy
 .text          0xfff80078        0xb c:/renesas/gcc/redhat/gnurx-elf/8.3.0.202004/rx-elf/rx-elf/bin/../lib/gcc/rx-elf/8.3.0.202004-GNURX/../../../../rx-elf/lib/no-fpu-libs\libc_nano.a(lib_a-memchr.o)
                0xfff80078                memchr
 .text          0xfff80083        0x7 c:/renesas/gcc/redhat/gnurx-elf/8.3.0.202004/rx-elf/rx-elf/bin/../lib/gcc/rx-elf/8.3.0.202004-GNURX/../../../../rx-elf/lib/no-fpu-libs\libc_nano.a(lib_a-memcpy.o)
                0xfff80083                memcpy
 .text          0xfff8008a       0x18 c:/renesas/gcc/redhat/gnurx-elf/8.3.0.202004/rx-elf/rx-elf/bin/../lib/gcc/rx-elf/8.3.0.202004-GNURX/../../../../rx-elf/lib/no-fpu-libs\libc_nano.a(lib_a-memmove.o)
                0xfff8008a                memmove
 *(.text.*ISR)
 *fill*         0xfff800a2        0x2 
 .text.xNotifyTaskFromISR
                0xfff800a4       0xb8 ./src/FreeRTOS_Demo/Full_Demo/Standard_Demo_Tasks/TaskNotify.o
                0xfff800a4                xNotifyTaskFromISR
 .text.xNotifyArrayTaskFromISR
                0xfff8015c       0xa8 ./src/FreeRTOS_Demo/Full_Demo/Standard_Demo_Tasks/TaskNotifyArray.o
                0xfff8015c                xNotifyArrayTaskFromISR
 .text.prvIntQTimer_0_1_ISR
                0xfff80204       0x24 ./src/FreeRTOS_Demo/Full_Demo/IntQueueTimer.o
                0xfff80204                $tableentry$174$.rvectors
 .text.prvIntQTimer_2_3_ISR
                0xfff80228       0x24 ./src/FreeRTOS_Demo/Full_Demo/IntQueueTimer.o
                0xfff80228                $tableentry$180$.rvectors
 .text.vSoftwareInterruptISR
                0xfff8024c       0x56 ./src/FreeRTOS/Source/portable/GCC/RX/port.o
                0xfff8024c                $tableentry$27$.rvectors
                0xfff8024c                vSoftwareInterruptISR
 .text.vTickISR
                0xfff802a2       0x28 ./src/FreeRTOS/Source/portable/GCC/RX/port.o
                0xfff802a2                $tableentry$28$.rvectors
                0xfff802a2                vTickISR
 .text.xEventGroupClearBitsFromISR
                0xfff802ca       0x10 ./src/FreeRTOS/Source/event_groups.o
                0xfff802ca                xEventGroupClearBitsFromISR
 *fill*         0xfff802da        0x2 
 .text.xEventGroupGetBitsFromISR
                0xfff802dc       0x24 ./src/FreeRTOS/Source/event_groups.o
                0xfff802dc                xEventGroupGetBitsFromISR
 .text.xEventGroupSetBitsFromISR
                0xfff80300       0x10 ./src/FreeRTOS/Source/event_groups.o
                0xfff80300                xEventGroupSetBitsFromISR
 .text.xQueueGenericSendFromISR
                0xfff80310       0xf8 ./src/FreeRTOS/Source/queue.o
                0xfff80310                xQueueGenericSendFromISR
 .text.xQueueGiveFromISR
                0xfff80408       0xd8 ./src/FreeRTOS/Source/queue.o
                0xfff80408                xQueueGiveFromISR
 .text.xQueueReceiveFromISR
                0xfff804e0       0xc8 ./src/FreeRTOS/Source/queue.o
                0xfff804e0                xQueueReceiveFromISR
 .text.xQueuePeekFromISR
                0xfff805a8       0x98 ./src/FreeRTOS/Source/queue.o
                0xfff805a8                xQueuePeekFromISR
 .text.uxQueueMessagesWaitingFromISR
                0xfff80640       0x14 ./src/FreeRTOS/Source/queue.o
                0xfff80640                uxQueueMessagesWaitingFromISR
 .text.xQueueIsQueueEmptyFromISR
                0xfff80654       0x1e ./src/FreeRTOS/Source/queue.o
                0xfff80654                xQueueIsQueueEmptyFromISR
 .text.xQueueIsQueueFullFromISR
                0xfff80672       0x23 ./src/FreeRTOS/Source/queue.o
                0xfff80672                xQueueIsQueueFullFromISR
 *fill*         0xfff80695        0x3 
 .text.xQueueSelectFromSetFromISR
                0xfff80698       0xb4 ./src/FreeRTOS/Source/queue.o
                0xfff80698                xQueueSelectFromSetFromISR
 .text.xStreamBufferSendFromISR
                0xfff8074c      0x1d0 ./src/FreeRTOS/Source/stream_buffer.o
                0xfff8074c                xStreamBufferSendFromISR
 .text.xStreamBufferReceiveFromISR
                0xfff8091c       0xb8 ./src/FreeRTOS/Source/stream_buffer.o
                0xfff8091c                xStreamBufferReceiveFromISR
 .text.xStreamBufferSendCompletedFromISR
                0xfff809d4       0x60 ./src/FreeRTOS/Source/stream_buffer.o
                0xfff809d4                xStreamBufferSendCompletedFromISR
 .text.xStreamBufferReceiveCompletedFromISR
                0xfff80a34       0x60 ./src/FreeRTOS/Source/stream_buffer.o
                0xfff80a34                xStreamBufferReceiveCompletedFromISR
 .text.uxTaskPriorityGetFromISR
                0xfff80a94       0x4c ./src/FreeRTOS/Source/tasks.o
                0xfff80a94                uxTaskPriorityGetFromISR
 .text.xTaskResumeFromISR
                0xfff80ae0       0xec ./src/FreeRTOS/Source/tasks.o
                0xfff80ae0                xTaskResumeFromISR
 .text.xTaskGetTickCountFromISR
                0xfff80bcc       0x1e ./src/FreeRTOS/Source/tasks.o
                0xfff80bcc                xTaskGetTickCountFromISR
 *fill*         0xfff80bea        0x2 
 .text.xTaskGenericNotifyFromISR
                0xfff80bec      0x17c ./src/FreeRTOS/Source/tasks.o
                0xfff80bec                xTaskGenericNotifyFromISR
 .text.vTaskGenericNotifyGiveFromISR
                0xfff80d68       0xe8 ./src/FreeRTOS/Source/tasks.o
                0xfff80d68                vTaskGenericNotifyGiveFromISR
 .text.xTimerPendFunctionCallFromISR
                0xfff80e50       0x22 ./src/FreeRTOS/Source/timers.o
                0xfff80e50                xTimerPendFunctionCallFromISR
 *(.text.*_isr)
 .text.sci1_txi1_isr
                0xfff80e72       0x14 ./src/smc_gen/r_sci_rx/src/targets/rx130/r_sci_rx130.o
                0xfff80e72                $tableentry$220$.rvectors
 .text.sci1_tei1_isr
                0xfff80e86       0x14 ./src/smc_gen/r_sci_rx/src/targets/rx130/r_sci_rx130.o
                0xfff80e86                $tableentry$221$.rvectors
 .text.sci1_rxi1_isr
                0xfff80e9a       0x14 ./src/smc_gen/r_sci_rx/src/targets/rx130/r_sci_rx130.o
                0xfff80e9a                $tableentry$219$.rvectors
 .text.sci1_eri1_isr
                0xfff80eae       0x14 ./src/smc_gen/r_sci_rx/src/targets/rx130/r_sci_rx130.o
                0xfff80eae                $tableentry$218$.rvectors
 *fill*         0xfff80ec2        0x2 
 .text.excep_supervisor_inst_isr
                0xfff80ec4       0x28 ./src/smc_gen/r_bsp/mcu/all/r_bsp_interrupts.o
                0xfff80ec4                excep_supervisor_inst_isr
 .text.excep_undefined_inst_isr
                0xfff80eec       0x28 ./src/smc_gen/r_bsp/mcu/all/r_bsp_interrupts.o
                0xfff80eec                excep_undefined_inst_isr
 .text.non_maskable_isr
                0xfff80f14       0xb8 ./src/smc_gen/r_bsp/mcu/all/r_bsp_interrupts.o
                0xfff80f14                non_maskable_isr
 .text.undefined_interrupt_source_isr
                0xfff80fcc       0x28 ./src/smc_gen/r_bsp/mcu/all/r_bsp_interrupts.o
                0xfff80fcc                undefined_interrupt_source_isr
                0xfff80fcc                $tableentry$default$.rvectors
 .text.bus_error_isr
                0xfff80ff4       0x2c ./src/smc_gen/r_bsp/mcu/all/r_bsp_interrupts.o
                0xfff80ff4                $tableentry$16$.rvectors
                0xfff80ff4                bus_error_isr
 *(.text.*_interrupt)
 *(.text.*)
 .text.R_DTC_Open
                0xfff81020       0x8c ./src/smc_workaround/r_dtc_rx_patch/r_dtc_rx.o
                0xfff81020                R_DTC_Open
 .text.R_DTC_Create
                0xfff810ac      0x150 ./src/smc_workaround/r_dtc_rx_patch/r_dtc_rx.o
                0xfff810ac                R_DTC_Create
 .text.R_DTC_Control
                0xfff811fc      0x274 ./src/smc_workaround/r_dtc_rx_patch/r_dtc_rx.o
                0xfff811fc                R_DTC_Control
 .text.r_dtc_module_enable
                0xfff81470       0x2f ./src/smc_workaround/r_dtc_rx_patch/r_dtc_rx_target.o
                0xfff81470                r_dtc_module_enable
 .text.malloc   0xfff8149f        0x4 ./src/smc_workaround/FIT_patch.o
                0xfff8149f                malloc
 .text.sbrk     0xfff814a3        0x4 ./src/smc_workaround/FIT_patch.o
                0xfff814a3                sbrk
 .text.U_SCI_Control_EXT
                0xfff814a7       0x48 ./src/smc_workaround/u_sci_rx_ext.o
                0xfff814a7                U_SCI_Control_EXT
 *fill*         0xfff814ef        0x1 
 .text.sci_init_bit_rate.part.0
                0xfff814f0      0x224 ./src/smc_gen/r_sci_rx/src/targets/rx130/r_sci_rx130.o
 .text.sci_mcu_param_check
                0xfff81714       0x16 ./src/smc_gen/r_sci_rx/src/targets/rx130/r_sci_rx130.o
                0xfff81714                sci_mcu_param_check
 *fill*         0xfff8172a        0x2 
 .text.sci_init_register
                0xfff8172c       0x80 ./src/smc_gen/r_sci_rx/src/targets/rx130/r_sci_rx130.o
                0xfff8172c                sci_init_register
 .text.sci_init_bit_rate
                0xfff817ac        0xf ./src/smc_gen/r_sci_rx/src/targets/rx130/r_sci_rx130.o
                0xfff817ac                sci_init_bit_rate
 .text.sci_initialize_ints
                0xfff817bb       0x84 ./src/smc_gen/r_sci_rx/src/targets/rx130/r_sci_rx130.o
                0xfff817bb                sci_initialize_ints
 *fill*         0xfff8183f        0x1 
 .text.sci_async_cmds
                0xfff81840      0x20c ./src/smc_gen/r_sci_rx/src/targets/rx130/r_sci_rx130.o
                0xfff81840                sci_async_cmds
 .text.R_SCI_Open
                0xfff81a4c      0x1cc ./src/smc_gen/r_sci_rx/src/r_sci_rx.o
                0xfff81a4c                R_SCI_Open
 .text.R_SCI_Send
                0xfff81c18       0xa0 ./src/smc_gen/r_sci_rx/src/r_sci_rx.o
                0xfff81c18                R_SCI_Send
 .text.txi_handler
                0xfff81cb8       0x4c ./src/smc_gen/r_sci_rx/src/r_sci_rx.o
                0xfff81cb8                txi_handler
 .text.tei_handler
                0xfff81d04       0x32 ./src/smc_gen/r_sci_rx/src/r_sci_rx.o
                0xfff81d04                tei_handler
 *fill*         0xfff81d36        0x2 
 .text.rxi_handler
                0xfff81d38       0x40 ./src/smc_gen/r_sci_rx/src/r_sci_rx.o
                0xfff81d38                rxi_handler
 .text.eri_handler
                0xfff81d78       0x70 ./src/smc_gen/r_sci_rx/src/r_sci_rx.o
                0xfff81d78                eri_handler
 .text.R_SCI_Control
                0xfff81de8       0xd0 ./src/smc_gen/r_sci_rx/src/r_sci_rx.o
                0xfff81de8                R_SCI_Control
 .text.R_SCI_PinSet_SCI1
                0xfff81eb8       0x29 ./src/smc_gen/r_pincfg/r_sci_rx_pinset.o
                0xfff81eb8                R_SCI_PinSet_SCI1
 .text.R_GPIO_PinWrite
                0xfff81ee1       0x23 ./src/smc_gen/r_gpio_rx/src/r_gpio_rx.o
                0xfff81ee1                R_GPIO_PinWrite
 .text.R_GPIO_PinDirectionSet
                0xfff81f04       0x23 ./src/smc_gen/r_gpio_rx/src/r_gpio_rx.o
                0xfff81f04                R_GPIO_PinDirectionSet
 *fill*         0xfff81f27        0x1 
 .text.R_GPIO_PinControl
                0xfff81f28      0x1f0 ./src/smc_gen/r_gpio_rx/src/r_gpio_rx.o
                0xfff81f28                R_GPIO_PinControl
 .text.R_BYTEQ_Open
                0xfff82118       0x7c ./src/smc_gen/r_byteq/src/r_byteq.o
                0xfff82118                R_BYTEQ_Open
 .text.R_BYTEQ_Put
                0xfff82194       0x38 ./src/smc_gen/r_byteq/src/r_byteq.o
                0xfff82194                R_BYTEQ_Put
 .text.R_BYTEQ_Get
                0xfff821cc       0x40 ./src/smc_gen/r_byteq/src/r_byteq.o
                0xfff821cc                R_BYTEQ_Get
 .text.R_BYTEQ_Flush
                0xfff8220c       0x10 ./src/smc_gen/r_byteq/src/r_byteq.o
                0xfff8220c                R_BYTEQ_Flush
 .text.R_BYTEQ_Used
                0xfff8221c       0x12 ./src/smc_gen/r_byteq/src/r_byteq.o
                0xfff8221c                R_BYTEQ_Used
 .text.R_BYTEQ_Unused
                0xfff8222e       0x19 ./src/smc_gen/r_byteq/src/r_byteq.o
                0xfff8222e                R_BYTEQ_Unused
 .text.get_iclk_freq_hz
                0xfff82247       0xa2 ./src/smc_gen/r_bsp/mcu/rx130/mcu_clocks.o
                0xfff82247                get_iclk_freq_hz
 *fill*         0xfff822e9        0x3 
 .text.mcu_clock_setup
                0xfff822ec      0x10c ./src/smc_gen/r_bsp/mcu/rx130/mcu_clocks.o
                0xfff822ec                mcu_clock_setup
 .text.bsp_non_existent_port_init
                0xfff823f8       0x87 ./src/smc_gen/r_bsp/mcu/rx130/mcu_init.o
                0xfff823f8                bsp_non_existent_port_init
 .text.bsp_interrupt_enable_disable
                0xfff8247f       0x5f ./src/smc_gen/r_bsp/mcu/rx130/mcu_interrupts.o
                0xfff8247f                bsp_interrupt_enable_disable
 *fill*         0xfff824de        0x2 
 .text.charput  0xfff824e0       0x1c ./src/smc_gen/r_bsp/mcu/all/lowlvl.o
                0xfff824e0                charput
 .text.delay_wait
                0xfff824fc        0x9 ./src/smc_gen/r_bsp/mcu/all/r_bsp_common.o
 *fill*         0xfff82505        0x3 
 .text.R_BSP_SoftwareDelay
                0xfff82508       0xe8 ./src/smc_gen/r_bsp/mcu/all/r_bsp_common.o
                0xfff82508                R_BSP_SoftwareDelay
 .text.R_BSP_CpuInterruptLevelRead
                0xfff825f0        0x8 ./src/smc_gen/r_bsp/mcu/all/r_bsp_cpu.o
                0xfff825f0                R_BSP_CpuInterruptLevelRead
 .text.R_BSP_CpuInterruptLevelWrite
                0xfff825f8       0x9c ./src/smc_gen/r_bsp/mcu/all/r_bsp_cpu.o
                0xfff825f8                R_BSP_CpuInterruptLevelWrite
 .text.R_BSP_RegisterProtectEnable
                0xfff82694       0x7c ./src/smc_gen/r_bsp/mcu/all/r_bsp_cpu.o
                0xfff82694                R_BSP_RegisterProtectEnable
 .text.R_BSP_RegisterProtectDisable
                0xfff82710       0x74 ./src/smc_gen/r_bsp/mcu/all/r_bsp_cpu.o
                0xfff82710                R_BSP_RegisterProtectDisable
 .text.bsp_register_protect_open
                0xfff82784       0x16 ./src/smc_gen/r_bsp/mcu/all/r_bsp_cpu.o
                0xfff82784                bsp_register_protect_open
 .text.bsp_ram_initialize
                0xfff8279a        0xe ./src/smc_gen/r_bsp/mcu/all/r_bsp_cpu.o
                0xfff8279a                bsp_ram_initialize
 .text.R_BSP_InterruptControl.part.1
                0xfff827a8       0x21 ./src/smc_gen/r_bsp/mcu/all/r_bsp_interrupts.o
 .text.R_BSP_InterruptRequestEnable
                0xfff827c9       0x10 ./src/smc_gen/r_bsp/mcu/all/r_bsp_interrupts.o
                0xfff827c9                R_BSP_InterruptRequestEnable
 .text.R_BSP_InterruptRequestDisable
                0xfff827d9       0x10 ./src/smc_gen/r_bsp/mcu/all/r_bsp_interrupts.o
                0xfff827d9                R_BSP_InterruptRequestDisable
 .text.bsp_interrupt_open
                0xfff827e9       0x4c ./src/smc_gen/r_bsp/mcu/all/r_bsp_interrupts.o
                0xfff827e9                bsp_interrupt_open
 .text.R_BSP_InterruptWrite
                0xfff82835       0x1a ./src/smc_gen/r_bsp/mcu/all/r_bsp_interrupts.o
                0xfff82835                R_BSP_InterruptWrite
 *fill*         0xfff8284f        0x1 
 .text.R_BSP_InterruptControl
                0xfff82850       0x98 ./src/smc_gen/r_bsp/mcu/all/r_bsp_interrupts.o
                0xfff82850                R_BSP_InterruptControl
 .text.R_BSP_HardwareLock
                0xfff828e8       0x27 ./src/smc_gen/r_bsp/mcu/all/r_bsp_locking.o
                0xfff828e8                R_BSP_HardwareLock
 .text.R_BSP_HardwareUnlock
                0xfff8290f       0x12 ./src/smc_gen/r_bsp/mcu/all/r_bsp_locking.o
                0xfff8290f                R_BSP_HardwareUnlock
 .text.R_BSP_BitSet
                0xfff82921        0x4 ./src/smc_gen/r_bsp/mcu/all/r_rx_intrinsic_functions.o
                0xfff82921                R_BSP_BitSet
 .text.R_BSP_BitClear
                0xfff82925        0x4 ./src/smc_gen/r_bsp/mcu/all/r_rx_intrinsic_functions.o
                0xfff82925                R_BSP_BitClear
 *fill*         0xfff82929        0x3 
 .text.PowerON_Reset_PC_Prg
                0xfff8292c       0x4c ./src/smc_gen/r_bsp/mcu/all/resetprg.o
                0xfff8292c                PowerON_Reset_PC_Prg
 .text.hardware_setup
                0xfff82978        0xa ./src/smc_gen/r_bsp/board/generic_rx130/hwsetup.o
                0xfff82978                hardware_setup
 .text.r_undefined_exception
                0xfff82982        0x1 ./src/smc_gen/general/r_cg_hardware_setup.o
                0xfff82982                r_undefined_exception
 .text.R_FIT_Board_Support_Settings
                0xfff82983       0x65 ./src/smc_gen/general/r_cg_hardware_setup.o
                0xfff82983                R_FIT_Board_Support_Settings
 .text.R_Systeminit
                0xfff829e8       0x46 ./src/smc_gen/general/r_cg_hardware_setup.o
                0xfff829e8                R_Systeminit
 .text.R_CGC_Create
                0xfff82a2e        0x4 ./src/smc_gen/general/r_smc_cgc.o
                0xfff82a2e                R_CGC_Create
 .text.R_CGC_Create_UserInit
                0xfff82a32        0x1 ./src/smc_gen/general/r_smc_cgc_user.o
                0xfff82a32                R_CGC_Create_UserInit
 .text.vApplicationSetupTimerInterrupt
                0xfff82a33       0x53 ./src/frtos_startup/freertos_start.o
                0xfff82a33                vApplicationSetupTimerInterrupt
 *fill*         0xfff82a86        0x2 
 .text.vAssertCalled
                0xfff82a88       0x60 ./src/frtos_startup/freertos_start.o
                0xfff82a88                vAssertCalled
 .text.vApplicationIdleHook
                0xfff82ae8        0xc ./src/frtos_startup/freertos_start.o
                0xfff82ae8                vApplicationIdleHook
 .text.vApplicationTickHook
                0xfff82af4        0x4 ./src/frtos_startup/freertos_start.o
                0xfff82af4                vApplicationTickHook
 .text.vPrintString
                0xfff82af8       0x28 ./src/frtos_startup/freertos_start.o
                0xfff82af8                vPrintString
 .text.vApplicationMallocFailedHook
                0xfff82b20       0x2c ./src/frtos_startup/freertos_start.o
                0xfff82b20                vApplicationMallocFailedHook
 .text.vApplicationStackOverflowHook
                0xfff82b4c       0x2c ./src/frtos_startup/freertos_start.o
                0xfff82b4c                vApplicationStackOverflowHook
 .text.Processing_Before_Start_Kernel
                0xfff82b78       0x40 ./src/frtos_startup/freertos_start.o
                0xfff82b78                Processing_Before_Start_Kernel
 .text.vToggleLED
                0xfff82bb8       0x1b ./src/frtos_startup/freertos_start.o
                0xfff82bb8                vToggleLED
 *fill*         0xfff82bd3        0x1 
 .text.vSendString
                0xfff82bd4       0x28 ./src/frtos_startup/freertos_start.o
                0xfff82bd4                vSendString
 .text.vBlockingQueueProducer
                0xfff82bfc       0x38 ./src/FreeRTOS_Demo/Full_Demo/Standard_Demo_Tasks/BlockQ.o
 .text.vBlockingQueueConsumer
                0xfff82c34       0x3c ./src/FreeRTOS_Demo/Full_Demo/Standard_Demo_Tasks/BlockQ.o
 .text.vStartBlockingQueueTasks
                0xfff82c70      0x147 ./src/FreeRTOS_Demo/Full_Demo/Standard_Demo_Tasks/BlockQ.o
                0xfff82c70                vStartBlockingQueueTasks
 .text.xAreBlockingQueuesStillRunning
                0xfff82db7       0x89 ./src/FreeRTOS_Demo/Full_Demo/Standard_Demo_Tasks/BlockQ.o
                0xfff82db7                xAreBlockingQueuesStillRunning
 .text.prvSyncTask
                0xfff82e40       0xe0 ./src/FreeRTOS_Demo/Full_Demo/Standard_Demo_Tasks/EventGroupsDemo.o
 .text.prvTestSlaveTask
                0xfff82f20      0x114 ./src/FreeRTOS_Demo/Full_Demo/Standard_Demo_Tasks/EventGroupsDemo.o
 .text.prvTestMasterTask
                0xfff83034      0x3c4 ./src/FreeRTOS_Demo/Full_Demo/Standard_Demo_Tasks/EventGroupsDemo.o
 .text.vStartEventGroupTasks
                0xfff833f8       0xa8 ./src/FreeRTOS_Demo/Full_Demo/Standard_Demo_Tasks/EventGroupsDemo.o
                0xfff833f8                vStartEventGroupTasks
 .text.vPeriodicEventGroupsProcessing
                0xfff834a0       0xa8 ./src/FreeRTOS_Demo/Full_Demo/Standard_Demo_Tasks/EventGroupsDemo.o
                0xfff834a0                vPeriodicEventGroupsProcessing
 .text.xAreEventGroupTasksStillRunning
                0xfff83548       0x6a ./src/FreeRTOS_Demo/Full_Demo/Standard_Demo_Tasks/EventGroupsDemo.o
                0xfff83548                xAreEventGroupTasksStillRunning
 *fill*         0xfff835b2        0x2 
 .text.prvMediumPriorityMutexTask
                0xfff835b4       0x18 ./src/FreeRTOS_Demo/Full_Demo/Standard_Demo_Tasks/GenQTest.o
 .text.prvHighPriorityMutexTask
                0xfff835cc       0x60 ./src/FreeRTOS_Demo/Full_Demo/Standard_Demo_Tasks/GenQTest.o
 .text.prvLowPriorityMutexTask
                0xfff8362c      0x1ac ./src/FreeRTOS_Demo/Full_Demo/Standard_Demo_Tasks/GenQTest.o
 .text.prvSendFrontAndBackTest
                0xfff837d8      0x25c ./src/FreeRTOS_Demo/Full_Demo/Standard_Demo_Tasks/GenQTest.o
 .text.vStartGenericQueueTasks
                0xfff83a34       0x98 ./src/FreeRTOS_Demo/Full_Demo/Standard_Demo_Tasks/GenQTest.o
                0xfff83a34                vStartGenericQueueTasks
 .text.xAreGenericQueueTasksStillRunning
                0xfff83acc       0x44 ./src/FreeRTOS_Demo/Full_Demo/Standard_Demo_Tasks/GenQTest.o
                0xfff83acc                xAreGenericQueueTasksStillRunning
 .text.prv2ndHigherPriorityNormallyFullTask
                0xfff83b10       0x94 ./src/FreeRTOS_Demo/Full_Demo/Standard_Demo_Tasks/IntQueue.o
 .text.prv1stHigherPriorityNormallyFullTask
                0xfff83ba4      0x158 ./src/FreeRTOS_Demo/Full_Demo/Standard_Demo_Tasks/IntQueue.o
 .text.prvLowerPriorityNormallyFullTask
                0xfff83cfc       0xb0 ./src/FreeRTOS_Demo/Full_Demo/Standard_Demo_Tasks/IntQueue.o
 .text.prvLowerPriorityNormallyEmptyTask
                0xfff83dac       0xc0 ./src/FreeRTOS_Demo/Full_Demo/Standard_Demo_Tasks/IntQueue.o
 .text.prvHigherPriorityNormallyEmptyTask
                0xfff83e6c      0x174 ./src/FreeRTOS_Demo/Full_Demo/Standard_Demo_Tasks/IntQueue.o
 .text.vStartInterruptQueueTasks
                0xfff83fe0       0xda ./src/FreeRTOS_Demo/Full_Demo/Standard_Demo_Tasks/IntQueue.o
                0xfff83fe0                vStartInterruptQueueTasks
 *fill*         0xfff840ba        0x2 
 .text.xFirstTimerHandler
                0xfff840bc      0x1b8 ./src/FreeRTOS_Demo/Full_Demo/Standard_Demo_Tasks/IntQueue.o
                0xfff840bc                xFirstTimerHandler
 .text.xSecondTimerHandler
                0xfff84274      0x274 ./src/FreeRTOS_Demo/Full_Demo/Standard_Demo_Tasks/IntQueue.o
                0xfff84274                xSecondTimerHandler
 .text.xAreIntQueueTasksStillRunning
                0xfff844e8       0xa0 ./src/FreeRTOS_Demo/Full_Demo/Standard_Demo_Tasks/IntQueue.o
                0xfff844e8                xAreIntQueueTasksStillRunning
 .text.vInterruptCountingSemaphoreTask
                0xfff84588       0xa0 ./src/FreeRTOS_Demo/Full_Demo/Standard_Demo_Tasks/IntSemTest.o
 .text.vInterruptMutexMasterTask
                0xfff84628      0x1cc ./src/FreeRTOS_Demo/Full_Demo/Standard_Demo_Tasks/IntSemTest.o
 .text.vInterruptMutexSlaveTask
                0xfff847f4       0x64 ./src/FreeRTOS_Demo/Full_Demo/Standard_Demo_Tasks/IntSemTest.o
 .text.vStartInterruptSemaphoreTasks
                0xfff84858       0xcc ./src/FreeRTOS_Demo/Full_Demo/Standard_Demo_Tasks/IntSemTest.o
                0xfff84858                vStartInterruptSemaphoreTasks
 .text.vInterruptSemaphorePeriodicTest
                0xfff84924       0x7c ./src/FreeRTOS_Demo/Full_Demo/Standard_Demo_Tasks/IntSemTest.o
                0xfff84924                vInterruptSemaphorePeriodicTest
 .text.xAreInterruptSemaphoreTasksStillRunning
                0xfff849a0       0x48 ./src/FreeRTOS_Demo/Full_Demo/Standard_Demo_Tasks/IntSemTest.o
                0xfff849a0                xAreInterruptSemaphoreTasksStillRunning
 .text.prvQueueOverwriteTask
                0xfff849e8       0xb4 ./src/FreeRTOS_Demo/Full_Demo/Standard_Demo_Tasks/QueueOverwrite.o
 .text.vStartQueueOverwriteTask
                0xfff84a9c       0x35 ./src/FreeRTOS_Demo/Full_Demo/Standard_Demo_Tasks/QueueOverwrite.o
                0xfff84a9c                vStartQueueOverwriteTask
 .text.xIsQueueOverwriteTaskStillRunning
                0xfff84ad1       0x29 ./src/FreeRTOS_Demo/Full_Demo/Standard_Demo_Tasks/QueueOverwrite.o
                0xfff84ad1                xIsQueueOverwriteTaskStillRunning
 *fill*         0xfff84afa        0x2 
 .text.vQueueOverwritePeriodicISRDemo
                0xfff84afc       0xac ./src/FreeRTOS_Demo/Full_Demo/Standard_Demo_Tasks/QueueOverwrite.o
                0xfff84afc                vQueueOverwritePeriodicISRDemo
 .text.prvRand  0xfff84ba8       0x1a ./src/FreeRTOS_Demo/Full_Demo/Standard_Demo_Tasks/TaskNotify.o
 .text.prvNotifyingTimer
                0xfff84bc2       0x2d ./src/FreeRTOS_Demo/Full_Demo/Standard_Demo_Tasks/TaskNotify.o
 *fill*         0xfff84bef        0x1 
 .text.prvNotifiedTask
                0xfff84bf0      0x6c0 ./src/FreeRTOS_Demo/Full_Demo/Standard_Demo_Tasks/TaskNotify.o
 .text.prvSuspendedTaskTimerTestCallback
                0xfff852b0       0x68 ./src/FreeRTOS_Demo/Full_Demo/Standard_Demo_Tasks/TaskNotify.o
 .text.vStartTaskNotifyTask
                0xfff85318       0x2f ./src/FreeRTOS_Demo/Full_Demo/Standard_Demo_Tasks/TaskNotify.o
                0xfff85318                vStartTaskNotifyTask
 *fill*         0xfff85347        0x1 
 .text.xAreTaskNotificationTasksStillRunning
                0xfff85348       0x50 ./src/FreeRTOS_Demo/Full_Demo/Standard_Demo_Tasks/TaskNotify.o
                0xfff85348                xAreTaskNotificationTasksStillRunning
 .text.prvRand  0xfff85398       0x1a ./src/FreeRTOS_Demo/Full_Demo/Standard_Demo_Tasks/TaskNotifyArray.o
 .text.prvNotifyingTimerCallback
                0xfff853b2       0x32 ./src/FreeRTOS_Demo/Full_Demo/Standard_Demo_Tasks/TaskNotifyArray.o
 .text.prvNotifiedTask
                0xfff853e4      0xba4 ./src/FreeRTOS_Demo/Full_Demo/Standard_Demo_Tasks/TaskNotifyArray.o
 .text.prvSuspendedTaskTimerTestCallback
                0xfff85f88       0x7c ./src/FreeRTOS_Demo/Full_Demo/Standard_Demo_Tasks/TaskNotifyArray.o
 .text.vStartTaskNotifyArrayTask
                0xfff86004       0x8c ./src/FreeRTOS_Demo/Full_Demo/Standard_Demo_Tasks/TaskNotifyArray.o
                0xfff86004                vStartTaskNotifyArrayTask
 .text.xAreTaskNotificationArrayTasksStillRunning
                0xfff86090       0x64 ./src/FreeRTOS_Demo/Full_Demo/Standard_Demo_Tasks/TaskNotifyArray.o
                0xfff86090                xAreTaskNotificationArrayTasksStillRunning
 .text.prvISRAutoReloadTimerCallback
                0xfff860f4        0xd ./src/FreeRTOS_Demo/Full_Demo/Standard_Demo_Tasks/TimerDemo.o
 .text.prvISROneShotTimerCallback
                0xfff86101        0xd ./src/FreeRTOS_Demo/Full_Demo/Standard_Demo_Tasks/TimerDemo.o
 *fill*         0xfff8610e        0x2 
 .text.prvOneShotTimerCallback
                0xfff86110       0x3c ./src/FreeRTOS_Demo/Full_Demo/Standard_Demo_Tasks/TimerDemo.o
 .text.prvTimerTestTask
                0xfff8614c      0x600 ./src/FreeRTOS_Demo/Full_Demo/Standard_Demo_Tasks/TimerDemo.o
 .text.prvAutoReloadTimerCallback
                0xfff8674c       0x2b ./src/FreeRTOS_Demo/Full_Demo/Standard_Demo_Tasks/TimerDemo.o
 *fill*         0xfff86777        0x1 
 .text.vStartTimerDemoTask
                0xfff86778      0x184 ./src/FreeRTOS_Demo/Full_Demo/Standard_Demo_Tasks/TimerDemo.o
                0xfff86778                vStartTimerDemoTask
 .text.xAreTimerDemoTasksStillRunning
                0xfff868fc       0x64 ./src/FreeRTOS_Demo/Full_Demo/Standard_Demo_Tasks/TimerDemo.o
                0xfff868fc                xAreTimerDemoTasksStillRunning
 .text.vTimerPeriodicISRTests
                0xfff86960      0x334 ./src/FreeRTOS_Demo/Full_Demo/Standard_Demo_Tasks/TimerDemo.o
                0xfff86960                vTimerPeriodicISRTests
 .text.vSecondaryBlockTimeTestTask
                0xfff86c94       0x9c ./src/FreeRTOS_Demo/Full_Demo/Standard_Demo_Tasks/blocktim.o
 .text.vPrimaryBlockTimeTestTask
                0xfff86d30      0x324 ./src/FreeRTOS_Demo/Full_Demo/Standard_Demo_Tasks/blocktim.o
 .text.vCreateBlockTimeTasks
                0xfff87054       0x54 ./src/FreeRTOS_Demo/Full_Demo/Standard_Demo_Tasks/blocktim.o
                0xfff87054                vCreateBlockTimeTasks
 .text.xAreBlockTimeTestTasksStillRunning
                0xfff870a8       0x5c ./src/FreeRTOS_Demo/Full_Demo/Standard_Demo_Tasks/blocktim.o
                0xfff870a8                xAreBlockTimeTestTasksStillRunning
 .text.prvDecrementSemaphoreCount
                0xfff87104       0x9c ./src/FreeRTOS_Demo/Full_Demo/Standard_Demo_Tasks/countsem.o
 .text.prvCountingSemaphoreTask
                0xfff871a0       0xac ./src/FreeRTOS_Demo/Full_Demo/Standard_Demo_Tasks/countsem.o
 .text.vStartCountingSemaphoreTasks
                0xfff8724c       0x7c ./src/FreeRTOS_Demo/Full_Demo/Standard_Demo_Tasks/countsem.o
                0xfff8724c                vStartCountingSemaphoreTasks
 .text.xAreCountingSemaphoreTasksStillRunning
                0xfff872c8       0x48 ./src/FreeRTOS_Demo/Full_Demo/Standard_Demo_Tasks/countsem.o
                0xfff872c8                xAreCountingSemaphoreTasksStillRunning
 .text.vCreateTasks
                0xfff87310       0x7c ./src/FreeRTOS_Demo/Full_Demo/Standard_Demo_Tasks/death.o
 .text.vSuicidalTask
                0xfff8738c       0x5c ./src/FreeRTOS_Demo/Full_Demo/Standard_Demo_Tasks/death.o
 .text.vCreateSuicidalTasks
                0xfff873e8       0x1e ./src/FreeRTOS_Demo/Full_Demo/Standard_Demo_Tasks/death.o
                0xfff873e8                vCreateSuicidalTasks
 *fill*         0xfff87406        0x2 
 .text.xIsCreateTaskStillRunning
                0xfff87408       0x4c ./src/FreeRTOS_Demo/Full_Demo/Standard_Demo_Tasks/death.o
                0xfff87408                xIsCreateTaskStillRunning
 .text.vQueueReceiveWhenSuspendedTask
                0xfff87454       0x78 ./src/FreeRTOS_Demo/Full_Demo/Standard_Demo_Tasks/dynamic.o
 .text.vQueueSendWhenSuspendedTask
                0xfff874cc       0x48 ./src/FreeRTOS_Demo/Full_Demo/Standard_Demo_Tasks/dynamic.o
 .text.vLimitedIncrementTask
                0xfff87514       0x1c ./src/FreeRTOS_Demo/Full_Demo/Standard_Demo_Tasks/dynamic.o
 .text.vCounterControlTask
                0xfff87530       0xc4 ./src/FreeRTOS_Demo/Full_Demo/Standard_Demo_Tasks/dynamic.o
 .text.vContinuousIncrementTask
                0xfff875f4       0x74 ./src/FreeRTOS_Demo/Full_Demo/Standard_Demo_Tasks/dynamic.o
 .text.vStartDynamicPriorityTasks
                0xfff87668       0xb4 ./src/FreeRTOS_Demo/Full_Demo/Standard_Demo_Tasks/dynamic.o
                0xfff87668                vStartDynamicPriorityTasks
 .text.xAreDynamicPriorityTasksStillRunning
                0xfff8771c       0x58 ./src/FreeRTOS_Demo/Full_Demo/Standard_Demo_Tasks/dynamic.o
                0xfff8771c                xAreDynamicPriorityTasksStillRunning
 .text.vCompetingMathTask1
                0xfff87774       0x8c ./src/FreeRTOS_Demo/Full_Demo/Standard_Demo_Tasks/flop.o
 .text.vCompetingMathTask2
                0xfff87800       0x8c ./src/FreeRTOS_Demo/Full_Demo/Standard_Demo_Tasks/flop.o
 .text.vCompetingMathTask4
                0xfff8788c      0x160 ./src/FreeRTOS_Demo/Full_Demo/Standard_Demo_Tasks/flop.o
 .text.vCompetingMathTask3
                0xfff879ec      0x16c ./src/FreeRTOS_Demo/Full_Demo/Standard_Demo_Tasks/flop.o
 .text.vStartMathTasks
                0xfff87b58       0x81 ./src/FreeRTOS_Demo/Full_Demo/Standard_Demo_Tasks/flop.o
                0xfff87b58                vStartMathTasks
 *fill*         0xfff87bd9        0x3 
 .text.xAreMathsTaskStillRunning
                0xfff87bdc       0x4c ./src/FreeRTOS_Demo/Full_Demo/Standard_Demo_Tasks/flop.o
                0xfff87bdc                xAreMathsTaskStillRunning
 .text.prvRecursiveMutexPollingTask
                0xfff87c28       0xcc ./src/FreeRTOS_Demo/Full_Demo/Standard_Demo_Tasks/recmutex.o
 .text.prvRecursiveMutexBlockingTask
                0xfff87cf4       0x70 ./src/FreeRTOS_Demo/Full_Demo/Standard_Demo_Tasks/recmutex.o
 .text.prvRecursiveMutexControllingTask
                0xfff87d64       0x98 ./src/FreeRTOS_Demo/Full_Demo/Standard_Demo_Tasks/recmutex.o
 .text.vStartRecursiveMutexTasks
                0xfff87dfc       0x70 ./src/FreeRTOS_Demo/Full_Demo/Standard_Demo_Tasks/recmutex.o
                0xfff87dfc                vStartRecursiveMutexTasks
 .text.xAreRecursiveMutexTasksStillRunning
                0xfff87e6c       0x94 ./src/FreeRTOS_Demo/Full_Demo/Standard_Demo_Tasks/recmutex.o
                0xfff87e6c                xAreRecursiveMutexTasksStillRunning
 .text.prvSemaphoreTest
                0xfff87f00       0xd0 ./src/FreeRTOS_Demo/Full_Demo/Standard_Demo_Tasks/semtest.o
 .text.vStartSemaphoreTasks
                0xfff87fd0       0xdc ./src/FreeRTOS_Demo/Full_Demo/Standard_Demo_Tasks/semtest.o
                0xfff87fd0                vStartSemaphoreTasks
 .text.xAreSemaphoreTasksStillRunning
                0xfff880ac       0x5a ./src/FreeRTOS_Demo/Full_Demo/Standard_Demo_Tasks/semtest.o
                0xfff880ac                xAreSemaphoreTasksStillRunning
 .text.prvHelpCommand
                0xfff88106       0x3e ./src/FreeRTOS_Demo/Full_Demo/FreeRTOS-Plus-CLI/FreeRTOS_CLI.o
 .text.FreeRTOS_CLIRegisterCommand
                0xfff88144       0x50 ./src/FreeRTOS_Demo/Full_Demo/FreeRTOS-Plus-CLI/FreeRTOS_CLI.o
                0xfff88144                FreeRTOS_CLIRegisterCommand
 .text.FreeRTOS_CLIProcessCommand
                0xfff88194       0xdc ./src/FreeRTOS_Demo/Full_Demo/FreeRTOS-Plus-CLI/FreeRTOS_CLI.o
                0xfff88194                FreeRTOS_CLIProcessCommand
 .text.FreeRTOS_CLIGetOutputBuffer
                0xfff88270        0x7 ./src/FreeRTOS_Demo/Full_Demo/FreeRTOS-Plus-CLI/FreeRTOS_CLI.o
                0xfff88270                FreeRTOS_CLIGetOutputBuffer
 *fill*         0xfff88277        0x1 
 .text.FreeRTOS_CLIGetParameter
                0xfff88278       0x5c ./src/FreeRTOS_Demo/Full_Demo/FreeRTOS-Plus-CLI/FreeRTOS_CLI.o
                0xfff88278                FreeRTOS_CLIGetParameter
 .text.vInitialiseTimerForIntQueueTest
                0xfff882d4       0xc6 ./src/FreeRTOS_Demo/Full_Demo/IntQueueTimer.o
                0xfff882d4                vInitialiseTimerForIntQueueTest
 *fill*         0xfff8839a        0x2 
 .text.prvQueryHeapCommand
                0xfff8839c       0x34 ./src/FreeRTOS_Demo/Full_Demo/Sample-CLI-commands.o
 .text.prvParameterEchoCommand
                0xfff883d0       0x90 ./src/FreeRTOS_Demo/Full_Demo/Sample-CLI-commands.o
 .text.prvThreeParameterEchoCommand
                0xfff88460       0x94 ./src/FreeRTOS_Demo/Full_Demo/Sample-CLI-commands.o
 .text.prvTaskStatsCommand
                0xfff884f4       0x44 ./src/FreeRTOS_Demo/Full_Demo/Sample-CLI-commands.o
 .text.vRegisterSampleCLICommands
                0xfff88538       0x28 ./src/FreeRTOS_Demo/Full_Demo/Sample-CLI-commands.o
                0xfff88538                vRegisterSampleCLICommands
 .text.prvUARTCommandConsoleTask
                0xfff88560      0x160 ./src/FreeRTOS_Demo/Full_Demo/UARTCommandConsole.o
 .text.vUARTCommandConsoleStart
                0xfff886c0       0x56 ./src/FreeRTOS_Demo/Full_Demo/UARTCommandConsole.o
                0xfff886c0                vUARTCommandConsoleStart
 .text.prvRegTest1Implementation
                0xfff88716       0xbf ./src/FreeRTOS_Demo/Full_Demo/main_full.o
 .text.prvRegTest2Implementation
                0xfff887d5       0xd0 ./src/FreeRTOS_Demo/Full_Demo/main_full.o
 *fill*         0xfff888a5        0x3 
 .text.prvCheckTask
                0xfff888a8      0x154 ./src/FreeRTOS_Demo/Full_Demo/main_full.o
 .text.prvPseudoRandomiser
                0xfff889fc       0x50 ./src/FreeRTOS_Demo/Full_Demo/main_full.o
 .text.prvRegTestTaskEntry2
                0xfff88a4c       0x17 ./src/FreeRTOS_Demo/Full_Demo/main_full.o
 .text.prvRegTestTaskEntry1
                0xfff88a63       0x17 ./src/FreeRTOS_Demo/Full_Demo/main_full.o
 *fill*         0xfff88a7a        0x2 
 .text.main_full
                0xfff88a7c       0xdc ./src/FreeRTOS_Demo/Full_Demo/main_full.o
                0xfff88a7c                main_full
 .text.vFullDemoTickHook
                0xfff88b58       0x18 ./src/FreeRTOS_Demo/Full_Demo/main_full.o
                0xfff88b58                vFullDemoTickHook
 .text.vSerialSciCallback
                0xfff88b70       0x68 ./src/FreeRTOS_Demo/Full_Demo/serial.o
                0xfff88b70                vSerialSciCallback
 .text.xSerialPortInitMinimal
                0xfff88bd8       0x4c ./src/FreeRTOS_Demo/Full_Demo/serial.o
                0xfff88bd8                xSerialPortInitMinimal
 .text.vSerialPutString
                0xfff88c24       0xac ./src/FreeRTOS_Demo/Full_Demo/serial.o
                0xfff88c24                vSerialPutString
 .text.xSerialGetChar
                0xfff88cd0        0xc ./src/FreeRTOS_Demo/Full_Demo/serial.o
                0xfff88cd0                xSerialGetChar
 .text.xSerialPutChar
                0xfff88cdc       0x46 ./src/FreeRTOS_Demo/Full_Demo/serial.o
                0xfff88cdc                xSerialPutChar
 *fill*         0xfff88d22        0x2 
 .text.pvPortMalloc
                0xfff88d24      0x1ac ./src/FreeRTOS/Source/portable/MemMang/heap_4.o
                0xfff88d24                pvPortMalloc
 .text.vPortFree
                0xfff88ed0       0xcc ./src/FreeRTOS/Source/portable/MemMang/heap_4.o
                0xfff88ed0                vPortFree
 .text.xPortGetFreeHeapSize
                0xfff88f9c        0x9 ./src/FreeRTOS/Source/portable/MemMang/heap_4.o
                0xfff88f9c                xPortGetFreeHeapSize
 .text.xPortGetMinimumEverFreeHeapSize
                0xfff88fa5        0x9 ./src/FreeRTOS/Source/portable/MemMang/heap_4.o
                0xfff88fa5                xPortGetMinimumEverFreeHeapSize
 .text.prvStartFirstTask
                0xfff88fae       0x1c ./src/FreeRTOS/Source/portable/GCC/RX/port.o
 .text.pxPortInitialiseStack
                0xfff88fca       0x2f ./src/FreeRTOS/Source/portable/GCC/RX/port.o
                0xfff88fca                pxPortInitialiseStack
 *fill*         0xfff88ff9        0x3 
 .text.xPortStartScheduler
                0xfff88ffc       0x30 ./src/FreeRTOS/Source/portable/GCC/RX/port.o
                0xfff88ffc                xPortStartScheduler
 .text.ulPortGetIPL
                0xfff8902c        0x8 ./src/FreeRTOS/Source/portable/GCC/RX/port.o
                0xfff8902c                ulPortGetIPL
 .text.vPortSetIPL
                0xfff89034       0x15 ./src/FreeRTOS/Source/portable/GCC/RX/port.o
                0xfff89034                vPortSetIPL
 *fill*         0xfff89049        0x3 
 .text.vEventGroupClearBitsCallback
                0xfff8904c       0x44 ./src/FreeRTOS/Source/event_groups.o
                0xfff8904c                vEventGroupClearBitsCallback
 .text.xEventGroupCreate
                0xfff89090       0x20 ./src/FreeRTOS/Source/event_groups.o
                0xfff89090                xEventGroupCreate
 .text.xEventGroupWaitBits
                0xfff890b0      0x11c ./src/FreeRTOS/Source/event_groups.o
                0xfff890b0                xEventGroupWaitBits
 .text.xEventGroupClearBits
                0xfff891cc       0x4c ./src/FreeRTOS/Source/event_groups.o
                0xfff891cc                xEventGroupClearBits
 .text.xEventGroupSetBits
                0xfff89218       0x84 ./src/FreeRTOS/Source/event_groups.o
                0xfff89218                xEventGroupSetBits
 .text.xEventGroupSync
                0xfff8929c      0x128 ./src/FreeRTOS/Source/event_groups.o
                0xfff8929c                xEventGroupSync
 .text.vEventGroupSetBitsCallback
                0xfff893c4        0x4 ./src/FreeRTOS/Source/event_groups.o
                0xfff893c4                vEventGroupSetBitsCallback
 .text.vEventGroupDelete
                0xfff893c8       0x54 ./src/FreeRTOS/Source/event_groups.o
                0xfff893c8                vEventGroupDelete
 .text.vListInitialise
                0xfff8941c       0x11 ./src/FreeRTOS/Source/list.o
                0xfff8941c                vListInitialise
 .text.vListInitialiseItem
                0xfff8942d        0x4 ./src/FreeRTOS/Source/list.o
                0xfff8942d                vListInitialiseItem
 .text.vListInsertEnd
                0xfff89431       0x17 ./src/FreeRTOS/Source/list.o
                0xfff89431                vListInsertEnd
 .text.vListInsert
                0xfff89448       0x30 ./src/FreeRTOS/Source/list.o
                0xfff89448                vListInsert
 .text.uxListRemove
                0xfff89478       0x2a ./src/FreeRTOS/Source/list.o
                0xfff89478                uxListRemove
 *fill*         0xfff894a2        0x2 
 .text.prvCopyDataToQueue
                0xfff894a4       0x84 ./src/FreeRTOS/Source/queue.o
 .text.prvUnlockQueue
                0xfff89528      0x138 ./src/FreeRTOS/Source/queue.o
 .text.prvNotifyQueueSetContainer
                0xfff89660       0xa4 ./src/FreeRTOS/Source/queue.o
 .text.xQueueGenericReset
                0xfff89704       0x84 ./src/FreeRTOS/Source/queue.o
                0xfff89704                xQueueGenericReset
 .text.xQueueGenericCreate
                0xfff89788       0xa0 ./src/FreeRTOS/Source/queue.o
                0xfff89788                xQueueGenericCreate
 .text.xQueueCreateCountingSemaphore
                0xfff89828       0x7c ./src/FreeRTOS/Source/queue.o
                0xfff89828                xQueueCreateCountingSemaphore
 .text.xQueueGenericSend
                0xfff898a4      0x198 ./src/FreeRTOS/Source/queue.o
                0xfff898a4                xQueueGenericSend
 .text.xQueueCreateMutex
                0xfff89a3c       0x70 ./src/FreeRTOS/Source/queue.o
                0xfff89a3c                xQueueCreateMutex
 .text.xQueueGiveMutexRecursive
                0xfff89aac       0x40 ./src/FreeRTOS/Source/queue.o
                0xfff89aac                xQueueGiveMutexRecursive
 .text.xQueueReceive
                0xfff89aec      0x160 ./src/FreeRTOS/Source/queue.o
                0xfff89aec                xQueueReceive
 .text.xQueueSemaphoreTake
                0xfff89c4c      0x1ac ./src/FreeRTOS/Source/queue.o
                0xfff89c4c                xQueueSemaphoreTake
 .text.xQueueTakeMutexRecursive
                0xfff89df8       0x40 ./src/FreeRTOS/Source/queue.o
                0xfff89df8                xQueueTakeMutexRecursive
 .text.xQueuePeek
                0xfff89e38      0x160 ./src/FreeRTOS/Source/queue.o
                0xfff89e38                xQueuePeek
 .text.uxQueueMessagesWaiting
                0xfff89f98       0x29 ./src/FreeRTOS/Source/queue.o
                0xfff89f98                uxQueueMessagesWaiting
 .text.uxQueueSpacesAvailable
                0xfff89fc1       0x35 ./src/FreeRTOS/Source/queue.o
                0xfff89fc1                uxQueueSpacesAvailable
 *fill*         0xfff89ff6        0x2 
 .text.vQueueWaitForMessageRestricted
                0xfff89ff8       0x48 ./src/FreeRTOS/Source/queue.o
                0xfff89ff8                vQueueWaitForMessageRestricted
 .text.prvReadBytesFromBuffer
                0xfff8a040       0x7c ./src/FreeRTOS/Source/stream_buffer.o
 .text.vTaskSwitchContext.part.5
                0xfff8a0bc      0x228 ./src/FreeRTOS/Source/tasks.o
 .text.prvIdleTask
                0xfff8a2e4       0xac ./src/FreeRTOS/Source/tasks.o
 .text.xTaskCreate
                0xfff8a390      0x290 ./src/FreeRTOS/Source/tasks.o
                0xfff8a390                xTaskCreate
 .text.vTaskDelete
                0xfff8a620      0x110 ./src/FreeRTOS/Source/tasks.o
                0xfff8a620                vTaskDelete
 .text.eTaskGetState
                0xfff8a730       0xcc ./src/FreeRTOS/Source/tasks.o
                0xfff8a730                eTaskGetState
 .text.uxTaskPriorityGet
                0xfff8a7fc       0x68 ./src/FreeRTOS/Source/tasks.o
                0xfff8a7fc                uxTaskPriorityGet
 .text.vTaskPrioritySet
                0xfff8a864      0x10c ./src/FreeRTOS/Source/tasks.o
                0xfff8a864                vTaskPrioritySet
 .text.vTaskSuspend
                0xfff8a970      0x17c ./src/FreeRTOS/Source/tasks.o
                0xfff8a970                vTaskSuspend
 .text.vTaskResume
                0xfff8aaec       0xd8 ./src/FreeRTOS/Source/tasks.o
                0xfff8aaec                vTaskResume
 .text.vTaskStartScheduler
                0xfff8abc4      0x254 ./src/FreeRTOS/Source/tasks.o
                0xfff8abc4                vTaskStartScheduler
 .text.vTaskSuspendAll
                0xfff8ae18        0xd ./src/FreeRTOS/Source/tasks.o
                0xfff8ae18                vTaskSuspendAll
 .text.xTaskGetTickCount
                0xfff8ae25        0x9 ./src/FreeRTOS/Source/tasks.o
                0xfff8ae25                xTaskGetTickCount
 .text.uxTaskGetNumberOfTasks
                0xfff8ae2e        0x9 ./src/FreeRTOS/Source/tasks.o
                0xfff8ae2e                uxTaskGetNumberOfTasks
 *fill*         0xfff8ae37        0x1 
 .text.xTaskIncrementTick
                0xfff8ae38      0x154 ./src/FreeRTOS/Source/tasks.o
                0xfff8ae38                xTaskIncrementTick
 .text.xTaskResumeAll
                0xfff8af8c      0x16c ./src/FreeRTOS/Source/tasks.o
                0xfff8af8c                xTaskResumeAll
 .text.xTaskDelayUntil
                0xfff8b0f8       0xd4 ./src/FreeRTOS/Source/tasks.o
                0xfff8b0f8                xTaskDelayUntil
 .text.vTaskDelay
                0xfff8b1cc       0x90 ./src/FreeRTOS/Source/tasks.o
                0xfff8b1cc                vTaskDelay
 .text.prvListTasksWithinSingleList.part.9
                0xfff8b25c       0xf0 ./src/FreeRTOS/Source/tasks.o
 .text.uxTaskGetSystemState
                0xfff8b34c       0xe8 ./src/FreeRTOS/Source/tasks.o
                0xfff8b34c                uxTaskGetSystemState
 .text.vTaskSwitchContext
                0xfff8b434       0x1a ./src/FreeRTOS/Source/tasks.o
                0xfff8b434                vTaskSwitchContext
 *fill*         0xfff8b44e        0x2 
 .text.vTaskPlaceOnEventList
                0xfff8b450       0x8c ./src/FreeRTOS/Source/tasks.o
                0xfff8b450                vTaskPlaceOnEventList
 .text.vTaskPlaceOnUnorderedEventList
                0xfff8b4dc       0xbc ./src/FreeRTOS/Source/tasks.o
                0xfff8b4dc                vTaskPlaceOnUnorderedEventList
 .text.vTaskPlaceOnEventListRestricted
                0xfff8b598       0xa0 ./src/FreeRTOS/Source/tasks.o
                0xfff8b598                vTaskPlaceOnEventListRestricted
 .text.xTaskRemoveFromEventList
                0xfff8b638       0x8c ./src/FreeRTOS/Source/tasks.o
                0xfff8b638                xTaskRemoveFromEventList
 .text.vTaskRemoveFromUnorderedEventList
                0xfff8b6c4       0x90 ./src/FreeRTOS/Source/tasks.o
                0xfff8b6c4                vTaskRemoveFromUnorderedEventList
 .text.vTaskInternalSetTimeOutState
                0xfff8b754       0x15 ./src/FreeRTOS/Source/tasks.o
                0xfff8b754                vTaskInternalSetTimeOutState
 *fill*         0xfff8b769        0x3 
 .text.xTaskCheckForTimeOut
                0xfff8b76c       0xd0 ./src/FreeRTOS/Source/tasks.o
                0xfff8b76c                xTaskCheckForTimeOut
 .text.vTaskMissedYield
                0xfff8b83c        0xa ./src/FreeRTOS/Source/tasks.o
                0xfff8b83c                vTaskMissedYield
 .text.xTaskGetCurrentTaskHandle
                0xfff8b846        0x9 ./src/FreeRTOS/Source/tasks.o
                0xfff8b846                xTaskGetCurrentTaskHandle
 .text.xTaskGetSchedulerState
                0xfff8b84f       0x20 ./src/FreeRTOS/Source/tasks.o
                0xfff8b84f                xTaskGetSchedulerState
 *fill*         0xfff8b86f        0x1 
 .text.xTaskPriorityInherit
                0xfff8b870       0x88 ./src/FreeRTOS/Source/tasks.o
                0xfff8b870                xTaskPriorityInherit
 .text.xTaskPriorityDisinherit
                0xfff8b8f8       0x80 ./src/FreeRTOS/Source/tasks.o
                0xfff8b8f8                xTaskPriorityDisinherit
 .text.vTaskPriorityDisinheritAfterTimeout
                0xfff8b978       0x9c ./src/FreeRTOS/Source/tasks.o
                0xfff8b978                vTaskPriorityDisinheritAfterTimeout
 .text.vTaskEnterCritical
                0xfff8ba14       0x2c ./src/FreeRTOS/Source/tasks.o
                0xfff8ba14                vTaskEnterCritical
 .text.vTaskExitCritical
                0xfff8ba40       0x2d ./src/FreeRTOS/Source/tasks.o
                0xfff8ba40                vTaskExitCritical
 *fill*         0xfff8ba6d        0x3 
 .text.vTaskList
                0xfff8ba70       0xc0 ./src/FreeRTOS/Source/tasks.o
                0xfff8ba70                vTaskList
 .text.uxTaskResetEventItemValue
                0xfff8bb30       0x17 ./src/FreeRTOS/Source/tasks.o
                0xfff8bb30                uxTaskResetEventItemValue
 *fill*         0xfff8bb47        0x1 
 .text.pvTaskIncrementMutexHeldCount
                0xfff8bb48       0x18 ./src/FreeRTOS/Source/tasks.o
                0xfff8bb48                pvTaskIncrementMutexHeldCount
 .text.ulTaskGenericNotifyTake
                0xfff8bb60      0x158 ./src/FreeRTOS/Source/tasks.o
                0xfff8bb60                ulTaskGenericNotifyTake
 .text.xTaskGenericNotifyWait
                0xfff8bcb8      0x184 ./src/FreeRTOS/Source/tasks.o
                0xfff8bcb8                xTaskGenericNotifyWait
 .text.xTaskGenericNotify
                0xfff8be3c      0x17c ./src/FreeRTOS/Source/tasks.o
                0xfff8be3c                xTaskGenericNotify
 .text.xTaskGenericNotifyStateClear
                0xfff8bfb8       0x8c ./src/FreeRTOS/Source/tasks.o
                0xfff8bfb8                xTaskGenericNotifyStateClear
 .text.ulTaskGenericNotifyValueClear
                0xfff8c044       0x7c ./src/FreeRTOS/Source/tasks.o
                0xfff8c044                ulTaskGenericNotifyValueClear
 .text.prvSwitchTimerLists
                0xfff8c0c0       0x88 ./src/FreeRTOS/Source/timers.o
 .text.prvTimerTask
                0xfff8c148      0x274 ./src/FreeRTOS/Source/timers.o
 .text.xTimerCreateTimerTask
                0xfff8c3bc       0x8c ./src/FreeRTOS/Source/timers.o
                0xfff8c3bc                xTimerCreateTimerTask
 .text.xTimerCreate
                0xfff8c448       0xa8 ./src/FreeRTOS/Source/timers.o
                0xfff8c448                xTimerCreate
 .text.xTimerGenericCommand
                0xfff8c4f0       0x70 ./src/FreeRTOS/Source/timers.o
                0xfff8c4f0                xTimerGenericCommand
 .text.vTimerSetReloadMode
                0xfff8c560       0x38 ./src/FreeRTOS/Source/timers.o
                0xfff8c560                vTimerSetReloadMode
 .text.uxTimerGetReloadMode
                0xfff8c598       0x33 ./src/FreeRTOS/Source/timers.o
                0xfff8c598                uxTimerGetReloadMode
 .text.pcTimerGetName
                0xfff8c5cb       0x14 ./src/FreeRTOS/Source/timers.o
                0xfff8c5cb                pcTimerGetName
 .text.xTimerIsTimerActive
                0xfff8c5df       0x33 ./src/FreeRTOS/Source/timers.o
                0xfff8c5df                xTimerIsTimerActive
 .text.pvTimerGetTimerID
                0xfff8c612       0x29 ./src/FreeRTOS/Source/timers.o
                0xfff8c612                pvTimerGetTimerID
 .text.vTimerSetTimerID
                0xfff8c63b       0x28 ./src/FreeRTOS/Source/timers.o
                0xfff8c63b                vTimerSetTimerID
 .text.sprintf  0xfff8c663       0x38 c:/renesas/gcc/redhat/gnurx-elf/8.3.0.202004/rx-elf/rx-elf/bin/../lib/gcc/rx-elf/8.3.0.202004-GNURX/../../../../rx-elf/lib/no-fpu-libs\libc_nano.a(lib_a-sprintf.o)
                0xfff8c663                siprintf
                0xfff8c663                sprintf
 .text.__ssputs_r
                0xfff8c69b       0xb2 c:/renesas/gcc/redhat/gnurx-elf/8.3.0.202004/rx-elf/rx-elf/bin/../lib/gcc/rx-elf/8.3.0.202004-GNURX/../../../../rx-elf/lib/no-fpu-libs\libc_nano.a(lib_a-nano-svfprintf.o)
                0xfff8c69b                __ssputs_r
 .text._svfprintf_r
                0xfff8c74d      0x1ff c:/renesas/gcc/redhat/gnurx-elf/8.3.0.202004/rx-elf/rx-elf/bin/../lib/gcc/rx-elf/8.3.0.202004-GNURX/../../../../rx-elf/lib/no-fpu-libs\libc_nano.a(lib_a-nano-svfprintf.o)
                0xfff8c74d                _svfprintf_r
                0xfff8c74d                _svfiprintf_r
 .text._printf_common
                0xfff8c94c       0xcf c:/renesas/gcc/redhat/gnurx-elf/8.3.0.202004/rx-elf/rx-elf/bin/../lib/gcc/rx-elf/8.3.0.202004-GNURX/../../../../rx-elf/lib/no-fpu-libs\libc_nano.a(lib_a-nano-vfprintf_i.o)
                0xfff8c94c                _printf_common
 .text._printf_i
                0xfff8ca1b      0x226 c:/renesas/gcc/redhat/gnurx-elf/8.3.0.202004/rx-elf/rx-elf/bin/../lib/gcc/rx-elf/8.3.0.202004-GNURX/../../../../rx-elf/lib/no-fpu-libs\libc_nano.a(lib_a-nano-vfprintf_i.o)
                0xfff8ca1b                _printf_i
 .text._free_r  0xfff8cc41       0x9f c:/renesas/gcc/redhat/gnurx-elf/8.3.0.202004/rx-elf/rx-elf/bin/../lib/gcc/rx-elf/8.3.0.202004-GNURX/../../../../rx-elf/lib/no-fpu-libs\libc_nano.a(lib_a-nano-freer.o)
                0xfff8cc41                _free_r
 .text._malloc_r
                0xfff8cce0       0xbf c:/renesas/gcc/redhat/gnurx-elf/8.3.0.202004/rx-elf/rx-elf/bin/../lib/gcc/rx-elf/8.3.0.202004-GNURX/../../../../rx-elf/lib/no-fpu-libs\libc_nano.a(lib_a-nano-mallocr.o)
                0xfff8cce0                _malloc_r
 .text._realloc_r
                0xfff8cd9f       0x4a c:/renesas/gcc/redhat/gnurx-elf/8.3.0.202004/rx-elf/rx-elf/bin/../lib/gcc/rx-elf/8.3.0.202004-GNURX/../../../../rx-elf/lib/no-fpu-libs\libc_nano.a(lib_a-nano-reallocr.o)
                0xfff8cd9f                _realloc_r
 .text._sbrk_r  0xfff8cde9       0x21 c:/renesas/gcc/redhat/gnurx-elf/8.3.0.202004/rx-elf/rx-elf/bin/../lib/gcc/rx-elf/8.3.0.202004-GNURX/../../../../rx-elf/lib/no-fpu-libs\libc_nano.a(lib_a-sbrkr.o)
                0xfff8cde9                _sbrk_r
 .text.__malloc_lock
                0xfff8ce0a        0x1 c:/renesas/gcc/redhat/gnurx-elf/8.3.0.202004/rx-elf/rx-elf/bin/../lib/gcc/rx-elf/8.3.0.202004-GNURX/../../../../rx-elf/lib/no-fpu-libs\libc_nano.a(lib_a-mlock.o)
                0xfff8ce0a                __malloc_lock
 .text.__malloc_unlock
                0xfff8ce0b        0x1 c:/renesas/gcc/redhat/gnurx-elf/8.3.0.202004/rx-elf/rx-elf/bin/../lib/gcc/rx-elf/8.3.0.202004-GNURX/../../../../rx-elf/lib/no-fpu-libs\libc_nano.a(lib_a-mlock.o)
                0xfff8ce0b                __malloc_unlock
 .text._malloc_usable_size_r
                0xfff8ce0c       0x12 c:/renesas/gcc/redhat/gnurx-elf/8.3.0.202004/rx-elf/rx-elf/bin/../lib/gcc/rx-elf/8.3.0.202004-GNURX/../../../../rx-elf/lib/no-fpu-libs\libc_nano.a(lib_a-nano-msizer.o)
                0xfff8ce0c                _malloc_usable_size_r
 *(P)
 P              0xfff8ce1e       0x34 c:/renesas/gcc/redhat/gnurx-elf/8.3.0.202004/rx-elf/rx-elf/bin/../lib/gcc/rx-elf/8.3.0.202004-GNURX/no-fpu-libs\libgcc.a(_fixunssfsi.o)
                0xfff8ce1e                __fixunssfsi
                0xfff8ce1e                _COM_CONVd32u
                0xfff8ce1e                _COM_CONVf32u
 *fill*         0xfff8ce52        0x6 
 P              0xfff8ce58      0x3d0 c:/renesas/gcc/redhat/gnurx-elf/8.3.0.202004/rx-elf/rx-elf/bin/../lib/gcc/rx-elf/8.3.0.202004-GNURX/no-fpu-libs\libgcc.a(_udivdi3.o)
                0xfff8ce58                _COM_DIV64u
                0xfff8ce58                __udivdi3
 P              0xfff8d228      0x1d0 c:/renesas/gcc/redhat/gnurx-elf/8.3.0.202004/rx-elf/rx-elf/bin/../lib/gcc/rx-elf/8.3.0.202004-GNURX/no-fpu-libs\libgcc.a(_addsub_sf.o)
                0xfff8d389                __addsf3
                0xfff8d389                _COM_ADDd
                0xfff8d389                _COM_ADDf
                0xfff8d3bd                _COM_SUBd
                0xfff8d3bd                _COM_SUBf
                0xfff8d3bd                __subsf3
 P              0xfff8d3f8      0x138 c:/renesas/gcc/redhat/gnurx-elf/8.3.0.202004/rx-elf/rx-elf/bin/../lib/gcc/rx-elf/8.3.0.202004-GNURX/no-fpu-libs\libgcc.a(_mul_sf.o)
                0xfff8d3f8                _COM_MULd
                0xfff8d3f8                __mulsf3
                0xfff8d3f8                _COM_MULf
 P              0xfff8d530       0xd8 c:/renesas/gcc/redhat/gnurx-elf/8.3.0.202004/rx-elf/rx-elf/bin/../lib/gcc/rx-elf/8.3.0.202004-GNURX/no-fpu-libs\libgcc.a(_div_sf.o)
                0xfff8d530                _COM_DIVd
                0xfff8d530                __divsf3
                0xfff8d530                _COM_DIVf
 P              0xfff8d608       0x3a c:/renesas/gcc/redhat/gnurx-elf/8.3.0.202004/rx-elf/rx-elf/bin/../lib/gcc/rx-elf/8.3.0.202004-GNURX/no-fpu-libs\libgcc.a(_gt_sf.o)
                0xfff8d608                __gtsf2
 P              0xfff8d642       0x3a c:/renesas/gcc/redhat/gnurx-elf/8.3.0.202004/rx-elf/rx-elf/bin/../lib/gcc/rx-elf/8.3.0.202004-GNURX/no-fpu-libs\libgcc.a(_ge_sf.o)
                0xfff8d642                __gesf2
 P              0xfff8d67c       0x39 c:/renesas/gcc/redhat/gnurx-elf/8.3.0.202004/rx-elf/rx-elf/bin/../lib/gcc/rx-elf/8.3.0.202004-GNURX/no-fpu-libs\libgcc.a(_lt_sf.o)
                0xfff8d67c                __ltsf2
 P              0xfff8d6b5       0x39 c:/renesas/gcc/redhat/gnurx-elf/8.3.0.202004/rx-elf/rx-elf/bin/../lib/gcc/rx-elf/8.3.0.202004-GNURX/no-fpu-libs\libgcc.a(_le_sf.o)
                0xfff8d6b5                __lesf2
 *fill*         0xfff8d6ee        0x2 
 P              0xfff8d6f0       0x60 c:/renesas/gcc/redhat/gnurx-elf/8.3.0.202004/rx-elf/rx-elf/bin/../lib/gcc/rx-elf/8.3.0.202004-GNURX/no-fpu-libs\libgcc.a(_sf_to_si.o)
                0xfff8d6f0                _COM_CONVf32s
                0xfff8d6f0                _COM_CONVd32s
                0xfff8d6f0                __fixsfsi
 P              0xfff8d750       0x65 c:/renesas/gcc/redhat/gnurx-elf/8.3.0.202004/rx-elf/rx-elf/bin/../lib/gcc/rx-elf/8.3.0.202004-GNURX/no-fpu-libs\libgcc.a(_usi_to_sf.o)
                0xfff8d750                _COM_CONV32uf
                0xfff8d750                _COM_CONV32ud
                0xfff8d750                __floatunsisf
 P              0xfff8d7b5       0x59 c:/renesas/gcc/redhat/gnurx-elf/8.3.0.202004/rx-elf/rx-elf/bin/../lib/gcc/rx-elf/8.3.0.202004-GNURX/no-fpu-libs\libgcc.a(_clzsi2.o)
                0xfff8d7b5                __clzsi2
 *fill*         0xfff8d80e        0x2 
 P              0xfff8d810       0xe0 c:/renesas/gcc/redhat/gnurx-elf/8.3.0.202004/rx-elf/rx-elf/bin/../lib/gcc/rx-elf/8.3.0.202004-GNURX/no-fpu-libs\libgcc.a(_pack_sf.o)
                0xfff8d810                __pack_f
 P              0xfff8d8f0       0x70 c:/renesas/gcc/redhat/gnurx-elf/8.3.0.202004/rx-elf/rx-elf/bin/../lib/gcc/rx-elf/8.3.0.202004-GNURX/no-fpu-libs\libgcc.a(_unpack_sf.o)
                0xfff8d8f0                __unpack_f
 P              0xfff8d960       0x90 c:/renesas/gcc/redhat/gnurx-elf/8.3.0.202004/rx-elf/rx-elf/bin/../lib/gcc/rx-elf/8.3.0.202004-GNURX/no-fpu-libs\libgcc.a(_fpcmp_parts_sf.o)
                0xfff8d960                __fpcmp_parts_f
                0xfff8d9f0                etext = .

.rvectors       0xfff8d9f0      0x400
                0xfff8d9f0                _rvectors_start = .
                0xfff8d9f0        0x4 LONG 0xfff80fcc DEFINED ($tableentry$0$.rvectors)?$tableentry$0$.rvectors:DEFINED ($tableentry$default$.rvectors)?$tableentry$default$.rvectors:0xffffffff
                0xfff8d9f4        0x4 LONG 0xfff80fcc DEFINED ($tableentry$1$.rvectors)?$tableentry$1$.rvectors:DEFINED ($tableentry$default$.rvectors)?$tableentry$default$.rvectors:0xffffffff
                0xfff8d9f8        0x4 LONG 0xfff80fcc DEFINED ($tableentry$2$.rvectors)?$tableentry$2$.rvectors:DEFINED ($tableentry$default$.rvectors)?$tableentry$default$.rvectors:0xffffffff
                0xfff8d9fc        0x4 LONG 0xfff80fcc DEFINED ($tableentry$3$.rvectors)?$tableentry$3$.rvectors:DEFINED ($tableentry$default$.rvectors)?$tableentry$default$.rvectors:0xffffffff
                0xfff8da00        0x4 LONG 0xfff80fcc DEFINED ($tableentry$4$.rvectors)?$tableentry$4$.rvectors:DEFINED ($tableentry$default$.rvectors)?$tableentry$default$.rvectors:0xffffffff
                0xfff8da04        0x4 LONG 0xfff80fcc DEFINED ($tableentry$5$.rvectors)?$tableentry$5$.rvectors:DEFINED ($tableentry$default$.rvectors)?$tableentry$default$.rvectors:0xffffffff
                0xfff8da08        0x4 LONG 0xfff80fcc DEFINED ($tableentry$6$.rvectors)?$tableentry$6$.rvectors:DEFINED ($tableentry$default$.rvectors)?$tableentry$default$.rvectors:0xffffffff
                0xfff8da0c        0x4 LONG 0xfff80fcc DEFINED ($tableentry$7$.rvectors)?$tableentry$7$.rvectors:DEFINED ($tableentry$default$.rvectors)?$tableentry$default$.rvectors:0xffffffff
                0xfff8da10        0x4 LONG 0xfff80fcc DEFINED ($tableentry$8$.rvectors)?$tableentry$8$.rvectors:DEFINED ($tableentry$default$.rvectors)?$tableentry$default$.rvectors:0xffffffff
                0xfff8da14        0x4 LONG 0xfff80fcc DEFINED ($tableentry$9$.rvectors)?$tableentry$9$.rvectors:DEFINED ($tableentry$default$.rvectors)?$tableentry$default$.rvectors:0xffffffff
                0xfff8da18        0x4 LONG 0xfff80fcc DEFINED ($tableentry$10$.rvectors)?$tableentry$10$.rvectors:DEFINED ($tableentry$default$.rvectors)?$tableentry$default$.rvectors:0xffffffff
                0xfff8da1c        0x4 LONG 0xfff80fcc DEFINED ($tableentry$11$.rvectors)?$tableentry$11$.rvectors:DEFINED ($tableentry$default$.rvectors)?$tableentry$default$.rvectors:0xffffffff
                0xfff8da20        0x4 LONG 0xfff80fcc DEFINED ($tableentry$12$.rvectors)?$tableentry$12$.rvectors:DEFINED ($tableentry$default$.rvectors)?$tableentry$default$.rvectors:0xffffffff
                0xfff8da24        0x4 LONG 0xfff80fcc DEFINED ($tableentry$13$.rvectors)?$tableentry$13$.rvectors:DEFINED ($tableentry$default$.rvectors)?$tableentry$default$.rvectors:0xffffffff
                0xfff8da28        0x4 LONG 0xfff80fcc DEFINED ($tableentry$14$.rvectors)?$tableentry$14$.rvectors:DEFINED ($tableentry$default$.rvectors)?$tableentry$default$.rvectors:0xffffffff
                0xfff8da2c        0x4 LONG 0xfff80fcc DEFINED ($tableentry$15$.rvectors)?$tableentry$15$.rvectors:DEFINED ($tableentry$default$.rvectors)?$tableentry$default$.rvectors:0xffffffff
                0xfff8da30        0x4 LONG 0xfff80ff4 DEFINED ($tableentry$16$.rvectors)?$tableentry$16$.rvectors:DEFINED ($tableentry$default$.rvectors)?$tableentry$default$.rvectors:0xffffffff
                0xfff8da34        0x4 LONG 0xfff80fcc DEFINED ($tableentry$17$.rvectors)?$tableentry$17$.rvectors:DEFINED ($tableentry$default$.rvectors)?$tableentry$default$.rvectors:0xffffffff
                0xfff8da38        0x4 LONG 0xfff80fcc DEFINED ($tableentry$18$.rvectors)?$tableentry$18$.rvectors:DEFINED ($tableentry$default$.rvectors)?$tableentry$default$.rvectors:0xffffffff
                0xfff8da3c        0x4 LONG 0xfff80fcc DEFINED ($tableentry$19$.rvectors)?$tableentry$19$.rvectors:DEFINED ($tableentry$default$.rvectors)?$tableentry$default$.rvectors:0xffffffff
                0xfff8da40        0x4 LONG 0xfff80fcc DEFINED ($tableentry$20$.rvectors)?$tableentry$20$.rvectors:DEFINED ($tableentry$default$.rvectors)?$tableentry$default$.rvectors:0xffffffff
                0xfff8da44        0x4 LONG 0xfff80fcc DEFINED ($tableentry$21$.rvectors)?$tableentry$21$.rvectors:DEFINED ($tableentry$default$.rvectors)?$tableentry$default$.rvectors:0xffffffff
                0xfff8da48        0x4 LONG 0xfff80fcc DEFINED ($tableentry$22$.rvectors)?$tableentry$22$.rvectors:DEFINED ($tableentry$default$.rvectors)?$tableentry$default$.rvectors:0xffffffff
                0xfff8da4c        0x4 LONG 0xfff80fcc DEFINED ($tableentry$23$.rvectors)?$tableentry$23$.rvectors:DEFINED ($tableentry$default$.rvectors)?$tableentry$default$.rvectors:0xffffffff
                0xfff8da50        0x4 LONG 0xfff80fcc DEFINED ($tableentry$24$.rvectors)?$tableentry$24$.rvectors:DEFINED ($tableentry$default$.rvectors)?$tableentry$default$.rvectors:0xffffffff
                0xfff8da54        0x4 LONG 0xfff80fcc DEFINED ($tableentry$25$.rvectors)?$tableentry$25$.rvectors:DEFINED ($tableentry$default$.rvectors)?$tableentry$default$.rvectors:0xffffffff
                0xfff8da58        0x4 LONG 0xfff80fcc DEFINED ($tableentry$26$.rvectors)?$tableentry$26$.rvectors:DEFINED ($tableentry$default$.rvectors)?$tableentry$default$.rvectors:0xffffffff
                0xfff8da5c        0x4 LONG 0xfff8024c DEFINED ($tableentry$27$.rvectors)?$tableentry$27$.rvectors:DEFINED ($tableentry$default$.rvectors)?$tableentry$default$.rvectors:0xffffffff
                0xfff8da60        0x4 LONG 0xfff802a2 DEFINED ($tableentry$28$.rvectors)?$tableentry$28$.rvectors:DEFINED ($tableentry$default$.rvectors)?$tableentry$default$.rvectors:0xffffffff
                0xfff8da64        0x4 LONG 0xfff80fcc DEFINED ($tableentry$29$.rvectors)?$tableentry$29$.rvectors:DEFINED ($tableentry$default$.rvectors)?$tableentry$default$.rvectors:0xffffffff
                0xfff8da68        0x4 LONG 0xfff80fcc DEFINED ($tableentry$30$.rvectors)?$tableentry$30$.rvectors:DEFINED ($tableentry$default$.rvectors)?$tableentry$default$.rvectors:0xffffffff
                0xfff8da6c        0x4 LONG 0xfff80fcc DEFINED ($tableentry$31$.rvectors)?$tableentry$31$.rvectors:DEFINED ($tableentry$default$.rvectors)?$tableentry$default$.rvectors:0xffffffff
                0xfff8da70        0x4 LONG 0xfff80fcc DEFINED ($tableentry$32$.rvectors)?$tableentry$32$.rvectors:DEFINED ($tableentry$default$.rvectors)?$tableentry$default$.rvectors:0xffffffff
                0xfff8da74        0x4 LONG 0xfff80fcc DEFINED ($tableentry$33$.rvectors)?$tableentry$33$.rvectors:DEFINED ($tableentry$default$.rvectors)?$tableentry$default$.rvectors:0xffffffff
                0xfff8da78        0x4 LONG 0xfff80fcc DEFINED ($tableentry$34$.rvectors)?$tableentry$34$.rvectors:DEFINED ($tableentry$default$.rvectors)?$tableentry$default$.rvectors:0xffffffff
                0xfff8da7c        0x4 LONG 0xfff80fcc DEFINED ($tableentry$35$.rvectors)?$tableentry$35$.rvectors:DEFINED ($tableentry$default$.rvectors)?$tableentry$default$.rvectors:0xffffffff
                0xfff8da80        0x4 LONG 0xfff80fcc DEFINED ($tableentry$36$.rvectors)?$tableentry$36$.rvectors:DEFINED ($tableentry$default$.rvectors)?$tableentry$default$.rvectors:0xffffffff
                0xfff8da84        0x4 LONG 0xfff80fcc DEFINED ($tableentry$37$.rvectors)?$tableentry$37$.rvectors:DEFINED ($tableentry$default$.rvectors)?$tableentry$default$.rvectors:0xffffffff
                0xfff8da88        0x4 LONG 0xfff80fcc DEFINED ($tableentry$38$.rvectors)?$tableentry$38$.rvectors:DEFINED ($tableentry$default$.rvectors)?$tableentry$default$.rvectors:0xffffffff
                0xfff8da8c        0x4 LONG 0xfff80fcc DEFINED ($tableentry$39$.rvectors)?$tableentry$39$.rvectors:DEFINED ($tableentry$default$.rvectors)?$tableentry$default$.rvectors:0xffffffff
                0xfff8da90        0x4 LONG 0xfff80fcc DEFINED ($tableentry$40$.rvectors)?$tableentry$40$.rvectors:DEFINED ($tableentry$default$.rvectors)?$tableentry$default$.rvectors:0xffffffff
                0xfff8da94        0x4 LONG 0xfff80fcc DEFINED ($tableentry$41$.rvectors)?$tableentry$41$.rvectors:DEFINED ($tableentry$default$.rvectors)?$tableentry$default$.rvectors:0xffffffff
                0xfff8da98        0x4 LONG 0xfff80fcc DEFINED ($tableentry$42$.rvectors)?$tableentry$42$.rvectors:DEFINED ($tableentry$default$.rvectors)?$tableentry$default$.rvectors:0xffffffff
                0xfff8da9c        0x4 LONG 0xfff80fcc DEFINED ($tableentry$43$.rvectors)?$tableentry$43$.rvectors:DEFINED ($tableentry$default$.rvectors)?$tableentry$default$.rvectors:0xffffffff
                0xfff8daa0        0x4 LONG 0xfff80fcc DEFINED ($tableentry$44$.rvectors)?$tableentry$44$.rvectors:DEFINED ($tableentry$default$.rvectors)?$tableentry$default$.rvectors:0xffffffff
                0xfff8daa4        0x4 LONG 0xfff80fcc DEFINED ($tableentry$45$.rvectors)?$tableentry$45$.rvectors:DEFINED ($tableentry$default$.rvectors)?$tableentry$default$.rvectors:0xffffffff
                0xfff8daa8        0x4 LONG 0xfff80fcc DEFINED ($tableentry$46$.rvectors)?$tableentry$46$.rvectors:DEFINED ($tableentry$default$.rvectors)?$tableentry$default$.rvectors:0xffffffff
                0xfff8daac        0x4 LONG 0xfff80fcc DEFINED ($tableentry$47$.rvectors)?$tableentry$47$.rvectors:DEFINED ($tableentry$default$.rvectors)?$tableentry$default$.rvectors:0xffffffff
                0xfff8dab0        0x4 LONG 0xfff80fcc DEFINED ($tableentry$48$.rvectors)?$tableentry$48$.rvectors:DEFINED ($tableentry$default$.rvectors)?$tableentry$default$.rvectors:0xffffffff
                0xfff8dab4        0x4 LONG 0xfff80fcc DEFINED ($tableentry$49$.rvectors)?$tableentry$49$.rvectors:DEFINED ($tableentry$default$.rvectors)?$tableentry$default$.rvectors:0xffffffff
                0xfff8dab8        0x4 LONG 0xfff80fcc DEFINED ($tableentry$50$.rvectors)?$tableentry$50$.rvectors:DEFINED ($tableentry$default$.rvectors)?$tableentry$default$.rvectors:0xffffffff
                0xfff8dabc        0x4 LONG 0xfff80fcc DEFINED ($tableentry$51$.rvectors)?$tableentry$51$.rvectors:DEFINED ($tableentry$default$.rvectors)?$tableentry$default$.rvectors:0xffffffff
                0xfff8dac0        0x4 LONG 0xfff80fcc DEFINED ($tableentry$52$.rvectors)?$tableentry$52$.rvectors:DEFINED ($tableentry$default$.rvectors)?$tableentry$default$.rvectors:0xffffffff
                0xfff8dac4        0x4 LONG 0xfff80fcc DEFINED ($tableentry$53$.rvectors)?$tableentry$53$.rvectors:DEFINED ($tableentry$default$.rvectors)?$tableentry$default$.rvectors:0xffffffff
                0xfff8dac8        0x4 LONG 0xfff80fcc DEFINED ($tableentry$54$.rvectors)?$tableentry$54$.rvectors:DEFINED ($tableentry$default$.rvectors)?$tableentry$default$.rvectors:0xffffffff
                0xfff8dacc        0x4 LONG 0xfff80fcc DEFINED ($tableentry$55$.rvectors)?$tableentry$55$.rvectors:DEFINED ($tableentry$default$.rvectors)?$tableentry$default$.rvectors:0xffffffff
                0xfff8dad0        0x4 LONG 0xfff80fcc DEFINED ($tableentry$56$.rvectors)?$tableentry$56$.rvectors:DEFINED ($tableentry$default$.rvectors)?$tableentry$default$.rvectors:0xffffffff
                0xfff8dad4        0x4 LONG 0xfff80fcc DEFINED ($tableentry$57$.rvectors)?$tableentry$57$.rvectors:DEFINED ($tableentry$default$.rvectors)?$tableentry$default$.rvectors:0xffffffff
                0xfff8dad8        0x4 LONG 0xfff80fcc DEFINED ($tableentry$58$.rvectors)?$tableentry$58$.rvectors:DEFINED ($tableentry$default$.rvectors)?$tableentry$default$.rvectors:0xffffffff
                0xfff8dadc        0x4 LONG 0xfff80fcc DEFINED ($tableentry$59$.rvectors)?$tableentry$59$.rvectors:DEFINED ($tableentry$default$.rvectors)?$tableentry$default$.rvectors:0xffffffff
                0xfff8dae0        0x4 LONG 0xfff80fcc DEFINED ($tableentry$60$.rvectors)?$tableentry$60$.rvectors:DEFINED ($tableentry$default$.rvectors)?$tableentry$default$.rvectors:0xffffffff
                0xfff8dae4        0x4 LONG 0xfff80fcc DEFINED ($tableentry$61$.rvectors)?$tableentry$61$.rvectors:DEFINED ($tableentry$default$.rvectors)?$tableentry$default$.rvectors:0xffffffff
                0xfff8dae8        0x4 LONG 0xfff80fcc DEFINED ($tableentry$62$.rvectors)?$tableentry$62$.rvectors:DEFINED ($tableentry$default$.rvectors)?$tableentry$default$.rvectors:0xffffffff
                0xfff8daec        0x4 LONG 0xfff80fcc DEFINED ($tableentry$63$.rvectors)?$tableentry$63$.rvectors:DEFINED ($tableentry$default$.rvectors)?$tableentry$default$.rvectors:0xffffffff
                0xfff8daf0        0x4 LONG 0xfff80fcc DEFINED ($tableentry$64$.rvectors)?$tableentry$64$.rvectors:DEFINED ($tableentry$default$.rvectors)?$tableentry$default$.rvectors:0xffffffff
                0xfff8daf4        0x4 LONG 0xfff80fcc DEFINED ($tableentry$65$.rvectors)?$tableentry$65$.rvectors:DEFINED ($tableentry$default$.rvectors)?$tableentry$default$.rvectors:0xffffffff
                0xfff8daf8        0x4 LONG 0xfff80fcc DEFINED ($tableentry$66$.rvectors)?$tableentry$66$.rvectors:DEFINED ($tableentry$default$.rvectors)?$tableentry$default$.rvectors:0xffffffff
                0xfff8dafc        0x4 LONG 0xfff80fcc DEFINED ($tableentry$67$.rvectors)?$tableentry$67$.rvectors:DEFINED ($tableentry$default$.rvectors)?$tableentry$default$.rvectors:0xffffffff
                0xfff8db00        0x4 LONG 0xfff80fcc DEFINED ($tableentry$68$.rvectors)?$tableentry$68$.rvectors:DEFINED ($tableentry$default$.rvectors)?$tableentry$default$.rvectors:0xffffffff
                0xfff8db04        0x4 LONG 0xfff80fcc DEFINED ($tableentry$69$.rvectors)?$tableentry$69$.rvectors:DEFINED ($tableentry$default$.rvectors)?$tableentry$default$.rvectors:0xffffffff
                0xfff8db08        0x4 LONG 0xfff80fcc DEFINED ($tableentry$70$.rvectors)?$tableentry$70$.rvectors:DEFINED ($tableentry$default$.rvectors)?$tableentry$default$.rvectors:0xffffffff
                0xfff8db0c        0x4 LONG 0xfff80fcc DEFINED ($tableentry$71$.rvectors)?$tableentry$71$.rvectors:DEFINED ($tableentry$default$.rvectors)?$tableentry$default$.rvectors:0xffffffff
                0xfff8db10        0x4 LONG 0xfff80fcc DEFINED ($tableentry$72$.rvectors)?$tableentry$72$.rvectors:DEFINED ($tableentry$default$.rvectors)?$tableentry$default$.rvectors:0xffffffff
                0xfff8db14        0x4 LONG 0xfff80fcc DEFINED ($tableentry$73$.rvectors)?$tableentry$73$.rvectors:DEFINED ($tableentry$default$.rvectors)?$tableentry$default$.rvectors:0xffffffff
                0xfff8db18        0x4 LONG 0xfff80fcc DEFINED ($tableentry$74$.rvectors)?$tableentry$74$.rvectors:DEFINED ($tableentry$default$.rvectors)?$tableentry$default$.rvectors:0xffffffff
                0xfff8db1c        0x4 LONG 0xfff80fcc DEFINED ($tableentry$75$.rvectors)?$tableentry$75$.rvectors:DEFINED ($tableentry$default$.rvectors)?$tableentry$default$.rvectors:0xffffffff
                0xfff8db20        0x4 LONG 0xfff80fcc DEFINED ($tableentry$76$.rvectors)?$tableentry$76$.rvectors:DEFINED ($tableentry$default$.rvectors)?$tableentry$default$.rvectors:0xffffffff
                0xfff8db24        0x4 LONG 0xfff80fcc DEFINED ($tableentry$77$.rvectors)?$tableentry$77$.rvectors:DEFINED ($tableentry$default$.rvectors)?$tableentry$default$.rvectors:0xffffffff
                0xfff8db28        0x4 LONG 0xfff80fcc DEFINED ($tableentry$78$.rvectors)?$tableentry$78$.rvectors:DEFINED ($tableentry$default$.rvectors)?$tableentry$default$.rvectors:0xffffffff
                0xfff8db2c        0x4 LONG 0xfff80fcc DEFINED ($tableentry$79$.rvectors)?$tableentry$79$.rvectors:DEFINED ($tableentry$default$.rvectors)?$tableentry$default$.rvectors:0xffffffff
                0xfff8db30        0x4 LONG 0xfff80fcc DEFINED ($tableentry$80$.rvectors)?$tableentry$80$.rvectors:DEFINED ($tableentry$default$.rvectors)?$tableentry$default$.rvectors:0xffffffff
                0xfff8db34        0x4 LONG 0xfff80fcc DEFINED ($tableentry$81$.rvectors)?$tableentry$81$.rvectors:DEFINED ($tableentry$default$.rvectors)?$tableentry$default$.rvectors:0xffffffff
                0xfff8db38        0x4 LONG 0xfff80fcc DEFINED ($tableentry$82$.rvectors)?$tableentry$82$.rvectors:DEFINED ($tableentry$default$.rvectors)?$tableentry$default$.rvectors:0xffffffff
                0xfff8db3c        0x4 LONG 0xfff80fcc DEFINED ($tableentry$83$.rvectors)?$tableentry$83$.rvectors:DEFINED ($tableentry$default$.rvectors)?$tableentry$default$.rvectors:0xffffffff
                0xfff8db40        0x4 LONG 0xfff80fcc DEFINED ($tableentry$84$.rvectors)?$tableentry$84$.rvectors:DEFINED ($tableentry$default$.rvectors)?$tableentry$default$.rvectors:0xffffffff
                0xfff8db44        0x4 LONG 0xfff80fcc DEFINED ($tableentry$85$.rvectors)?$tableentry$85$.rvectors:DEFINED ($tableentry$default$.rvectors)?$tableentry$default$.rvectors:0xffffffff
                0xfff8db48        0x4 LONG 0xfff80fcc DEFINED ($tableentry$86$.rvectors)?$tableentry$86$.rvectors:DEFINED ($tableentry$default$.rvectors)?$tableentry$default$.rvectors:0xffffffff
                0xfff8db4c        0x4 LONG 0xfff80fcc DEFINED ($tableentry$87$.rvectors)?$tableentry$87$.rvectors:DEFINED ($tableentry$default$.rvectors)?$tableentry$default$.rvectors:0xffffffff
                0xfff8db50        0x4 LONG 0xfff80fcc DEFINED ($tableentry$88$.rvectors)?$tableentry$88$.rvectors:DEFINED ($tableentry$default$.rvectors)?$tableentry$default$.rvectors:0xffffffff
                0xfff8db54        0x4 LONG 0xfff80fcc DEFINED ($tableentry$89$.rvectors)?$tableentry$89$.rvectors:DEFINED ($tableentry$default$.rvectors)?$tableentry$default$.rvectors:0xffffffff
                0xfff8db58        0x4 LONG 0xfff80fcc DEFINED ($tableentry$90$.rvectors)?$tableentry$90$.rvectors:DEFINED ($tableentry$default$.rvectors)?$tableentry$default$.rvectors:0xffffffff
                0xfff8db5c        0x4 LONG 0xfff80fcc DEFINED ($tableentry$91$.rvectors)?$tableentry$91$.rvectors:DEFINED ($tableentry$default$.rvectors)?$tableentry$default$.rvectors:0xffffffff
                0xfff8db60        0x4 LONG 0xfff80fcc DEFINED ($tableentry$92$.rvectors)?$tableentry$92$.rvectors:DEFINED ($tableentry$default$.rvectors)?$tableentry$default$.rvectors:0xffffffff
                0xfff8db64        0x4 LONG 0xfff80fcc DEFINED ($tableentry$93$.rvectors)?$tableentry$93$.rvectors:DEFINED ($tableentry$default$.rvectors)?$tableentry$default$.rvectors:0xffffffff
                0xfff8db68        0x4 LONG 0xfff80fcc DEFINED ($tableentry$94$.rvectors)?$tableentry$94$.rvectors:DEFINED ($tableentry$default$.rvectors)?$tableentry$default$.rvectors:0xffffffff
                0xfff8db6c        0x4 LONG 0xfff80fcc DEFINED ($tableentry$95$.rvectors)?$tableentry$95$.rvectors:DEFINED ($tableentry$default$.rvectors)?$tableentry$default$.rvectors:0xffffffff
                0xfff8db70        0x4 LONG 0xfff80fcc DEFINED ($tableentry$96$.rvectors)?$tableentry$96$.rvectors:DEFINED ($tableentry$default$.rvectors)?$tableentry$default$.rvectors:0xffffffff
                0xfff8db74        0x4 LONG 0xfff80fcc DEFINED ($tableentry$97$.rvectors)?$tableentry$97$.rvectors:DEFINED ($tableentry$default$.rvectors)?$tableentry$default$.rvectors:0xffffffff
                0xfff8db78        0x4 LONG 0xfff80fcc DEFINED ($tableentry$98$.rvectors)?$tableentry$98$.rvectors:DEFINED ($tableentry$default$.rvectors)?$tableentry$default$.rvectors:0xffffffff
                0xfff8db7c        0x4 LONG 0xfff80fcc DEFINED ($tableentry$99$.rvectors)?$tableentry$99$.rvectors:DEFINED ($tableentry$default$.rvectors)?$tableentry$default$.rvectors:0xffffffff
                0xfff8db80        0x4 LONG 0xfff80fcc DEFINED ($tableentry$100$.rvectors)?$tableentry$100$.rvectors:DEFINED ($tableentry$default$.rvectors)?$tableentry$default$.rvectors:0xffffffff
                0xfff8db84        0x4 LONG 0xfff80fcc DEFINED ($tableentry$101$.rvectors)?$tableentry$101$.rvectors:DEFINED ($tableentry$default$.rvectors)?$tableentry$default$.rvectors:0xffffffff
                0xfff8db88        0x4 LONG 0xfff80fcc DEFINED ($tableentry$102$.rvectors)?$tableentry$102$.rvectors:DEFINED ($tableentry$default$.rvectors)?$tableentry$default$.rvectors:0xffffffff
                0xfff8db8c        0x4 LONG 0xfff80fcc DEFINED ($tableentry$103$.rvectors)?$tableentry$103$.rvectors:DEFINED ($tableentry$default$.rvectors)?$tableentry$default$.rvectors:0xffffffff
                0xfff8db90        0x4 LONG 0xfff80fcc DEFINED ($tableentry$104$.rvectors)?$tableentry$104$.rvectors:DEFINED ($tableentry$default$.rvectors)?$tableentry$default$.rvectors:0xffffffff
                0xfff8db94        0x4 LONG 0xfff80fcc DEFINED ($tableentry$105$.rvectors)?$tableentry$105$.rvectors:DEFINED ($tableentry$default$.rvectors)?$tableentry$default$.rvectors:0xffffffff
                0xfff8db98        0x4 LONG 0xfff80fcc DEFINED ($tableentry$106$.rvectors)?$tableentry$106$.rvectors:DEFINED ($tableentry$default$.rvectors)?$tableentry$default$.rvectors:0xffffffff
                0xfff8db9c        0x4 LONG 0xfff80fcc DEFINED ($tableentry$107$.rvectors)?$tableentry$107$.rvectors:DEFINED ($tableentry$default$.rvectors)?$tableentry$default$.rvectors:0xffffffff
                0xfff8dba0        0x4 LONG 0xfff80fcc DEFINED ($tableentry$108$.rvectors)?$tableentry$108$.rvectors:DEFINED ($tableentry$default$.rvectors)?$tableentry$default$.rvectors:0xffffffff
                0xfff8dba4        0x4 LONG 0xfff80fcc DEFINED ($tableentry$109$.rvectors)?$tableentry$109$.rvectors:DEFINED ($tableentry$default$.rvectors)?$tableentry$default$.rvectors:0xffffffff
                0xfff8dba8        0x4 LONG 0xfff80fcc DEFINED ($tableentry$110$.rvectors)?$tableentry$110$.rvectors:DEFINED ($tableentry$default$.rvectors)?$tableentry$default$.rvectors:0xffffffff
                0xfff8dbac        0x4 LONG 0xfff80fcc DEFINED ($tableentry$111$.rvectors)?$tableentry$111$.rvectors:DEFINED ($tableentry$default$.rvectors)?$tableentry$default$.rvectors:0xffffffff
                0xfff8dbb0        0x4 LONG 0xfff80fcc DEFINED ($tableentry$112$.rvectors)?$tableentry$112$.rvectors:DEFINED ($tableentry$default$.rvectors)?$tableentry$default$.rvectors:0xffffffff
                0xfff8dbb4        0x4 LONG 0xfff80fcc DEFINED ($tableentry$113$.rvectors)?$tableentry$113$.rvectors:DEFINED ($tableentry$default$.rvectors)?$tableentry$default$.rvectors:0xffffffff
                0xfff8dbb8        0x4 LONG 0xfff80fcc DEFINED ($tableentry$114$.rvectors)?$tableentry$114$.rvectors:DEFINED ($tableentry$default$.rvectors)?$tableentry$default$.rvectors:0xffffffff
                0xfff8dbbc        0x4 LONG 0xfff80fcc DEFINED ($tableentry$115$.rvectors)?$tableentry$115$.rvectors:DEFINED ($tableentry$default$.rvectors)?$tableentry$default$.rvectors:0xffffffff
                0xfff8dbc0        0x4 LONG 0xfff80fcc DEFINED ($tableentry$116$.rvectors)?$tableentry$116$.rvectors:DEFINED ($tableentry$default$.rvectors)?$tableentry$default$.rvectors:0xffffffff
                0xfff8dbc4        0x4 LONG 0xfff80fcc DEFINED ($tableentry$117$.rvectors)?$tableentry$117$.rvectors:DEFINED ($tableentry$default$.rvectors)?$tableentry$default$.rvectors:0xffffffff
                0xfff8dbc8        0x4 LONG 0xfff80fcc DEFINED ($tableentry$118$.rvectors)?$tableentry$118$.rvectors:DEFINED ($tableentry$default$.rvectors)?$tableentry$default$.rvectors:0xffffffff
                0xfff8dbcc        0x4 LONG 0xfff80fcc DEFINED ($tableentry$119$.rvectors)?$tableentry$119$.rvectors:DEFINED ($tableentry$default$.rvectors)?$tableentry$default$.rvectors:0xffffffff
                0xfff8dbd0        0x4 LONG 0xfff80fcc DEFINED ($tableentry$120$.rvectors)?$tableentry$120$.rvectors:DEFINED ($tableentry$default$.rvectors)?$tableentry$default$.rvectors:0xffffffff
                0xfff8dbd4        0x4 LONG 0xfff80fcc DEFINED ($tableentry$121$.rvectors)?$tableentry$121$.rvectors:DEFINED ($tableentry$default$.rvectors)?$tableentry$default$.rvectors:0xffffffff
                0xfff8dbd8        0x4 LONG 0xfff80fcc DEFINED ($tableentry$122$.rvectors)?$tableentry$122$.rvectors:DEFINED ($tableentry$default$.rvectors)?$tableentry$default$.rvectors:0xffffffff
                0xfff8dbdc        0x4 LONG 0xfff80fcc DEFINED ($tableentry$123$.rvectors)?$tableentry$123$.rvectors:DEFINED ($tableentry$default$.rvectors)?$tableentry$default$.rvectors:0xffffffff
                0xfff8dbe0        0x4 LONG 0xfff80fcc DEFINED ($tableentry$124$.rvectors)?$tableentry$124$.rvectors:DEFINED ($tableentry$default$.rvectors)?$tableentry$default$.rvectors:0xffffffff
                0xfff8dbe4        0x4 LONG 0xfff80fcc DEFINED ($tableentry$125$.rvectors)?$tableentry$125$.rvectors:DEFINED ($tableentry$default$.rvectors)?$tableentry$default$.rvectors:0xffffffff
                0xfff8dbe8        0x4 LONG 0xfff80fcc DEFINED ($tableentry$126$.rvectors)?$tableentry$126$.rvectors:DEFINED ($tableentry$default$.rvectors)?$tableentry$default$.rvectors:0xffffffff
                0xfff8dbec        0x4 LONG 0xfff80fcc DEFINED ($tableentry$127$.rvectors)?$tableentry$127$.rvectors:DEFINED ($tableentry$default$.rvectors)?$tableentry$default$.rvectors:0xffffffff
                0xfff8dbf0        0x4 LONG 0xfff80fcc DEFINED ($tableentry$128$.rvectors)?$tableentry$128$.rvectors:DEFINED ($tableentry$default$.rvectors)?$tableentry$default$.rvectors:0xffffffff
                0xfff8dbf4        0x4 LONG 0xfff80fcc DEFINED ($tableentry$129$.rvectors)?$tableentry$129$.rvectors:DEFINED ($tableentry$default$.rvectors)?$tableentry$default$.rvectors:0xffffffff
                0xfff8dbf8        0x4 LONG 0xfff80fcc DEFINED ($tableentry$130$.rvectors)?$tableentry$130$.rvectors:DEFINED ($tableentry$default$.rvectors)?$tableentry$default$.rvectors:0xffffffff
                0xfff8dbfc        0x4 LONG 0xfff80fcc DEFINED ($tableentry$131$.rvectors)?$tableentry$131$.rvectors:DEFINED ($tableentry$default$.rvectors)?$tableentry$default$.rvectors:0xffffffff
                0xfff8dc00        0x4 LONG 0xfff80fcc DEFINED ($tableentry$132$.rvectors)?$tableentry$132$.rvectors:DEFINED ($tableentry$default$.rvectors)?$tableentry$default$.rvectors:0xffffffff
                0xfff8dc04        0x4 LONG 0xfff80fcc DEFINED ($tableentry$133$.rvectors)?$tableentry$133$.rvectors:DEFINED ($tableentry$default$.rvectors)?$tableentry$default$.rvectors:0xffffffff
                0xfff8dc08        0x4 LONG 0xfff80fcc DEFINED ($tableentry$134$.rvectors)?$tableentry$134$.rvectors:DEFINED ($tableentry$default$.rvectors)?$tableentry$default$.rvectors:0xffffffff
                0xfff8dc0c        0x4 LONG 0xfff80fcc DEFINED ($tableentry$135$.rvectors)?$tableentry$135$.rvectors:DEFINED ($tableentry$default$.rvectors)?$tableentry$default$.rvectors:0xffffffff
                0xfff8dc10        0x4 LONG 0xfff80fcc DEFINED ($tableentry$136$.rvectors)?$tableentry$136$.rvectors:DEFINED ($tableentry$default$.rvectors)?$tableentry$default$.rvectors:0xffffffff
                0xfff8dc14        0x4 LONG 0xfff80fcc DEFINED ($tableentry$137$.rvectors)?$tableentry$137$.rvectors:DEFINED ($tableentry$default$.rvectors)?$tableentry$default$.rvectors:0xffffffff
                0xfff8dc18        0x4 LONG 0xfff80fcc DEFINED ($tableentry$138$.rvectors)?$tableentry$138$.rvectors:DEFINED ($tableentry$default$.rvectors)?$tableentry$default$.rvectors:0xffffffff
                0xfff8dc1c        0x4 LONG 0xfff80fcc DEFINED ($tableentry$139$.rvectors)?$tableentry$139$.rvectors:DEFINED ($tableentry$default$.rvectors)?$tableentry$default$.rvectors:0xffffffff
                0xfff8dc20        0x4 LONG 0xfff80fcc DEFINED ($tableentry$140$.rvectors)?$tableentry$140$.rvectors:DEFINED ($tableentry$default$.rvectors)?$tableentry$default$.rvectors:0xffffffff
                0xfff8dc24        0x4 LONG 0xfff80fcc DEFINED ($tableentry$141$.rvectors)?$tableentry$141$.rvectors:DEFINED ($tableentry$default$.rvectors)?$tableentry$default$.rvectors:0xffffffff