Archive member included because of file (symbol)

c:/renesas/gcc/redhat/gnurx-elf/8.3.0.202004/rx-elf/rx-elf/bin/../lib/gcc/rx-elf/8.3.0.202004-GNURX/../../../../rx-elf/lib/64-bit-double\libc_nano.a(lib_a-sprintf.o)
                              ./src/FreeRTOS_Demo/Full_Demo/Sample-CLI-commands.o (sprintf)
c:/renesas/gcc/redhat/gnurx-elf/8.3.0.202004/rx-elf/rx-elf/bin/../lib/gcc/rx-elf/8.3.0.202004-GNURX/../../../../rx-elf/lib/64-bit-double\libc_nano.a(lib_a-strlen.o)
                              ./src/FreeRTOS_Demo/Full_Demo/FreeRTOS-Plus-CLI/FreeRTOS_CLI.o (strlen)
c:/renesas/gcc/redhat/gnurx-elf/8.3.0.202004/rx-elf/rx-elf/bin/../lib/gcc/rx-elf/8.3.0.202004-GNURX/../../../../rx-elf/lib/64-bit-double\libc_nano.a(lib_a-strncat.o)
                              ./src/FreeRTOS_Demo/Full_Demo/Sample-CLI-commands.o (strncat)
c:/renesas/gcc/redhat/gnurx-elf/8.3.0.202004/rx-elf/rx-elf/bin/../lib/gcc/rx-elf/8.3.0.202004-GNURX/../../../../rx-elf/lib/64-bit-double\libc_nano.a(lib_a-strncpy.o)
                              ./src/FreeRTOS_Demo/Full_Demo/FreeRTOS-Plus-CLI/FreeRTOS_CLI.o (strncpy)
c:/renesas/gcc/redhat/gnurx-elf/8.3.0.202004/rx-elf/rx-elf/bin/../lib/gcc/rx-elf/8.3.0.202004-GNURX/../../../../rx-elf/lib/64-bit-double\libc_nano.a(lib_a-impure.o)
                              c:/renesas/gcc/redhat/gnurx-elf/8.3.0.202004/rx-elf/rx-elf/bin/../lib/gcc/rx-elf/8.3.0.202004-GNURX/../../../../rx-elf/lib/64-bit-double\libc_nano.a(lib_a-sprintf.o) (_impure_ptr)
c:/renesas/gcc/redhat/gnurx-elf/8.3.0.202004/rx-elf/rx-elf/bin/../lib/gcc/rx-elf/8.3.0.202004-GNURX/../../../../rx-elf/lib/64-bit-double\libc_nano.a(lib_a-nano-svfprintf.o)
                              c:/renesas/gcc/redhat/gnurx-elf/8.3.0.202004/rx-elf/rx-elf/bin/../lib/gcc/rx-elf/8.3.0.202004-GNURX/../../../../rx-elf/lib/64-bit-double\libc_nano.a(lib_a-sprintf.o) (_svfprintf_r)
c:/renesas/gcc/redhat/gnurx-elf/8.3.0.202004/rx-elf/rx-elf/bin/../lib/gcc/rx-elf/8.3.0.202004-GNURX/../../../../rx-elf/lib/64-bit-double\libc_nano.a(lib_a-nano-vfprintf_i.o)
                              c:/renesas/gcc/redhat/gnurx-elf/8.3.0.202004/rx-elf/rx-elf/bin/../lib/gcc/rx-elf/8.3.0.202004-GNURX/../../../../rx-elf/lib/64-bit-double\libc_nano.a(lib_a-nano-svfprintf.o) (_printf_i)
c:/renesas/gcc/redhat/gnurx-elf/8.3.0.202004/rx-elf/rx-elf/bin/../lib/gcc/rx-elf/8.3.0.202004-GNURX/../../../../rx-elf/lib/64-bit-double\libc_nano.a(lib_a-memchr.o)
                              c:/renesas/gcc/redhat/gnurx-elf/8.3.0.202004/rx-elf/rx-elf/bin/../lib/gcc/rx-elf/8.3.0.202004-GNURX/../../../../rx-elf/lib/64-bit-double\libc_nano.a(lib_a-nano-svfprintf.o) (memchr)
c:/renesas/gcc/redhat/gnurx-elf/8.3.0.202004/rx-elf/rx-elf/bin/../lib/gcc/rx-elf/8.3.0.202004-GNURX/../../../../rx-elf/lib/64-bit-double\libc_nano.a(lib_a-memcpy.o)
                              c:/renesas/gcc/redhat/gnurx-elf/8.3.0.202004/rx-elf/rx-elf/bin/../lib/gcc/rx-elf/8.3.0.202004-GNURX/../../../../rx-elf/lib/64-bit-double\libc_nano.a(lib_a-nano-svfprintf.o) (memcpy)
c:/renesas/gcc/redhat/gnurx-elf/8.3.0.202004/rx-elf/rx-elf/bin/../lib/gcc/rx-elf/8.3.0.202004-GNURX/../../../../rx-elf/lib/64-bit-double\libc_nano.a(lib_a-memmove.o)
                              c:/renesas/gcc/redhat/gnurx-elf/8.3.0.202004/rx-elf/rx-elf/bin/../lib/gcc/rx-elf/8.3.0.202004-GNURX/../../../../rx-elf/lib/64-bit-double\libc_nano.a(lib_a-nano-svfprintf.o) (memmove)
c:/renesas/gcc/redhat/gnurx-elf/8.3.0.202004/rx-elf/rx-elf/bin/../lib/gcc/rx-elf/8.3.0.202004-GNURX/../../../../rx-elf/lib/64-bit-double\libc_nano.a(lib_a-nano-freer.o)
                              c:/renesas/gcc/redhat/gnurx-elf/8.3.0.202004/rx-elf/rx-elf/bin/../lib/gcc/rx-elf/8.3.0.202004-GNURX/../../../../rx-elf/lib/64-bit-double\libc_nano.a(lib_a-nano-svfprintf.o) (_free_r)
c:/renesas/gcc/redhat/gnurx-elf/8.3.0.202004/rx-elf/rx-elf/bin/../lib/gcc/rx-elf/8.3.0.202004-GNURX/../../../../rx-elf/lib/64-bit-double\libc_nano.a(lib_a-nano-mallocr.o)
                              c:/renesas/gcc/redhat/gnurx-elf/8.3.0.202004/rx-elf/rx-elf/bin/../lib/gcc/rx-elf/8.3.0.202004-GNURX/../../../../rx-elf/lib/64-bit-double\libc_nano.a(lib_a-nano-svfprintf.o) (_malloc_r)
c:/renesas/gcc/redhat/gnurx-elf/8.3.0.202004/rx-elf/rx-elf/bin/../lib/gcc/rx-elf/8.3.0.202004-GNURX/../../../../rx-elf/lib/64-bit-double\libc_nano.a(lib_a-nano-reallocr.o)
                              c:/renesas/gcc/redhat/gnurx-elf/8.3.0.202004/rx-elf/rx-elf/bin/../lib/gcc/rx-elf/8.3.0.202004-GNURX/../../../../rx-elf/lib/64-bit-double\libc_nano.a(lib_a-nano-svfprintf.o) (_realloc_r)
c:/renesas/gcc/redhat/gnurx-elf/8.3.0.202004/rx-elf/rx-elf/bin/../lib/gcc/rx-elf/8.3.0.202004-GNURX/../../../../rx-elf/lib/64-bit-double\libc_nano.a(lib_a-sbrkr.o)
                              c:/renesas/gcc/redhat/gnurx-elf/8.3.0.202004/rx-elf/rx-elf/bin/../lib/gcc/rx-elf/8.3.0.202004-GNURX/../../../../rx-elf/lib/64-bit-double\libc_nano.a(lib_a-nano-mallocr.o) (_sbrk_r)
[...]
Memory Configuration

Name             Origin             Length             Attributes
RAM              0x00000004         0x0007fffc
RAM2             0x00800000         0x00080000
ROM              0xffc00000         0x00400000
OFS              0xfe7f5d00         0x00000080
*default*        0x00000000         0xffffffff

Linker script and memory map

LOAD ./src/smc_integration/RenesasSimDebug/sim_debug_mode_hook.o
LOAD ./src/smc_integration/FIT_patch.o
LOAD ./src/smc_integration/IDE_helper.o
LOAD ./src/smc_integration/u_bsp_lowlvl_ext.o
LOAD ./src/smc_gen/r_gpio_rx/src/targets/rx72n/r_gpio_rx72n.o
LOAD ./src/smc_gen/r_gpio_rx/src/r_gpio_rx.o
LOAD ./src/smc_gen/r_bsp/mcu/rx72n/mcu_clocks.o
LOAD ./src/smc_gen/r_bsp/mcu/rx72n/mcu_init.o
LOAD ./src/smc_gen/r_bsp/mcu/rx72n/mcu_interrupts.o
LOAD ./src/smc_gen/r_bsp/mcu/rx72n/mcu_mapped_interrupts.o
LOAD ./src/smc_gen/r_bsp/mcu/rx72n/vecttbl.o
LOAD ./src/smc_gen/r_bsp/mcu/all/dbsct.o
LOAD ./src/smc_gen/r_bsp/mcu/all/lowlvl.o
LOAD ./src/smc_gen/r_bsp/mcu/all/lowsrc.o
LOAD ./src/smc_gen/r_bsp/mcu/all/mcu_locks.o
LOAD ./src/smc_gen/r_bsp/mcu/all/r_bsp_common.o
LOAD ./src/smc_gen/r_bsp/mcu/all/r_bsp_cpu.o
LOAD ./src/smc_gen/r_bsp/mcu/all/r_bsp_interrupts.o
LOAD ./src/smc_gen/r_bsp/mcu/all/r_bsp_locking.o
LOAD ./src/smc_gen/r_bsp/mcu/all/r_bsp_mcu_startup.o
LOAD ./src/smc_gen/r_bsp/mcu/all/r_bsp_software_interrupt.o
LOAD ./src/smc_gen/r_bsp/mcu/all/r_rx_intrinsic_functions.o
LOAD ./src/smc_gen/r_bsp/mcu/all/reset_program.o
LOAD ./src/smc_gen/r_bsp/mcu/all/resetprg.o
LOAD ./src/smc_gen/r_bsp/mcu/all/sbrk.o
LOAD ./src/smc_gen/r_bsp/board/generic_rx72n/hwsetup.o
LOAD ./src/smc_gen/general/r_cg_hardware_setup.o
LOAD ./src/smc_gen/general/r_smc_cgc.o
LOAD ./src/smc_gen/general/r_smc_cgc_user.o
LOAD ./src/smc_gen/general/r_smc_interrupt.o
LOAD ./src/frtos_startup/freertos_object_init.o
LOAD ./src/frtos_startup/freertos_start.o
LOAD ./src/FreeRTOS_Demo/Full_Demo/Standard_Demo_Tasks/BlockQ.o
LOAD ./src/FreeRTOS_Demo/Full_Demo/Standard_Demo_Tasks/EventGroupsDemo.o
LOAD ./src/FreeRTOS_Demo/Full_Demo/Standard_Demo_Tasks/GenQTest.o
LOAD ./src/FreeRTOS_Demo/Full_Demo/Standard_Demo_Tasks/IntQueue.o
LOAD ./src/FreeRTOS_Demo/Full_Demo/Standard_Demo_Tasks/IntSemTest.o
LOAD ./src/FreeRTOS_Demo/Full_Demo/Standard_Demo_Tasks/QueueOverwrite.o
LOAD ./src/FreeRTOS_Demo/Full_Demo/Standard_Demo_Tasks/TaskNotify.o
LOAD ./src/FreeRTOS_Demo/Full_Demo/Standard_Demo_Tasks/TaskNotifyArray.o
LOAD ./src/FreeRTOS_Demo/Full_Demo/Standard_Demo_Tasks/TimerDemo.o
LOAD ./src/FreeRTOS_Demo/Full_Demo/Standard_Demo_Tasks/blocktim.o
LOAD ./src/FreeRTOS_Demo/Full_Demo/Standard_Demo_Tasks/countsem.o
LOAD ./src/FreeRTOS_Demo/Full_Demo/Standard_Demo_Tasks/death.o
LOAD ./src/FreeRTOS_Demo/Full_Demo/Standard_Demo_Tasks/dynamic.o
LOAD ./src/FreeRTOS_Demo/Full_Demo/Standard_Demo_Tasks/flop.o
LOAD ./src/FreeRTOS_Demo/Full_Demo/Standard_Demo_Tasks/recmutex.o
LOAD ./src/FreeRTOS_Demo/Full_Demo/Standard_Demo_Tasks/semtest.o
LOAD ./src/FreeRTOS_Demo/Full_Demo/FreeRTOS-Plus-CLI/FreeRTOS_CLI.o
LOAD ./src/FreeRTOS_Demo/Full_Demo/IntQueueTimer.o
LOAD ./src/FreeRTOS_Demo/Full_Demo/Sample-CLI-commands.o
LOAD ./src/FreeRTOS_Demo/Full_Demo/UARTCommandConsole.o
LOAD ./src/FreeRTOS_Demo/Full_Demo/main_full.o
LOAD ./src/FreeRTOS_Demo/Full_Demo/serial.o
LOAD ./src/FreeRTOS_Demo/Blinky_Demo/main_blinky.o
LOAD ./src/FreeRTOS/Source/portable/MemMang/heap_4.o
LOAD ./src/FreeRTOS/Source/portable/GCC/RX_RenesasSim/port.o
LOAD ./src/FreeRTOS/Source/event_groups.o
LOAD ./src/FreeRTOS/Source/list.o
LOAD ./src/FreeRTOS/Source/queue.o
LOAD ./src/FreeRTOS/Source/stream_buffer.o
LOAD ./src/FreeRTOS/Source/tasks.o
LOAD ./src/FreeRTOS/Source/timers.o
START GROUP
LOAD c:/renesas/gcc/redhat/gnurx-elf/8.3.0.202004/rx-elf/rx-elf/bin/../lib/gcc/rx-elf/8.3.0.202004-GNURX/../../../../rx-elf/lib/64-bit-double\libm.a
LOAD c:/renesas/gcc/redhat/gnurx-elf/8.3.0.202004/rx-elf/rx-elf/bin/../lib/gcc/rx-elf/8.3.0.202004-GNURX/../../../../rx-elf/lib/64-bit-double\libc_nano.a
LOAD c:/renesas/gcc/redhat/gnurx-elf/8.3.0.202004/rx-elf/rx-elf/bin/../lib/gcc/rx-elf/8.3.0.202004-GNURX/64-bit-double\libgcc.a
END GROUP
LOAD c:/renesas/gcc/redhat/gnurx-elf/8.3.0.202004/rx-elf/rx-elf/bin/../lib/gcc/rx-elf/8.3.0.202004-GNURX/64-bit-double\libgcc.a
LOAD c:/renesas/gcc/redhat/gnurx-elf/8.3.0.202004/rx-elf/rx-elf/bin/../lib/gcc/rx-elf/8.3.0.202004-GNURX/../../../../rx-elf/lib/64-bit-double\libg_nano.a
LOAD c:/renesas/gcc/redhat/gnurx-elf/8.3.0.202004/rx-elf/rx-elf/bin/../lib/gcc/rx-elf/8.3.0.202004-GNURX/../../../../rx-elf/lib/64-bit-double\libc_nano.a
LOAD c:/renesas/gcc/redhat/gnurx-elf/8.3.0.202004/rx-elf/rx-elf/bin/../lib/gcc/rx-elf/8.3.0.202004-GNURX/64-bit-double\libgcc.a
START GROUP
LOAD c:/renesas/gcc/redhat/gnurx-elf/8.3.0.202004/rx-elf/rx-elf/bin/../lib/gcc/rx-elf/8.3.0.202004-GNURX/64-bit-double\libgcc.a
LOAD c:/renesas/gcc/redhat/gnurx-elf/8.3.0.202004/rx-elf/rx-elf/bin/../lib/gcc/rx-elf/8.3.0.202004-GNURX/../../../../rx-elf/lib/64-bit-double\libc_nano.a
END GROUP

.exvectors      0xffffff80       0x7c
                0xffffff80                _exvectors_start = .
 *(.exvectors)
 .exvectors     0xffffff80       0x7c ./src/smc_gen/r_bsp/mcu/rx72n/vecttbl.o
                0xffffff80                Except_Vectors
                0xfffffffc                _exvectors_end = .

.fvectors       0xfffffffc        0x4
 *(.fvectors)
 .fvectors      0xfffffffc        0x4 ./src/smc_gen/r_bsp/mcu/rx72n/vecttbl.o
                0xfffffffc                Reset_Vector

.text           0xffc00000     0xdeb8
 *(.text)
 .text          0xffc00000       0x43 ./src/smc_gen/r_bsp/mcu/all/reset_program.o
                0xffc00000                PowerON_Reset_PC
                0xffc00000                PowerON_Reset
                0xffc00012                _INITSCT
 .text          0xffc00043        0xd c:/renesas/gcc/redhat/gnurx-elf/8.3.0.202004/rx-elf/rx-elf/bin/../lib/gcc/rx-elf/8.3.0.202004-GNURX/../../../../rx-elf/lib/64-bit-double\libc_nano.a(lib_a-strlen.o)
                0xffc00043                strlen
 .text          0xffc00050       0x1d c:/renesas/gcc/redhat/gnurx-elf/8.3.0.202004/rx-elf/rx-elf/bin/../lib/gcc/rx-elf/8.3.0.202004-GNURX/../../../../rx-elf/lib/64-bit-double\libc_nano.a(lib_a-strncat.o)
                0xffc00050                strncat
 .text          0xffc0006d        0xb c:/renesas/gcc/redhat/gnurx-elf/8.3.0.202004/rx-elf/rx-elf/bin/../lib/gcc/rx-elf/8.3.0.202004-GNURX/../../../../rx-elf/lib/64-bit-double\libc_nano.a(lib_a-strncpy.o)
                0xffc0006d                strncpy
 .text          0xffc00078        0xb c:/renesas/gcc/redhat/gnurx-elf/8.3.0.202004/rx-elf/rx-elf/bin/../lib/gcc/rx-elf/8.3.0.202004-GNURX/../../../../rx-elf/lib/64-bit-double\libc_nano.a(lib_a-memchr.o)
                0xffc00078                memchr
 .text          0xffc00083        0x7 c:/renesas/gcc/redhat/gnurx-elf/8.3.0.202004/rx-elf/rx-elf/bin/../lib/gcc/rx-elf/8.3.0.202004-GNURX/../../../../rx-elf/lib/64-bit-double\libc_nano.a(lib_a-memcpy.o)
                0xffc00083                memcpy
 .text          0xffc0008a       0x18 c:/renesas/gcc/redhat/gnurx-elf/8.3.0.202004/rx-elf/rx-elf/bin/../lib/gcc/rx-elf/8.3.0.202004-GNURX/../../../../rx-elf/lib/64-bit-double\libc_nano.a(lib_a-memmove.o)
                0xffc0008a                memmove
 *(.text.*ISR)
 *fill*         0xffc000a2        0x6 
 .text.xNotifyTaskFromISR
                0xffc000a8       0xb8 ./src/FreeRTOS_Demo/Full_Demo/Standard_Demo_Tasks/TaskNotify.o
                0xffc000a8                xNotifyTaskFromISR
 .text.xNotifyArrayTaskFromISR
                0xffc00160       0xa8 ./src/FreeRTOS_Demo/Full_Demo/Standard_Demo_Tasks/TaskNotifyArray.o
                0xffc00160                xNotifyArrayTaskFromISR
 .text.prvIntQTimer_0_1_ISR
                0xffc00208       0x48 ./src/FreeRTOS_Demo/Full_Demo/IntQueueTimer.o
                0xffc00208                $tableentry$128$.rvectors
 .text.prvIntQTimer_2_3_ISR
                0xffc00250       0x48 ./src/FreeRTOS_Demo/Full_Demo/IntQueueTimer.o
                0xffc00250                $tableentry$129$.rvectors
 .text.vSoftwareInterruptISR
                0xffc00298       0xae ./src/FreeRTOS/Source/portable/GCC/RX_RenesasSim/port.o
                0xffc00298                vSoftwareInterruptISR
                0xffc00298                $tableentry$29$.rvectors
 .text.vTickISR
                0xffc00346       0x4b ./src/FreeRTOS/Source/portable/GCC/RX_RenesasSim/port.o
                0xffc00346                $tableentry$28$.rvectors
                0xffc00346                vTickISR
 .text.xEventGroupClearBitsFromISR
                0xffc00391       0x10 ./src/FreeRTOS/Source/event_groups.o
                0xffc00391                xEventGroupClearBitsFromISR
 *fill*         0xffc003a1        0x7 
 .text.xEventGroupGetBitsFromISR
                0xffc003a8       0x28 ./src/FreeRTOS/Source/event_groups.o
                0xffc003a8                xEventGroupGetBitsFromISR
 .text.xEventGroupSetBitsFromISR
                0xffc003d0       0x10 ./src/FreeRTOS/Source/event_groups.o
                0xffc003d0                xEventGroupSetBitsFromISR
 .text.xQueueGenericSendFromISR
                0xffc003e0       0xf0 ./src/FreeRTOS/Source/queue.o
                0xffc003e0                xQueueGenericSendFromISR
 .text.xQueueGiveFromISR
                0xffc004d0       0xd8 ./src/FreeRTOS/Source/queue.o
                0xffc004d0                xQueueGiveFromISR
 .text.xQueueReceiveFromISR
                0xffc005a8       0xc8 ./src/FreeRTOS/Source/queue.o
                0xffc005a8                xQueueReceiveFromISR
 .text.xQueuePeekFromISR
                0xffc00670       0x98 ./src/FreeRTOS/Source/queue.o
                0xffc00670                xQueuePeekFromISR
 .text.uxQueueMessagesWaitingFromISR
                0xffc00708       0x14 ./src/FreeRTOS/Source/queue.o
                0xffc00708                uxQueueMessagesWaitingFromISR
 .text.xQueueIsQueueEmptyFromISR
                0xffc0071c       0x1e ./src/FreeRTOS/Source/queue.o
                0xffc0071c                xQueueIsQueueEmptyFromISR
 .text.xQueueIsQueueFullFromISR
                0xffc0073a       0x23 ./src/FreeRTOS/Source/queue.o
                0xffc0073a                xQueueIsQueueFullFromISR
 *fill*         0xffc0075d        0x3 
 .text.xQueueSelectFromSetFromISR
                0xffc00760       0xb0 ./src/FreeRTOS/Source/queue.o
                0xffc00760                xQueueSelectFromSetFromISR
 .text.xStreamBufferSendFromISR
                0xffc00810      0x178 ./src/FreeRTOS/Source/stream_buffer.o
                0xffc00810                xStreamBufferSendFromISR
 .text.xStreamBufferReceiveFromISR
                0xffc00988      0x168 ./src/FreeRTOS/Source/stream_buffer.o
                0xffc00988                xStreamBufferReceiveFromISR
 .text.xStreamBufferSendCompletedFromISR
                0xffc00af0       0x60 ./src/FreeRTOS/Source/stream_buffer.o
                0xffc00af0                xStreamBufferSendCompletedFromISR
 .text.xStreamBufferReceiveCompletedFromISR
                0xffc00b50       0x60 ./src/FreeRTOS/Source/stream_buffer.o
                0xffc00b50                xStreamBufferReceiveCompletedFromISR
 .text.uxTaskPriorityGetFromISR
                0xffc00bb0       0x50 ./src/FreeRTOS/Source/tasks.o
                0xffc00bb0                uxTaskPriorityGetFromISR
 .text.xTaskResumeFromISR
                0xffc00c00       0xe8 ./src/FreeRTOS/Source/tasks.o
                0xffc00c00                xTaskResumeFromISR
 .text.xTaskGetTickCountFromISR
                0xffc00ce8       0x1e ./src/FreeRTOS/Source/tasks.o
                0xffc00ce8                xTaskGetTickCountFromISR
 *fill*         0xffc00d06        0x2 
 .text.xTaskGenericNotifyFromISR
                0xffc00d08      0x170 ./src/FreeRTOS/Source/tasks.o
                0xffc00d08                xTaskGenericNotifyFromISR
 .text.vTaskGenericNotifyGiveFromISR
                0xffc00e78       0xe8 ./src/FreeRTOS/Source/tasks.o
                0xffc00e78                vTaskGenericNotifyGiveFromISR
 .text.xTimerPendFunctionCallFromISR
                0xffc00f60       0x22 ./src/FreeRTOS/Source/timers.o
                0xffc00f60                xTimerPendFunctionCallFromISR
 *(.text.*_isr)
 *fill*         0xffc00f82        0x6 
 .text.group_bl0_handler_isr
                0xffc00f88      0x508 ./src/smc_gen/r_bsp/mcu/rx72n/mcu_interrupts.o
                0xffc00f88                $tableentry$110$.rvectors
 .text.group_bl1_handler_isr
                0xffc01490      0x418 ./src/smc_gen/r_bsp/mcu/rx72n/mcu_interrupts.o
                0xffc01490                $tableentry$111$.rvectors
 .text.group_bl2_handler_isr
                0xffc018a8       0xb8 ./src/smc_gen/r_bsp/mcu/rx72n/mcu_interrupts.o
                0xffc018a8                $tableentry$107$.rvectors
 .text.group_al0_handler_isr
                0xffc01960      0x2f8 ./src/smc_gen/r_bsp/mcu/rx72n/mcu_interrupts.o
                0xffc01960                $tableentry$112$.rvectors
 .text.group_al1_handler_isr
                0xffc01c58      0x178 ./src/smc_gen/r_bsp/mcu/rx72n/mcu_interrupts.o
                0xffc01c58                $tableentry$113$.rvectors
 .text.group_ie0_handler_isr
                0xffc01dd0       0x35 ./src/smc_gen/r_bsp/mcu/rx72n/mcu_interrupts.o
                0xffc01dd0                $tableentry$17$.rvectors
 *fill*         0xffc01e05        0x3 
 .text.group_be0_handler_isr
                0xffc01e08       0xa0 ./src/smc_gen/r_bsp/mcu/rx72n/mcu_interrupts.o
                0xffc01e08                $tableentry$106$.rvectors
 .text.excep_supervisor_inst_isr
                0xffc01ea8       0x28 ./src/smc_gen/r_bsp/mcu/all/r_bsp_interrupts.o
                0xffc01ea8                excep_supervisor_inst_isr
 .text.excep_access_isr
                0xffc01ed0       0x28 ./src/smc_gen/r_bsp/mcu/all/r_bsp_interrupts.o
                0xffc01ed0                excep_access_isr
 .text.excep_undefined_inst_isr
                0xffc01ef8       0x28 ./src/smc_gen/r_bsp/mcu/all/r_bsp_interrupts.o
                0xffc01ef8                excep_undefined_inst_isr
 .text.excep_floating_point_isr
                0xffc01f20       0x30 ./src/smc_gen/r_bsp/mcu/all/r_bsp_interrupts.o
                0xffc01f20                excep_floating_point_isr
 .text.non_maskable_isr
                0xffc01f50      0x190 ./src/smc_gen/r_bsp/mcu/all/r_bsp_interrupts.o
                0xffc01f50                non_maskable_isr
 .text.undefined_interrupt_source_isr
                0xffc020e0       0x28 ./src/smc_gen/r_bsp/mcu/all/r_bsp_interrupts.o
                0xffc020e0                undefined_interrupt_source_isr
                0xffc020e0                $tableentry$default$.rvectors
 .text.bus_error_isr
                0xffc02108       0x30 ./src/smc_gen/r_bsp/mcu/all/r_bsp_interrupts.o
                0xffc02108                $tableentry$16$.rvectors
                0xffc02108                bus_error_isr
 *(.text.*_interrupt)
 *(.text.*)
 .text.sbrk     0xffc02138        0x4 ./src/smc_integration/FIT_patch.o
                0xffc02138                sbrk
 .text.e2_studio_visual_expression_view_helper
                0xffc0213c       0xcc ./src/smc_integration/IDE_helper.o
                0xffc0213c                e2_studio_visual_expression_view_helper
 .text.is_charput_busy
                0xffc02208        0xc ./src/smc_integration/u_bsp_lowlvl_ext.o
                0xffc02208                is_charput_busy
 .text.is_charget_ready
                0xffc02214        0xc ./src/smc_integration/u_bsp_lowlvl_ext.o
                0xffc02214                is_charget_ready
 .text.R_GPIO_PinWrite
                0xffc02220       0x23 ./src/smc_gen/r_gpio_rx/src/r_gpio_rx.o
                0xffc02220                R_GPIO_PinWrite
 .text.R_GPIO_PinDirectionSet
                0xffc02243       0x23 ./src/smc_gen/r_gpio_rx/src/r_gpio_rx.o
                0xffc02243                R_GPIO_PinDirectionSet
 *fill*         0xffc02266        0x2 
 .text.get_iclk_freq_hz
                0xffc02268       0xd8 ./src/smc_gen/r_bsp/mcu/rx72n/mcu_clocks.o
                0xffc02268                get_iclk_freq_hz
 .text.mcu_clock_setup
                0xffc02340      0x250 ./src/smc_gen/r_bsp/mcu/rx72n/mcu_clocks.o
                0xffc02340                mcu_clock_setup
 .text.bsp_non_existent_port_init
                0xffc02590       0xfa ./src/smc_gen/r_bsp/mcu/rx72n/mcu_init.o
                0xffc02590                bsp_non_existent_port_init
 *fill*         0xffc0268a        0x6 
 .text.bsp_interrupt_enable_disable
                0xffc02690       0x80 ./src/smc_gen/r_bsp/mcu/rx72n/mcu_interrupts.o
                0xffc02690                bsp_interrupt_enable_disable
 .text.bsp_mapped_interrupt_open
                0xffc02710      0x26d ./src/smc_gen/r_bsp/mcu/rx72n/mcu_mapped_interrupts.o
                0xffc02710                bsp_mapped_interrupt_open
 *fill*         0xffc0297d        0x3 
 .text.charput  0xffc02980       0x20 ./src/smc_gen/r_bsp/mcu/all/lowlvl.o
                0xffc02980                charput
 .text.charget  0xffc029a0       0x20 ./src/smc_gen/r_bsp/mcu/all/lowlvl.o
                0xffc029a0                charget
 .text.delay_wait
                0xffc029c0        0x9 ./src/smc_gen/r_bsp/mcu/all/r_bsp_common.o
 *fill*         0xffc029c9        0x7 
 .text.R_BSP_SoftwareDelay
                0xffc029d0       0xe8 ./src/smc_gen/r_bsp/mcu/all/r_bsp_common.o
                0xffc029d0                R_BSP_SoftwareDelay
 .text.R_BSP_CpuInterruptLevelRead
                0xffc02ab8        0x8 ./src/smc_gen/r_bsp/mcu/all/r_bsp_cpu.o
                0xffc02ab8                R_BSP_CpuInterruptLevelRead
 .text.R_BSP_CpuInterruptLevelWrite
                0xffc02ac0       0x9c ./src/smc_gen/r_bsp/mcu/all/r_bsp_cpu.o
                0xffc02ac0                R_BSP_CpuInterruptLevelWrite
 .text.bsp_register_protect_open
                0xffc02b5c       0x13 ./src/smc_gen/r_bsp/mcu/all/r_bsp_cpu.o
                0xffc02b5c                bsp_register_protect_open
 .text.bsp_ram_initialize
                0xffc02b6f        0xf ./src/smc_gen/r_bsp/mcu/all/r_bsp_cpu.o
                0xffc02b6f                bsp_ram_initialize
 .text.R_BSP_InterruptControl.constprop.2
                0xffc02b7e       0x21 ./src/smc_gen/r_bsp/mcu/all/r_bsp_interrupts.o
 .text.R_BSP_InterruptRequestEnable
                0xffc02b9f       0x10 ./src/smc_gen/r_bsp/mcu/all/r_bsp_interrupts.o
                0xffc02b9f                R_BSP_InterruptRequestEnable
 .text.R_BSP_InterruptRequestDisable
                0xffc02baf       0x10 ./src/smc_gen/r_bsp/mcu/all/r_bsp_interrupts.o
                0xffc02baf                R_BSP_InterruptRequestDisable
 *fill*         0xffc02bbf        0x1 
 .text.bsp_interrupt_open
                0xffc02bc0       0x20 ./src/smc_gen/r_bsp/mcu/all/r_bsp_interrupts.o
                0xffc02bc0                bsp_interrupt_open
 .text.R_BSP_InterruptWrite
                0xffc02be0       0x1a ./src/smc_gen/r_bsp/mcu/all/r_bsp_interrupts.o
                0xffc02be0                R_BSP_InterruptWrite
 *fill*         0xffc02bfa        0x6 
 .text.R_BSP_InterruptControl
                0xffc02c00      0x4c0 ./src/smc_gen/r_bsp/mcu/all/r_bsp_interrupts.o
                0xffc02c00                R_BSP_InterruptControl
 .text.R_BSP_HardwareLock
                0xffc030c0       0x27 ./src/smc_gen/r_bsp/mcu/all/r_bsp_locking.o
                0xffc030c0                R_BSP_HardwareLock
 .text.R_BSP_BitSet
                0xffc030e7        0x4 ./src/smc_gen/r_bsp/mcu/all/r_rx_intrinsic_functions.o
                0xffc030e7                R_BSP_BitSet
 .text.R_BSP_BitClear
                0xffc030eb        0x4 ./src/smc_gen/r_bsp/mcu/all/r_rx_intrinsic_functions.o
                0xffc030eb                R_BSP_BitClear
 .text.R_BSP_SetDPSW
                0xffc030ef        0x5 ./src/smc_gen/r_bsp/mcu/all/r_rx_intrinsic_functions.o
                0xffc030ef                R_BSP_SetDPSW
 *fill*         0xffc030f4        0x4 
 .text.PowerON_Reset_PC_Prg
                0xffc030f8       0x60 ./src/smc_gen/r_bsp/mcu/all/resetprg.o
                0xffc030f8                PowerON_Reset_PC_Prg
 .text.hardware_setup
                0xffc03158       0x80 ./src/smc_gen/r_bsp/board/generic_rx72n/hwsetup.o
                0xffc03158                hardware_setup
 .text.r_undefined_exception
                0xffc031d8        0x1 ./src/smc_gen/general/r_cg_hardware_setup.o
                0xffc031d8                r_undefined_exception
 .text.R_Systeminit
                0xffc031d9       0x64 ./src/smc_gen/general/r_cg_hardware_setup.o
                0xffc031d9                R_Systeminit
 .text.R_CGC_Create
                0xffc0323d        0x4 ./src/smc_gen/general/r_smc_cgc.o
                0xffc0323d                R_CGC_Create
 .text.R_CGC_Create_UserInit
                0xffc03241        0x1 ./src/smc_gen/general/r_smc_cgc_user.o
                0xffc03241                R_CGC_Create_UserInit
 .text.vApplicationSetupTimerInterrupt
                0xffc03242       0x53 ./src/frtos_startup/freertos_start.o
                0xffc03242                vApplicationSetupTimerInterrupt
 *fill*         0xffc03295        0x3 
 .text.vAssertCalled
                0xffc03298       0x60 ./src/frtos_startup/freertos_start.o
                0xffc03298                vAssertCalled
 .text.vApplicationIdleHook
                0xffc032f8        0xc ./src/frtos_startup/freertos_start.o
                0xffc032f8                vApplicationIdleHook
 *fill*         0xffc03304        0x4 
 .text.vApplicationTickHook
                0xffc03308       0x40 ./src/frtos_startup/freertos_start.o
                0xffc03308                vApplicationTickHook
 .text.vPrintString
                0xffc03348       0x28 ./src/frtos_startup/freertos_start.o
                0xffc03348                vPrintString
 .text.vApplicationMallocFailedHook
                0xffc03370       0x30 ./src/frtos_startup/freertos_start.o
                0xffc03370                vApplicationMallocFailedHook
 .text.vApplicationStackOverflowHook
                0xffc033a0       0x30 ./src/frtos_startup/freertos_start.o
                0xffc033a0                vApplicationStackOverflowHook
 .text.Processing_Before_Start_Kernel
                0xffc033d0       0x50 ./src/frtos_startup/freertos_start.o
                0xffc033d0                Processing_Before_Start_Kernel
 .text.vToggleLED
                0xffc03420       0x19 ./src/frtos_startup/freertos_start.o
                0xffc03420                vToggleLED
 *fill*         0xffc03439        0x7 
 .text.vSendString
                0xffc03440       0x38 ./src/frtos_startup/freertos_start.o
                0xffc03440                vSendString
 .text.vBlockingQueueProducer
                0xffc03478       0x38 ./src/FreeRTOS_Demo/Full_Demo/Standard_Demo_Tasks/BlockQ.o
 .text.vBlockingQueueConsumer
                0xffc034b0       0x40 ./src/FreeRTOS_Demo/Full_Demo/Standard_Demo_Tasks/BlockQ.o
 .text.vStartBlockingQueueTasks
                0xffc034f0      0x147 ./src/FreeRTOS_Demo/Full_Demo/Standard_Demo_Tasks/BlockQ.o
                0xffc034f0                vStartBlockingQueueTasks
 .text.xAreBlockingQueuesStillRunning
                0xffc03637       0x89 ./src/FreeRTOS_Demo/Full_Demo/Standard_Demo_Tasks/BlockQ.o
                0xffc03637                xAreBlockingQueuesStillRunning
 .text.prvSyncTask
                0xffc036c0       0xe0 ./src/FreeRTOS_Demo/Full_Demo/Standard_Demo_Tasks/EventGroupsDemo.o
 .text.prvTestSlaveTask
                0xffc037a0      0x118 ./src/FreeRTOS_Demo/Full_Demo/Standard_Demo_Tasks/EventGroupsDemo.o
 .text.prvTestMasterTask
                0xffc038b8      0x3c8 ./src/FreeRTOS_Demo/Full_Demo/Standard_Demo_Tasks/EventGroupsDemo.o
 .text.vStartEventGroupTasks
                0xffc03c80       0xa8 ./src/FreeRTOS_Demo/Full_Demo/Standard_Demo_Tasks/EventGroupsDemo.o
                0xffc03c80                vStartEventGroupTasks
 .text.vPeriodicEventGroupsProcessing
                0xffc03d28       0xa8 ./src/FreeRTOS_Demo/Full_Demo/Standard_Demo_Tasks/EventGroupsDemo.o
                0xffc03d28                vPeriodicEventGroupsProcessing
 .text.xAreEventGroupTasksStillRunning
                0xffc03dd0       0x6a ./src/FreeRTOS_Demo/Full_Demo/Standard_Demo_Tasks/EventGroupsDemo.o
                0xffc03dd0                xAreEventGroupTasksStillRunning
 *fill*         0xffc03e3a        0x6 
 .text.prvMediumPriorityMutexTask
                0xffc03e40       0x18 ./src/FreeRTOS_Demo/Full_Demo/Standard_Demo_Tasks/GenQTest.o
 .text.prvHighPriorityMutexTask
                0xffc03e58       0x60 ./src/FreeRTOS_Demo/Full_Demo/Standard_Demo_Tasks/GenQTest.o
 .text.prvLowPriorityMutexTask
                0xffc03eb8      0x1b0 ./src/FreeRTOS_Demo/Full_Demo/Standard_Demo_Tasks/GenQTest.o
 .text.prvSendFrontAndBackTest
                0xffc04068      0x260 ./src/FreeRTOS_Demo/Full_Demo/Standard_Demo_Tasks/GenQTest.o
 .text.vStartGenericQueueTasks
                0xffc042c8       0x98 ./src/FreeRTOS_Demo/Full_Demo/Standard_Demo_Tasks/GenQTest.o
                0xffc042c8                vStartGenericQueueTasks
 .text.xAreGenericQueueTasksStillRunning
                0xffc04360       0x48 ./src/FreeRTOS_Demo/Full_Demo/Standard_Demo_Tasks/GenQTest.o
                0xffc04360                xAreGenericQueueTasksStillRunning
 .text.xFirstTimerHandler
                0xffc043a8      0x1c0 ./src/FreeRTOS_Demo/Full_Demo/Standard_Demo_Tasks/IntQueue.o
                0xffc043a8                xFirstTimerHandler
 .text.xSecondTimerHandler
                0xffc04568      0x288 ./src/FreeRTOS_Demo/Full_Demo/Standard_Demo_Tasks/IntQueue.o
                0xffc04568                xSecondTimerHandler
 .text.vInterruptCountingSemaphoreTask
                0xffc047f0       0xa0 ./src/FreeRTOS_Demo/Full_Demo/Standard_Demo_Tasks/IntSemTest.o
 .text.vInterruptMutexMasterTask
                0xffc04890      0x1c8 ./src/FreeRTOS_Demo/Full_Demo/Standard_Demo_Tasks/IntSemTest.o
 .text.vInterruptMutexSlaveTask
                0xffc04a58       0x68 ./src/FreeRTOS_Demo/Full_Demo/Standard_Demo_Tasks/IntSemTest.o
 .text.vStartInterruptSemaphoreTasks
                0xffc04ac0       0xd0 ./src/FreeRTOS_Demo/Full_Demo/Standard_Demo_Tasks/IntSemTest.o
                0xffc04ac0                vStartInterruptSemaphoreTasks
 .text.vInterruptSemaphorePeriodicTest
                0xffc04b90       0x80 ./src/FreeRTOS_Demo/Full_Demo/Standard_Demo_Tasks/IntSemTest.o
                0xffc04b90                vInterruptSemaphorePeriodicTest
 .text.xAreInterruptSemaphoreTasksStillRunning
                0xffc04c10       0x48 ./src/FreeRTOS_Demo/Full_Demo/Standard_Demo_Tasks/IntSemTest.o
                0xffc04c10                xAreInterruptSemaphoreTasksStillRunning
 .text.prvQueueOverwriteTask
                0xffc04c58       0xb8 ./src/FreeRTOS_Demo/Full_Demo/Standard_Demo_Tasks/QueueOverwrite.o
 .text.vStartQueueOverwriteTask
                0xffc04d10       0x35 ./src/FreeRTOS_Demo/Full_Demo/Standard_Demo_Tasks/QueueOverwrite.o
                0xffc04d10                vStartQueueOverwriteTask
 .text.xIsQueueOverwriteTaskStillRunning
                0xffc04d45       0x29 ./src/FreeRTOS_Demo/Full_Demo/Standard_Demo_Tasks/QueueOverwrite.o
                0xffc04d45                xIsQueueOverwriteTaskStillRunning
 *fill*         0xffc04d6e        0x2 
 .text.vQueueOverwritePeriodicISRDemo
                0xffc04d70       0xa8 ./src/FreeRTOS_Demo/Full_Demo/Standard_Demo_Tasks/QueueOverwrite.o
                0xffc04d70                vQueueOverwritePeriodicISRDemo
 .text.prvRand  0xffc04e18       0x1a ./src/FreeRTOS_Demo/Full_Demo/Standard_Demo_Tasks/TaskNotify.o
 .text.prvNotifyingTimer
                0xffc04e32       0x2d ./src/FreeRTOS_Demo/Full_Demo/Standard_Demo_Tasks/TaskNotify.o
 *fill*         0xffc04e5f        0x1 
 .text.prvNotifiedTask
                0xffc04e60      0x6c0 ./src/FreeRTOS_Demo/Full_Demo/Standard_Demo_Tasks/TaskNotify.o
 .text.prvSuspendedTaskTimerTestCallback
                0xffc05520       0x68 ./src/FreeRTOS_Demo/Full_Demo/Standard_Demo_Tasks/TaskNotify.o
 .text.vStartTaskNotifyTask
                0xffc05588       0x2f ./src/FreeRTOS_Demo/Full_Demo/Standard_Demo_Tasks/TaskNotify.o
                0xffc05588                vStartTaskNotifyTask
 *fill*         0xffc055b7        0x1 
 .text.xAreTaskNotificationTasksStillRunning
                0xffc055b8       0x50 ./src/FreeRTOS_Demo/Full_Demo/Standard_Demo_Tasks/TaskNotify.o
                0xffc055b8                xAreTaskNotificationTasksStillRunning
 .text.prvRand  0xffc05608       0x1a ./src/FreeRTOS_Demo/Full_Demo/Standard_Demo_Tasks/TaskNotifyArray.o
 .text.prvNotifyingTimerCallback
                0xffc05622       0x32 ./src/FreeRTOS_Demo/Full_Demo/Standard_Demo_Tasks/TaskNotifyArray.o
 *fill*         0xffc05654        0x4 
 .text.prvNotifiedTask
                0xffc05658      0xb88 ./src/FreeRTOS_Demo/Full_Demo/Standard_Demo_Tasks/TaskNotifyArray.o
 .text.prvSuspendedTaskTimerTestCallback
                0xffc061e0       0x80 ./src/FreeRTOS_Demo/Full_Demo/Standard_Demo_Tasks/TaskNotifyArray.o
 .text.vStartTaskNotifyArrayTask
                0xffc06260       0x90 ./src/FreeRTOS_Demo/Full_Demo/Standard_Demo_Tasks/TaskNotifyArray.o
                0xffc06260                vStartTaskNotifyArrayTask
 .text.xAreTaskNotificationArrayTasksStillRunning
                0xffc062f0       0x68 ./src/FreeRTOS_Demo/Full_Demo/Standard_Demo_Tasks/TaskNotifyArray.o
                0xffc062f0                xAreTaskNotificationArrayTasksStillRunning
 .text.prvISRAutoReloadTimerCallback
                0xffc06358        0xd ./src/FreeRTOS_Demo/Full_Demo/Standard_Demo_Tasks/TimerDemo.o
 .text.prvISROneShotTimerCallback
                0xffc06365        0xd ./src/FreeRTOS_Demo/Full_Demo/Standard_Demo_Tasks/TimerDemo.o
 *fill*         0xffc06372        0x6 
 .text.prvOneShotTimerCallback
                0xffc06378       0x40 ./src/FreeRTOS_Demo/Full_Demo/Standard_Demo_Tasks/TimerDemo.o
 .text.prvTimerTestTask
                0xffc063b8      0x6a8 ./src/FreeRTOS_Demo/Full_Demo/Standard_Demo_Tasks/TimerDemo.o
 .text.prvAutoReloadTimerCallback
                0xffc06a60       0x60 ./src/FreeRTOS_Demo/Full_Demo/Standard_Demo_Tasks/TimerDemo.o
 .text.vStartTimerDemoTask
                0xffc06ac0      0x188 ./src/FreeRTOS_Demo/Full_Demo/Standard_Demo_Tasks/TimerDemo.o
                0xffc06ac0                vStartTimerDemoTask
 .text.xAreTimerDemoTasksStillRunning
                0xffc06c48       0x68 ./src/FreeRTOS_Demo/Full_Demo/Standard_Demo_Tasks/TimerDemo.o
                0xffc06c48                xAreTimerDemoTasksStillRunning
 .text.vTimerPeriodicISRTests
                0xffc06cb0      0x340 ./src/FreeRTOS_Demo/Full_Demo/Standard_Demo_Tasks/TimerDemo.o
                0xffc06cb0                vTimerPeriodicISRTests
 .text.vSecondaryBlockTimeTestTask
                0xffc06ff0       0xa0 ./src/FreeRTOS_Demo/Full_Demo/Standard_Demo_Tasks/blocktim.o
 .text.vPrimaryBlockTimeTestTask
                0xffc07090      0x318 ./src/FreeRTOS_Demo/Full_Demo/Standard_Demo_Tasks/blocktim.o
 .text.vCreateBlockTimeTasks
                0xffc073a8       0x58 ./src/FreeRTOS_Demo/Full_Demo/Standard_Demo_Tasks/blocktim.o
                0xffc073a8                vCreateBlockTimeTasks
 .text.xAreBlockTimeTestTasksStillRunning
                0xffc07400       0x5c ./src/FreeRTOS_Demo/Full_Demo/Standard_Demo_Tasks/blocktim.o
                0xffc07400                xAreBlockTimeTestTasksStillRunning
 *fill*         0xffc0745c        0x4 
 .text.prvDecrementSemaphoreCount
                0xffc07460       0xa0 ./src/FreeRTOS_Demo/Full_Demo/Standard_Demo_Tasks/countsem.o
 .text.prvCountingSemaphoreTask
                0xffc07500       0xb0 ./src/FreeRTOS_Demo/Full_Demo/Standard_Demo_Tasks/countsem.o
 .text.vStartCountingSemaphoreTasks
                0xffc075b0       0x80 ./src/FreeRTOS_Demo/Full_Demo/Standard_Demo_Tasks/countsem.o
                0xffc075b0                vStartCountingSemaphoreTasks
 .text.xAreCountingSemaphoreTasksStillRunning
                0xffc07630       0x48 ./src/FreeRTOS_Demo/Full_Demo/Standard_Demo_Tasks/countsem.o
                0xffc07630                xAreCountingSemaphoreTasksStillRunning
 .text.vCreateTasks
                0xffc07678       0x80 ./src/FreeRTOS_Demo/Full_Demo/Standard_Demo_Tasks/death.o
 .text.vSuicidalTask
                0xffc076f8       0x60 ./src/FreeRTOS_Demo/Full_Demo/Standard_Demo_Tasks/death.o
 .text.vCreateSuicidalTasks
                0xffc07758       0x1e ./src/FreeRTOS_Demo/Full_Demo/Standard_Demo_Tasks/death.o
                0xffc07758                vCreateSuicidalTasks
 *fill*         0xffc07776        0x2 
 .text.xIsCreateTaskStillRunning
                0xffc07778       0x50 ./src/FreeRTOS_Demo/Full_Demo/Standard_Demo_Tasks/death.o
                0xffc07778                xIsCreateTaskStillRunning
 .text.vQueueReceiveWhenSuspendedTask
                0xffc077c8       0x78 ./src/FreeRTOS_Demo/Full_Demo/Standard_Demo_Tasks/dynamic.o
 .text.vQueueSendWhenSuspendedTask
                0xffc07840       0x48 ./src/FreeRTOS_Demo/Full_Demo/Standard_Demo_Tasks/dynamic.o
 .text.vLimitedIncrementTask
                0xffc07888       0x20 ./src/FreeRTOS_Demo/Full_Demo/Standard_Demo_Tasks/dynamic.o
 .text.vCounterControlTask
                0xffc078a8       0xc0 ./src/FreeRTOS_Demo/Full_Demo/Standard_Demo_Tasks/dynamic.o
 .text.vContinuousIncrementTask
                0xffc07968       0x78 ./src/FreeRTOS_Demo/Full_Demo/Standard_Demo_Tasks/dynamic.o
 .text.vStartDynamicPriorityTasks
                0xffc079e0       0xb8 ./src/FreeRTOS_Demo/Full_Demo/Standard_Demo_Tasks/dynamic.o
                0xffc079e0                vStartDynamicPriorityTasks
 .text.xAreDynamicPriorityTasksStillRunning
                0xffc07a98       0x60 ./src/FreeRTOS_Demo/Full_Demo/Standard_Demo_Tasks/dynamic.o
                0xffc07a98                xAreDynamicPriorityTasksStillRunning
 .text.vCompetingMathTask2
                0xffc07af8       0xf8 ./src/FreeRTOS_Demo/Full_Demo/Standard_Demo_Tasks/flop.o
 .text.vCompetingMathTask1
                0xffc07bf0       0xf8 ./src/FreeRTOS_Demo/Full_Demo/Standard_Demo_Tasks/flop.o
 .text.vCompetingMathTask4
                0xffc07ce8      0x268 ./src/FreeRTOS_Demo/Full_Demo/Standard_Demo_Tasks/flop.o
 .text.vCompetingMathTask3
                0xffc07f50      0x238 ./src/FreeRTOS_Demo/Full_Demo/Standard_Demo_Tasks/flop.o
 .text.vStartMathTasks
                0xffc08188       0x81 ./src/FreeRTOS_Demo/Full_Demo/Standard_Demo_Tasks/flop.o
                0xffc08188                vStartMathTasks
 *fill*         0xffc08209        0x7 
 .text.xAreMathsTaskStillRunning
                0xffc08210       0x48 ./src/FreeRTOS_Demo/Full_Demo/Standard_Demo_Tasks/flop.o
                0xffc08210                xAreMathsTaskStillRunning
 .text.prvRecursiveMutexPollingTask
                0xffc08258       0xd0 ./src/FreeRTOS_Demo/Full_Demo/Standard_Demo_Tasks/recmutex.o
 .text.prvRecursiveMutexBlockingTask
                0xffc08328       0x70 ./src/FreeRTOS_Demo/Full_Demo/Standard_Demo_Tasks/recmutex.o
 .text.prvRecursiveMutexControllingTask
                0xffc08398       0x98 ./src/FreeRTOS_Demo/Full_Demo/Standard_Demo_Tasks/recmutex.o
 .text.vStartRecursiveMutexTasks
                0xffc08430       0x70 ./src/FreeRTOS_Demo/Full_Demo/Standard_Demo_Tasks/recmutex.o
                0xffc08430                vStartRecursiveMutexTasks
 .text.xAreRecursiveMutexTasksStillRunning
                0xffc084a0       0x98 ./src/FreeRTOS_Demo/Full_Demo/Standard_Demo_Tasks/recmutex.o
                0xffc084a0                xAreRecursiveMutexTasksStillRunning
 .text.prvSemaphoreTest
                0xffc08538       0xf8 ./src/FreeRTOS_Demo/Full_Demo/Standard_Demo_Tasks/semtest.o
 .text.vStartSemaphoreTasks
                0xffc08630       0xe0 ./src/FreeRTOS_Demo/Full_Demo/Standard_Demo_Tasks/semtest.o
                0xffc08630                vStartSemaphoreTasks
 .text.xAreSemaphoreTasksStillRunning
                0xffc08710       0x5a ./src/FreeRTOS_Demo/Full_Demo/Standard_Demo_Tasks/semtest.o
                0xffc08710                xAreSemaphoreTasksStillRunning
 .text.prvHelpCommand
                0xffc0876a       0x3e ./src/FreeRTOS_Demo/Full_Demo/FreeRTOS-Plus-CLI/FreeRTOS_CLI.o
 .text.FreeRTOS_CLIRegisterCommand
                0xffc087a8       0x50 ./src/FreeRTOS_Demo/Full_Demo/FreeRTOS-Plus-CLI/FreeRTOS_CLI.o
                0xffc087a8                FreeRTOS_CLIRegisterCommand
 .text.FreeRTOS_CLIProcessCommand
                0xffc087f8       0xd8 ./src/FreeRTOS_Demo/Full_Demo/FreeRTOS-Plus-CLI/FreeRTOS_CLI.o
                0xffc087f8                FreeRTOS_CLIProcessCommand
 .text.FreeRTOS_CLIGetOutputBuffer
                0xffc088d0        0x7 ./src/FreeRTOS_Demo/Full_Demo/FreeRTOS-Plus-CLI/FreeRTOS_CLI.o
                0xffc088d0                FreeRTOS_CLIGetOutputBuffer
 *fill*         0xffc088d7        0x1 
 .text.FreeRTOS_CLIGetParameter
                0xffc088d8       0x60 ./src/FreeRTOS_Demo/Full_Demo/FreeRTOS-Plus-CLI/FreeRTOS_CLI.o
                0xffc088d8                FreeRTOS_CLIGetParameter
 .text.prvQueryHeapCommand
                0xffc08938       0x30 ./src/FreeRTOS_Demo/Full_Demo/Sample-CLI-commands.o
 .text.prvParameterEchoCommand
                0xffc08968       0x90 ./src/FreeRTOS_Demo/Full_Demo/Sample-CLI-commands.o
 .text.prvThreeParameterEchoCommand
                0xffc089f8       0x98 ./src/FreeRTOS_Demo/Full_Demo/Sample-CLI-commands.o
 .text.prvTaskStatsCommand
                0xffc08a90       0x48 ./src/FreeRTOS_Demo/Full_Demo/Sample-CLI-commands.o
 .text.vRegisterSampleCLICommands
                0xffc08ad8       0x28 ./src/FreeRTOS_Demo/Full_Demo/Sample-CLI-commands.o
                0xffc08ad8                vRegisterSampleCLICommands
 .text.prvUARTCommandConsoleTask
                0xffc08b00      0x168 ./src/FreeRTOS_Demo/Full_Demo/UARTCommandConsole.o
 .text.vUARTCommandConsoleStart
                0xffc08c68       0x56 ./src/FreeRTOS_Demo/Full_Demo/UARTCommandConsole.o
                0xffc08c68                vUARTCommandConsoleStart
 .text.prvRegTest1Implementation
                0xffc08cbe      0x221 ./src/FreeRTOS_Demo/Full_Demo/main_full.o
 .text.prvRegTest2Implementation
                0xffc08edf      0x232 ./src/FreeRTOS_Demo/Full_Demo/main_full.o
 *fill*         0xffc09111        0x7 
 .text.prvCheckTask
                0xffc09118      0x148 ./src/FreeRTOS_Demo/Full_Demo/main_full.o
 .text.prvPseudoRandomiser
                0xffc09260       0x50 ./src/FreeRTOS_Demo/Full_Demo/main_full.o
 .text.prvRegTestTaskEntry2
                0xffc092b0       0x1b ./src/FreeRTOS_Demo/Full_Demo/main_full.o
 .text.prvRegTestTaskEntry1
                0xffc092cb       0x1b ./src/FreeRTOS_Demo/Full_Demo/main_full.o
 *fill*         0xffc092e6        0x2 
 .text.main_full
                0xffc092e8       0xd8 ./src/FreeRTOS_Demo/Full_Demo/main_full.o
                0xffc092e8                main_full
 .text.vFullDemoTickHook
                0xffc093c0       0x18 ./src/FreeRTOS_Demo/Full_Demo/main_full.o
                0xffc093c0                vFullDemoTickHook
 .text.vSerialPortTickHook
                0xffc093d8      0x110 ./src/FreeRTOS_Demo/Full_Demo/serial.o
                0xffc093d8                vSerialPortTickHook
 .text.xSerialPortInitMinimal
                0xffc094e8       0x1f ./src/FreeRTOS_Demo/Full_Demo/serial.o
                0xffc094e8                xSerialPortInitMinimal
 *fill*         0xffc09507        0x1 
 .text.vSerialPutString
                0xffc09508       0x48 ./src/FreeRTOS_Demo/Full_Demo/serial.o
                0xffc09508                vSerialPutString
 .text.xSerialGetChar
                0xffc09550        0xc ./src/FreeRTOS_Demo/Full_Demo/serial.o
                0xffc09550                xSerialGetChar
 .text.xSerialPutChar
                0xffc0955c       0x47 ./src/FreeRTOS_Demo/Full_Demo/serial.o
                0xffc0955c                xSerialPutChar
 *fill*         0xffc095a3        0x5 
 .text.pvPortMalloc
                0xffc095a8      0x1a8 ./src/FreeRTOS/Source/portable/MemMang/heap_4.o
                0xffc095a8                pvPortMalloc
 .text.vPortFree
                0xffc09750       0xc8 ./src/FreeRTOS/Source/portable/MemMang/heap_4.o
                0xffc09750                vPortFree
 .text.xPortGetFreeHeapSize
                0xffc09818        0x9 ./src/FreeRTOS/Source/portable/MemMang/heap_4.o
                0xffc09818                xPortGetFreeHeapSize
 .text.xPortGetMinimumEverFreeHeapSize
                0xffc09821        0x9 ./src/FreeRTOS/Source/portable/MemMang/heap_4.o
                0xffc09821                xPortGetMinimumEverFreeHeapSize
 .text.prvStartFirstTask
                0xffc0982a       0x3f ./src/FreeRTOS/Source/portable/GCC/RX_RenesasSim/port.o
 .text.pxPortInitialiseStack
                0xffc09869       0x3b ./src/FreeRTOS/Source/portable/GCC/RX_RenesasSim/port.o
                0xffc09869                pxPortInitialiseStack
 .text.vPortTaskUsesDPFPU
                0xffc098a4        0xa ./src/FreeRTOS/Source/portable/GCC/RX_RenesasSim/port.o
                0xffc098a4                vPortTaskUsesDPFPU
 *fill*         0xffc098ae        0x2 
 .text.xPortStartScheduler
                0xffc098b0       0x68 ./src/FreeRTOS/Source/portable/GCC/RX_RenesasSim/port.o
                0xffc098b0                xPortStartScheduler
 .text.ulPortGetIPL
                0xffc09918        0x8 ./src/FreeRTOS/Source/portable/GCC/RX_RenesasSim/port.o
                0xffc09918                ulPortGetIPL
 .text.vPortSetIPL
                0xffc09920       0x15 ./src/FreeRTOS/Source/portable/GCC/RX_RenesasSim/port.o
                0xffc09920                vPortSetIPL
 *fill*         0xffc09935        0x3 
 .text.vEventGroupClearBitsCallback
                0xffc09938       0x48 ./src/FreeRTOS/Source/event_groups.o
                0xffc09938                vEventGroupClearBitsCallback
 .text.xEventGroupCreate
                0xffc09980       0x20 ./src/FreeRTOS/Source/event_groups.o
                0xffc09980                xEventGroupCreate
 .text.xEventGroupWaitBits
                0xffc099a0      0x140 ./src/FreeRTOS/Source/event_groups.o
                0xffc099a0                xEventGroupWaitBits
 .text.xEventGroupClearBits
                0xffc09ae0       0x50 ./src/FreeRTOS/Source/event_groups.o
                0xffc09ae0                xEventGroupClearBits
 .text.xEventGroupSetBits
                0xffc09b30       0x88 ./src/FreeRTOS/Source/event_groups.o
                0xffc09b30                xEventGroupSetBits
 .text.xEventGroupSync
                0xffc09bb8      0x148 ./src/FreeRTOS/Source/event_groups.o
                0xffc09bb8                xEventGroupSync
 .text.vEventGroupSetBitsCallback
                0xffc09d00        0x4 ./src/FreeRTOS/Source/event_groups.o
                0xffc09d00                vEventGroupSetBitsCallback
 *fill*         0xffc09d04        0x4 
 .text.vEventGroupDelete
                0xffc09d08       0x60 ./src/FreeRTOS/Source/event_groups.o
                0xffc09d08                vEventGroupDelete
 .text.vListInitialise
                0xffc09d68       0x11 ./src/FreeRTOS/Source/list.o
                0xffc09d68                vListInitialise
 .text.vListInitialiseItem
                0xffc09d79        0x4 ./src/FreeRTOS/Source/list.o
                0xffc09d79                vListInitialiseItem
 .text.vListInsertEnd
                0xffc09d7d       0x17 ./src/FreeRTOS/Source/list.o
                0xffc09d7d                vListInsertEnd
 *fill*         0xffc09d94        0x4 
 .text.vListInsert
                0xffc09d98       0x30 ./src/FreeRTOS/Source/list.o
                0xffc09d98                vListInsert
 .text.uxListRemove
                0xffc09dc8       0x2a ./src/FreeRTOS/Source/list.o
                0xffc09dc8                uxListRemove
 *fill*         0xffc09df2        0x6 
 .text.prvCopyDataToQueue
                0xffc09df8       0x80 ./src/FreeRTOS/Source/queue.o
 .text.prvUnlockQueue
                0xffc09e78      0x138 ./src/FreeRTOS/Source/queue.o
 .text.prvNotifyQueueSetContainer
                0xffc09fb0       0xa8 ./src/FreeRTOS/Source/queue.o
 .text.xQueueGenericReset
                0xffc0a058       0xa8 ./src/FreeRTOS/Source/queue.o
                0xffc0a058                xQueueGenericReset
 .text.xQueueGenericCreate
                0xffc0a100       0xa0 ./src/FreeRTOS/Source/queue.o
                0xffc0a100                xQueueGenericCreate
 .text.xQueueCreateCountingSemaphore
                0xffc0a1a0       0x80 ./src/FreeRTOS/Source/queue.o
                0xffc0a1a0                xQueueCreateCountingSemaphore
 .text.xQueueGenericSend
                0xffc0a220      0x1e0 ./src/FreeRTOS/Source/queue.o
                0xffc0a220                xQueueGenericSend
 .text.xQueueCreateMutex
                0xffc0a400       0x70 ./src/FreeRTOS/Source/queue.o
                0xffc0a400                xQueueCreateMutex
 .text.xQueueGiveMutexRecursive
                0xffc0a470       0x40 ./src/FreeRTOS/Source/queue.o
                0xffc0a470                xQueueGiveMutexRecursive
 .text.xQueueReceive
                0xffc0a4b0      0x1a0 ./src/FreeRTOS/Source/queue.o
                0xffc0a4b0                xQueueReceive
 .text.xQueueSemaphoreTake
                0xffc0a650      0x1f8 ./src/FreeRTOS/Source/queue.o
                0xffc0a650                xQueueSemaphoreTake
 .text.xQueueTakeMutexRecursive
                0xffc0a848       0x40 ./src/FreeRTOS/Source/queue.o
                0xffc0a848                xQueueTakeMutexRecursive
 .text.xQueuePeek
                0xffc0a888      0x1a0 ./src/FreeRTOS/Source/queue.o
                0xffc0a888                xQueuePeek
 .text.uxQueueMessagesWaiting
                0xffc0aa28       0x29 ./src/FreeRTOS/Source/queue.o
                0xffc0aa28                uxQueueMessagesWaiting
 .text.uxQueueSpacesAvailable
                0xffc0aa51       0x35 ./src/FreeRTOS/Source/queue.o
                0xffc0aa51                uxQueueSpacesAvailable
 *fill*         0xffc0aa86        0x2 
 .text.vQueueWaitForMessageRestricted
                0xffc0aa88       0x48 ./src/FreeRTOS/Source/queue.o
                0xffc0aa88                vQueueWaitForMessageRestricted
 .text.vTaskSwitchContext.part.5
                0xffc0aad0      0x228 ./src/FreeRTOS/Source/tasks.o
 .text.prvIdleTask
                0xffc0acf8       0xd0 ./src/FreeRTOS/Source/tasks.o
 .text.xTaskCreate
                0xffc0adc8      0x2d8 ./src/FreeRTOS/Source/tasks.o
                0xffc0adc8                xTaskCreate
 .text.vTaskDelete
                0xffc0b0a0      0x130 ./src/FreeRTOS/Source/tasks.o
                0xffc0b0a0                vTaskDelete
 .text.eTaskGetState
                0xffc0b1d0       0xd0 ./src/FreeRTOS/Source/tasks.o
                0xffc0b1d0                eTaskGetState
 .text.uxTaskPriorityGet
                0xffc0b2a0       0x68 ./src/FreeRTOS/Source/tasks.o
                0xffc0b2a0                uxTaskPriorityGet
 .text.vTaskPrioritySet
                0xffc0b308      0x140 ./src/FreeRTOS/Source/tasks.o
                0xffc0b308                vTaskPrioritySet
 .text.vTaskSuspend
                0xffc0b448      0x1a8 ./src/FreeRTOS/Source/tasks.o
                0xffc0b448                vTaskSuspend
 .text.vTaskResume
                0xffc0b5f0       0xf8 ./src/FreeRTOS/Source/tasks.o
                0xffc0b5f0                vTaskResume
 .text.vTaskStartScheduler
                0xffc0b6e8      0x280 ./src/FreeRTOS/Source/tasks.o
                0xffc0b6e8                vTaskStartScheduler
 .text.vTaskSuspendAll
                0xffc0b968        0xd ./src/FreeRTOS/Source/tasks.o
                0xffc0b968                vTaskSuspendAll
 .text.xTaskGetTickCount
                0xffc0b975        0x9 ./src/FreeRTOS/Source/tasks.o
                0xffc0b975                xTaskGetTickCount
 .text.uxTaskGetNumberOfTasks
                0xffc0b97e        0x9 ./src/FreeRTOS/Source/tasks.o
                0xffc0b97e                uxTaskGetNumberOfTasks
 *fill*         0xffc0b987        0x1 
 .text.xTaskIncrementTick
                0xffc0b988      0x158 ./src/FreeRTOS/Source/tasks.o
                0xffc0b988                xTaskIncrementTick
 .text.xTaskResumeAll
                0xffc0bae0      0x190 ./src/FreeRTOS/Source/tasks.o
                0xffc0bae0                xTaskResumeAll
 .text.xTaskDelayUntil
                0xffc0bc70       0xf8 ./src/FreeRTOS/Source/tasks.o
                0xffc0bc70                xTaskDelayUntil
 .text.vTaskDelay
                0xffc0bd68       0xb8 ./src/FreeRTOS/Source/tasks.o
                0xffc0bd68                vTaskDelay
 .text.xTaskCatchUpTicks
                0xffc0be20       0x4c ./src/FreeRTOS/Source/tasks.o
                0xffc0be20                xTaskCatchUpTicks
 *fill*         0xffc0be6c        0x4 
 .text.prvListTasksWithinSingleList.part.9
                0xffc0be70       0xf0 ./src/FreeRTOS/Source/tasks.o
 .text.uxTaskGetSystemState
                0xffc0bf60       0xe8 ./src/FreeRTOS/Source/tasks.o
                0xffc0bf60                uxTaskGetSystemState
 .text.vTaskSwitchContext
                0xffc0c048       0x1a ./src/FreeRTOS/Source/tasks.o
                0xffc0c048                vTaskSwitchContext
 *fill*         0xffc0c062        0x6 
 .text.vTaskPlaceOnEventList
                0xffc0c068       0x88 ./src/FreeRTOS/Source/tasks.o
                0xffc0c068                vTaskPlaceOnEventList
 .text.vTaskPlaceOnUnorderedEventList
                0xffc0c0f0       0xc0 ./src/FreeRTOS/Source/tasks.o
                0xffc0c0f0                vTaskPlaceOnUnorderedEventList
 .text.vTaskPlaceOnEventListRestricted
                0xffc0c1b0       0xa0 ./src/FreeRTOS/Source/tasks.o
                0xffc0c1b0                vTaskPlaceOnEventListRestricted
 .text.xTaskRemoveFromEventList
                0xffc0c250       0x90 ./src/FreeRTOS/Source/tasks.o
                0xffc0c250                xTaskRemoveFromEventList
 .text.vTaskRemoveFromUnorderedEventList
                0xffc0c2e0       0x90 ./src/FreeRTOS/Source/tasks.o
                0xffc0c2e0                vTaskRemoveFromUnorderedEventList
 .text.vTaskInternalSetTimeOutState
                0xffc0c370       0x15 ./src/FreeRTOS/Source/tasks.o
                0xffc0c370                vTaskInternalSetTimeOutState
 *fill*         0xffc0c385        0x3 
 .text.xTaskCheckForTimeOut
                0xffc0c388       0xd0 ./src/FreeRTOS/Source/tasks.o
                0xffc0c388                xTaskCheckForTimeOut
 .text.vTaskMissedYield
                0xffc0c458        0xa ./src/FreeRTOS/Source/tasks.o
                0xffc0c458                vTaskMissedYield
 .text.xTaskGetCurrentTaskHandle
                0xffc0c462        0x9 ./src/FreeRTOS/Source/tasks.o
                0xffc0c462                xTaskGetCurrentTaskHandle
 .text.xTaskGetSchedulerState
                0xffc0c46b       0x20 ./src/FreeRTOS/Source/tasks.o
                0xffc0c46b                xTaskGetSchedulerState
 *fill*         0xffc0c48b        0x5 
 .text.xTaskPriorityInherit
                0xffc0c490       0x88 ./src/FreeRTOS/Source/tasks.o
                0xffc0c490                xTaskPriorityInherit
 .text.xTaskPriorityDisinherit
                0xffc0c518       0x80 ./src/FreeRTOS/Source/tasks.o
                0xffc0c518                xTaskPriorityDisinherit
 .text.vTaskPriorityDisinheritAfterTimeout
                0xffc0c598       0xa0 ./src/FreeRTOS/Source/tasks.o
                0xffc0c598                vTaskPriorityDisinheritAfterTimeout
 .text.vTaskEnterCritical
                0xffc0c638       0x30 ./src/FreeRTOS/Source/tasks.o
                0xffc0c638                vTaskEnterCritical
 .text.vTaskExitCritical
                0xffc0c668       0x2d ./src/FreeRTOS/Source/tasks.o
                0xffc0c668                vTaskExitCritical
 *fill*         0xffc0c695        0x3 
 .text.vTaskList
                0xffc0c698       0xc0 ./src/FreeRTOS/Source/tasks.o
                0xffc0c698                vTaskList
 .text.uxTaskResetEventItemValue
                0xffc0c758       0x17 ./src/FreeRTOS/Source/tasks.o
                0xffc0c758                uxTaskResetEventItemValue
 *fill*         0xffc0c76f        0x1 
 .text.pvTaskIncrementMutexHeldCount
                0xffc0c770       0x18 ./src/FreeRTOS/Source/tasks.o
                0xffc0c770                pvTaskIncrementMutexHeldCount
 .text.ulTaskGenericNotifyTake
                0xffc0c788      0x180 ./src/FreeRTOS/Source/tasks.o
                0xffc0c788                ulTaskGenericNotifyTake
 .text.xTaskGenericNotifyWait
                0xffc0c908      0x1a8 ./src/FreeRTOS/Source/tasks.o
                0xffc0c908                xTaskGenericNotifyWait
 .text.xTaskGenericNotify
                0xffc0cab0      0x1a0 ./src/FreeRTOS/Source/tasks.o
                0xffc0cab0                xTaskGenericNotify
 .text.xTaskGenericNotifyStateClear
                0xffc0cc50       0x98 ./src/FreeRTOS/Source/tasks.o
                0xffc0cc50                xTaskGenericNotifyStateClear
 .text.ulTaskGenericNotifyValueClear
                0xffc0cce8       0x80 ./src/FreeRTOS/Source/tasks.o
                0xffc0cce8                ulTaskGenericNotifyValueClear
 .text.prvSwitchTimerLists
                0xffc0cd68       0x88 ./src/FreeRTOS/Source/timers.o
 .text.prvTimerTask
                0xffc0cdf0      0x298 ./src/FreeRTOS/Source/timers.o
 .text.xTimerCreateTimerTask
                0xffc0d088       0x88 ./src/FreeRTOS/Source/timers.o
                0xffc0d088                xTimerCreateTimerTask
 .text.xTimerCreate
                0xffc0d110       0xa8 ./src/FreeRTOS/Source/timers.o
                0xffc0d110                xTimerCreate
 .text.xTimerGenericCommand
                0xffc0d1b8       0x70 ./src/FreeRTOS/Source/timers.o
                0xffc0d1b8                xTimerGenericCommand
 .text.vTimerSetReloadMode
                0xffc0d228       0x38 ./src/FreeRTOS/Source/timers.o
                0xffc0d228                vTimerSetReloadMode
 .text.uxTimerGetReloadMode
                0xffc0d260       0x33 ./src/FreeRTOS/Source/timers.o
                0xffc0d260                uxTimerGetReloadMode
 .text.pcTimerGetName
                0xffc0d293       0x14 ./src/FreeRTOS/Source/timers.o
                0xffc0d293                pcTimerGetName
 .text.xTimerIsTimerActive
                0xffc0d2a7       0x33 ./src/FreeRTOS/Source/timers.o
                0xffc0d2a7                xTimerIsTimerActive
 .text.pvTimerGetTimerID
                0xffc0d2da       0x29 ./src/FreeRTOS/Source/timers.o
                0xffc0d2da                pvTimerGetTimerID
 .text.vTimerSetTimerID
                0xffc0d303       0x28 ./src/FreeRTOS/Source/timers.o
                0xffc0d303                vTimerSetTimerID
 .text.sprintf  0xffc0d32b       0x38 c:/renesas/gcc/redhat/gnurx-elf/8.3.0.202004/rx-elf/rx-elf/bin/../lib/gcc/rx-elf/8.3.0.202004-GNURX/../../../../rx-elf/lib/64-bit-double\libc_nano.a(lib_a-sprintf.o)
                0xffc0d32b                siprintf
                0xffc0d32b                sprintf
 .text.__ssputs_r
                0xffc0d363       0xb2 c:/renesas/gcc/redhat/gnurx-elf/8.3.0.202004/rx-elf/rx-elf/bin/../lib/gcc/rx-elf/8.3.0.202004-GNURX/../../../../rx-elf/lib/64-bit-double\libc_nano.a(lib_a-nano-svfprintf.o)
                0xffc0d363                __ssputs_r
 .text._svfprintf_r
                0xffc0d415      0x1ff c:/renesas/gcc/redhat/gnurx-elf/8.3.0.202004/rx-elf/rx-elf/bin/../lib/gcc/rx-elf/8.3.0.202004-GNURX/../../../../rx-elf/lib/64-bit-double\libc_nano.a(lib_a-nano-svfprintf.o)
                0xffc0d415                _svfprintf_r
                0xffc0d415                _svfiprintf_r
 .text._printf_common
                0xffc0d614       0xcf c:/renesas/gcc/redhat/gnurx-elf/8.3.0.202004/rx-elf/rx-elf/bin/../lib/gcc/rx-elf/8.3.0.202004-GNURX/../../../../rx-elf/lib/64-bit-double\libc_nano.a(lib_a-nano-vfprintf_i.o)
                0xffc0d614                _printf_common
 .text._printf_i
                0xffc0d6e3      0x226 c:/renesas/gcc/redhat/gnurx-elf/8.3.0.202004/rx-elf/rx-elf/bin/../lib/gcc/rx-elf/8.3.0.202004-GNURX/../../../../rx-elf/lib/64-bit-double\libc_nano.a(lib_a-nano-vfprintf_i.o)
                0xffc0d6e3                _printf_i
 .text._free_r  0xffc0d909       0x9f c:/renesas/gcc/redhat/gnurx-elf/8.3.0.202004/rx-elf/rx-elf/bin/../lib/gcc/rx-elf/8.3.0.202004-GNURX/../../../../rx-elf/lib/64-bit-double\libc_nano.a(lib_a-nano-freer.o)
                0xffc0d909                _free_r
 .text._malloc_r
                0xffc0d9a8       0xbf c:/renesas/gcc/redhat/gnurx-elf/8.3.0.202004/rx-elf/rx-elf/bin/../lib/gcc/rx-elf/8.3.0.202004-GNURX/../../../../rx-elf/lib/64-bit-double\libc_nano.a(lib_a-nano-mallocr.o)
                0xffc0d9a8                _malloc_r
 .text._realloc_r
                0xffc0da67       0x4a c:/renesas/gcc/redhat/gnurx-elf/8.3.0.202004/rx-elf/rx-elf/bin/../lib/gcc/rx-elf/8.3.0.202004-GNURX/../../../../rx-elf/lib/64-bit-double\libc_nano.a(lib_a-nano-reallocr.o)
                0xffc0da67                _realloc_r
 .text._sbrk_r  0xffc0dab1       0x21 c:/renesas/gcc/redhat/gnurx-elf/8.3.0.202004/rx-elf/rx-elf/bin/../lib/gcc/rx-elf/8.3.0.202004-GNURX/../../../../rx-elf/lib/64-bit-double\libc_nano.a(lib_a-sbrkr.o)
                0xffc0dab1                _sbrk_r
 .text.__malloc_lock
                0xffc0dad2        0x1 c:/renesas/gcc/redhat/gnurx-elf/8.3.0.202004/rx-elf/rx-elf/bin/../lib/gcc/rx-elf/8.3.0.202004-GNURX/../../../../rx-elf/lib/64-bit-double\libc_nano.a(lib_a-mlock.o)
                0xffc0dad2                __malloc_lock
 .text.__malloc_unlock
                0xffc0dad3        0x1 c:/renesas/gcc/redhat/gnurx-elf/8.3.0.202004/rx-elf/rx-elf/bin/../lib/gcc/rx-elf/8.3.0.202004-GNURX/../../../../rx-elf/lib/64-bit-double\libc_nano.a(lib_a-mlock.o)
                0xffc0dad3                __malloc_unlock
 .text._malloc_usable_size_r
                0xffc0dad4       0x12 c:/renesas/gcc/redhat/gnurx-elf/8.3.0.202004/rx-elf/rx-elf/bin/../lib/gcc/rx-elf/8.3.0.202004-GNURX/../../../../rx-elf/lib/64-bit-double\libc_nano.a(lib_a-nano-msizer.o)
                0xffc0dad4                _malloc_usable_size_r
 *(P)
 *fill*         0xffc0dae6        0x2 
 P              0xffc0dae8      0x3d0 c:/renesas/gcc/redhat/gnurx-elf/8.3.0.202004/rx-elf/rx-elf/bin/../lib/gcc/rx-elf/8.3.0.202004-GNURX/64-bit-double\libgcc.a(_udivdi3.o)
                0xffc0dae8                _COM_DIV64u
                0xffc0dae8                __udivdi3
                0xffc0deb8                etext = .

.rvectors       0xffc0deb8      0x400
                0xffc0deb8                _rvectors_start = .
                0xffc0deb8        0x4 LONG 0xffc020e0 DEFINED ($tableentry$0$.rvectors)?$tableentry$0$.rvectors:DEFINED ($tableentry$default$.rvectors)?$tableentry$default$.rvectors:0xffffffff
                0xffc0debc        0x4 LONG 0xffc020e0 DEFINED ($tableentry$1$.rvectors)?$tableentry$1$.rvectors:DEFINED ($tableentry$default$.rvectors)?$tableentry$default$.rvectors:0xffffffff
                0xffc0dec0        0x4 LONG 0xffc020e0 DEFINED ($tableentry$2$.rvectors)?$tableentry$2$.rvectors:DEFINED ($tableentry$default$.rvectors)?$tableentry$default$.rvectors:0xffffffff
                0xffc0dec4        0x4 LONG 0xffc020e0 DEFINED ($tableentry$3$.rvectors)?$tableentry$3$.rvectors:DEFINED ($tableentry$default$.rvectors)?$tableentry$default$.rvectors:0xffffffff
                0xffc0dec8        0x4 LONG 0xffc020e0 DEFINED ($tableentry$4$.rvectors)?$tableentry$4$.rvectors:DEFINED ($tableentry$default$.rvectors)?$tableentry$default$.rvectors:0xffffffff
                0xffc0decc        0x4 LONG 0xffc020e0 DEFINED ($tableentry$5$.rvectors)?$tableentry$5$.rvectors:DEFINED ($tableentry$default$.rvectors)?$tableentry$default$.rvectors:0xffffffff
                0xffc0ded0        0x4 LONG 0xffc020e0 DEFINED ($tableentry$6$.rvectors)?$tableentry$6$.rvectors:DEFINED ($tableentry$default$.rvectors)?$tableentry$default$.rvectors:0xffffffff
                0xffc0ded4        0x4 LONG 0xffc020e0 DEFINED ($tableentry$7$.rvectors)?$tableentry$7$.rvectors:DEFINED ($tableentry$default$.rvectors)?$tableentry$default$.rvectors:0xffffffff
                0xffc0ded8        0x4 LONG 0xffc020e0 DEFINED ($tableentry$8$.rvectors)?$tableentry$8$.rvectors:DEFINED ($tableentry$default$.rvectors)?$tableentry$default$.rvectors:0xffffffff
                0xffc0dedc        0x4 LONG 0xffc020e0 DEFINED ($tableentry$9$.rvectors)?$tableentry$9$.rvectors:DEFINED ($tableentry$default$.rvectors)?$tableentry$default$.rvectors:0xffffffff
                0xffc0dee0        0x4 LONG 0xffc020e0 DEFINED ($tableentry$10$.rvectors)?$tableentry$10$.rvectors:DEFINED ($tableentry$default$.rvectors)?$tableentry$default$.rvectors:0xffffffff
                0xffc0dee4        0x4 LONG 0xffc020e0 DEFINED ($tableentry$11$.rvectors)?$tableentry$11$.rvectors:DEFINED ($tableentry$default$.rvectors)?$tableentry$default$.rvectors:0xffffffff
                0xffc0dee8        0x4 LONG 0xffc020e0 DEFINED ($tableentry$12$.rvectors)?$tableentry$12$.rvectors:DEFINED ($tableentry$default$.rvectors)?$tableentry$default$.rvectors:0xffffffff
                0xffc0deec        0x4 LONG 0xffc020e0 DEFINED ($tableentry$13$.rvectors)?$tableentry$13$.rvectors:DEFINED ($tableentry$default$.rvectors)?$tableentry$default$.rvectors:0xffffffff
                0xffc0def0        0x4 LONG 0xffc020e0 DEFINED ($tableentry$14$.rvectors)?$tableentry$14$.rvectors:DEFINED ($tableentry$default$.rvectors)?$tableentry$default$.rvectors:0xffffffff
                0xffc0def4        0x4 LONG 0xffc020e0 DEFINED ($tableentry$15$.rvectors)?$tableentry$15$.rvectors:DEFINED ($tableentry$default$.rvectors)?$tableentry$default$.rvectors:0xffffffff
                0xffc0def8        0x4 LONG 0xffc02108 DEFINED ($tableentry$16$.rvectors)?$tableentry$16$.rvectors:DEFINED ($tableentry$default$.rvectors)?$tableentry$default$.rvectors:0xffffffff
                0xffc0defc        0x4 LONG 0xffc01dd0 DEFINED ($tableentry$17$.rvectors)?$tableentry$17$.rvectors:DEFINED ($tableentry$default$.rvectors)?$tableentry$default$.rvectors:0xffffffff
                0xffc0df00        0x4 LONG 0xffc020e0 DEFINED ($tableentry$18$.rvectors)?$tableentry$18$.rvectors:DEFINED ($tableentry$default$.rvectors)?$tableentry$default$.rvectors:0xffffffff
                0xffc0df04        0x4 LONG 0xffc020e0 DEFINED ($tableentry$19$.rvectors)?$tableentry$19$.rvectors:DEFINED ($tableentry$default$.rvectors)?$tableentry$default$.rvectors:0xffffffff
                0xffc0df08        0x4 LONG 0xffc020e0 DEFINED ($tableentry$20$.rvectors)?$tableentry$20$.rvectors:DEFINED ($tableentry$default$.rvectors)?$tableentry$default$.rvectors:0xffffffff
                0xffc0df0c        0x4 LONG 0xffc020e0 DEFINED ($tableentry$21$.rvectors)?$tableentry$21$.rvectors:DEFINED ($tableentry$default$.rvectors)?$tableentry$default$.rvectors:0xffffffff
                0xffc0df10        0x4 LONG 0xffc020e0 DEFINED ($tableentry$22$.rvectors)?$tableentry$22$.rvectors:DEFINED ($tableentry$default$.rvectors)?$tableentry$default$.rvectors:0xffffffff
                0xffc0df14        0x4 LONG 0xffc020e0 DEFINED ($tableentry$23$.rvectors)?$tableentry$23$.rvectors:DEFINED ($tableentry$default$.rvectors)?$tableentry$default$.rvectors:0xffffffff
                0xffc0df18        0x4 LONG 0xffc020e0 DEFINED ($tableentry$24$.rvectors)?$tableentry$24$.rvectors:DEFINED ($tableentry$default$.rvectors)?$tableentry$default$.rvectors:0xffffffff
                0xffc0df1c        0x4 LONG 0xffc020e0 DEFINED ($tableentry$25$.rvectors)?$tableentry$25$.rvectors:DEFINED ($tableentry$default$.rvectors)?$tableentry$default$.rvectors:0xffffffff
                0xffc0df20        0x4 LONG 0xffc020e0 DEFINED ($tableentry$26$.rvectors)?$tableentry$26$.rvectors:DEFINED ($tableentry$default$.rvectors)?$tableentry$default$.rvectors:0xffffffff
                0xffc0df24        0x4 LONG 0xffc020e0 DEFINED ($tableentry$27$.rvectors)?$tableentry$27$.rvectors:DEFINED ($tableentry$default$.rvectors)?$tableentry$default$.rvectors:0xffffffff
                0xffc0df28        0x4 LONG 0xffc00346 DEFINED ($tableentry$28$.rvectors)?$tableentry$28$.rvectors:DEFINED ($tableentry$default$.rvectors)?$tableentry$default$.rvectors:0xffffffff
                0xffc0df2c        0x4 LONG 0xffc00298 DEFINED ($tableentry$29$.rvectors)?$tableentry$29$.rvectors:DEFINED ($tableentry$default$.rvectors)?$tableentry$default$.rvectors:0xffffffff
                0xffc0df30        0x4 LONG 0xffc020e0 DEFINED ($tableentry$30$.rvectors)?$tableentry$30$.rvectors:DEFINED ($tableentry$default$.rvectors)?$tableentry$default$.rvectors:0xffffffff
                0xffc0df34        0x4 LONG 0xffc020e0 DEFINED ($tableentry$31$.rvectors)?$tableentry$31$.rvectors:DEFINED ($tableentry$default$.rvectors)?$tableentry$default$.rvectors:0xffffffff
                0xffc0df38        0x4 LONG 0xffc020e0 DEFINED ($tableentry$32$.rvectors)?$tableentry$32$.rvectors:DEFINED ($tableentry$default$.rvectors)?$tableentry$default$.rvectors:0xffffffff
                0xffc0df3c        0x4 LONG 0xffc020e0 DEFINED ($tableentry$33$.rvectors)?$tableentry$33$.rvectors:DEFINED ($tableentry$default$.rvectors)?$tableentry$default$.rvectors:0xffffffff
                0xffc0df40        0x4 LONG 0xffc020e0 DEFINED ($tableentry$34$.rvectors)?$tableentry$34$.rvectors:DEFINED ($tableentry$default$.rvectors)?$tableentry$default$.rvectors:0xffffffff
                0xffc0df44        0x4 LONG 0xffc020e0 DEFINED ($tableentry$35$.rvectors)?$tableentry$35$.rvectors:DEFINED ($tableentry$default$.rvectors)?$tableentry$default$.rvectors:0xffffffff
                0xffc0df48        0x4 LONG 0xffc020e0 DEFINED ($tableentry$36$.rvectors)?$tableentry$36$.rvectors:DEFINED ($tableentry$default$.rvectors)?$tableentry$default$.rvectors:0xffffffff
                0xffc0df4c        0x4 LONG 0xffc020e0 DEFINED ($tableentry$37$.rvectors)?$tableentry$37$.rvectors:DEFINED ($tableentry$default$.rvectors)?$tableentry$default$.rvectors:0xffffffff
                0xffc0df50        0x4 LONG 0xffc020e0 DEFINED ($tableentry$38$.rvectors)?$tableentry$38$.rvectors:DEFINED ($tableentry$default$.rvectors)?$tableentry$default$.rvectors:0xffffffff
                0xffc0df54        0x4 LONG 0xffc020e0 DEFINED ($tableentry$39$.rvectors)?$tableentry$39$.rvectors:DEFINED ($tableentry$default$.rvectors)?$tableentry$default$.rvectors:0xffffffff
                0xffc0df58        0x4 LONG 0xffc020e0 DEFINED ($tableentry$40$.rvectors)?$tableentry$40$.rvectors:DEFINED ($tableentry$default$.rvectors)?$tableentry$default$.rvectors:0xffffffff
                0xffc0df5c        0x4 LONG 0xffc020e0 DEFINED ($tableentry$41$.rvectors)?$tableentry$41$.rvectors:DEFINED ($tableentry$default$.rvectors)?$tableentry$default$.rvectors:0xffffffff
                0xffc0df60        0x4 LONG 0xffc020e0 DEFINED ($tableentry$42$.rvectors)?$tableentry$42$.rvectors:DEFINED ($tableentry$default$.rvectors)?$tableentry$default$.rvectors:0xffffffff
                0xffc0df64        0x4 LONG 0xffc020e0 DEFINED ($tableentry$43$.rvectors)?$tableentry$43$.rvectors:DEFINED ($tableentry$default$.rvectors)?$tableentry$default$.rvectors:0xffffffff
                0xffc0df68        0x4 LONG 0xffc020e0 DEFINED ($tableentry$44$.rvectors)?$tableentry$44$.rvectors:DEFINED ($tableentry$default$.rvectors)?$tableentry$default$.rvectors:0xffffffff
                0xffc0df6c        0x4 LONG 0xffc020e0 DEFINED ($tableentry$45$.rvectors)?$tableentry$45$.rvectors:DEFINED ($tableentry$default$.rvectors)?$tableentry$default$.rvectors:0xffffffff
                0xffc0df70        0x4 LONG 0xffc020e0 DEFINED ($tableentry$46$.rvectors)?$tableentry$46$.rvectors:DEFINED ($tableentry$default$.rvectors)?$tableentry$default$.rvectors:0xffffffff
                0xffc0df74        0x4 LONG 0xffc020e0 DEFINED ($tableentry$47$.rvectors)?$tableentry$47$.rvectors:DEFINED ($tableentry$default$.rvectors)?$tableentry$default$.rvectors:0xffffffff
                0xffc0df78        0x4 LONG 0xffc020e0 DEFINED ($tableentry$48$.rvectors)?$tableentry$48$.rvectors:DEFINED ($tableentry$default$.rvectors)?$tableentry$default$.rvectors:0xffffffff
                0xffc0df7c        0x4 LONG 0xffc020e0 DEFINED ($tableentry$49$.rvectors)?$tableentry$49$.rvectors:DEFINED ($tableentry$default$.rvectors)?$tableentry$default$.rvectors:0xffffffff
                0xffc0df80        0x4 LONG 0xffc020e0 DEFINED ($tableentry$50$.rvectors)?$tableentry$50$.rvectors:DEFINED ($tableentry$default$.rvectors)?$tableentry$default$.rvectors:0xffffffff
                0xffc0df84        0x4 LONG 0xffc020e0 DEFINED ($tableentry$51$.rvectors)?$tableentry$51$.rvectors:DEFINED ($tableentry$default$.rvectors)?$tableentry$default$.rvectors:0xffffffff
                0xffc0df88        0x4 LONG 0xffc020e0 DEFINED ($tableentry$52$.rvectors)?$tableentry$52$.rvectors:DEFINED ($tableentry$default$.rvectors)?$tableentry$default$.rvectors:0xffffffff
                0xffc0df8c        0x4 LONG 0xffc020e0 DEFINED ($tableentry$53$.rvectors)?$tableentry$53$.rvectors:DEFINED ($tableentry$default$.rvectors)?$tableentry$default$.rvectors:0xffffffff
                0xffc0df90        0x4 LONG 0xffc020e0 DEFINED ($tableentry$54$.rvectors)?$tableentry$54$.rvectors:DEFINED ($tableentry$default$.rvectors)?$tableentry$default$.rvectors:0xffffffff
                0xffc0df94        0x4 LONG 0xffc020e0 DEFINED ($tableentry$55$.rvectors)?$tableentry$55$.rvectors:DEFINED ($tableentry$default$.rvectors)?$tableentry$default$.rvectors:0xffffffff
                0xffc0df98        0x4 LONG 0xffc020e0 DEFINED ($tableentry$56$.rvectors)?$tableentry$56$.rvectors:DEFINED ($tableentry$default$.rvectors)?$tableentry$default$.rvectors:0xffffffff
                0xffc0df9c        0x4 LONG 0xffc020e0 DEFINED ($tableentry$57$.rvectors)?$tableentry$57$.rvectors:DEFINED ($tableentry$default$.rvectors)?$tableentry$default$.rvectors:0xffffffff
                0xffc0dfa0        0x4 LONG 0xffc020e0 DEFINED ($tableentry$58$.rvectors)?$tableentry$58$.rvectors:DEFINED ($tableentry$default$.rvectors)?$tableentry$default$.rvectors:0xffffffff
                0xffc0dfa4        0x4 LONG 0xffc020e0 DEFINED ($tableentry$59$.rvectors)?$tableentry$59$.rvectors:DEFINED ($tableentry$default$.rvectors)?$tableentry$default$.rvectors:0xffffffff
                0xffc0dfa8        0x4 LONG 0xffc020e0 DEFINED ($tableentry$60$.rvectors)?$tableentry$60$.rvectors:DEFINED ($tableentry$default$.rvectors)?$tableentry$default$.rvectors:0xffffffff
                0xffc0dfac        0x4 LONG 0xffc020e0 DEFINED ($tableentry$61$.rvectors)?$tableentry$61$.rvectors:DEFINED ($tableentry$default$.rvectors)?$tableentry$default$.rvectors:0xffffffff
                0xffc0dfb0        0x4 LONG 0xffc020e0 DEFINED ($tableentry$62$.rvectors)?$tableentry$62$.rvectors:DEFINED ($tableentry$default$.rvectors)?$tableentry$default$.rvectors:0xffffffff
                0xffc0dfb4        0x4 LONG 0xffc020e0 DEFINED ($tableentry$63$.rvectors)?$tableentry$63$.rvectors:DEFINED ($tableentry$default$.rvectors)?$tableentry$default$.rvectors:0xffffffff
                0xffc0dfb8        0x4 LONG 0xffc020e0 DEFINED ($tableentry$64$.rvectors)?$tableentry$64$.rvectors:DEFINED ($tableentry$default$.rvectors)?$tableentry$default$.rvectors:0xffffffff
                0xffc0dfbc        0x4 LONG 0xffc020e0 DEFINED ($tableentry$65$.rvectors)?$tableentry$65$.rvectors:DEFINED ($tableentry$default$.rvectors)?$tableentry$default$.rvectors:0xffffffff
                0xffc0dfc0        0x4 LONG 0xffc020e0 DEFINED ($tableentry$66$.rvectors)?$tableentry$66$.rvectors:DEFINED ($tableentry$default$.rvectors)?$tableentry$default$.rvectors:0xffffffff
                0xffc0dfc4        0x4 LONG 0xffc020e0 DEFINED ($tableentry$67$.rvectors)?$tableentry$67$.rvectors:DEFINED ($tableentry$default$.rvectors)?$tableentry$default$.rvectors:0xffffffff
                0xffc0dfc8        0x4 LONG 0xffc020e0 DEFINED ($tableentry$68$.rvectors)?$tableentry$68$.rvectors:DEFINED ($tableentry$default$.rvectors)?$tableentry$default$.rvectors:0xffffffff
                0xffc0dfcc        0x4 LONG 0xffc020e0 DEFINED ($tableentry$69$.rvectors)?$tableentry$69$.rvectors:DEFINED ($tableentry$default$.rvectors)?$tableentry$default$.rvectors:0xffffffff
                0xffc0dfd0        0x4 LONG 0xffc020e0 DEFINED ($tableentry$70$.rvectors)?$tableentry$70$.rvectors:DEFINED ($tableentry$default$.rvectors)?$tableentry$default$.rvectors:0xffffffff
                0xffc0dfd4        0x4 LONG 0xffc020e0 DEFINED ($tableentry$71$.rvectors)?$tableentry$71$.rvectors:DEFINED ($tableentry$default$.rvectors)?$tableentry$default$.rvectors:0xffffffff
                0xffc0dfd8        0x4 LONG 0xffc020e0 DEFINED ($tableentry$72$.rvectors)?$tableentry$72$.rvectors:DEFINED ($tableentry$default$.rvectors)?$tableentry$default$.rvectors:0xffffffff
                0xffc0dfdc        0x4 LONG 0xffc020e0 DEFINED ($tableentry$73$.rvectors)?$tableentry$73$.rvectors:DEFINED ($tableentry$default$.rvectors)?$tableentry$default$.rvectors:0xffffffff
                0xffc0dfe0        0x4 LONG 0xffc020e0 DEFINED ($tableentry$74$.rvectors)?$tableentry$74$.rvectors:DEFINED ($tableentry$default$.rvectors)?$tableentry$default$.rvectors:0xffffffff
                0xffc0dfe4        0x4 LONG 0xffc020e0 DEFINED ($tableentry$75$.rvectors)?$tableentry$75$.rvectors:DEFINED ($tableentry$default$.rvectors)?$tableentry$default$.rvectors:0xffffffff
                0xffc0dfe8        0x4 LONG 0xffc020e0 DEFINED ($tableentry$76$.rvectors)?$tableentry$76$.rvectors:DEFINED ($tableentry$default$.rvectors)?$tableentry$default$.rvectors:0xffffffff
                0xffc0dfec        0x4 LONG 0xffc020e0 DEFINED ($tableentry$77$.rvectors)?$tableentry$77$.rvectors:DEFINED ($tableentry$default$.rvectors)?$tableentry$default$.rvectors:0xffffffff
                0xffc0dff0        0x4 LONG 0xffc020e0 DEFINED ($tableentry$78$.rvectors)?$tableentry$78$.rvectors:DEFINED ($tableentry$default$.rvectors)?$tableentry$default$.rvectors:0xffffffff
                0xffc0dff4        0x4 LONG 0xffc020e0 DEFINED ($tableentry$79$.rvectors)?$tableentry$79$.rvectors:DEFINED ($tableentry$default$.rvectors)?$tableentry$default$.rvectors:0xffffffff
                0xffc0dff8        0x4 LONG 0xffc020e0 DEFINED ($tableentry$80$.rvectors)?$tableentry$80$.rvectors:DEFINED ($tableentry$default$.rvectors)?$tableentry$default$.rvectors:0xffffffff
                0xffc0dffc        0x4 LONG 0xffc020e0 DEFINED ($tableentry$81$.rvectors)?$tableentry$81$.rvectors:DEFINED ($tableentry$default$.rvectors)?$tableentry$default$.rvectors:0xffffffff
                0xffc0e000        0x4 LONG 0xffc020e0 DEFINED ($tableentry$82$.rvectors)?$tableentry$82$.rvectors:DEFINED ($tableentry$default$.rvectors)?$tableentry$default$.rvectors:0xffffffff
                0xffc0e004        0x4 LONG 0xffc020e0 DEFINED ($tableentry$83$.rvectors)?$tableentry$83$.rvectors:DEFINED ($tableentry$default$.rvectors)?$tableentry$default$.rvectors:0xffffffff
                0xffc0e008        0x4 LONG 0xffc020e0 DEFINED ($tableentry$84$.rvectors)?$tableentry$84$.rvectors:DEFINED ($tableentry$default$.rvectors)?$tableentry$default$.rvectors:0xffffffff
                0xffc0e00c        0x4 LONG 0xffc020e0 DEFINED ($tableentry$85$.rvectors)?$tableentry$85$.rvectors:DEFINED ($tableentry$default$.rvectors)?$tableentry$default$.rvectors:0xffffffff
                0xffc0e010        0x4 LONG 0xffc020e0 DEFINED ($tableentry$86$.rvectors)?$tableentry$86$.rvectors:DEFINED ($tableentry$default$.rvectors)?$tableentry$default$.rvectors:0xffffffff
                0xffc0e014        0x4 LONG 0xffc020e0 DEFINED ($tableentry$87$.rvectors)?$tableentry$87$.rvectors:DEFINED ($tableentry$default$.rvectors)?$tableentry$default$.rvectors:0xffffffff
                0xffc0e018        0x4 LONG 0xffc020e0 DEFINED ($tableentry$88$.rvectors)?$tableentry$88$.rvectors:DEFINED ($tableentry$default$.rvectors)?$tableentry$default$.rvectors:0xffffffff
                0xffc0e01c        0x4 LONG 0xffc020e0 DEFINED ($tableentry$89$.rvectors)?$tableentry$89$.rvectors:DEFINED ($tableentry$default$.rvectors)?$tableentry$default$.rvectors:0xffffffff
                0xffc0e020        0x4 LONG 0xffc020e0 DEFINED ($tableentry$90$.rvectors)?$tableentry$90$.rvectors:DEFINED ($tableentry$default$.rvectors)?$tableentry$default$.rvectors:0xffffffff
                0xffc0e024        0x4 LONG 0xffc020e0 DEFINED ($tableentry$91$.rvectors)?$tableentry$91$.rvectors:DEFINED ($tableentry$default$.rvectors)?$tableentry$default$.rvectors:0xffffffff
                0xffc0e028        0x4 LONG 0xffc020e0 DEFINED ($tableentry$92$.rvectors)?$tableentry$92$.rvectors:DEFINED ($tableentry$default$.rvectors)?$tableentry$default$.rvectors:0xffffffff
                0xffc0e02c        0x4 LONG 0xffc020e0 DEFINED ($tableentry$93$.rvectors)?$tableentry$93$.rvectors:DEFINED ($tableentry$default$.rvectors)?$tableentry$default$.rvectors:0xffffffff
                0xffc0e030        0x4 LONG 0xffc020e0 DEFINED ($tableentry$94$.rvectors)?$tableentry$94$.rvectors:DEFINED ($tableentry$default$.rvectors)?$tableentry$default$.rvectors:0xffffffff
                0xffc0e034        0x4 LONG 0xffc020e0 DEFINED ($tableentry$95$.rvectors)?$tableentry$95$.rvectors:DEFINED ($tableentry$default$.rvectors)?$tableentry$default$.rvectors:0xffffffff
                0xffc0e038        0x4 LONG 0xffc020e0 DEFINED ($tableentry$96$.rvectors)?$tableentry$96$.rvectors:DEFINED ($tableentry$default$.rvectors)?$tableentry$default$.rvectors:0xffffffff
                0xffc0e03c        0x4 LONG 0xffc020e0 DEFINED ($tableentry$97$.rvectors)?$tableentry$97$.rvectors:DEFINED ($tableentry$default$.rvectors)?$tableentry$default$.rvectors:0xffffffff
                0xffc0e040        0x4 LONG 0xffc020e0 DEFINED ($tableentry$98$.rvectors)?$tableentry$98$.rvectors:DEFINED ($tableentry$default$.rvectors)?$tableentry$default$.rvectors:0xffffffff
                0xffc0e044        0x4 LONG 0xffc020e0 DEFINED ($tableentry$99$.rvectors)?$tableentry$99$.rvectors:DEFINED ($tableentry$default$.rvectors)?$tableentry$default$.rvectors:0xffffffff
                0xffc0e048        0x4 LONG 0xffc020e0 DEFINED ($tableentry$100$.rvectors)?$tableentry$100$.rvectors:DEFINED ($tableentry$default$.rvectors)?$tableentry$default$.rvectors:0xffffffff
                0xffc0e04c        0x4 LONG 0xffc020e0 DEFINED ($tableentry$101$.rvectors)?$tableentry$101$.rvectors:DEFINED ($tableentry$default$.rvectors)?$tableentry$default$.rvectors:0xffffffff
                0xffc0e050        0x4 LONG 0xffc020e0 DEFINED ($tableentry$102$.rvectors)?$tableentry$102$.rvectors:DEFINED ($tableentry$default$.rvectors)?$tableentry$default$.rvectors:0xffffffff
                0xffc0e054        0x4 LONG 0xffc020e0 DEFINED ($tableentry$103$.rvectors)?$tableentry$103$.rvectors:DEFINED ($tableentry$default$.rvectors)?$tableentry$default$.rvectors:0xffffffff
                0xffc0e058        0x4 LONG 0xffc020e0 DEFINED ($tableentry$104$.rvectors)?$tableentry$104$.rvectors:DEFINED ($tableentry$default$.rvectors)?$tableentry$default$.rvectors:0xffffffff
                0xffc0e05c        0x4 LONG 0xffc020e0 DEFINED ($tableentry$105$.rvectors)?$tableentry$105$.rvectors:DEFINED ($tableentry$default$.rvectors)?$tableentry$default$.rvectors:0xffffffff
                0xffc0e060        0x4 LONG 0xffc01e08 DEFINED ($tableentry$106$.rvectors)?$tableentry$106$.rvectors:DEFINED ($tableentry$default$.rvectors)?$tableentry$default$.rvectors:0xffffffff
                0xffc0e064        0x4 LONG 0xffc018a8 DEFINED ($tableentry$107$.rvectors)?$tableentry$107$.rvectors:DEFINED ($tableentry$default$.rvectors)?$tableentry$default$.rvectors:0xffffffff
                0xffc0e068        0x4 LONG 0xffc020e0 DEFINED ($tableentry$108$.rvectors)?$tableentry$108$.rvectors:DEFINED ($tableentry$default$.rvectors)?$tableentry$default$.rvectors:0xffffffff
                0xffc0e06c        0x4 LONG 0xffc020e0 DEFINED ($tableentry$109$.rvectors)?$tableentry$109$.rvectors:DEFINED ($tableentry$default$.rvectors)?$tableentry$default$.rvectors:0xffffffff
                0xffc0e070        0x4 LONG 0xffc00f88 DEFINED ($tableentry$110$.rvectors)?$tableentry$110$.rvectors:DEFINED ($tableentry$default$.rvectors)?$tableentry$default$.rvectors:0xffffffff
                0xffc0e074        0x4 LONG 0xffc01490 DEFINED ($tableentry$111$.rvectors)?$tableentry$111$.rvectors:DEFINED ($tableentry$default$.rvectors)?$tableentry$default$.rvectors:0xffffffff
                0xffc0e078        0x4 LONG 0xffc01960 DEFINED ($tableentry$112$.rvectors)?$tableentry$112$.rvectors:DEFINED ($tableentry$default$.rvectors)?$tableentry$default$.rvectors:0xffffffff
                0xffc0e07c        0x4 LONG 0xffc01c58 DEFINED ($tableentry$113$.rvectors)?$tableentry$113$.rvectors:DEFINED ($tableentry$default$.rvectors)?$tableentry$default$.rvectors:0xffffffff
                0xffc0e080        0x4 LONG 0xffc020e0 DEFINED ($tableentry$114$.rvectors)?$tableentry$114$.rvectors:DEFINED ($tableentry$default$.rvectors)?$tableentry$default$.rvectors:0xffffffff
                0xffc0e084        0x4 LONG 0xffc020e0 DEFINED ($tableentry$115$.rvectors)?$tableentry$115$.rvectors:DEFINED ($tableentry$default$.rvectors)?$tableentry$default$.rvectors:0xffffffff
                0xffc0e088        0x4 LONG 0xffc020e0 DEFINED ($tableentry$116$.rvectors)?$tableentry$116$.rvectors:DEFINED ($tableentry$default$.rvectors)?$tableentry$default$.rvectors:0xffffffff
                0xffc0e08c        0x4 LONG 0xffc020e0 DEFINED ($tableentry$117$.rvectors)?$tableentry$117$.rvectors:DEFINED ($tableentry$default$.rvectors)?$tableentry$default$.rvectors:0xffffffff
                0xffc0e090        0x4 LONG 0xffc020e0 DEFINED ($tableentry$118$.rvectors)?$tableentry$118$.rvectors:DEFINED ($tableentry$default$.rvectors)?$tableentry$default$.rvectors:0xffffffff
                0xffc0e094        0x4 LONG 0xffc020e0 DEFINED ($tableentry$119$.rvectors)?$tableentry$119$.rvectors:DEFINED ($tableentry$default$.rvectors)?$tableentry$default$.rvectors:0xffffffff
                0xffc0e098        0x4 LONG 0xffc020e0 DEFINED ($tableentry$120$.rvectors)?$tableentry$120$.rvectors:DEFINED ($tableentry$default$.rvectors)?$tableentry$default$.rvectors:0xffffffff
                0xffc0e09c        0x4 LONG 0xffc020e0 DEFINED ($tableentry$121$.rvectors)?$tableentry$121$.rvectors:DEFINED ($tableentry$default$.rvectors)?$tableentry$default$.rvectors:0xffffffff
                0xffc0e0a0        0x4 LONG 0xffc020e0 DEFINED ($tableentry$122$.rvectors)?$tableentry$122$.rvectors:DEFINED ($tableentry$default$.rvectors)?$tableentry$default$.rvectors:0xffffffff
                0xffc0e0a4        0x4 LONG 0xffc020e0 DEFINED ($tableentry$123$.rvectors)?$tableentry$123$.rvectors:DEFINED ($tableentry$default$.rvectors)?$tableentry$default$.rvectors:0xffffffff
                0xffc0e0a8        0x4 LONG 0xffc020e0 DEFINED ($tableentry$124$.rvectors)?$tableentry$124$.rvectors:DEFINED ($tableentry$default$.rvectors)?$tableentry$default$.rvectors:0xffffffff
                0xffc0e0ac        0x4 LONG 0xffc020e0 DEFINED ($tableentry$125$.rvectors)?$tableentry$125$.rvectors:DEFINED ($tableentry$default$.rvectors)?$tableentry$default$.rvectors:0xffffffff
                0xffc0e0b0        0x4 LONG 0xffc020e0 DEFINED ($tableentry$126$.rvectors)?$tableentry$126$.rvectors:DEFINED ($tableentry$default$.rvectors)?$tableentry$default$.rvectors:0xffffffff
                0xffc0e0b4        0x4 LONG 0xffc020e0 DEFINED ($tableentry$127$.rvectors)?$tableentry$127$.rvectors:DEFINED ($tableentry$default$.rvectors)?$tableentry$default$.rvectors:0xffffffff
                0xffc0e0b8        0x4 LONG 0xffc00208 DEFINED ($tableentry$128$.rvectors)?$tableentry$128$.rvectors:DEFINED ($tableentry$default$.rvectors)?$tableentry$default$.rvectors:0xffffffff
                0xffc0e0bc        0x4 LONG 0xffc00250 DEFINED ($tableentry$129$.rvectors)?$tableentry$129$.rvectors:DEFINED ($tableentry$default$.rvectors)?$tableentry$default$.rvectors:0xffffffff
                0xffc0e0c0        0x4 LONG 0xffc020e0 DEFINED ($tableentry$130$.rvectors)?$tableentry$130$.rvectors:DEFINED ($tableentry$default$.rvectors)?$tableentry$default$.rvectors:0xffffffff
                0xffc0e0c4        0x4 LONG 0xffc020e0 DEFINED ($tableentry$131$.rvectors)?$tableentry$131$.rvectors:DEFINED ($tableentry$default$.rvectors)?$tableentry$default$.rvectors:0xffffffff
                0xffc0e0c8        0x4 LONG 0xffc020e0 DEFINED ($tableentry$132$.rvectors)?$tableentry$132$.rvectors:DEFINED ($tableentry$default$.rvectors)?$tableentry$default$.rvectors:0xffffffff
                0xffc0e0cc        0x4 LONG 0xffc020e0 DEFINED ($tableentry$133$.rvectors)?$tableentry$133$.rvectors:DEFINED ($tableentry$default$.rvectors)?$tableentry$default$.rvectors:0xffffffff
                0xffc0e0d0        0x4 LONG 0xffc020e0 DEFINED ($tableentry$134$.rvectors)?$tableentry$134$.rvectors:DEFINED ($tableentry$default$.rvectors)?$tableentry$default$.rvectors:0xffffffff
                0xffc0e0d4        0x4 LONG 0xffc020e0 DEFINED ($tableentry$135$.rvectors)?$tableentry$135$.rvectors:DEFINED ($tableentry$default$.rvectors)?$tableentry$default$.rvectors:0xffffffff
                0xffc0e0d8        0x4 LONG 0xffc020e0 DEFINED ($tableentry$136$.rvectors)?$tableentry$136$.rvectors:DEFINED ($tableentry$default$.rvectors)?$tableentry$default$.rvectors:0xffffffff
                0xffc0e0dc        0x4 LONG 0xffc020e0 DEFINED ($tableentry$137$.rvectors)?$tableentry$137$.rvectors:DEFINED ($tableentry$default$.rvectors)?$tableentry$default$.rvectors:0xffffffff
                0xffc0e0e0        0x4 LONG 0xffc020e0 DEFINED ($tableentry$138$.rvectors)?$tableentry$138$.rvectors:DEFINED ($tableentry$default$.rvectors)?$tableentry$default$.rvectors:0xffffffff
                0xffc0e0e4        0x4 LONG 0xffc020e0 DEFINED ($tableentry$139$.rvectors)?$tableentry$139$.rvectors:DEFINED ($tableentry$default$.rvectors)?$tableentry$default$.rvectors:0xffffffff
                0xffc0e0e8        0x4 LONG 0xffc020e0 DEFINED ($tableentry$140$.rvectors)?$tableentry$140$.rvectors:DEFINED ($tableentry$default$.rvectors)?$tableentry$default$.rvectors:0xffffffff
                0xffc0e0ec        0x4 LONG 0xffc020e0 DEFINED ($tableentry$141$.rvectors)?$tableentry$141$.rvectors:DEFINED ($tableentry$default$.rvectors)?$tableentry$default$.rvectors:0xffffffff
                0xffc0e0f0        0x4 LONG 0xffc020e0 DEFINED ($tableentry$142$.rvectors)?$tableentry$142$.rvectors:DEFINED ($tableentry$default$.rvectors)?$tableentry$default$.rvectors:0xffffffff
                0xffc0e0f4        0x4 LONG 0xffc020e0 DEFINED ($tableentry$143$.rvectors)?$tableentry$143$.rvectors:DEFINED ($tableentry$default$.rvectors)?$tableentry$default$.rvectors:0xffffffff
                0xffc0e0f8        0x4 LONG 0xffc020e0 DEFINED ($tableentry$144$.rvectors)?$tableentry$144$.rvectors:DEFINED ($tableentry$default$.rvectors)?$tableentry$default$.rvectors:0xffffffff
                0xffc0e0fc        0x4 LONG 0xffc020e0 DEFINED ($tableentry$145$.rvectors)?$tableentry$145$.rvectors:DEFINED ($tableentry$default$.rvectors)?$tableentry$default$.rvectors:0xffffffff
                0xffc0e100        0x4 LONG 0xffc020e0 DEFINED ($tableentry$146$.rvectors)?$tableentry$146$.rvectors:DEFINED ($tableentry$default$.rvectors)?$tableentry$default$.rvectors:0xffffffff
                0xffc0e104        0x4 LONG 0xffc020e0 DEFINED ($tableentry$147$.rvectors)?$tableentry$147$.rvectors:DEFINED ($tableentry$default$.rvectors)?$tableentry$default$.rvectors:0xffffffff
                0xffc0e108        0x4 LONG 0xffc020e0 DEFINED ($tableentry$148$.rvectors)?$tableentry$148$.rvectors:DEFINED ($tableentry$default$.rvectors)?$tableentry$default$.rvectors:0xffffffff
                0xffc0e10c        0x4 LONG 0xffc020e0 DEFINED ($tableentry$149$.rvectors)?$tableentry$149$.rvectors:DEFINED ($tableentry$default$.rvectors)?$tableentry$default$.rvectors:0xffffffff
                0xffc0e110        0x4 LONG 0xffc020e0 DEFINED ($tableentry$150$.rvectors)?$tableentry$150$.rvectors:DEFINED ($tableentry$default$.rvectors)?$tableentry$default$.rvectors:0xffffffff
                0xffc0e114        0x4 LONG 0xffc020e0 DEFINED ($tableentry$151$.rvectors)?$tableentry$151$.rvectors:DEFINED ($tableentry$default$.rvectors)?$tableentry$default$.rvectors:0xffffffff
                0xffc0e118        0x4 LONG 0xffc020e0 DEFINED ($tableentry$152$.rvectors)?$tableentry$152$.rvectors:DEFINED ($tableentry$default$.rvectors)?$tableentry$default$.rvectors:0xffffffff
                0xffc0e11c        0x4 LONG 0xffc020e0 DEFINED ($tableentry$153$.rvectors)?$tableentry$153$.rvectors:DEFINED ($tableentry$default$.rvectors)?$tableentry$default$.rvectors:0xffffffff
                0xffc0e120        0x4 LONG 0xffc020e0 DEFINED ($tableentry$154$.rvectors)?$tableentry$154$.rvectors:DEFINED ($tableentry$default$.rvectors)?$tableentry$default$.rvectors:0xffffffff
                0xffc0e124        0x4 LONG 0xffc020e0 DEFINED ($tableentry$155$.rvectors)?$tableentry$155$.rvectors:DEFINED ($tableentry$default$.rvectors)?$tableentry$default$.rvectors:0xffffffff
                0xffc0e128        0x4 LONG 0xffc020e0 DEFINED ($tableentry$156$.rvectors)?$tableentry$156$.rvectors:DEFINED ($tableentry$default$.rvectors)?$tableentry$default$.rvectors:0xffffffff
                0xffc0e12c        0x4 LONG 0xffc020e0 DEFINED ($tableentry$157$.rvectors)?$tableentry$157$.rvectors:DEFINED ($tableentry$default$.rvectors)?$tableentry$default$.rvectors:0xffffffff
                0xffc0e130        0x4 LONG 0xffc020e0 DEFINED ($tableentry$158$.rvectors)?$tableentry$158$.rvectors:DEFINED ($tableentry$default$.rvectors)?$tableentry$default$.rvectors:0xffffffff
                0xffc0e134        0x4 LONG 0xffc020e0 DEFINED ($tableentry$159$.rvectors)?$tableentry$159$.rvectors:DEFINED ($tableentry$default$.rvectors)?$tableentry$default$.rvectors:0xffffffff
                0xffc0e138        0x4 LONG 0xffc020e0 DEFINED ($tableentry$160$.rvectors)?$tableentry$160$.rvectors:DEFINED ($tableentry$default$.rvectors)?$tableentry$default$.rvectors:0xffffffff
                0xffc0e13c        0x4 LONG 0xffc020e0 DEFINED ($tableentry$161$.rvectors)?$tableentry$161$.rvectors:DEFINED ($tableentry$default$.rvectors)?$tableentry$default$.rvectors:0xffffffff
                0xffc0e140        0x4 LONG 0xffc020e0 DEFINED ($tableentry$162$.rvectors)?$tableentry$162$.rvectors:DEFINED ($tableentry$default$.rvectors)?$tableentry$default$.rvectors:0xffffffff
                0xffc0e144        0x4 LONG 0xffc020e0 DEFINED ($tableentry$163$.rvectors)?$tableentry$163$.rvectors:DEFINED ($tableentry$default$.rvectors)?$tableentry$default$.rvectors:0xffffffff
                0xffc0e148        0x4 LONG 0xffc020e0 DEFINED ($tableentry$164$.rvectors)?$tableentry$164$.rvectors:DEFINED ($tableentry$default$.rvectors)?$tableentry$default$.rvectors:0xffffffff
                0xffc0e14c        0x4 LONG 0xffc020e0 DEFINED ($tableentry$165$.rvectors)?$tableentry$165$.rvectors:DEFINED ($tableentry$default$.rvectors)?$tableentry$default$.rvectors:0xffffffff
                0xffc0e150        0x4 LONG 0xffc020e0 DEFINED ($tableentry$166$.rvectors)?$tableentry$166$.rvectors:DEFINED ($tableentry$default$.rvectors)?$tableentry$default$.rvectors:0xffffffff
                0xffc0e154        0x4 LONG 0xffc020e0 DEFINED ($tableentry$167$.rvectors)?$tableentry$167$.rvectors:DEFINED ($tableentry$default$.rvectors)?$tableentry$default$.rvectors:0xffffffff
                0xffc0e158        0x4 LONG 0xffc020e0 DEFINED ($tableentry$168$.rvectors)?$tableentry$168$.rvectors:DEFINED ($tableentry$default$.rvectors)?$tableentry$default$.rvectors:0xffffffff
                0xffc0e15c        0x4 LONG 0xffc020e0 DEFINED ($tableentry$169$.rvectors)?$tableentry$169$.rvectors:DEFINED ($tableentry$default$.rvectors)?$tableentry$default$.rvectors:0xffffffff
                0xffc0e160        0x4 LONG 0xffc020e0 DEFINED ($tableentry$170$.rvectors)?$tableentry$170$.rvectors:DEFINED ($tableentry$default$.rvectors)?$tableentry$default$.rvectors:0xffffffff
                0xffc0e164        0x4 LONG 0xffc020e0 DEFINED ($tableentry$171$.rvectors)?$tableentry$171$.rvectors:DEFINED ($tableentry$default$.rvectors)?$tableentry$default$.rvectors:0xffffffff
                0xffc0e168        0x4 LONG 0xffc020e0 DEFINED ($tableentry$172$.rvectors)?$tableentry$172$.rvectors:DEFINED ($tableentry$default$.rvectors)?$tableentry$default$.rvectors:0xffffffff
                0xffc0e16c        0x4 LONG 0xffc020e0 DEFINED ($tableentry$173$.rvectors)?$tableentry$173$.rvectors:DEFINED ($tableentry$default$.rvectors)?$tableentry$default$.rvectors:0xffffffff
                0xffc0e170        0x4 LONG 0xffc020e0 DEFINED ($tableentry$174$.rvectors)?$tableentry$174$.rvectors:DEFINED ($tableentry$default$.rvectors)?$tableentry$default$.rvectors:0xffffffff
                0xffc0e174        0x4 LONG 0xffc020e0 DEFINED ($tableentry$175$.rvectors)?$tableentry$175$.rvectors:DEFINED ($tableentry$default$.rvectors)?$tableentry$default$.rvectors:0xffffffff
                0xffc0e178        0x4 LONG 0xffc020e0 DEFINED ($tableentry$176$.rvectors)?$tableentry$176$.rvectors:DEFINED ($tableentry$default$.rvectors)?$tableentry$default$.rvectors:0xffffffff
                0xffc0e17c        0x4 LONG 0xffc020e0 DEFINED ($tableentry$177$.rvectors)?$tableentry$177$.rvectors:DEFINED ($tableentry$default$.rvectors)?$tableentry$default$.rvectors:0xffffffff
                0xffc0e180        0x4 LONG 0xffc020e0 DEFINED ($tableentry$178$.rvectors)?$tableentry$178$.rvectors:DEFINED ($tableentry$default$.rvectors)?$tableentry$default$.rvectors:0xffffffff
                0xffc0e184        0x4 LONG 0xffc020e0 DEFINED ($tableentry$179$.rvectors)?$tableentry$179$.rvectors:DEFINED ($tableentry$default$.rvectors)?$tableentry$default$.rvectors:0xffffffff
                0xffc0e188        0x4 LONG 0xffc020e0 DEFINED ($tableentry$180$.rvectors)?$tableentry$180$.rvectors:DEFINED ($tableentry$default$.rvectors)?$tableentry$default$.rvectors:0xffffffff