###############################################################################
#
# IAR ELF Linker V4.14.1.5408 for Renesas RX              12/Sep/2020  08:02:52
# Copyright 2009-2019 IAR Systems AB.
#
#    Output file  =
#        C:\Renesas\GitHubDesktop\work\FreeRTOS\FreeRTOS\Demo\RX700_RX72N_EnvisionKit_IAR_e2studio_EWRX\Debug\Exe\RTOSDemo.out
#    Map file     =
#        C:\Renesas\GitHubDesktop\work\FreeRTOS\FreeRTOS\Demo\RX700_RX72N_EnvisionKit_IAR_e2studio_EWRX\Debug\List\RTOSDemo.map
#    Command line =
#        -f C:\Users\UserName\AppData\Local\Temp\EWA298.tmp
#        (C:\Renesas\GitHubDesktop\work\FreeRTOS\FreeRTOS\Demo\RX700_RX72N_EnvisionKit_IAR_e2studio_EWRX\Debug\Obj\BlockQ.o
#        C:\Renesas\GitHubDesktop\work\FreeRTOS\FreeRTOS\Demo\RX700_RX72N_EnvisionKit_IAR_e2studio_EWRX\Debug\Obj\blocktim.o
#        C:\Renesas\GitHubDesktop\work\FreeRTOS\FreeRTOS\Demo\RX700_RX72N_EnvisionKit_IAR_e2studio_EWRX\Debug\Obj\countsem.o
#        C:\Renesas\GitHubDesktop\work\FreeRTOS\FreeRTOS\Demo\RX700_RX72N_EnvisionKit_IAR_e2studio_EWRX\Debug\Obj\death.o
#        C:\Renesas\GitHubDesktop\work\FreeRTOS\FreeRTOS\Demo\RX700_RX72N_EnvisionKit_IAR_e2studio_EWRX\Debug\Obj\dynamic.o
#        C:\Renesas\GitHubDesktop\work\FreeRTOS\FreeRTOS\Demo\RX700_RX72N_EnvisionKit_IAR_e2studio_EWRX\Debug\Obj\event_groups.o
#        C:\Renesas\GitHubDesktop\work\FreeRTOS\FreeRTOS\Demo\RX700_RX72N_EnvisionKit_IAR_e2studio_EWRX\Debug\Obj\EventGroupsDemo.o
#        C:\Renesas\GitHubDesktop\work\FreeRTOS\FreeRTOS\Demo\RX700_RX72N_EnvisionKit_IAR_e2studio_EWRX\Debug\Obj\FIT_patch.o
#        C:\Renesas\GitHubDesktop\work\FreeRTOS\FreeRTOS\Demo\RX700_RX72N_EnvisionKit_IAR_e2studio_EWRX\Debug\Obj\flop.o
#        C:\Renesas\GitHubDesktop\work\FreeRTOS\FreeRTOS\Demo\RX700_RX72N_EnvisionKit_IAR_e2studio_EWRX\Debug\Obj\FreeRTOS_CLI.o
#        C:\Renesas\GitHubDesktop\work\FreeRTOS\FreeRTOS\Demo\RX700_RX72N_EnvisionKit_IAR_e2studio_EWRX\Debug\Obj\freertos_object_init.o
#        C:\Renesas\GitHubDesktop\work\FreeRTOS\FreeRTOS\Demo\RX700_RX72N_EnvisionKit_IAR_e2studio_EWRX\Debug\Obj\freertos_start.o
#        C:\Renesas\GitHubDesktop\work\FreeRTOS\FreeRTOS\Demo\RX700_RX72N_EnvisionKit_IAR_e2studio_EWRX\Debug\Obj\GenQTest.o
#        C:\Renesas\GitHubDesktop\work\FreeRTOS\FreeRTOS\Demo\RX700_RX72N_EnvisionKit_IAR_e2studio_EWRX\Debug\Obj\heap_4.o
#        C:\Renesas\GitHubDesktop\work\FreeRTOS\FreeRTOS\Demo\RX700_RX72N_EnvisionKit_IAR_e2studio_EWRX\Debug\Obj\hwsetup.o
#        C:\Renesas\GitHubDesktop\work\FreeRTOS\FreeRTOS\Demo\RX700_RX72N_EnvisionKit_IAR_e2studio_EWRX\Debug\Obj\IntQueue.o
#        C:\Renesas\GitHubDesktop\work\FreeRTOS\FreeRTOS\Demo\RX700_RX72N_EnvisionKit_IAR_e2studio_EWRX\Debug\Obj\IntQueueTimer.o
#        C:\Renesas\GitHubDesktop\work\FreeRTOS\FreeRTOS\Demo\RX700_RX72N_EnvisionKit_IAR_e2studio_EWRX\Debug\Obj\IntSemTest.o
#        C:\Renesas\GitHubDesktop\work\FreeRTOS\FreeRTOS\Demo\RX700_RX72N_EnvisionKit_IAR_e2studio_EWRX\Debug\Obj\list.o
#        C:\Renesas\GitHubDesktop\work\FreeRTOS\FreeRTOS\Demo\RX700_RX72N_EnvisionKit_IAR_e2studio_EWRX\Debug\Obj\main_blinky.o
#        C:\Renesas\GitHubDesktop\work\FreeRTOS\FreeRTOS\Demo\RX700_RX72N_EnvisionKit_IAR_e2studio_EWRX\Debug\Obj\main_full.o
#        C:\Renesas\GitHubDesktop\work\FreeRTOS\FreeRTOS\Demo\RX700_RX72N_EnvisionKit_IAR_e2studio_EWRX\Debug\Obj\mcu_clocks.o
#        C:\Renesas\GitHubDesktop\work\FreeRTOS\FreeRTOS\Demo\RX700_RX72N_EnvisionKit_IAR_e2studio_EWRX\Debug\Obj\mcu_init.o
#        C:\Renesas\GitHubDesktop\work\FreeRTOS\FreeRTOS\Demo\RX700_RX72N_EnvisionKit_IAR_e2studio_EWRX\Debug\Obj\mcu_interrupts.o
#        C:\Renesas\GitHubDesktop\work\FreeRTOS\FreeRTOS\Demo\RX700_RX72N_EnvisionKit_IAR_e2studio_EWRX\Debug\Obj\mcu_locks.o
#        C:\Renesas\GitHubDesktop\work\FreeRTOS\FreeRTOS\Demo\RX700_RX72N_EnvisionKit_IAR_e2studio_EWRX\Debug\Obj\mcu_mapped_interrupts.o
#        C:\Renesas\GitHubDesktop\work\FreeRTOS\FreeRTOS\Demo\RX700_RX72N_EnvisionKit_IAR_e2studio_EWRX\Debug\Obj\port.o
#        C:\Renesas\GitHubDesktop\work\FreeRTOS\FreeRTOS\Demo\RX700_RX72N_EnvisionKit_IAR_e2studio_EWRX\Debug\Obj\queue.o
#        C:\Renesas\GitHubDesktop\work\FreeRTOS\FreeRTOS\Demo\RX700_RX72N_EnvisionKit_IAR_e2studio_EWRX\Debug\Obj\QueueOverwrite.o
#        C:\Renesas\GitHubDesktop\work\FreeRTOS\FreeRTOS\Demo\RX700_RX72N_EnvisionKit_IAR_e2studio_EWRX\Debug\Obj\r_bsp_common.o
#        C:\Renesas\GitHubDesktop\work\FreeRTOS\FreeRTOS\Demo\RX700_RX72N_EnvisionKit_IAR_e2studio_EWRX\Debug\Obj\r_bsp_cpu.o
#        C:\Renesas\GitHubDesktop\work\FreeRTOS\FreeRTOS\Demo\RX700_RX72N_EnvisionKit_IAR_e2studio_EWRX\Debug\Obj\r_bsp_interrupts.o
#        C:\Renesas\GitHubDesktop\work\FreeRTOS\FreeRTOS\Demo\RX700_RX72N_EnvisionKit_IAR_e2studio_EWRX\Debug\Obj\r_bsp_locking.o
#        C:\Renesas\GitHubDesktop\work\FreeRTOS\FreeRTOS\Demo\RX700_RX72N_EnvisionKit_IAR_e2studio_EWRX\Debug\Obj\r_bsp_mcu_startup.o
#        C:\Renesas\GitHubDesktop\work\FreeRTOS\FreeRTOS\Demo\RX700_RX72N_EnvisionKit_IAR_e2studio_EWRX\Debug\Obj\r_bsp_software_interrupt.o
#        C:\Renesas\GitHubDesktop\work\FreeRTOS\FreeRTOS\Demo\RX700_RX72N_EnvisionKit_IAR_e2studio_EWRX\Debug\Obj\r_byteq.o
#        C:\Renesas\GitHubDesktop\work\FreeRTOS\FreeRTOS\Demo\RX700_RX72N_EnvisionKit_IAR_e2studio_EWRX\Debug\Obj\r_cg_hardware_setup.o
#        C:\Renesas\GitHubDesktop\work\FreeRTOS\FreeRTOS\Demo\RX700_RX72N_EnvisionKit_IAR_e2studio_EWRX\Debug\Obj\r_dtc_rx.o
#        C:\Renesas\GitHubDesktop\work\FreeRTOS\FreeRTOS\Demo\RX700_RX72N_EnvisionKit_IAR_e2studio_EWRX\Debug\Obj\r_dtc_rx_target.o
#        C:\Renesas\GitHubDesktop\work\FreeRTOS\FreeRTOS\Demo\RX700_RX72N_EnvisionKit_IAR_e2studio_EWRX\Debug\Obj\r_gpio_rx.o
#        C:\Renesas\GitHubDesktop\work\FreeRTOS\FreeRTOS\Demo\RX700_RX72N_EnvisionKit_IAR_e2studio_EWRX\Debug\Obj\r_gpio_rx72n.o
#        C:\Renesas\GitHubDesktop\work\FreeRTOS\FreeRTOS\Demo\RX700_RX72N_EnvisionKit_IAR_e2studio_EWRX\Debug\Obj\r_rx_intrinsic_functions.o
#        C:\Renesas\GitHubDesktop\work\FreeRTOS\FreeRTOS\Demo\RX700_RX72N_EnvisionKit_IAR_e2studio_EWRX\Debug\Obj\r_sci_rx.o
#        C:\Renesas\GitHubDesktop\work\FreeRTOS\FreeRTOS\Demo\RX700_RX72N_EnvisionKit_IAR_e2studio_EWRX\Debug\Obj\r_sci_rx72n.o
#        C:\Renesas\GitHubDesktop\work\FreeRTOS\FreeRTOS\Demo\RX700_RX72N_EnvisionKit_IAR_e2studio_EWRX\Debug\Obj\r_sci_rx72n_data.o
#        C:\Renesas\GitHubDesktop\work\FreeRTOS\FreeRTOS\Demo\RX700_RX72N_EnvisionKit_IAR_e2studio_EWRX\Debug\Obj\r_sci_rx_pinset.o
#        C:\Renesas\GitHubDesktop\work\FreeRTOS\FreeRTOS\Demo\RX700_RX72N_EnvisionKit_IAR_e2studio_EWRX\Debug\Obj\r_smc_cgc.o
#        C:\Renesas\GitHubDesktop\work\FreeRTOS\FreeRTOS\Demo\RX700_RX72N_EnvisionKit_IAR_e2studio_EWRX\Debug\Obj\r_smc_cgc_user.o
#        C:\Renesas\GitHubDesktop\work\FreeRTOS\FreeRTOS\Demo\RX700_RX72N_EnvisionKit_IAR_e2studio_EWRX\Debug\Obj\r_smc_interrupt.o
#        C:\Renesas\GitHubDesktop\work\FreeRTOS\FreeRTOS\Demo\RX700_RX72N_EnvisionKit_IAR_e2studio_EWRX\Debug\Obj\recmutex.o
#        C:\Renesas\GitHubDesktop\work\FreeRTOS\FreeRTOS\Demo\RX700_RX72N_EnvisionKit_IAR_e2studio_EWRX\Debug\Obj\resetprg.o
#        C:\Renesas\GitHubDesktop\work\FreeRTOS\FreeRTOS\Demo\RX700_RX72N_EnvisionKit_IAR_e2studio_EWRX\Debug\Obj\Sample-CLI-commands.o
#        C:\Renesas\GitHubDesktop\work\FreeRTOS\FreeRTOS\Demo\RX700_RX72N_EnvisionKit_IAR_e2studio_EWRX\Debug\Obj\semtest.o
#        C:\Renesas\GitHubDesktop\work\FreeRTOS\FreeRTOS\Demo\RX700_RX72N_EnvisionKit_IAR_e2studio_EWRX\Debug\Obj\serial.o
#        C:\Renesas\GitHubDesktop\work\FreeRTOS\FreeRTOS\Demo\RX700_RX72N_EnvisionKit_IAR_e2studio_EWRX\Debug\Obj\TaskNotify.o
#        C:\Renesas\GitHubDesktop\work\FreeRTOS\FreeRTOS\Demo\RX700_RX72N_EnvisionKit_IAR_e2studio_EWRX\Debug\Obj\tasks.o
#        C:\Renesas\GitHubDesktop\work\FreeRTOS\FreeRTOS\Demo\RX700_RX72N_EnvisionKit_IAR_e2studio_EWRX\Debug\Obj\TimerDemo.o
#        C:\Renesas\GitHubDesktop\work\FreeRTOS\FreeRTOS\Demo\RX700_RX72N_EnvisionKit_IAR_e2studio_EWRX\Debug\Obj\timers.o
#        C:\Renesas\GitHubDesktop\work\FreeRTOS\FreeRTOS\Demo\RX700_RX72N_EnvisionKit_IAR_e2studio_EWRX\Debug\Obj\UARTCommandConsole.o
#        C:\Renesas\GitHubDesktop\work\FreeRTOS\FreeRTOS\Demo\RX700_RX72N_EnvisionKit_IAR_e2studio_EWRX\Debug\Obj\vecttbl.o
#        --no_out_extension -o
#        C:\Renesas\GitHubDesktop\work\FreeRTOS\FreeRTOS\Demo\RX700_RX72N_EnvisionKit_IAR_e2studio_EWRX\Debug\Exe\RTOSDemo.out
#        --map
#        C:\Renesas\GitHubDesktop\work\FreeRTOS\FreeRTOS\Demo\RX700_RX72N_EnvisionKit_IAR_e2studio_EWRX\Debug\List\RTOSDemo.map
#        --log
#        libraries,initialization,modules,redirects,sections,veneers,unused_fragments,call_graph
#        --log_file
#        C:\Renesas\GitHubDesktop\work\FreeRTOS\FreeRTOS\Demo\RX700_RX72N_EnvisionKit_IAR_e2studio_EWRX\Debug\List\RTOSDemo.log
#        --config C:\Renesas\EWB\8.4\rx\CONFIG\lnkr5f572nn.icf --remarks
#        --config_def _USTACK_SIZE=0 --config_def _ISTACK_SIZE=0x400
#        --config_def _HEAP_SIZE=0 --entry __iar_program_start --debug_lib
#        --vfe --enable_stack_usage --option_mem=2 --text_out locale)
#
###############################################################################

*******************************************************************************
*** MESSAGES
***

Warning[Ls016]: [stack usage analysis] the program contains at least one
          indirect call. Example: from "_R_BSP_InterruptControl". A complete
          list of such functions is in the map file.
Warning[Ls017]: [stack usage analysis] the program contains at least one
          instance of recursion for which stack usage analysis has not been
          able to calculate a maximum stack depth. One function involved is
          "_xTaskResumeAll". A complete list of all recursion nests is in the
          map file.


*******************************************************************************
*** RUNTIME MODEL ATTRIBUTES
***

__SystemLibrary            = DLib
__calling_conv             = abi10
__core                     = 3
__dlib_file_descriptor     = 0
__dlib_full_locale_support = 0
__dlib_version             = 6
__double_size              = 64
__endian                   = l
__enum_size                = var
__fpu                      = 2
__int_size                 = 32
__lock_R10                 = 0
__lock_R11                 = 0
__lock_R12                 = 0
__lock_R13                 = 0
__lock_R8                  = 0
__lock_R9                  = 0
__rt_version               = 5


*******************************************************************************
*** HEAP SELECTION
***

The basic heap was selected because some modules are built with
size limitations (and not runtime checking), and --advanced_heap
was not specified.


*******************************************************************************
*** PLACEMENT SUMMARY
***

"A0":  place at address 0xfe7f'5d00 { ro section .option_mem };
"A1":  place at address 0xffff'fffc { ro section .resetvect };
"A2":  place at address 0xffff'ff80 { ro section .exceptvect };
"ROM24":
       place in [from 0xffc0'0000 to 0xffff'ffff] {
          ro section .code24*, ro section .data24* };
"RAM24":
       place in [from 0x4 to 0x7'ffff] |
                [from 0x80'0000 to 0x87'ffff] { rw section .data24* };
"ROM32":
       place in [from 0xffc0'0000 to 0xffff'ffff] { ro };
define block USTACK with size = 0, alignment = 4 { };
define block ISTACK with size = 1K, alignment = 4 { };
define block STACKS with fixed order { block USTACK, block ISTACK };
"STACKS":
       place at end of [from 0x4 to 0x7'ffff] { block STACKS };
initialize by copy { rw, ro section D, ro section D_1, ro section D_2 };

No sections matched the following patterns:

  ro section .code16*          in "ROM16"
  ro section .code24*          in "ROM24"
  ro section .data16*          in "ROM16"
  ro section .dataflash*       in "DATAFLASH"
  ro section D                 in "RAM32"
  ro section D_1               in "RAM32"
  ro section D_2               in "RAM32"
  rw section .data16*          in "RAM16"
  rw section .stdby*           in "STDBY"
  rw section __DLIB_PERTHREAD  in "RAM16"


  Section            Kind         Address      Size  Object
  -------            ----         -------      ----  ------
"RAM24", part 1 of 2:                         0x100
  RAM24 s0                            0x4     0x100  <Init block>
    .data24.data     inited           0x4      0x3c  IntQueue.o [1]
    .data24.data     inited          0x40      0x2c  TaskNotify.o [1]
    .data24.data     inited          0x6c      0x2c  TimerDemo.o [1]
    .data24.data     inited          0x98      0x20  r_sci_rx72n_data.o [1]
    .data24.data     inited          0xb8      0x20  r_sci_rx72n_data.o [1]
    .data24.data     inited          0xd8      0x10  FreeRTOS_CLI.o [1]
    .data24.data     inited          0xe8      0x10  QueueOverwrite.o [1]
    .data24.data     inited          0xf8       0x8  death.o [1]
    .data24.data     inited         0x100       0x4  FreeRTOS_CLI.o [1]
                                  - 0x104     0x100

"RAM24", part 2 of 2:                      0x1'09f8
  .data24.bss        zero           0x104    0xf000  heap_4.o [1]
  .data24.bss        zero          0xf104     0xdac  FreeRTOS_CLI.o [1]
  .data24.bss        zero          0xfeb0     0x210  mcu_locks.o [1]
  .data24.bss        zero        0x1'00c0     0x1b0  r_bsp_interrupts.o [1]
  .data24.bss        zero        0x1'0270     0x180  r_byteq.o [1]
  .data24.bss        zero        0x1'03f0      0xc8  IntQueue.o [1]
  .data24.bss        zero        0x1'04b8      0xc8  IntQueue.o [1]
  .data24.bss        zero        0x1'0580      0x8c  tasks.o [1]
  .data24.bss        zero        0x1'060c      0x6c  r_bsp_software_interrupt.o [1]
  .data24.bss        zero        0x1'0678      0x6c  tasks.o [1]
  .data24.bss        zero        0x1'06e4      0x50  r_sci_rx.o [1]
  .data24.bss        zero        0x1'0734      0x50  r_sci_rx.o [1]
  .data24.bss        zero        0x1'0784      0x50  r_sci_rx.o [1]
  .data24.bss        zero        0x1'07d4      0x50  r_sci_rx.o [1]
  .data24.bss        zero        0x1'0824      0x32  UARTCommandConsole.o [1]
  .data24.bss        zero        0x1'0856      0x32  UARTCommandConsole.o [1]
  .data24.bss        zero        0x1'0888      0x30  EventGroupsDemo.o [1]
  .data24.bss        zero        0x1'08b8      0x30  tasks.o [1]
  .data24.bss        zero        0x1'08e8      0x30  timers.o [1]
  .data24.bss        zero        0x1'0918      0x2c  IntSemTest.o [1]
  .data24.bss        zero        0x1'0944      0x24  recmutex.o [1]
  .data24.bss        zero        0x1'0968      0x1c  GenQTest.o [1]
  .data24.bss        zero        0x1'0984      0x18  countsem.o [1]
  .data24.bss        zero        0x1'099c      0x18  dynamic.o [1]
  .data24.bss        zero        0x1'09b4      0x18  heap_4.o [1]
  .data24.bss        zero        0x1'09cc      0x18  IntQueue.o [1]
  .data24.bss        zero        0x1'09e4      0x18  TimerDemo.o [1]
  .data24.bss        zero        0x1'09fc      0x14  blocktim.o [1]
  .data24.bss        zero        0x1'0a10      0x10  dynamic.o [1]
  .data24.bss        zero        0x1'0a20      0x10  main_full.o [1]
  .data24.bss        zero        0x1'0a30      0x10  r_cg_hardware_setup.o [1]
  .data24.bss        zero        0x1'0a40       0xc  blocktim.o [1]
  .data24.bss        zero        0x1'0a4c       0xc  countsem.o [1]
  .data24.bss        zero        0x1'0a58       0xc  recmutex.o [1]
  .data24.bss        zero        0x1'0a64       0xc  timers.o [1]
  .data24.bss        zero        0x1'0a70       0x8  flop.o [1]
  .data24.bss        zero        0x1'0a78       0x8  GenQTest.o [1]
  .data24.bss        zero        0x1'0a80       0x8  heap_4.o [1]
  .data24.bss        zero        0x1'0a88       0x8  r_bsp_cpu.o [1]
  .data24.bss        zero        0x1'0a90       0x8  r_dtc_rx.o [1]
  .data24.bss        zero        0x1'0a98       0x8  semtest.o [1]
  .data24.bss        zero        0x1'0aa0       0x8  semtest.o [1]
  .data24.bss        zero        0x1'0aa8       0x8  serial.o [1]
  .data24.bss        zero        0x1'0ab0       0x6  BlockQ.o [1]
  .data24.bss        zero        0x1'0ab6       0x6  BlockQ.o [1]
  .data24.bss        zero        0x1'0abc       0x6  BlockQ.o [1]
  .data24.bss        zero        0x1'0ac2       0x6  BlockQ.o [1]
  .data24.bss        zero        0x1'0ac8       0x6  TimerDemo.o [1]
  .data24.bss        zero        0x1'0ace       0x2  semtest.o [1]
  .data24.bss        zero        0x1'0ad0       0x4  death.o [1]
  .data24.bss        zero        0x1'0ad4       0x4  IntSemTest.o [1]
  .data24.bss        zero        0x1'0ad8       0x4  port.o [1]
  .data24.bss        zero        0x1'0adc       0x4  r_bsp_software_interrupt.o [1]
  .data24.bss        zero        0x1'0ae0       0x4  r_cg_hardware_setup.o [1]
  .data24.bss        zero        0x1'0ae4       0x4  Sample-CLI-commands.o [1]
  .data24.bss        zero        0x1'0ae8       0x4  Sample-CLI-commands.o [1]
  .data24.bss        zero        0x1'0aec       0x4  TimerDemo.o [1]
  .data24.bss        zero        0x1'0af0       0x4  UARTCommandConsole.o [1]
  .data24.bss        zero        0x1'0af4       0x1  r_bsp_software_interrupt.o [1]
  .data24.bss        zero        0x1'0af5       0x1  r_bsp_software_interrupt.o [1]
  .data24.bss        zero        0x1'0af6       0x1  r_bsp_software_interrupt.o [1]
  .data24.bss        zero        0x1'0af7       0x1  r_bsp_software_interrupt.o [1]
  .data24.bss        zero        0x1'0af8       0x1  r_byteq.o [1]
  .data24.bss        zero        0x1'0af9       0x1  r_dtc_rx.o [1]
                               - 0x1'0afa  0x1'09f6

"STACKS":                                     0x400
  STACKS                         0x7'fc00     0x400  <Block>
    USTACK                       0x7'fc00       0x0  <Block>
    ISTACK                       0x7'fc00     0x400  <Block>
      ISTACK         uninit      0x7'fc00     0x400  <Block tail>
                               - 0x8'0000     0x400

"A0":                                          0x74
  .option_mem        const    0xfe7f'5d00      0x74  option_mem.o [4]
                            - 0xfe7f'5d74      0x74

"ROM24", part 1 of 2:                         0x7a3
  .data24.rodata     const    0xffc0'0000      0xcc  r_dtc_rx_target.o [1]
  .data24.rodata     const    0xffc0'00cc      0x61  Sample-CLI-commands.o [1]
  .data24.rodata     const    0xffc0'012d      0x4b  Sample-CLI-commands.o [1]
  .data24.rodata     const    0xffc0'0178      0x58  FreeRTOS_CLI.o [1]
  .data24.rodata     const    0xffc0'01d0      0x56  Sample-CLI-commands.o [1]
  .data24.rodata     const    0xffc0'0226      0x52  Sample-CLI-commands.o [1]
  .data24.rodata     const    0xffc0'0278      0x54  Sample-CLI-commands.o [1]
  .data24.rodata     const    0xffc0'02cc      0x50  FreeRTOS_CLI.o [1]
  .data24.rodata     const    0xffc0'031c      0x50  UARTCommandConsole.o [1]
  .data24.rodata     const    0xffc0'036c      0x44  r_sci_rx72n_data.o [1]
  .data24.rodata     const    0xffc0'03b0      0x44  r_sci_rx72n_data.o [1]
  .data24.rodata     const    0xffc0'03f4      0x40  Sample-CLI-commands.o [1]
  .data24.rodata     const    0xffc0'0434      0x3e  Sample-CLI-commands.o [1]
  .data24.rodata     const    0xffc0'0472      0x39  UARTCommandConsole.o [1]
  .data24.rodata     const    0xffc0'04ab      0x1d  Sample-CLI-commands.o [1]
  .data24.rodata     const    0xffc0'04c8      0x36  r_sci_rx72n_data.o [1]
  .data24.rodata     const    0xffc0'04fe      0x12  Sample-CLI-commands.o [1]
  .data24.rodata     const    0xffc0'0510      0x34  r_sci_rx72n_data.o [1]
  .data24.rodata     const    0xffc0'0544      0x30  FreeRTOS_CLI.o [1]
  .data24.rodata     const    0xffc0'0574      0x17  Sample-CLI-commands.o [1]
  .data24.rodata     const    0xffc0'058b       0xd  TaskNotify.o [1]
  .data24.rodata     const    0xffc0'0598      0x10  FreeRTOS_CLI.o [1]
  .data24.rodata     const    0xffc0'05a8      0x10  Sample-CLI-commands.o [1]
  .data24.rodata     const    0xffc0'05b8       0xf  tasks.o [1]
  .data24.rodata     const    0xffc0'05c7       0xe  TimerDemo.o [1]
  .data24.rodata     const    0xffc0'05d5       0xb  Sample-CLI-commands.o [1]
  .data24.rodata     const    0xffc0'05e0       0xc  mcu_clocks.o [1]
  .data24.rodata     const    0xffc0'05ec       0xb  Sample-CLI-commands.o [1]
  .data24.rodata     const    0xffc0'05f7       0x9  TaskNotify.o [1]
  .data24.rodata     const    0xffc0'0600       0x9  TaskNotify.o [1]
  .data24.rodata     const    0xffc0'0609       0x9  TimerDemo.o [1]
  .data24.rodata     const    0xffc0'0612       0x6  EventGroupsDemo.o [1]
  .data24.rodata     const    0xffc0'0618       0x8  BlockQ.o [1]
  .data24.rodata     const    0xffc0'0620       0x8  BlockQ.o [1]
  .data24.rodata     const    0xffc0'0628       0x8  BlockQ.o [1]
  .data24.rodata     const    0xffc0'0630       0x8  BlockQ.o [1]
  .data24.rodata     const    0xffc0'0638       0x8  BlockQ.o [1]
  .data24.rodata     const    0xffc0'0640       0x8  BlockQ.o [1]
  .data24.rodata     const    0xffc0'0648       0x8  death.o [1]
  .data24.rodata     const    0xffc0'0650       0x8  death.o [1]
  .data24.rodata     const    0xffc0'0658       0x8  death.o [1]
  .data24.rodata     const    0xffc0'0660       0x8  dynamic.o [1]
  .data24.rodata     const    0xffc0'0668       0x8  dynamic.o [1]
  .data24.rodata     const    0xffc0'0670       0x8  dynamic.o [1]
  .data24.rodata     const    0xffc0'0678       0x8  dynamic.o [1]
  .data24.rodata     const    0xffc0'0680       0x8  main_full.o [1]
  .data24.rodata     const    0xffc0'0688       0x8  main_full.o [1]
  .data24.rodata     const    0xffc0'0690       0x8  semtest.o [1]
  .data24.rodata     const    0xffc0'0698       0x8  semtest.o [1]
  .data24.rodata     const    0xffc0'06a0       0x8  semtest.o [1]
  .data24.rodata     const    0xffc0'06a8       0x8  semtest.o [1]
  .data24.rodata     const    0xffc0'06b0       0x8  TimerDemo.o [1]
  .data24.rodata     const    0xffc0'06b8       0x8  timers.o [1]
  .data24.rodata     const    0xffc0'06c0       0x7  blocktim.o [1]
  .data24.rodata     const    0xffc0'06c7       0x7  blocktim.o [1]
  .data24.rodata     const    0xffc0'06ce       0x7  dynamic.o [1]
  .data24.rodata     const    0xffc0'06d5       0x7  GenQTest.o [1]
  .data24.rodata     const    0xffc0'06dc       0x7  IntSemTest.o [1]
  .data24.rodata     const    0xffc0'06e3       0x7  IntSemTest.o [1]
  .data24.rodata     const    0xffc0'06ea       0x7  IntSemTest.o [1]
  .data24.rodata     const    0xffc0'06f1       0x7  TimerDemo.o [1]
  .data24.rodata     const    0xffc0'06f8       0x7  TimerDemo.o [1]
  .data24.rodata     const    0xffc0'06ff       0x6  flop.o [1]
  .data24.rodata     const    0xffc0'0705       0x6  flop.o [1]
  .data24.rodata     const    0xffc0'070b       0x6  flop.o [1]
  .data24.rodata     const    0xffc0'0711       0x6  flop.o [1]
  .data24.rodata     const    0xffc0'0717       0x6  GenQTest.o [1]
  .data24.rodata     const    0xffc0'071d       0x6  GenQTest.o [1]
  .data24.rodata     const    0xffc0'0723       0x6  IntQueue.o [1]
  .data24.rodata     const    0xffc0'0729       0x6  IntQueue.o [1]
  .data24.rodata     const    0xffc0'072f       0x6  IntQueue.o [1]
  .data24.rodata     const    0xffc0'0735       0x6  IntQueue.o [1]
  .data24.rodata     const    0xffc0'073b       0x6  IntQueue.o [1]
  .data24.rodata     const    0xffc0'0741       0x6  IntQueue.o [1]
  .data24.rodata     const    0xffc0'0747       0x6  main_full.o [1]
  .data24.rodata     const    0xffc0'074d       0x6  QueueOverwrite.o [1]
  .data24.rodata     const    0xffc0'0753       0x5  countsem.o [1]
  .data24.rodata     const    0xffc0'0758       0x6  r_bsp_cpu.o [1]
  .data24.rodata     const    0xffc0'075e       0x5  countsem.o [1]
  .data24.rodata     const    0xffc0'0763       0x5  EventGroupsDemo.o [1]
  .data24.rodata     const    0xffc0'0768       0x5  EventGroupsDemo.o [1]
  .data24.rodata     const    0xffc0'076d       0x5  FreeRTOS_CLI.o [1]
  .data24.rodata     const    0xffc0'0772       0x5  GenQTest.o [1]
  .data24.rodata     const    0xffc0'0777       0x5  recmutex.o [1]
  .data24.rodata     const    0xffc0'077c       0x5  recmutex.o [1]
  .data24.rodata     const    0xffc0'0781       0x5  recmutex.o [1]
  .data24.rodata     const    0xffc0'0786       0x5  Sample-CLI-commands.o [1]
  .data24.rodata     const    0xffc0'078b       0x5  Sample-CLI-commands.o [1]
  .data24.rodata     const    0xffc0'0790       0x5  tasks.o [1]
  .data24.rodata     const    0xffc0'0795       0x3  Sample-CLI-commands.o [1]
  .data24.rodata     const    0xffc0'0798       0x4  main_full.o [1]
  .data24.rodata     const    0xffc0'079c       0x4  UARTCommandConsole.o [1]
  .data24.rodata     const    0xffc0'07a0       0x3  UARTCommandConsole.o [1]
                            - 0xffc0'07a3     0x7a3

"ROM32":                                     0xb7ba
  .text              ro code  0xffc0'07a8    0x1892  tasks.o [1]
  .switch.rodata     const    0xffc0'203c      0x1a  r_bsp_software_interrupt.o [1]
  .text              ro code  0xffc0'2058     0x23d  heap_4.o [1]
  .text              ro code  0xffc0'2298      0xae  list.o [1]
  .text              ro code  0xffc0'2346     0x1b1  port.o [1]
  .text              ro code  0xffc0'24f7      0xd9  freertos_start.o [1]
  .text              ro code  0xffc0'25d0     0x498  timers.o [1]
  .text              ro code  0xffc0'2a68       0xe  strlen.o [3]
  .text              ro code  0xffc0'2a78      0x32  sprintf.o [3]
  .switch.rodata     const    0xffc0'2aac      0x12  r_sci_rx72n.o [1]
  .text              ro code  0xffc0'2ac0     0x5b9  main_full.o [1]
  .switch.rodata     const    0xffc0'307c       0xa  timers.o [1]
  .text              ro code  0xffc0'3088     0xe06  queue.o [1]
  .text              ro code  0xffc0'3e90     0x14e  xprintftiny.o [3]
  .text              ro code  0xffc0'3fe0     0xa0e  IntQueue.o [1]
  .text              ro code  0xffc0'49f0     0x276  dynamic.o [1]
  .text              ro code  0xffc0'4c68     0x241  BlockQ.o [1]
  .text              ro code  0xffc0'4eac       0xa  xsprout.o [3]
  .text              ro code  0xffc0'4eb8     0x3d5  blocktim.o [1]
  .text              ro code  0xffc0'5290     0x194  countsem.o [1]
  .text              ro code  0xffc0'5428     0x4be  GenQTest.o [1]
  .text              ro code  0xffc0'58e8     0x21b  recmutex.o [1]
  .text              ro code  0xffc0'5b03     0x1c5  semtest.o [1]
  .text              ro code  0xffc0'5cc8     0x46c  flop.o [1]
  .text              ro code  0xffc0'6138     0x97f  TimerDemo.o [1]
  .text              ro code  0xffc0'6ab8     0x172  QueueOverwrite.o [1]
  .text              ro code  0xffc0'6c30     0x674  EventGroupsDemo.o [1]
  .text              ro code  0xffc0'72a8     0x7cb  TaskNotify.o [1]
  .text              ro code  0xffc0'7a78     0x37b  IntSemTest.o [1]
  .text              ro code  0xffc0'7df8     0x147  UARTCommandConsole.o [1]
  .text              ro code  0xffc0'7f3f     0x19a  Sample-CLI-commands.o [1]
  .text              ro code  0xffc0'80e0      0xf7  death.o [1]
  .text              ro code  0xffc0'81d7     0x11d  IntQueueTimer.o [1]
  .text              ro code  0xffc0'82f4     0x300  event_groups.o [1]
  .text              ro code  0xffc0'85f8     0x20e  FreeRTOS_CLI.o [1]
  .text              ro code  0xffc0'8806     0x18a  serial.o [1]
  .text              ro code  0xffc0'8990      0x25  strncat.o [3]
  .text              ro code  0xffc0'89b8     0x4d7  r_sci_rx.o [1]
  .text              ro code  0xffc0'8e90     0x498  r_dtc_rx.o [1]
  .text              ro code  0xffc0'9328     0x539  r_sci_rx72n.o [1]
  .text              ro code  0xffc0'9861     0x168  r_bsp_cpu.o [1]
  .text              ro code  0xffc0'99d0     0x745  r_bsp_interrupts.o [1]
  .text              ro code  0xffc0'a115     0x13d  r_byteq.o [1]
  .text              ro code  0xffc0'a252      0x32  r_bsp_locking.o [1]
  .text              ro code  0xffc0'a284       0x5  FIT_patch.o [1]
  .text              ro code  0xffc0'a289      0x31  r_dtc_rx_target.o [1]
  .text              ro code  0xffc0'a2ba       0x8  r_rx_intrinsic_functions.o [1]
  .text              ro code  0xffc0'a2c2     0x1c5  mcu_mapped_interrupts.o [1]
  .text              ro code  0xffc0'a487     0x3e5  r_bsp_software_interrupt.o [1]
  .text              ro code  0xffc0'a86c     0x924  mcu_interrupts.o [1]
  .inttable                   0xffc0'b190     0x400  <Block>
    .inttable        const    0xffc0'b190     0x400  interrupt_table.o [3]
  .text              ro code  0xffc0'b590     0x2cb  mcu_clocks.o [1]
  .text              ro code  0xffc0'b85b      0xdb  r_bsp_common.o [1]
  .text              ro code  0xffc0'b936     0x200  div64u.o [4]
  .text              ro code  0xffc0'bb36      0xa5  r_cg_hardware_setup.o [1]
  .text              ro code  0xffc0'bbdb      0x44  r_gpio_rx.o [1]
  .text              ro code  0xffc0'bc1f      0x2c  r_sci_rx_pinset.o [1]
  .text              ro code  0xffc0'bc4b      0x1b  r_smc_cgc.o [1]
  .text              ro code  0xffc0'bc66       0x1  r_smc_cgc_user.o [1]
  .text              ro code  0xffc0'bc67      0x9c  mcu_init.o [1]
  .text              ro code  0xffc0'bd03      0x81  hwsetup.o [1]
  .text              ro code  0xffc0'bd84      0x74  packbits_init.o [3]
  .text              ro code  0xffc0'bdf8       0xf  __dbg_abort.o [2]
  .text              ro code  0xffc0'be08       0x1  __dbg_break.o [2]
  .text              ro code  0xffc0'be0c      0x12  __dbg_xxexit.o [2]
  .text              ro code  0xffc0'be1e      0x43  resetprg.o [1]
  .text              ro code  0xffc0'be68      0x20  data_init.o [3]
  .text              ro code  0xffc0'be88      0x33  cstartup.o [4]
  .text              ro code  0xffc0'bebc       0x4  exit.o [3]
  .text              ro code  0xffc0'bec0       0x8  cexit.o [3]
  .iar.init_table    const    0xffc0'bec8      0x2c  - Linker created -
  .switch.rodata     const    0xffc0'bef4      0x18  r_dtc_rx.o [1]
  .text              ro code  0xffc0'bf0c      0x18  zero_init2.o [3]
  .switch.rodata     const    0xffc0'bf24      0x10  r_bsp_cpu.o [1]
  .switch.rodata     const    0xffc0'bf34       0xe  r_bsp_interrupts.o [1]
  .switch.rodata     const    0xffc0'bf44       0xe  xprintftiny.o [3]
  .text              ro code  0xffc0'bf54       0xe  interrupt_table.o [3]
                            - 0xffc0'bf62    0xb7ba

"ROM24", part 2 of 2:                          0x45
  Initializer bytes  const    0xffc0'bf62      0x45  <for RAM24 s0>
                            - 0xffc0'bfa7      0x45

"A2":                                          0x7c
  .exceptvect                 0xffff'ff80      0x7c  <Block>
    .exceptvect      const    0xffff'ff80      0x7c  exceptvect.o [4]
                            - 0xffff'fffc      0x7c

"A1":                                           0x4
  .resetvect         const    0xffff'fffc       0x4  resetvect.o [4]
                                    - 0x0       0x4

Unused ranges:

         From           To       Size
         ----           --       ----
     0x1'0afc     0x7'fbff   0x6'f104
    0x80'0000    0x87'ffff   0x8'0000
  0xffc0'07a3  0xffc0'07a7        0x5
  0xffc0'bfa7  0xffff'ff7f  0x3f'3fd9


*******************************************************************************
*** INIT TABLE
***

          Address      Size
          -------      ----
Zero (___iar_zero_init2)
    1 destination range, total size 0x1'09f6:
                0x104  0x1'09f6

Copy/packbits (___iar_packbits_init2)
    1 source range, total size 0x45 (26% of destination):
          0xffc0'bf62      0x45
    1 destination range, total size 0x100:
                  0x4     0x100


*******************************************************************************
*** STACK USAGE
***

  Call Graph Root Category  Max Use  Total Use
  ------------------------  -------  ---------
  interrupt                    244      1'812
  Program entry                368        368
  Uncalled function            340     12'540


Program entry
  "__iar_program_start": 0xffc0'be88

  Maximum call chain                            *?* 368  bytes
    (** call graph contains recursive functions (example: "_xTaskResumeAll")
                            indirect calls (example: "_R_BSP_InterruptControl") **)

    "__iar_program_start"                             4
    "___low_level_init"                               4
    "_Processing_Before_Start_Kernel"                 4
    "_main_full"                                     12
    "_vStartTimerDemoTask"                           36
    "_xTimerCreate"                                  28
    "_prvCheckForValidListAndQueue" in timers.o [1]
                                                     12
    "_xQueueGenericCreate"                           20
    "_pvPortMalloc"                                  24
    "_xTaskResumeAll"                                16
    "_xTaskIncrementTick"                            20
    "_vApplicationTickHook"                           4
    "_vFullDemoTickHook"                              0

interrupt
  "___interrupt_128": 0xffc0'82b0

  Maximum call chain                              160  bytes

    "___interrupt_128"                             36
    "_xFirstTimerHandler"                          24
    "_xQueueGenericSendFromISR"                    32
    "_prvNotifyQueueSetContainer" in queue.o [1]
                                                   40
    "_xTaskPriorityDisinherit"                     16
    "_vAssertCalled"                                8
    "_vTaskEnterCritical"                           4

interrupt
  "___interrupt_129": 0xffc0'82d2

  Maximum call chain                              160  bytes

    "___interrupt_129"                             36
    "_xSecondTimerHandler"                         24
    "_xQueueGenericSendFromISR"                    32
    "_prvNotifyQueueSetContainer" in queue.o [1]
                                                   40
    "_xTaskPriorityDisinherit"                     16
    "_vAssertCalled"                                8
    "_vTaskEnterCritical"                           4

interrupt
  "___interrupt_106": 0xffc0'b111

  Maximum call chain                            *?* 68  bytes
    (** call graph contains indirect calls (example: "_R_BSP_InterruptControl") **)

    "___interrupt_106"                              36
    "_R_BSP_InterruptControl"                       16
    "_bsp_interrupt_enable_disable"                  8
    "_R_BSP_InterruptRequestDisable"                 4
    "_R_BSP_BitClear"                                4

interrupt
  "___interrupt_107": 0xffc0'adec

  Maximum call chain                            *?* 68  bytes
    (** call graph contains indirect calls (example: "_R_BSP_InterruptControl") **)

    "___interrupt_107"                              36
    "_R_BSP_InterruptControl"                       16
    "_bsp_interrupt_enable_disable"                  8
    "_R_BSP_InterruptRequestDisable"                 4
    "_R_BSP_BitClear"                                4

interrupt
  "___interrupt_110": 0xffc0'a8de

  Maximum call chain                            *?* 68  bytes
    (** call graph contains indirect calls (example: "_R_BSP_InterruptControl") **)

    "___interrupt_110"                              36
    "_R_BSP_InterruptControl"                       16
    "_bsp_interrupt_enable_disable"                  8
    "_R_BSP_InterruptRequestDisable"                 4
    "_R_BSP_BitClear"                                4

interrupt
  "___interrupt_111": 0xffc0'aba6

  Maximum call chain                            *?* 68  bytes
    (** call graph contains indirect calls (example: "_R_BSP_InterruptControl") **)

    "___interrupt_111"                              36
    "_R_BSP_InterruptControl"                       16
    "_bsp_interrupt_enable_disable"                  8
    "_R_BSP_InterruptRequestDisable"                 4
    "_R_BSP_BitClear"                                4

interrupt
  "___interrupt_112": 0xffc0'ae5e

  Maximum call chain                            *?* 68  bytes
    (** call graph contains indirect calls (example: "_R_BSP_InterruptControl") **)

    "___interrupt_112"                              36
    "_R_BSP_InterruptControl"                       16
    "_bsp_interrupt_enable_disable"                  8
    "_R_BSP_InterruptRequestDisable"                 4
    "_R_BSP_BitClear"                                4

interrupt
  "___interrupt_113": 0xffc0'b008

  Maximum call chain                            *?* 68  bytes
    (** call graph contains indirect calls (example: "_R_BSP_InterruptControl") **)

    "___interrupt_113"                              36
    "_R_BSP_InterruptControl"                       16
    "_bsp_interrupt_enable_disable"                  8
    "_R_BSP_InterruptRequestDisable"                 4
    "_R_BSP_BitClear"                                4

interrupt
  "___interrupt_17": 0xffc0'b0e2

  Maximum call chain                            *?* 68  bytes
    (** call graph contains indirect calls (example: "_R_BSP_InterruptControl") **)

    "___interrupt_17"                               36
    "_R_BSP_InterruptControl"                       16
    "_bsp_interrupt_enable_disable"                  8
    "_R_BSP_InterruptRequestDisable"                 4
    "_R_BSP_BitClear"                                4

interrupt
  "_vSoftwareInterruptISR": 0xffc0'241f

  Maximum call chain                                8  bytes

    "_vSoftwareInterruptISR"                        8

interrupt
  "_vTickISR": 0xffc0'24cf

  Maximum call chain                            *?* 244  bytes
    (** call graph contains recursive functions (example: "_xTaskResumeAll") **)

    "_vTickISR"                                      36
    "_xTaskIncrementTick"                            20
    "_vApplicationTickHook"                           4
    "_vFullDemoTickHook"                              0

interrupt
  "___NMI_handler": 0xffc0'9ee0

  Maximum call chain                            *?* 76  bytes
    (** call graph contains indirect calls (example: "___NMI_handler") **)

    "___NMI_handler"                                44
    "_R_BSP_InterruptControl"                       16
    "_bsp_interrupt_enable_disable"                  8
    "_R_BSP_InterruptRequestDisable"                 4
    "_R_BSP_BitClear"                                4

interrupt
  "___excep_access_inst": 0xffc0'9e91

  Maximum call chain                            *?* 68  bytes
    (** call graph contains indirect calls (example: "_R_BSP_InterruptControl") **)

    "___excep_access_inst"                          36
    "_R_BSP_InterruptControl"                       16
    "_bsp_interrupt_enable_disable"                  8
    "_R_BSP_InterruptRequestDisable"                 4
    "_R_BSP_BitClear"                                4

interrupt
  "___privileged_handler": 0xffc0'9e7a

  Maximum call chain                            *?* 68  bytes
    (** call graph contains indirect calls (example: "_R_BSP_InterruptControl") **)

    "___privileged_handler"                         36
    "_R_BSP_InterruptControl"                       16
    "_bsp_interrupt_enable_disable"                  8
    "_R_BSP_InterruptRequestDisable"                 4
    "_R_BSP_BitClear"                                4

interrupt
  "___undefined_handler": 0xffc0'9ea8

  Maximum call chain                            *?* 68  bytes
    (** call graph contains indirect calls (example: "_R_BSP_InterruptControl") **)

    "___undefined_handler"                          36
    "_R_BSP_InterruptControl"                       16
    "_bsp_interrupt_enable_disable"                  8
    "_R_BSP_InterruptRequestDisable"                 4
    "_R_BSP_BitClear"                                4

interrupt
  "___undefined_interrupt_source_handler": 0xffc0'a0ac

  Maximum call chain                            *?* 40  bytes
    (** call graph contains indirect calls (example: "___undefined_interrupt_source_handler") **)

    "___undefined_interrupt_source_handler"         40

interrupt
  "__float_placeholder": 0xffc0'9ebf

  Maximum call chain                            *?* 68  bytes
    (** call graph contains indirect calls (example: "_R_BSP_InterruptControl") **)

    "__float_placeholder"                           36
    "_R_BSP_InterruptControl"                       16
    "_bsp_interrupt_enable_disable"                  8
    "_R_BSP_InterruptRequestDisable"                 4
    "_R_BSP_BitClear"                                4

interrupt
  "_bus_error_isr": 0xffc0'a0dd

  Maximum call chain                            *?* 40  bytes
    (** call graph contains indirect calls (example: "_bus_error_isr") **)

    "_bus_error_isr"                                40

interrupt
  "___interrupt_26": 0xffc0'a7aa

  Maximum call chain                            *?* 56  bytes
    (** call graph contains indirect calls (example: "___interrupt_26") **)

    "___interrupt_26"                               52
    "_R_BSP_InterruptsEnable"                        4

interrupt
  "___interrupt_102": 0xffc0'983c

  Maximum call chain                            *?* 60  bytes
    (** call graph contains indirect calls (example: "_rxi_handler") **)

    "___interrupt_102"                              36
    "_rxi_handler"                                  20
    "_R_BYTEQ_Put"                                   4

interrupt
  "___interrupt_103": 0xffc0'9804

  Maximum call chain                               52  bytes

    "___interrupt_103"                             36
    "_txi_handler"                                 12
    "_R_BYTEQ_Get"                                  4

interrupt
  "___interrupt_62": 0xffc0'9829

  Maximum call chain                            *?* 60  bytes
    (** call graph contains indirect calls (example: "_rxi_handler") **)

    "___interrupt_62"                               36
    "_rxi_handler"                                  20
    "_R_BYTEQ_Put"                                   4

interrupt
  "___interrupt_63": 0xffc0'97f1

  Maximum call chain                               52  bytes

    "___interrupt_63"                              36
    "_txi_handler"                                 12
    "_R_BYTEQ_Get"                                  4

interrupt
  "_default_handler": 0xffc0'bf54

  Maximum call chain                               56  bytes

    "_default_handler"                             36
    "_abort"                                        4
    "___exit"                                      12
    "___DebugBreak"                                 4

Uncalled function
  "_vBlockingQueueConsumer" in BlockQ.o [1]: 0xffc0'4df0

  Maximum call chain                            *?* 284  bytes
    (** call graph contains recursive functions (example: "_xTaskResumeAll") **)

    "_vBlockingQueueConsumer" in BlockQ.o [1]        20
    "_xQueueReceive"                                 40
    "_xTaskResumeAll"                                16
    "_xTaskIncrementTick"                            20
    "_vApplicationTickHook"                           4
    "_vFullDemoTickHook"                              0

Uncalled function
  "_vBlockingQueueProducer" in BlockQ.o [1]: 0xffc0'4db0

  Maximum call chain                            *?* 236  bytes
    (** call graph contains recursive functions (example: "_xTaskResumeAll") **)

    "_vBlockingQueueProducer" in BlockQ.o [1]        16
    "_xQueueGenericSend"                              0

Uncalled function
  "_vPrimaryBlockTimeTestTask" in blocktim.o [1]: 0xffc0'4f10

  Maximum call chain                            *?* 296  bytes
    (** call graph contains recursive functions (example: "_xTaskResumeAll") **)

    "_vPrimaryBlockTimeTestTask" in blocktim.o [1]
                                                     32
    "_xQueueReceive"                                 40
    "_xTaskResumeAll"                                16
    "_xTaskIncrementTick"                            20
    "_vApplicationTickHook"                           4
    "_vFullDemoTickHook"                              0

Uncalled function
  "_vSecondaryBlockTimeTestTask" in blocktim.o [1]: 0xffc0'51d8

  Maximum call chain                            *?* 284  bytes
    (** call graph contains recursive functions (example: "_xTaskResumeAll") **)

    "_vSecondaryBlockTimeTestTask" in blocktim.o [1]
                                                     20
    "_xQueueReceive"                                 40
    "_xTaskResumeAll"                                16
    "_xTaskIncrementTick"                            20
    "_vApplicationTickHook"                           4
    "_vFullDemoTickHook"                              0

Uncalled function
  "_prvCountingSemaphoreTask" in countsem.o [1]: 0xffc0'5368

  Maximum call chain                            *?* 312  bytes
    (** call graph contains recursive functions (example: "_xTaskResumeAll") **)

    "_prvCountingSemaphoreTask" in countsem.o [1]
                                                     20
    "_prvDecrementSemaphoreCount" in countsem.o [1]
                                                     24
    "_xQueueSemaphoreTake"                           44
    "_xTaskResumeAll"                                16
    "_xTaskIncrementTick"                            20
    "_vApplicationTickHook"                           4
    "_vFullDemoTickHook"                              0

Uncalled function
  "_vCreateTasks" in death.o [1]: 0xffc0'8138

  Maximum call chain                            *?* 312  bytes
    (** call graph contains recursive functions (example: "_xTaskResumeAll") **)

    "_vCreateTasks" in death.o [1]                   32
    "_xTaskCreate"                                   32
    "_pvPortMalloc"                                  24
    "_xTaskResumeAll"                                16
    "_xTaskIncrementTick"                            20
    "_vApplicationTickHook"                           4
    "_vFullDemoTickHook"                              0

Uncalled function
  "_vSuicidalTask" in death.o [1]: 0xffc0'80fd

  Maximum call chain                            *?* 268  bytes
    (** call graph contains recursive functions (example: "_xTaskResumeAll") **)

    "_vSuicidalTask" in death.o [1]                  16
    "_vTaskDelete"                                   16
    "_vPortFree"                                     12
    "_xTaskResumeAll"                                16
    "_xTaskIncrementTick"                            20
    "_vApplicationTickHook"                           4
    "_vFullDemoTickHook"                              0

Uncalled function
  "_vContinuousIncrementTask" in dynamic.o [1]: 0xffc0'4ab0

  Maximum call chain                               48  bytes

    "_vContinuousIncrementTask" in dynamic.o [1]
                                                   16
    "_vTaskPrioritySet"                            20
    "_vAssertCalled"                                8
    "_vTaskEnterCritical"                           4

Uncalled function
  "_vCounterControlTask" in dynamic.o [1]: 0xffc0'4af8

  Maximum call chain                            *?* 264  bytes
    (** call graph contains recursive functions (example: "_xTaskResumeAll") **)

    "_vCounterControlTask" in dynamic.o [1]          24
    "_vTaskDelay"                                    16
    "_xTaskResumeAll"                                16
    "_xTaskIncrementTick"                            20
    "_vApplicationTickHook"                           4
    "_vFullDemoTickHook"                              0

Uncalled function
  "_vLimitedIncrementTask" in dynamic.o [1]: 0xffc0'4a92

  Maximum call chain                               56  bytes

    "_vLimitedIncrementTask" in dynamic.o [1]       8
    "_vTaskSuspend"                                16
    "_vTaskSwitchContext"                          20
    "_vApplicationStackOverflowHook"                8
    "_vTaskEnterCritical"                           4

Uncalled function
  "_vQueueReceiveWhenSuspendedTask" in dynamic.o [1]: 0xffc0'4be8

  Maximum call chain                            *?* 284  bytes
    (** call graph contains recursive functions (example: "_xTaskResumeAll") **)

    "_vQueueReceiveWhenSuspendedTask" in dynamic.o [1]
                                                     20
    "_xQueueReceive"                                 40
    "_xTaskResumeAll"                                16
    "_xTaskIncrementTick"                            20
    "_vApplicationTickHook"                           4
    "_vFullDemoTickHook"                              0

Uncalled function
  "_vQueueSendWhenSuspendedTask" in dynamic.o [1]: 0xffc0'4ba8

  Maximum call chain                            *?* 252  bytes
    (** call graph contains recursive functions (example: "_xTaskResumeAll") **)

    "_vQueueSendWhenSuspendedTask" in dynamic.o [1]
                                                     12
    "_vTaskDelay"                                    16
    "_xTaskResumeAll"                                16
    "_xTaskIncrementTick"                            20
    "_vApplicationTickHook"                           4
    "_vFullDemoTickHook"                              0

Uncalled function
  "_vEventGroupClearBitsCallback": 0xffc0'85a4

  Maximum call chain                               24  bytes

    "_vEventGroupClearBitsCallback"                12
    "_vAssertCalled"                                8
    "_vTaskEnterCritical"                           4

Uncalled function
  "_vEventGroupSetBitsCallback": 0xffc0'85a1

  Maximum call chain                            *?* 244  bytes
    (** call graph contains recursive functions (example: "_xTaskResumeAll") **)

    "_vEventGroupSetBitsCallback"                     4
    "_xEventGroupSetBits"                            16
    "_xTaskResumeAll"                                16
    "_xTaskIncrementTick"                            20
    "_vApplicationTickHook"                           4
    "_vFullDemoTickHook"                              0

Uncalled function
  "_prvSyncTask" in EventGroupsDemo.o [1]: 0xffc0'7049

  Maximum call chain                            *?* 284  bytes
    (** call graph contains recursive functions (example: "_xTaskResumeAll") **)

    "_prvSyncTask" in EventGroupsDemo.o [1]          20
    "_xEventGroupSync"                               24
    "_xEventGroupSetBits"                            16
    "_xTaskResumeAll"                                16
    "_xTaskIncrementTick"                            20
    "_vApplicationTickHook"                           4
    "_vFullDemoTickHook"                              0

Uncalled function
  "_prvTestMasterTask" in EventGroupsDemo.o [1]: 0xffc0'6cc0

  Maximum call chain                            *?* 288  bytes
    (** call graph contains recursive functions (example: "_xTaskResumeAll") **)

    "_prvTestMasterTask" in EventGroupsDemo.o [1]
                                                     24
    "_xEventGroupSync"                               24
    "_xEventGroupSetBits"                            16
    "_xTaskResumeAll"                                16
    "_xTaskIncrementTick"                            20
    "_vApplicationTickHook"                           4
    "_vFullDemoTickHook"                              0

Uncalled function
  "_prvTestSlaveTask" in EventGroupsDemo.o [1]: 0xffc0'7100

  Maximum call chain                            *?* 280  bytes
    (** call graph contains recursive functions (example: "_xTaskResumeAll") **)

    "_prvTestSlaveTask" in EventGroupsDemo.o [1]
                                                     16
    "_xEventGroupSync"                               24
    "_xEventGroupSetBits"                            16
    "_xTaskResumeAll"                                16
    "_xTaskIncrementTick"                            20
    "_vApplicationTickHook"                           4
    "_vFullDemoTickHook"                              0

Uncalled function
  "_vCompetingMathTask1" in flop.o [1]: 0xffc0'5d3d

  Maximum call chain                               76  bytes

    "_vCompetingMathTask1" in flop.o [1]           72
    "_vPortTaskUsesDPFPU"                           4

Uncalled function
  "_vCompetingMathTask2" in flop.o [1]: 0xffc0'5e14

  Maximum call chain                               76  bytes

    "_vCompetingMathTask2" in flop.o [1]           72
    "_vPortTaskUsesDPFPU"                           4

Uncalled function
  "_vCompetingMathTask3" in flop.o [1]: 0xffc0'5ef0

  Maximum call chain                            *?* 312  bytes
    (** call graph contains recursive functions (example: "_xTaskResumeAll") **)

    "_vCompetingMathTask3" in flop.o [1]             64
    "_pvPortMalloc"                                  24
    "_xTaskResumeAll"                                16
    "_xTaskIncrementTick"                            20
    "_vApplicationTickHook"                           4
    "_vFullDemoTickHook"                              0

Uncalled function
  "_vCompetingMathTask4" in flop.o [1]: 0xffc0'5ff0

  Maximum call chain                            *?* 312  bytes
    (** call graph contains recursive functions (example: "_xTaskResumeAll") **)

    "_vCompetingMathTask4" in flop.o [1]             64
    "_pvPortMalloc"                                  24
    "_xTaskResumeAll"                                16
    "_xTaskIncrementTick"                            20
    "_vApplicationTickHook"                           4
    "_vFullDemoTickHook"                              0

Uncalled function
  "_prvHelpCommand" in FreeRTOS_CLI.o [1]: 0xffc0'87e2

  Maximum call chain                                4  bytes

    "_prvHelpCommand" in FreeRTOS_CLI.o [1]         4

Uncalled function
  "_prvHighPriorityMutexTask" in GenQTest.o [1]: 0xffc0'5882

  Maximum call chain                            *?* 280  bytes
    (** call graph contains recursive functions (example: "_xTaskResumeAll") **)

    "_prvHighPriorityMutexTask" in GenQTest.o [1]
                                                     12
    "_xQueueSemaphoreTake"                           44
    "_xTaskResumeAll"                                16
    "_xTaskIncrementTick"                            20
    "_vApplicationTickHook"                           4
    "_vFullDemoTickHook"                              0

Uncalled function
  "_prvLowPriorityMutexTask" in GenQTest.o [1]: 0xffc0'56dc

  Maximum call chain                            *?* 296  bytes
    (** call graph contains recursive functions (example: "_xTaskResumeAll") **)

    "_prvLowPriorityMutexTask" in GenQTest.o [1]
                                                     20
    "_xQueueCreateMutex"                             28
    "_pvPortMalloc"                                  24
    "_xTaskResumeAll"                                16
    "_xTaskIncrementTick"                            20
    "_vApplicationTickHook"                           4
    "_vFullDemoTickHook"                              0

Uncalled function
  "_prvMediumPriorityMutexTask" in GenQTest.o [1]: 0xffc0'586d

  Maximum call chain                               56  bytes

    "_prvMediumPriorityMutexTask" in GenQTest.o [1]
                                                    8
    "_vTaskSuspend"                                16
    "_vTaskSwitchContext"                          20
    "_vApplicationStackOverflowHook"                8
    "_vTaskEnterCritical"                           4

Uncalled function
  "_prvSendFrontAndBackTest" in GenQTest.o [1]: 0xffc0'54b8

  Maximum call chain                            *?* 288  bytes
    (** call graph contains recursive functions (example: "_xTaskResumeAll") **)

    "_prvSendFrontAndBackTest" in GenQTest.o [1]
                                                     24
    "_xQueuePeek"                                    40
    "_xTaskResumeAll"                                16
    "_xTaskIncrementTick"                            20
    "_vApplicationTickHook"                           4
    "_vFullDemoTickHook"                              0

Uncalled function
  "_prv1stHigherPriorityNormallyFullTask" in IntQueue.o [1]: 0xffc0'42a0

  Maximum call chain                            *?* 260  bytes
    (** call graph contains recursive functions (example: "_xTaskResumeAll") **)

    "_prv1stHigherPriorityNormallyFullTask" in IntQueue.o [1]
                                                     20
    "_vTaskDelay"                                    16
    "_xTaskResumeAll"                                16
    "_xTaskIncrementTick"                            20
    "_vApplicationTickHook"                           4
    "_vFullDemoTickHook"                              0

Uncalled function
  "_prv2ndHigherPriorityNormallyFullTask" in IntQueue.o [1]: 0xffc0'4445

  Maximum call chain                            *?* 236  bytes
    (** call graph contains recursive functions (example: "_xTaskResumeAll") **)

    "_prv2ndHigherPriorityNormallyFullTask" in IntQueue.o [1]
                                                     16
    "_xQueueGenericSend"                              0

Uncalled function
  "_prvHigherPriorityNormallyEmptyTask" in IntQueue.o [1]: 0xffc0'40a8

  Maximum call chain                            *?* 292  bytes
    (** call graph contains recursive functions (example: "_xTaskResumeAll") **)

    "_prvHigherPriorityNormallyEmptyTask" in IntQueue.o [1]
                                                     28
    "_xQueueReceive"                                 40
    "_xTaskResumeAll"                                16
    "_xTaskIncrementTick"                            20
    "_vApplicationTickHook"                           4
    "_vFullDemoTickHook"                              0

Uncalled function
  "_prvLowerPriorityNormallyEmptyTask" in IntQueue.o [1]: 0xffc0'420a

  Maximum call chain                            *?* 284  bytes
    (** call graph contains recursive functions (example: "_xTaskResumeAll") **)

    "_prvLowerPriorityNormallyEmptyTask" in IntQueue.o [1]
                                                     20
    "_xQueueReceive"                                 40
    "_xTaskResumeAll"                                16
    "_xTaskIncrementTick"                            20
    "_vApplicationTickHook"                           4
    "_vFullDemoTickHook"                              0

Uncalled function
  "_prvLowerPriorityNormallyFullTask" in IntQueue.o [1]: 0xffc0'4538

  Maximum call chain                            *?* 284  bytes
    (** call graph contains recursive functions (example: "_xTaskResumeAll") **)

    "_prvLowerPriorityNormallyFullTask" in IntQueue.o [1]
                                                     20
    "_xQueueReceive"                                 40
    "_xTaskResumeAll"                                16
    "_xTaskIncrementTick"                            20
    "_vApplicationTickHook"                           4
    "_vFullDemoTickHook"                              0

Uncalled function
  "_vInterruptCountingSemaphoreTask" in IntSemTest.o [1]: 0xffc0'7cea

  Maximum call chain                            *?* 280  bytes
    (** call graph contains recursive functions (example: "_xTaskResumeAll") **)

    "_vInterruptCountingSemaphoreTask" in IntSemTest.o [1]
                                                     12
    "_xQueueSemaphoreTake"                           44
    "_xTaskResumeAll"                                16
    "_xTaskIncrementTick"                            20
    "_vApplicationTickHook"                           4
    "_vFullDemoTickHook"                              0

Uncalled function
  "_vInterruptMutexMasterTask" in IntSemTest.o [1]: 0xffc0'7b08

  Maximum call chain                            *?* 280  bytes
    (** call graph contains recursive functions (example: "_xTaskResumeAll") **)

    "_vInterruptMutexMasterTask" in IntSemTest.o [1]
                                                     12
    "_xQueueSemaphoreTake"                           44
    "_xTaskResumeAll"                                16
    "_xTaskIncrementTick"                            20
    "_vApplicationTickHook"                           4
    "_vFullDemoTickHook"                              0

Uncalled function
  "_vInterruptMutexSlaveTask" in IntSemTest.o [1]: 0xffc0'7cb8

  Maximum call chain                            *?* 276  bytes
    (** call graph contains recursive functions (example: "_xTaskResumeAll") **)

    "_vInterruptMutexSlaveTask" in IntSemTest.o [1]
                                                      8
    "_xQueueSemaphoreTake"                           44
    "_xTaskResumeAll"                                16
    "_xTaskIncrementTick"                            20
    "_vApplicationTickHook"                           4
    "_vFullDemoTickHook"                              0

Uncalled function
  "_prvCheckTask" in main_full.o [1]: 0xffc0'2b98

  Maximum call chain                            *?* 264  bytes
    (** call graph contains recursive functions (example: "_xTaskResumeAll") **)

    "_prvCheckTask" in main_full.o [1]               20
    "_vTaskDelayUntil"                               20
    "_xTaskResumeAll"                                16
    "_xTaskIncrementTick"                            20
    "_vApplicationTickHook"                           4
    "_vFullDemoTickHook"                              0

Uncalled function
  "_prvPseudoRandomiser" in main_full.o [1]: 0xffc0'2c86

  Maximum call chain                            *?* 256  bytes
    (** call graph contains recursive functions (example: "_xTaskResumeAll") **)

    "_prvPseudoRandomiser" in main_full.o [1]        16
    "_vTaskDelay"                                    16
    "_xTaskResumeAll"                                16
    "_xTaskIncrementTick"                            20
    "_vApplicationTickHook"                           4
    "_vFullDemoTickHook"                              0

Uncalled function
  "_prvRegTest1Task" in main_full.o [1]: 0xffc0'2e84

  Maximum call chain                                8  bytes

    "_prvRegTest1Task" in main_full.o [1]           4
    "_prvRegTest1Implementation" in main_full.o [1]
                                                    4

Uncalled function
  "_prvRegTest2Task" in main_full.o [1]: 0xffc0'305a

  Maximum call chain                                8  bytes

    "_prvRegTest2Task" in main_full.o [1]           4
    "_prvRegTest2Implementation" in main_full.o [1]
                                                    4

Uncalled function
  "_prvQueueOverwriteTask" in QueueOverwrite.o [1]: 0xffc0'6af0

  Maximum call chain                            *?* 288  bytes
    (** call graph contains recursive functions (example: "_xTaskResumeAll") **)

    "_prvQueueOverwriteTask" in QueueOverwrite.o [1]
                                                     20
    "_xQueueGenericCreate"                           20
    "_pvPortMalloc"                                  24
    "_xTaskResumeAll"                                16
    "_xTaskIncrementTick"                            20
    "_vApplicationTickHook"                           4
    "_vFullDemoTickHook"                              0

Uncalled function
  "_bsp_swint_dummy_task" in r_bsp_software_interrupt.o [1]: 0xffc0'a7a8

  Maximum call chain                                4  bytes

    "_bsp_swint_dummy_task" in r_bsp_software_interrupt.o [1]
                                                    4

Uncalled function
  "_r_undefined_exception": 0xffc0'bbda

  Maximum call chain                                4  bytes

    "_r_undefined_exception"                        4

Uncalled function
  "_sci2_eri2_isr": 0xffc0'984f

  Maximum call chain                            *?* 16  bytes
    (** call graph contains indirect calls (example: "_eri_handler") **)

    "_sci2_eri2_isr"                                 4
    "_eri_handler"                                  12

Uncalled function
  "_sci2_tei2_isr": 0xffc0'9817

  Maximum call chain                            *?* 16  bytes
    (** call graph contains indirect calls (example: "_tei_handler") **)

    "_sci2_tei2_isr"                                 4
    "_tei_handler"                                  12

Uncalled function
  "_sci9_eri9_isr": 0xffc0'9858

  Maximum call chain                            *?* 16  bytes
    (** call graph contains indirect calls (example: "_eri_handler") **)

    "_sci9_eri9_isr"                                 4
    "_eri_handler"                                  12

Uncalled function
  "_sci9_tei9_isr": 0xffc0'9820

  Maximum call chain                            *?* 16  bytes
    (** call graph contains indirect calls (example: "_tei_handler") **)

    "_sci9_tei9_isr"                                 4
    "_tei_handler"                                  12

Uncalled function
  "_prvRecursiveMutexBlockingTask" in recmutex.o [1]: 0xffc0'59c8

  Maximum call chain                            *?* 292  bytes
    (** call graph contains recursive functions (example: "_xTaskResumeAll") **)

    "_prvRecursiveMutexBlockingTask" in recmutex.o [1]
                                                     12
    "_xQueueTakeMutexRecursive"                      12
    "_xQueueSemaphoreTake"                           44
    "_xTaskResumeAll"                                16
    "_xTaskIncrementTick"                            20
    "_vApplicationTickHook"                           4
    "_vFullDemoTickHook"                              0

Uncalled function
  "_prvRecursiveMutexControllingTask" in recmutex.o [1]: 0xffc0'5958

  Maximum call chain                            *?* 296  bytes
    (** call graph contains recursive functions (example: "_xTaskResumeAll") **)

    "_prvRecursiveMutexControllingTask" in recmutex.o [1]
                                                     16
    "_xQueueTakeMutexRecursive"                      12
    "_xQueueSemaphoreTake"                           44
    "_xTaskResumeAll"                                16
    "_xTaskIncrementTick"                            20
    "_vApplicationTickHook"                           4
    "_vFullDemoTickHook"                              0

Uncalled function
  "_prvRecursiveMutexPollingTask" in recmutex.o [1]: 0xffc0'5a20

  Maximum call chain                            *?* 292  bytes
    (** call graph contains recursive functions (example: "_xTaskResumeAll") **)

    "_prvRecursiveMutexPollingTask" in recmutex.o [1]
                                                     12
    "_xQueueTakeMutexRecursive"                      12
    "_xQueueSemaphoreTake"                           44
    "_xTaskResumeAll"                                16
    "_xTaskIncrementTick"                            20
    "_vApplicationTickHook"                           4
    "_vFullDemoTickHook"                              0

Uncalled function
  "_prvParameterEchoCommand" in Sample-CLI-commands.o [1]: 0xffc0'805d

  Maximum call chain                              116  bytes

    "_prvParameterEchoCommand" in Sample-CLI-commands.o [1]
                                                   32
    "_sprintf"                                     20
    "__PrintfTiny"                                 44
    "_out" in xprintftiny.o [3]                    16
    "__SProut"                                      4

Uncalled function
  "_prvQueryHeapCommand" in Sample-CLI-commands.o [1]: 0xffc0'7fb2

  Maximum call chain                              108  bytes

    "_prvQueryHeapCommand" in Sample-CLI-commands.o [1]
                                                   24
    "_sprintf"                                     20
    "__PrintfTiny"                                 44
    "_out" in xprintftiny.o [3]                    16
    "__SProut"                                      4

Uncalled function
  "_prvTaskStatsCommand" in Sample-CLI-commands.o [1]: 0xffc0'7f63

  Maximum call chain                            *?* 328  bytes
    (** call graph contains recursive functions (example: "_xTaskResumeAll") **)

    "_prvTaskStatsCommand" in Sample-CLI-commands.o [1]
                                                      8
    "_vTaskList"                                     48
    "_uxTaskGetSystemState"                          48
    "_xTaskResumeAll"                                16
    "_xTaskIncrementTick"                            20
    "_vApplicationTickHook"                           4
    "_vFullDemoTickHook"                              0

Uncalled function
  "_prvThreeParameterEchoCommand" in Sample-CLI-commands.o [1]: 0xffc0'7fdc

  Maximum call chain                              116  bytes

    "_prvThreeParameterEchoCommand" in Sample-CLI-commands.o [1]
                                                   32
    "_sprintf"                                     20
    "__PrintfTiny"                                 44
    "_out" in xprintftiny.o [3]                    16
    "__SProut"                                      4

Uncalled function
  "_prvSemaphoreTest" in semtest.o [1]: 0xffc0'5bda

  Maximum call chain                            *?* 292  bytes
    (** call graph contains recursive functions (example: "_xTaskResumeAll") **)

    "_prvSemaphoreTest" in semtest.o [1]             24
    "_xQueueSemaphoreTake"                           44
    "_xTaskResumeAll"                                16
    "_xTaskIncrementTick"                            20
    "_vApplicationTickHook"                           4
    "_vFullDemoTickHook"                              0

Uncalled function
  "_vSerialSciCallback": 0xffc0'8806

  Maximum call chain                              116  bytes

    "_vSerialSciCallback"                          16
    "_xQueueGenericSendFromISR"                    32
    "_prvNotifyQueueSetContainer" in queue.o [1]
                                                   40
    "_xTaskPriorityDisinherit"                     16
    "_vAssertCalled"                                8
    "_vTaskEnterCritical"                           4

Uncalled function
  "_prvNotifiedTask" in TaskNotify.o [1]: 0xffc0'7350

  Maximum call chain                            *?* 336  bytes
    (** call graph contains recursive functions (example: "_xTaskResumeAll") **)

    "_prvNotifiedTask" in TaskNotify.o [1]           28
    "_xTimerCreate"                                  28
    "_prvCheckForValidListAndQueue" in timers.o [1]
                                                     12
    "_xQueueGenericCreate"                           20
    "_pvPortMalloc"                                  24
    "_xTaskResumeAll"                                16
    "_xTaskIncrementTick"                            20
    "_vApplicationTickHook"                           4
    "_vFullDemoTickHook"                              0

Uncalled function
  "_prvNotifyingTimer" in TaskNotify.o [1]: 0xffc0'7327

  Maximum call chain                               52  bytes

    "_prvNotifyingTimer" in TaskNotify.o [1]       12
    "_xTaskGenericNotify"                          28
    "_vAssertCalled"                                8
    "_vTaskEnterCritical"                           4

Uncalled function
  "_prvRand" in TaskNotify.o [1]: 0xffc0'7a5c

  Maximum call chain                                4  bytes

    "_prvRand" in TaskNotify.o [1]                  4

Uncalled function
  "_prvSuspendedTaskTimerTestCallback" in TaskNotify.o [1]: 0xffc0'72d7

  Maximum call chain                               60  bytes

    "_prvSuspendedTaskTimerTestCallback" in TaskNotify.o [1]
                                                   12
    "_vTaskSuspend"                                16
    "_vTaskSwitchContext"                          20
    "_vApplicationStackOverflowHook"                8
    "_vTaskEnterCritical"                           4

Uncalled function
  "_prvIdleTask" in tasks.o [1]: 0xffc0'1848

  Maximum call chain                            *?* 256  bytes
    (** call graph contains recursive functions (example: "_xTaskResumeAll") **)

    "_prvIdleTask" in tasks.o [1]                    20
    "_vPortFree"                                     12
    "_xTaskResumeAll"                                16
    "_xTaskIncrementTick"                            20
    "_vApplicationTickHook"                           4
    "_vFullDemoTickHook"                              0

Uncalled function
  "_prvAutoReloadTimerCallback" in TimerDemo.o [1]: 0xffc0'6a44

  Maximum call chain                               24  bytes

    "_prvAutoReloadTimerCallback" in TimerDemo.o [1]
                                                    4
    "_pvTimerGetTimerID"                            8
    "_vAssertCalled"                                8
    "_vTaskEnterCritical"                           4

Uncalled function
  "_prvISRAutoReloadTimerCallback" in TimerDemo.o [1]: 0xffc0'6a9f

  Maximum call chain                                4  bytes

    "_prvISRAutoReloadTimerCallback" in TimerDemo.o [1]
                                                    4

Uncalled function
  "_prvISROneShotTimerCallback" in TimerDemo.o [1]: 0xffc0'6aab

  Maximum call chain                                4  bytes

    "_prvISROneShotTimerCallback" in TimerDemo.o [1]
                                                    4

Uncalled function
  "_prvOneShotTimerCallback" in TimerDemo.o [1]: 0xffc0'6a6c

  Maximum call chain                               40  bytes

    "_prvOneShotTimerCallback" in TimerDemo.o [1]
                                                   16
    "_vTimerSetTimerID"                            12
    "_vAssertCalled"                                8
    "_vTaskEnterCritical"                           4

Uncalled function
  "_prvTimerTestTask" in TimerDemo.o [1]: 0xffc0'6288

  Maximum call chain                            *?* 340  bytes
    (** call graph contains recursive functions (example: "_xTaskResumeAll") **)

    "_prvTimerTestTask" in TimerDemo.o [1]           32
    "_xTimerCreate"                                  28
    "_prvCheckForValidListAndQueue" in timers.o [1]
                                                     12
    "_xQueueGenericCreate"                           20
    "_pvPortMalloc"                                  24
    "_xTaskResumeAll"                                16
    "_xTaskIncrementTick"                            20
    "_vApplicationTickHook"                           4
    "_vFullDemoTickHook"                              0

Uncalled function
  "_prvTimerTask" in timers.o [1]: 0xffc0'27e8

  Maximum call chain                            *?* 324  bytes
    (** call graph contains recursive functions (example: "_xTaskResumeAll")
                            indirect calls (example: "_prvTimerTask" in timers.o [1]) **)

    "_prvTimerTask" in timers.o [1]                  60
    "_prvSampleTimeNow" in timers.o [1]              44
    "_xQueueGenericSend"                              0

Uncalled function
  "_prvUARTCommandConsoleTask" in UARTCommandConsole.o [1]: 0xffc0'7e30

  Maximum call chain                            *?* 316  bytes
    (** call graph contains recursive functions (example: "_xTaskResumeAll")
                            indirect calls (example: "_FreeRTOS_CLIProcessCommand") **)

    "_prvUARTCommandConsoleTask" in UARTCommandConsole.o [1]
                                                     36
    "_xSerialPortInitMinimal"                        12
    "_xQueueGenericCreate"                           20
    "_pvPortMalloc"                                  24
    "_xTaskResumeAll"                                16
    "_xTaskIncrementTick"                            20
    "_vApplicationTickHook"                           4
    "_vFullDemoTickHook"                              0

Uncalled function
  "__iar_div64u": 0xffc0'b936

  Maximum call chain                               20  bytes

    "__iar_div64u"                                 20

The following functions make up recursion nest 0, which has no maximum recursion depth specified:

  "_vApplicationTickHook": 0xffc0'2575
  "_vFullDemoTickHook": 0xffc0'2cca
  "_vTimerPeriodicISRTests": 0xffc0'67ea
  "_xQueueGenericSend": 0xffc0'3728
  "_xTaskIncrementTick": 0xffc0'14c0
  "_xTaskResumeAll": 0xffc0'1050
  "_xTimerGenericCommand": 0xffc0'268f

The following functions make up recursion nest 1, which has no maximum recursion depth specified:

  "_R_BSP_SoftwareInterruptControl": 0xffc0'a487

The following functions perform unknown indirect calls:

  "_FreeRTOS_CLIProcessCommand": 0xffc0'8634
  "_R_BSP_InterruptControl": 0xffc0'9a55
  "___NMI_handler": 0xffc0'9ee0
  "___interrupt_26": 0xffc0'a7aa
  "___undefined_interrupt_source_handler": 0xffc0'a0ac
  "_bus_error_isr": 0xffc0'a0dd
  "_eri_handler": 0xffc0'8d10
  "_prvSampleTimeNow" in timers.o [1]: 0xffc0'2740
  "_prvTimerTask" in timers.o [1]: 0xffc0'27e8
  "_rxi_handler": 0xffc0'8cc8
  "_tei_handler": 0xffc0'8c99


*******************************************************************************
*** MODULE SUMMARY
***

    Module                      ro code  ro data  rw data
    ------                      -------  -------  -------
command line/config:
    -----------------------------------------------------
    Total:

C:\Renesas\GitHubDesktop\work\FreeRTOS\FreeRTOS\Demo\RX700_RX72N_EnvisionKit_IAR_e2studio_EWRX\Debug\Obj: [1]
    BlockQ.o                        577       48       24
    EventGroupsDemo.o             1'652       16       48
    FIT_patch.o                       5
    FreeRTOS_CLI.o                  526      243    3'520
    GenQTest.o                    1'214       24       36
    IntQueue.o                    2'574       52      484
    IntQueueTimer.o                 285
    IntSemTest.o                    891       21       48
    QueueOverwrite.o                370       10       16
    Sample-CLI-commands.o           410      671        8
    TaskNotify.o                  1'995       43       44
    TimerDemo.o                   2'431       56       78
    UARTCommandConsole.o            327      144      104
    blocktim.o                      981       14       32
    countsem.o                      404       10       36
    death.o                         247       26       12
    dynamic.o                       630       39       40
    event_groups.o                  768
    flop.o                        1'132       24        8
    freertos_start.o                217
    heap_4.o                        573            61'472
    hwsetup.o                       129
    list.o                          174
    main_full.o                   1'465       26       16
    mcu_clocks.o                    715       12
    mcu_init.o                      156
    mcu_interrupts.o              2'340
    mcu_locks.o                                       528
    mcu_mapped_interrupts.o         453
    port.o                          433                 4
    queue.o                       3'590
    r_bsp_common.o                  219
    r_bsp_cpu.o                     360       22        8
    r_bsp_interrupts.o            1'861       14      432
    r_bsp_locking.o                  50
    r_bsp_software_interrupt.o      997       26      116
    r_byteq.o                       317               385
    r_cg_hardware_setup.o           165                20
    r_dtc_rx.o                    1'176       24        9
    r_dtc_rx_target.o                49      204
    r_gpio_rx.o                      68
    r_rx_intrinsic_functions.o        8
    r_sci_rx.o                    1'239               320
[...]
                        0xffc0'17cb     0xe  Code  Gb  tasks.o [1]
_vTaskList              0xffc0'1a60    0xc6  Code  Gb  tasks.o [1]
_vTaskMissedYield       0xffc0'1837     0xa  Code  Gb  tasks.o [1]
_vTaskPlaceOnEventList  0xffc0'15b7    0x68  Code  Gb  tasks.o [1]
_vTaskPlaceOnEventListRestricted
                        0xffc0'1699    0x77  Code  Gb  tasks.o [1]
_vTaskPlaceOnUnorderedEventList
                        0xffc0'161f    0x7a  Code  Gb  tasks.o [1]
_vTaskPriorityDisinheritAfterTimeout
                        0xffc0'19e3    0x75  Code  Gb  tasks.o [1]
_vTaskPrioritySet       0xffc0'0c15    0x9e  Code  Gb  tasks.o [1]
_vTaskRemoveFromUnorderedEventList
                        0xffc0'1771    0x5a  Code  Gb  tasks.o [1]
_vTaskResume            0xffc0'0e0e    0x67  Code  Gb  tasks.o [1]
_vTaskStartScheduler    0xffc0'0e75   0x1cc  Code  Gb  tasks.o [1]
_vTaskSuspend           0xffc0'0d47    0x9c  Code  Gb  tasks.o [1]
_vTaskSuspendAll        0xffc0'1041     0xc  Code  Gb  tasks.o [1]
_vTaskSwitchContext     0xffc0'0cb3    0x94  Code  Gb  tasks.o [1]
_vTickISR               0xffc0'24cf    0x28  Code  Gb  port.o [1]
_vTimerPeriodicISRTests
                        0xffc0'67ea   0x25a  Code  Gb  TimerDemo.o [1]
_vTimerSetReloadMode    0xffc0'26f3    0x1d  Code  Gb  timers.o [1]
_vTimerSetTimerID       0xffc0'2a2e    0x19  Code  Gb  timers.o [1]
_vUARTCommandConsoleStart
                        0xffc0'7df8    0x37  Code  Gb  UARTCommandConsole.o [1]
_vector_table           0xffc0'b190   0x400  Data  Gb  interrupt_table.o [3]
_xActiveTimerList1         0x1'08f0    0x14  Data  Lc  timers.o [1]
_xActiveTimerList2         0x1'0904    0x14  Data  Lc  timers.o [1]
_xAreBlockTimeTestTasksStillRunning
                        0xffc0'5261    0x2c  Code  Gb  blocktim.o [1]
_xAreBlockingQueuesStillRunning
                        0xffc0'4e31    0x78  Code  Gb  BlockQ.o [1]
_xAreCountingSemaphoreTasksStillRunning
                        0xffc0'53f2    0x32  Code  Gb  countsem.o [1]
_xAreDynamicPriorityTasksStillRunning
                        0xffc0'4c34    0x32  Code  Gb  dynamic.o [1]
_xAreEventGroupTasksStillRunning
                        0xffc0'7272    0x32  Code  Gb  EventGroupsDemo.o [1]
_xAreGenericQueueTasksStillRunning
                        0xffc0'58bd    0x29  Code  Gb  GenQTest.o [1]
_xAreIntQueueTasksStillRunning
                        0xffc0'499c    0x52  Code  Gb  IntQueue.o [1]
_xAreInterruptSemaphoreTasksStillRunning
                        0xffc0'7dc5    0x2e  Code  Gb  IntSemTest.o [1]
_xAreMathsTaskStillRunning
                        0xffc0'6100    0x34  Code  Gb  flop.o [1]
_xAreRecursiveMutexTasksStillRunning
                        0xffc0'5ac9    0x3a  Code  Gb  recmutex.o [1]
_xAreSemaphoreTasksStillRunning
                        0xffc0'5c81    0x47  Code  Gb  semtest.o [1]
_xAreTaskNotificationTasksStillRunning
                        0xffc0'7a34    0x28  Code  Gb  TaskNotify.o [1]
_xAreTimerDemoTasksStillRunning
                        0xffc0'67af    0x3b  Code  Gb  TimerDemo.o [1]
_xAutoReloadTimers         0x1'09e4    0x18  Data  Lc  TimerDemo.o [1]
_xBasePeriod                   0x84     0x4  Data  Lc  TimerDemo.o [1]
_xBlockAllocatedBit        0x1'09c8     0x4  Data  Lc  heap_4.o [1]
_xBlockWasAborted          0x1'0978     0x4  Data  Lc  GenQTest.o [1]
_xBlockingIsSuspended      0x1'094c     0x4  Data  Lc  recmutex.o [1]
_xBlockingTaskHandle       0x1'0a60     0x4  Data  Lc  recmutex.o [1]
_xContinuousIncrementHandle
                           0x1'0a10     0x4  Data  Lc  dynamic.o [1]
_xControllingIsSuspended
                           0x1'0948     0x4  Data  Lc  recmutex.o [1]
_xControllingTaskHandle
                           0x1'0a5c     0x4  Data  Lc  recmutex.o [1]
_xCreatedTask              0x1'0ad0     0x4  Data  Gb  death.o [1]
_xDelayedTaskList1         0x1'06bc    0x14  Data  Lc  tasks.o [1]
_xDelayedTaskList2         0x1'06d0    0x14  Data  Lc  tasks.o [1]
_xErrorDetected            0x1'0a4c     0x4  Data  Lc  countsem.o [1]
_xErrorDetected            0x1'0968     0x4  Data  Lc  GenQTest.o [1]
_xErrorDetected            0x1'0918     0x4  Data  Lc  IntSemTest.o [1]
_xErrorLine                    0x18     0x4  Data  Lc  IntQueue.o [1]
_xErrorOccurred            0x1'0a04     0x4  Data  Lc  blocktim.o [1]
_xErrorOccurred            0x1'0944     0x4  Data  Lc  recmutex.o [1]
_xErrorStatus                  0x14     0x4  Data  Lc  IntQueue.o [1]
_xErrorStatus                  0x40     0x4  Data  Lc  TaskNotify.o [1]
_xEventGroup               0x1'0894     0x4  Data  Lc  EventGroupsDemo.o [1]
_xEventGroupClearBits   0xffc0'8503    0x30  Code  Gb  event_groups.o [1]
_xEventGroupClearBitsFromISR
                        0xffc0'8533    0x10  Code  Gb  event_groups.o [1]
_xEventGroupCreate      0xffc0'82f4    0x1d  Code  Gb  event_groups.o [1]
_xEventGroupGetBitsFromISR
                        0xffc0'8543    0x2a  Code  Gb  event_groups.o [1]
_xEventGroupSetBits     0xffc0'8311    0x73  Code  Gb  event_groups.o [1]
_xEventGroupSetBitsFromISR
                        0xffc0'85e4    0x10  Code  Gb  event_groups.o [1]
_xEventGroupSync        0xffc0'8384    0xb1  Code  Gb  event_groups.o [1]
_xEventGroupWaitBits    0xffc0'8435    0xce  Code  Gb  event_groups.o [1]
_xFirstTimerHandler     0xffc0'45c5   0x191  Code  Gb  IntQueue.o [1]
_xFreeBytesRemaining       0x1'09b8     0x4  Data  Lc  heap_4.o [1]
_xHelpCommand           0xffc0'0598    0x10  Data  Lc  FreeRTOS_CLI.o [1]
_xHighPriorityMutexTask
                           0x1'0a78     0x4  Data  Lc  GenQTest.o [1]
_xHighPriorityNormallyEmptyTask1
                           0x1'09d4     0x4  Data  Gb  IntQueue.o [1]
_xHighPriorityNormallyEmptyTask2
                           0x1'09d8     0x4  Data  Gb  IntQueue.o [1]
_xHighPriorityNormallyFullTask1
                           0x1'09dc     0x4  Data  Gb  IntQueue.o [1]
_xHighPriorityNormallyFullTask2
                           0x1'09e0     0x4  Data  Gb  IntQueue.o [1]
_xISRAutoReloadTimer           0x7c     0x4  Data  Lc  TimerDemo.o [1]
_xISRCountingSemaphore     0x1'0928     0x4  Data  Lc  IntSemTest.o [1]
_xISREventGroup            0x1'0898     0x4  Data  Lc  EventGroupsDemo.o [1]
_xISRMutex                 0x1'0924     0x4  Data  Lc  IntSemTest.o [1]
_xISROneShotTimer              0x80     0x4  Data  Lc  TimerDemo.o [1]
_xISRQueue                     0xf0     0x4  Data  Lc  QueueOverwrite.o [1]
_xISRTestStatus                0xec     0x4  Data  Lc  QueueOverwrite.o [1]
_xIsCreateTaskStillRunning
                        0xffc0'81a7    0x30  Code  Gb  death.o [1]
_xIsQueueOverwriteTaskStillRunning
                        0xffc0'6b99    0x18  Code  Gb  QueueOverwrite.o [1]
_xLimitedIncrementHandle
                           0x1'0a14     0x4  Data  Lc  dynamic.o [1]
_xMasterSlaveMutex         0x1'092c     0x4  Data  Lc  IntSemTest.o [1]
_xMediumPriorityMutexTask
                           0x1'0a7c     0x4  Data  Lc  GenQTest.o [1]
_xMinimumEverFreeBytesRemaining
                           0x1'09bc     0x4  Data  Lc  heap_4.o [1]
_xMutex                    0x1'0a58     0x4  Data  Lc  recmutex.o [1]
_xNextTaskUnblockTime      0x1'08e0     0x4  Data  Lc  tasks.o [1]
_xNormallyEmptyQueue       0x1'09cc     0x4  Data  Lc  IntQueue.o [1]
_xNormallyFullQueue        0x1'09d0     0x4  Data  Lc  IntQueue.o [1]
_xNotifyTaskFromISR     0xffc0'79ab    0x89  Code  Gb  TaskNotify.o [1]
_xNumOfOverflows           0x1'08d8     0x4  Data  Lc  tasks.o [1]
_xNumberOfSuccessfulAllocations
                           0x1'09c0     0x4  Data  Lc  heap_4.o [1]
_xNumberOfSuccessfulFrees
                           0x1'09c4     0x4  Data  Lc  heap_4.o [1]
_xOkToGiveCountingSemaphore
                           0x1'0934     0x4  Data  Lc  IntSemTest.o [1]
_xOkToGiveMutex            0x1'0930     0x4  Data  Lc  IntSemTest.o [1]
_xOneShotTimer                 0x78     0x4  Data  Lc  TimerDemo.o [1]
_xParameterEcho         0xffc0'0414    0x10  Data  Lc  Sample-CLI-commands.o [1]
_xParameters               0x1'0984    0x18  Data  Lc  countsem.o [1]
_xPendedTicks              0x1'08d0     0x4  Data  Lc  tasks.o [1]
_xPendingReadyList         0x1'0678    0x14  Data  Lc  tasks.o [1]
_xPortGetFreeHeapSize   0xffc0'2283     0x9  Code  Gb  heap_4.o [1]
_xPortGetMinimumEverFreeHeapSize
                        0xffc0'228c     0x9  Code  Gb  heap_4.o [1]
_xPortStartScheduler    0xffc0'23e8    0x37  Code  Gb  port.o [1]
_xPrimaryCycles            0x1'09fc     0x4  Data  Lc  blocktim.o [1]
_xQueryHeap             0xffc0'0424    0x10  Data  Lc  Sample-CLI-commands.o [1]
_xQueueCreateCountingSemaphore
                        0xffc0'36a9    0x7d  Code  Gb  queue.o [1]
_xQueueCreateMutex      0xffc0'3260   0x176  Code  Gb  queue.o [1]
_xQueueGenericCreate    0xffc0'30f7    0x89  Code  Gb  queue.o [1]
_xQueueGenericReset     0xffc0'3088    0x6f  Code  Gb  queue.o [1]
_xQueueGenericSend      0xffc0'3728   0x13d  Code  Gb  queue.o [1]
_xQueueGenericSendFromISR
                        0xffc0'3865    0xce  Code  Gb  queue.o [1]
_xQueueGiveFromISR      0xffc0'3933    0xb6  Code  Gb  queue.o [1]
_xQueueGiveMutexRecursive
                        0xffc0'33d6   0x134  Code  Gb  queue.o [1]
_xQueueIsQueueFullFromISR
                        0xffc0'3da2    0x16  Code  Gb  queue.o [1]
_xQueuePeek             0xffc0'3b38   0x124  Code  Gb  queue.o [1]
_xQueuePeekFromISR      0xffc0'3cfa    0x72  Code  Gb  queue.o [1]
_xQueueReceive          0xffc0'3a10   0x124  Code  Gb  queue.o [1]
_xQueueReceiveFromISR   0xffc0'3c5c    0x9e  Code  Gb  queue.o [1]
_xQueueSemaphoreTake    0xffc0'3510   0x164  Code  Gb  queue.o [1]
_xQueueTakeMutexRecursive
                        0xffc0'3674    0x35  Code  Gb  queue.o [1]
_xRegisteredCommands           0xe0     0x8  Data  Lc  FreeRTOS_CLI.o [1]
_xRunIndicator             0x1'0a48     0x4  Data  Lc  blocktim.o [1]
_xRxQueue                  0x1'0aa8     0x4  Data  Lc  serial.o [1]
_xSchedulerRunning         0x1'08cc     0x4  Data  Lc  tasks.o [1]
_xSecondTimerHandler    0xffc0'4756   0x246  Code  Gb  IntQueue.o [1]
_xSecondary                0x1'0a44     0x4  Data  Lc  blocktim.o [1]
_xSecondaryCycles          0x1'0a00     0x4  Data  Lc  blocktim.o [1]
_xSendingTask              0x1'0aac     0x4  Data  Lc  serial.o [1]
_xSerialGetChar         0xffc0'8949     0xb  Code  Gb  serial.o [1]
_xSerialPortInitMinimal
                        0xffc0'8870    0x3e  Code  Gb  serial.o [1]
_xSerialPutChar         0xffc0'8954    0x3c  Code  Gb  serial.o [1]
_xSerialSciHandle          0x1'0ae0     0x4  Data  Gb  r_cg_hardware_setup.o [1]
_xSerialTxDtcInfo          0x1'0a30    0x10  Data  Gb  r_cg_hardware_setup.o [1]
_xSlaveHandle              0x1'0ad4     0x4  Data  Lc  IntSemTest.o [1]
_xStart                    0x1'0a80     0x8  Data  Lc  heap_4.o [1]
_xSuspendedQueueReceiveError
                           0x1'09a4     0x4  Data  Lc  dynamic.o [1]
_xSuspendedQueueSendError
                           0x1'09a0     0x4  Data  Lc  dynamic.o [1]
_xSuspendedTaskList        0x1'06a0    0x14  Data  Lc  tasks.o [1]
_xSuspendedTestQueue       0x1'0a1c     0x4  Data  Gb  dynamic.o [1]
_xSyncTask1                0x1'089c     0x4  Data  Lc  EventGroupsDemo.o [1]
_xSyncTask2                0x1'08a0     0x4  Data  Lc  EventGroupsDemo.o [1]
_xTaskCheckForTimeOut   0xffc0'17d9    0x5e  Code  Gb  tasks.o [1]
_xTaskCreate            0xffc0'07f8   0x1d9  Code  Gb  tasks.o [1]
_xTaskGenericNotify     0xffc0'1cf6    0xdd  Code  Gb  tasks.o [1]
_xTaskGenericNotifyFromISR
                        0xffc0'1dd3   0x11c  Code  Gb  tasks.o [1]
_xTaskGenericNotifyStateClear
                        0xffc0'1fad    0x32  Code  Gb  tasks.o [1]
_xTaskGenericNotifyWait
                        0xffc0'1c12    0xe4  Code  Gb  tasks.o [1]
_xTaskGetCurrentTaskHandle
                        0xffc0'18ea     0x8  Code  Gb  tasks.o [1]
_xTaskGetSchedulerState
                        0xffc0'18f2    0x18  Code  Gb  tasks.o [1]
_xTaskGetTickCount      0xffc0'1115     0x9  Code  Gb  tasks.o [1]
_xTaskGetTickCountFromISR
                        0xffc0'111e    0x18  Code  Gb  tasks.o [1]
_xTaskIncrementTick     0xffc0'14c0    0xf7  Code  Gb  tasks.o [1]
_xTaskPriorityDisinherit
                        0xffc0'197c    0x67  Code  Gb  tasks.o [1]
_xTaskPriorityInherit   0xffc0'190a    0x72  Code  Gb  tasks.o [1]
_xTaskRemoveFromEventList
                        0xffc0'1710    0x61  Code  Gb  tasks.o [1]
_xTaskResumeAll         0xffc0'1050    0xc5  Code  Gb  tasks.o [1]
_xTaskStats             0xffc0'03f4    0x10  Data  Lc  Sample-CLI-commands.o [1]
_xTaskToNotify                 0x48     0x4  Data  Lc  TaskNotify.o [1]
_xTasksWaitingTermination
                           0x1'068c    0x14  Data  Lc  tasks.o [1]
_xTestQueue                0x1'0a40     0x4  Data  Lc  blocktim.o [1]
_xTestStatus                   0x70     0x4  Data  Lc  TimerDemo.o [1]
_xThreeParameterEcho    0xffc0'0404    0x10  Data  Lc  Sample-CLI-commands.o [1]
_xTickCount                0x1'08c4     0x4  Data  Lc  tasks.o [1]
_xTimer                        0x54     0x4  Data  Lc  TaskNotify.o [1]
_xTimerCreate           0xffc0'264c    0x43  Code  Gb  timers.o [1]
_xTimerCreateTimerTask  0xffc0'2611    0x3b  Code  Gb  timers.o [1]
_xTimerGenericCommand   0xffc0'268f    0x64  Code  Gb  timers.o [1]
_xTimerIsTimerActive    0xffc0'29f7    0x1e  Code  Gb  timers.o [1]
_xTimerPendFunctionCallFromISR
                        0xffc0'2a47    0x21  Code  Gb  timers.o [1]
_xTimerQueue               0x1'0a64     0x4  Data  Lc  timers.o [1]
_xTimerTaskHandle          0x1'0a68     0x4  Data  Lc  timers.o [1]
_xTxMutex                  0x1'0af0     0x4  Data  Lc  UARTCommandConsole.o [1]
_xWasSuspended                 0x1c     0x4  Data  Lc  IntQueue.o [1]
_xYieldPending             0x1'08d4     0x4  Data  Lc  tasks.o [1]
prvCheckTask::ulLastRegTest1Value
                           0x1'0a28     0x4  Data  Lc  main_full.o [1]
prvCheckTask::ulLastRegTest2Value
                           0x1'0a2c     0x4  Data  Lc  main_full.o [1]
prvHelpCommand::pxCommand
                               0xdc     0x4  Data  Lc  FreeRTOS_CLI.o [1]
prvOneShotTimerCallback::uxCallCount
                               0x94     0x4  Data  Lc  TimerDemo.o [1]
prvParameterEchoCommand::uxParameterNumber
                           0x1'0ae8     0x4  Data  Lc  Sample-CLI-commands.o [1]
prvSampleTimeNow::xLastTime
                           0x1'0a6c     0x4  Data  Lc  timers.o [1]
prvSuspendedTaskTimerTestCallback::ulCallCount
                               0x5c     0x4  Data  Lc  TaskNotify.o [1]
prvThreeParameterEchoCommand::uxParameterNumber
                           0x1'0ae4     0x4  Data  Lc  Sample-CLI-commands.o [1]
prvUARTCommandConsoleTask::cInputString
                           0x1'0824    0x32  Data  Lc  UARTCommandConsole.o [1]
prvUARTCommandConsoleTask::cLastInputString
                           0x1'0856    0x32  Data  Lc  UARTCommandConsole.o [1]
vInterruptSemaphorePeriodicTest::xLastGiveTime
                           0x1'0938     0x4  Data  Lc  IntSemTest.o [1]
vPeriodicEventGroupsProcessing::xCallCount
                           0x1'08a4     0x4  Data  Lc  EventGroupsDemo.o [1]
vPeriodicEventGroupsProcessing::xISRTestError
                           0x1'08a8     0x4  Data  Lc  EventGroupsDemo.o [1]
vQueueOverwritePeriodicISRDemo::ulCallCount
                               0xf4     0x4  Data  Lc  QueueOverwrite.o [1]
vQueueSendWhenSuspendedTask::ulValueToSend
                           0x1'09ac     0x4  Data  Lc  dynamic.o [1]
vTimerPeriodicISRTests::uxTick
                               0x90     0x4  Data  Lc  TimerDemo.o [1]
xAreBlockTimeTestTasksStillRunning::xLastPrimaryCycleCount
                           0x1'0a08     0x4  Data  Lc  blocktim.o [1]
xAreBlockTimeTestTasksStillRunning::xLastSecondaryCycleCount
                           0x1'0a0c     0x4  Data  Lc  blocktim.o [1]
xAreBlockingQueuesStillRunning::sLastBlockingConsumerCount
                           0x1'0abc     0x6  Data  Lc  BlockQ.o [1]
xAreBlockingQueuesStillRunning::sLastBlockingProducerCount
                           0x1'0ac2     0x6  Data  Lc  BlockQ.o [1]
xAreCountingSemaphoreTasksStillRunning::uxLastCount0
                           0x1'0a50     0x4  Data  Lc  countsem.o [1]
xAreCountingSemaphoreTasksStillRunning::uxLastCount1
                           0x1'0a54     0x4  Data  Lc  countsem.o [1]
xAreDynamicPriorityTasksStillRunning::ulLastExpectedValue
                           0x1'09b0     0x4  Data  Lc  dynamic.o [1]
xAreDynamicPriorityTasksStillRunning::usLastTaskCheck
                           0x1'099e     0x2  Data  Lc  dynamic.o [1]
xAreEventGroupTasksStillRunning::ulPreviousISRCycles
                           0x1'08b4     0x4  Data  Lc  EventGroupsDemo.o [1]
xAreEventGroupTasksStillRunning::ulPreviousSetBitCycles
                           0x1'08b0     0x4  Data  Lc  EventGroupsDemo.o [1]
xAreEventGroupTasksStillRunning::ulPreviousWaitBitCycles
                           0x1'08ac     0x4  Data  Lc  EventGroupsDemo.o [1]
xAreGenericQueueTasksStillRunning::ulLastLoopCounter
                           0x1'097c     0x4  Data  Lc  GenQTest.o [1]
xAreGenericQueueTasksStillRunning::ulLastLoopCounter2
                           0x1'0980     0x4  Data  Lc  GenQTest.o [1]
xAreIntQueueTasksStillRunning::uxLastHighPriorityLoops1
                               0x30     0x4  Data  Lc  IntQueue.o [1]
xAreIntQueueTasksStillRunning::uxLastHighPriorityLoops2
                               0x34     0x4  Data  Lc  IntQueue.o [1]
xAreIntQueueTasksStillRunning::uxLastLowPriorityLoops1
                               0x38     0x4  Data  Lc  IntQueue.o [1]
xAreIntQueueTasksStillRunning::uxLastLowPriorityLoops2
                               0x3c     0x4  Data  Lc  IntQueue.o [1]
xAreInterruptSemaphoreTasksStillRunning::ulLastCountingSemaphoreLoops
                           0x1'0940     0x4  Data  Lc  IntSemTest.o [1]
xAreInterruptSemaphoreTasksStillRunning::ulLastMasterLoopCounter
                           0x1'093c     0x4  Data  Lc  IntSemTest.o [1]
xAreRecursiveMutexTasksStillRunning::uxLastBlockingCycles
                           0x1'0960     0x4  Data  Lc  recmutex.o [1]
xAreRecursiveMutexTasksStillRunning::uxLastControllingCycles
                           0x1'095c     0x4  Data  Lc  recmutex.o [1]
xAreRecursiveMutexTasksStillRunning::uxLastPollingCycles
                           0x1'0964     0x4  Data  Lc  recmutex.o [1]
xAreSemaphoreTasksStillRunning::sLastCheckVariables
                           0x1'0aa0     0x8  Data  Lc  semtest.o [1]
xAreTaskNotificationTasksStillRunning::ulLastNotifyCycleCount
                               0x68     0x4  Data  Lc  TaskNotify.o [1]
xAreTimerDemoTasksStillRunning::ulLastLoopCounter
                               0x88     0x4  Data  Lc  TimerDemo.o [1]
xAreTimerDemoTasksStillRunning::xIterationsWithoutCounterIncrement
                               0x8c     0x4  Data  Lc  TimerDemo.o [1]
xAreTimerDemoTasksStillRunning::xLastCycleFrequency
                           0x1'0aec     0x4  Data  Lc  TimerDemo.o [1]
xFirstTimerHandler::uxNextOperation
                               0x28     0x4  Data  Lc  IntQueue.o [1]
xIsCreateTaskStillRunning::usLastCreationCount
                               0xfa     0x2  Data  Lc  death.o [1]
xNotifyTaskFromISR::xAPIToUse
                               0x64     0x4  Data  Lc  TaskNotify.o [1]
xNotifyTaskFromISR::xCallCount
                               0x60     0x4  Data  Lc  TaskNotify.o [1]
xSecondTimerHandler::uxNextOperation
                               0x2c     0x4  Data  Lc  IntQueue.o [1]


[1] = C:\Renesas\GitHubDesktop\work\FreeRTOS\FreeRTOS\Demo\RX700_RX72N_EnvisionKit_IAR_e2studio_EWRX\Debug\Obj
[2] = dbgrxdllnd.a
[3] = dlrxdlln.a
[4] = rtrx3dll.a

  45'835 bytes of readonly  code memory
   3'467 bytes of readonly  data memory
  69'366 bytes of readwrite data memory

Errors: none
Warnings: 2
