###############################################################################
#
# IAR ELF Linker V4.14.1.5408 for Renesas RX              26/Oct/2020  22:32:34
# Copyright 2009-2019 IAR Systems AB.
#
#    Output file  =
#        C:\Renesas\GitHubDesktop\work\FreeRTOS\FreeRTOS\Demo\RX700_RX72N_EnvisionKit_IAR_e2studio_EWRX\Debug\Exe\RTOSDemo.out
#    Map file     =
#        C:\Renesas\GitHubDesktop\work\FreeRTOS\FreeRTOS\Demo\RX700_RX72N_EnvisionKit_IAR_e2studio_EWRX\Debug\List\RTOSDemo.map
#    Command line =
#        -f C:\Users\UserName\AppData\Local\Temp\EWF279.tmp
#        (C:\Renesas\GitHubDesktop\work\FreeRTOS\FreeRTOS\Demo\RX700_RX72N_EnvisionKit_IAR_e2studio_EWRX\Debug\Obj\BlockQ.o
#        C:\Renesas\GitHubDesktop\work\FreeRTOS\FreeRTOS\Demo\RX700_RX72N_EnvisionKit_IAR_e2studio_EWRX\Debug\Obj\blocktim.o
#        C:\Renesas\GitHubDesktop\work\FreeRTOS\FreeRTOS\Demo\RX700_RX72N_EnvisionKit_IAR_e2studio_EWRX\Debug\Obj\countsem.o
#        C:\Renesas\GitHubDesktop\work\FreeRTOS\FreeRTOS\Demo\RX700_RX72N_EnvisionKit_IAR_e2studio_EWRX\Debug\Obj\death.o
#        C:\Renesas\GitHubDesktop\work\FreeRTOS\FreeRTOS\Demo\RX700_RX72N_EnvisionKit_IAR_e2studio_EWRX\Debug\Obj\dynamic.o
#        C:\Renesas\GitHubDesktop\work\FreeRTOS\FreeRTOS\Demo\RX700_RX72N_EnvisionKit_IAR_e2studio_EWRX\Debug\Obj\event_groups.o
#        C:\Renesas\GitHubDesktop\work\FreeRTOS\FreeRTOS\Demo\RX700_RX72N_EnvisionKit_IAR_e2studio_EWRX\Debug\Obj\EventGroupsDemo.o
#        C:\Renesas\GitHubDesktop\work\FreeRTOS\FreeRTOS\Demo\RX700_RX72N_EnvisionKit_IAR_e2studio_EWRX\Debug\Obj\FIT_patch.o
#        C:\Renesas\GitHubDesktop\work\FreeRTOS\FreeRTOS\Demo\RX700_RX72N_EnvisionKit_IAR_e2studio_EWRX\Debug\Obj\flop.o
#        C:\Renesas\GitHubDesktop\work\FreeRTOS\FreeRTOS\Demo\RX700_RX72N_EnvisionKit_IAR_e2studio_EWRX\Debug\Obj\FreeRTOS_CLI.o
#        C:\Renesas\GitHubDesktop\work\FreeRTOS\FreeRTOS\Demo\RX700_RX72N_EnvisionKit_IAR_e2studio_EWRX\Debug\Obj\freertos_object_init.o
#        C:\Renesas\GitHubDesktop\work\FreeRTOS\FreeRTOS\Demo\RX700_RX72N_EnvisionKit_IAR_e2studio_EWRX\Debug\Obj\freertos_start.o
#        C:\Renesas\GitHubDesktop\work\FreeRTOS\FreeRTOS\Demo\RX700_RX72N_EnvisionKit_IAR_e2studio_EWRX\Debug\Obj\GenQTest.o
#        C:\Renesas\GitHubDesktop\work\FreeRTOS\FreeRTOS\Demo\RX700_RX72N_EnvisionKit_IAR_e2studio_EWRX\Debug\Obj\heap_4.o
#        C:\Renesas\GitHubDesktop\work\FreeRTOS\FreeRTOS\Demo\RX700_RX72N_EnvisionKit_IAR_e2studio_EWRX\Debug\Obj\hwsetup.o
#        C:\Renesas\GitHubDesktop\work\FreeRTOS\FreeRTOS\Demo\RX700_RX72N_EnvisionKit_IAR_e2studio_EWRX\Debug\Obj\IntQueue.o
#        C:\Renesas\GitHubDesktop\work\FreeRTOS\FreeRTOS\Demo\RX700_RX72N_EnvisionKit_IAR_e2studio_EWRX\Debug\Obj\IntQueueTimer.o
#        C:\Renesas\GitHubDesktop\work\FreeRTOS\FreeRTOS\Demo\RX700_RX72N_EnvisionKit_IAR_e2studio_EWRX\Debug\Obj\IntSemTest.o
#        C:\Renesas\GitHubDesktop\work\FreeRTOS\FreeRTOS\Demo\RX700_RX72N_EnvisionKit_IAR_e2studio_EWRX\Debug\Obj\list.o
#        C:\Renesas\GitHubDesktop\work\FreeRTOS\FreeRTOS\Demo\RX700_RX72N_EnvisionKit_IAR_e2studio_EWRX\Debug\Obj\lowlvl.o
#        C:\Renesas\GitHubDesktop\work\FreeRTOS\FreeRTOS\Demo\RX700_RX72N_EnvisionKit_IAR_e2studio_EWRX\Debug\Obj\main_blinky.o
#        C:\Renesas\GitHubDesktop\work\FreeRTOS\FreeRTOS\Demo\RX700_RX72N_EnvisionKit_IAR_e2studio_EWRX\Debug\Obj\main_full.o
#        C:\Renesas\GitHubDesktop\work\FreeRTOS\FreeRTOS\Demo\RX700_RX72N_EnvisionKit_IAR_e2studio_EWRX\Debug\Obj\mcu_clocks.o
#        C:\Renesas\GitHubDesktop\work\FreeRTOS\FreeRTOS\Demo\RX700_RX72N_EnvisionKit_IAR_e2studio_EWRX\Debug\Obj\mcu_init.o
#        C:\Renesas\GitHubDesktop\work\FreeRTOS\FreeRTOS\Demo\RX700_RX72N_EnvisionKit_IAR_e2studio_EWRX\Debug\Obj\mcu_interrupts.o
#        C:\Renesas\GitHubDesktop\work\FreeRTOS\FreeRTOS\Demo\RX700_RX72N_EnvisionKit_IAR_e2studio_EWRX\Debug\Obj\mcu_locks.o
#        C:\Renesas\GitHubDesktop\work\FreeRTOS\FreeRTOS\Demo\RX700_RX72N_EnvisionKit_IAR_e2studio_EWRX\Debug\Obj\mcu_mapped_interrupts.o
#        C:\Renesas\GitHubDesktop\work\FreeRTOS\FreeRTOS\Demo\RX700_RX72N_EnvisionKit_IAR_e2studio_EWRX\Debug\Obj\port.o
#        C:\Renesas\GitHubDesktop\work\FreeRTOS\FreeRTOS\Demo\RX700_RX72N_EnvisionKit_IAR_e2studio_EWRX\Debug\Obj\queue.o
#        C:\Renesas\GitHubDesktop\work\FreeRTOS\FreeRTOS\Demo\RX700_RX72N_EnvisionKit_IAR_e2studio_EWRX\Debug\Obj\QueueOverwrite.o
#        C:\Renesas\GitHubDesktop\work\FreeRTOS\FreeRTOS\Demo\RX700_RX72N_EnvisionKit_IAR_e2studio_EWRX\Debug\Obj\r_bsp_common.o
#        C:\Renesas\GitHubDesktop\work\FreeRTOS\FreeRTOS\Demo\RX700_RX72N_EnvisionKit_IAR_e2studio_EWRX\Debug\Obj\r_bsp_cpu.o
#        C:\Renesas\GitHubDesktop\work\FreeRTOS\FreeRTOS\Demo\RX700_RX72N_EnvisionKit_IAR_e2studio_EWRX\Debug\Obj\r_bsp_interrupts.o
#        C:\Renesas\GitHubDesktop\work\FreeRTOS\FreeRTOS\Demo\RX700_RX72N_EnvisionKit_IAR_e2studio_EWRX\Debug\Obj\r_bsp_locking.o
#        C:\Renesas\GitHubDesktop\work\FreeRTOS\FreeRTOS\Demo\RX700_RX72N_EnvisionKit_IAR_e2studio_EWRX\Debug\Obj\r_bsp_mcu_startup.o
#        C:\Renesas\GitHubDesktop\work\FreeRTOS\FreeRTOS\Demo\RX700_RX72N_EnvisionKit_IAR_e2studio_EWRX\Debug\Obj\r_bsp_software_interrupt.o
#        C:\Renesas\GitHubDesktop\work\FreeRTOS\FreeRTOS\Demo\RX700_RX72N_EnvisionKit_IAR_e2studio_EWRX\Debug\Obj\r_byteq.o
#        C:\Renesas\GitHubDesktop\work\FreeRTOS\FreeRTOS\Demo\RX700_RX72N_EnvisionKit_IAR_e2studio_EWRX\Debug\Obj\r_cg_hardware_setup.o
#        C:\Renesas\GitHubDesktop\work\FreeRTOS\FreeRTOS\Demo\RX700_RX72N_EnvisionKit_IAR_e2studio_EWRX\Debug\Obj\r_dtc_rx.o
#        C:\Renesas\GitHubDesktop\work\FreeRTOS\FreeRTOS\Demo\RX700_RX72N_EnvisionKit_IAR_e2studio_EWRX\Debug\Obj\r_dtc_rx_target.o
#        C:\Renesas\GitHubDesktop\work\FreeRTOS\FreeRTOS\Demo\RX700_RX72N_EnvisionKit_IAR_e2studio_EWRX\Debug\Obj\r_gpio_rx.o
#        C:\Renesas\GitHubDesktop\work\FreeRTOS\FreeRTOS\Demo\RX700_RX72N_EnvisionKit_IAR_e2studio_EWRX\Debug\Obj\r_gpio_rx72n.o
#        C:\Renesas\GitHubDesktop\work\FreeRTOS\FreeRTOS\Demo\RX700_RX72N_EnvisionKit_IAR_e2studio_EWRX\Debug\Obj\r_rx_intrinsic_functions.o
#        C:\Renesas\GitHubDesktop\work\FreeRTOS\FreeRTOS\Demo\RX700_RX72N_EnvisionKit_IAR_e2studio_EWRX\Debug\Obj\r_sci_rx.o
#        C:\Renesas\GitHubDesktop\work\FreeRTOS\FreeRTOS\Demo\RX700_RX72N_EnvisionKit_IAR_e2studio_EWRX\Debug\Obj\r_sci_rx72n.o
#        C:\Renesas\GitHubDesktop\work\FreeRTOS\FreeRTOS\Demo\RX700_RX72N_EnvisionKit_IAR_e2studio_EWRX\Debug\Obj\r_sci_rx72n_data.o
#        C:\Renesas\GitHubDesktop\work\FreeRTOS\FreeRTOS\Demo\RX700_RX72N_EnvisionKit_IAR_e2studio_EWRX\Debug\Obj\r_sci_rx_pinset.o
#        C:\Renesas\GitHubDesktop\work\FreeRTOS\FreeRTOS\Demo\RX700_RX72N_EnvisionKit_IAR_e2studio_EWRX\Debug\Obj\r_smc_cgc.o
#        C:\Renesas\GitHubDesktop\work\FreeRTOS\FreeRTOS\Demo\RX700_RX72N_EnvisionKit_IAR_e2studio_EWRX\Debug\Obj\r_smc_cgc_user.o
#        C:\Renesas\GitHubDesktop\work\FreeRTOS\FreeRTOS\Demo\RX700_RX72N_EnvisionKit_IAR_e2studio_EWRX\Debug\Obj\r_smc_interrupt.o
#        C:\Renesas\GitHubDesktop\work\FreeRTOS\FreeRTOS\Demo\RX700_RX72N_EnvisionKit_IAR_e2studio_EWRX\Debug\Obj\recmutex.o
#        C:\Renesas\GitHubDesktop\work\FreeRTOS\FreeRTOS\Demo\RX700_RX72N_EnvisionKit_IAR_e2studio_EWRX\Debug\Obj\resetprg.o
#        C:\Renesas\GitHubDesktop\work\FreeRTOS\FreeRTOS\Demo\RX700_RX72N_EnvisionKit_IAR_e2studio_EWRX\Debug\Obj\Sample-CLI-commands.o
#        C:\Renesas\GitHubDesktop\work\FreeRTOS\FreeRTOS\Demo\RX700_RX72N_EnvisionKit_IAR_e2studio_EWRX\Debug\Obj\semtest.o
#        C:\Renesas\GitHubDesktop\work\FreeRTOS\FreeRTOS\Demo\RX700_RX72N_EnvisionKit_IAR_e2studio_EWRX\Debug\Obj\serial.o
#        C:\Renesas\GitHubDesktop\work\FreeRTOS\FreeRTOS\Demo\RX700_RX72N_EnvisionKit_IAR_e2studio_EWRX\Debug\Obj\TaskNotify.o
#        C:\Renesas\GitHubDesktop\work\FreeRTOS\FreeRTOS\Demo\RX700_RX72N_EnvisionKit_IAR_e2studio_EWRX\Debug\Obj\TaskNotifyArray.o
#        C:\Renesas\GitHubDesktop\work\FreeRTOS\FreeRTOS\Demo\RX700_RX72N_EnvisionKit_IAR_e2studio_EWRX\Debug\Obj\tasks.o
#        C:\Renesas\GitHubDesktop\work\FreeRTOS\FreeRTOS\Demo\RX700_RX72N_EnvisionKit_IAR_e2studio_EWRX\Debug\Obj\TimerDemo.o
#        C:\Renesas\GitHubDesktop\work\FreeRTOS\FreeRTOS\Demo\RX700_RX72N_EnvisionKit_IAR_e2studio_EWRX\Debug\Obj\timers.o
#        C:\Renesas\GitHubDesktop\work\FreeRTOS\FreeRTOS\Demo\RX700_RX72N_EnvisionKit_IAR_e2studio_EWRX\Debug\Obj\u_sci_rx_ext.o
#        C:\Renesas\GitHubDesktop\work\FreeRTOS\FreeRTOS\Demo\RX700_RX72N_EnvisionKit_IAR_e2studio_EWRX\Debug\Obj\UARTCommandConsole.o
#        C:\Renesas\GitHubDesktop\work\FreeRTOS\FreeRTOS\Demo\RX700_RX72N_EnvisionKit_IAR_e2studio_EWRX\Debug\Obj\vecttbl.o
#        --no_out_extension -o
#        C:\Renesas\GitHubDesktop\work\FreeRTOS\FreeRTOS\Demo\RX700_RX72N_EnvisionKit_IAR_e2studio_EWRX\Debug\Exe\RTOSDemo.out
#        --map
#        C:\Renesas\GitHubDesktop\work\FreeRTOS\FreeRTOS\Demo\RX700_RX72N_EnvisionKit_IAR_e2studio_EWRX\Debug\List\RTOSDemo.map
#        --log
#        libraries,initialization,modules,redirects,sections,veneers,unused_fragments,call_graph
#        --log_file
#        C:\Renesas\GitHubDesktop\work\FreeRTOS\FreeRTOS\Demo\RX700_RX72N_EnvisionKit_IAR_e2studio_EWRX\Debug\List\RTOSDemo.log
#        --config C:\Renesas\EWB\8.4\rx\CONFIG\lnkr5f572nn.icf --remarks
#        --config_def _USTACK_SIZE=0 --config_def _ISTACK_SIZE=0x400
#        --config_def _HEAP_SIZE=0 --entry __iar_program_start --debug_lib
#        --vfe --enable_stack_usage --option_mem=2 --text_out locale)
#
###############################################################################

*******************************************************************************
*** MESSAGES
***

Warning[Ls016]: [stack usage analysis] the program contains at least one
          indirect call. Example: from "_R_BSP_InterruptControl". A complete
          list of such functions is in the map file.
Warning[Ls017]: [stack usage analysis] the program contains at least one
          instance of recursion for which stack usage analysis has not been
          able to calculate a maximum stack depth. One function involved is
          "_xTaskResumeAll". A complete list of all recursion nests is in the
          map file.


*******************************************************************************
*** RUNTIME MODEL ATTRIBUTES
***

__SystemLibrary            = DLib
__calling_conv             = abi10
__core                     = 3
__dlib_file_descriptor     = 0
__dlib_full_locale_support = 0
__dlib_version             = 6
__double_size              = 64
__endian                   = l
__enum_size                = var
__fpu                      = 2
__int_size                 = 32
__lock_R10                 = 0
__lock_R11                 = 0
__lock_R12                 = 0
__lock_R13                 = 0
__lock_R8                  = 0
__lock_R9                  = 0
__rt_version               = 5


*******************************************************************************
*** HEAP SELECTION
***

The basic heap was selected because some modules are built with
size limitations (and not runtime checking), and --advanced_heap
was not specified.


*******************************************************************************
*** PLACEMENT SUMMARY
***

"A0":  place at address 0xfe7f'5d00 { ro section .option_mem };
"A1":  place at address 0xffff'fffc { ro section .resetvect };
"A2":  place at address 0xffff'ff80 { ro section .exceptvect };
"ROM24":
       place in [from 0xffc0'0000 to 0xffff'ffff] {
          ro section .code24*, ro section .data24* };
"RAM24":
       place in [from 0x4 to 0x7'ffff] |
                [from 0x80'0000 to 0x87'ffff] { rw section .data24* };
"ROM32":
       place in [from 0xffc0'0000 to 0xffff'ffff] { ro };
define block USTACK with size = 0, alignment = 4 { };
define block ISTACK with size = 1K, alignment = 4 { };
define block STACKS with fixed order { block USTACK, block ISTACK };
"STACKS":
       place at end of [from 0x4 to 0x7'ffff] { block STACKS };
initialize by copy { rw, ro section D, ro section D_1, ro section D_2 };

No sections matched the following patterns:

  ro section .code16*          in "ROM16"
  ro section .code24*          in "ROM24"
  ro section .data16*          in "ROM16"
  ro section .dataflash*       in "DATAFLASH"
  ro section D                 in "RAM32"
  ro section D_1               in "RAM32"
  ro section D_2               in "RAM32"
  rw section .data16*          in "RAM16"
  rw section .stdby*           in "STDBY"
  rw section __DLIB_PERTHREAD  in "RAM16"


  Section            Kind         Address    Size  Object
  -------            ----         -------    ----  ------
"RAM24", part 1 of 2:                       0x174
  RAM24 s0                            0x4   0x174  <Init block>
    .data24.data     inited           0x4    0x40  TaskNotifyArray.o [1]
    .data24.data     inited          0x44    0x3c  IntQueue.o [1]
    .data24.data     inited          0x80    0x34  tasks.o [1]
    .data24.data     inited          0xb4    0x2c  TaskNotify.o [1]
    .data24.data     inited          0xe0    0x2c  TimerDemo.o [1]
    .data24.data     inited         0x10c    0x20  r_sci_rx72n_data.o [1]
    .data24.data     inited         0x12c    0x20  r_sci_rx72n_data.o [1]
    .data24.data     inited         0x14c    0x10  FreeRTOS_CLI.o [1]
    .data24.data     inited         0x15c    0x10  QueueOverwrite.o [1]
    .data24.data     inited         0x16c     0x8  death.o [1]
    .data24.data     inited         0x174     0x4  FreeRTOS_CLI.o [1]
                                  - 0x178   0x174

"RAM24", part 2 of 2:                      0xd1c0
  .data24.bss        zero           0x178  0xb800  heap_4.o [1]
  .data24.bss        zero          0xb978   0xdac  FreeRTOS_CLI.o [1]
  .data24.bss        zero          0xc724   0x210  mcu_locks.o [1]
  .data24.bss        zero          0xc934   0x1b0  r_bsp_interrupts.o [1]
  .data24.bss        zero          0xcae4   0x180  r_byteq.o [1]
  .data24.bss        zero          0xcc64    0xc8  IntQueue.o [1]
  .data24.bss        zero          0xcd2c    0xc8  IntQueue.o [1]
  .data24.bss        zero          0xcdf4    0x8c  tasks.o [1]
  .data24.bss        zero          0xce80    0x6c  r_bsp_software_interrupt.o [1]
  .data24.bss        zero          0xceec    0x6c  tasks.o [1]
  .data24.bss        zero          0xcf58    0x50  r_sci_rx.o [1]
  .data24.bss        zero          0xcfa8    0x50  r_sci_rx.o [1]
  .data24.bss        zero          0xcff8    0x50  r_sci_rx.o [1]
  .data24.bss        zero          0xd048    0x50  r_sci_rx.o [1]
  .data24.bss        zero          0xd098    0x32  UARTCommandConsole.o [1]
  .data24.bss        zero          0xd0ca    0x32  UARTCommandConsole.o [1]
  .data24.bss        zero          0xd0fc    0x30  EventGroupsDemo.o [1]
  .data24.bss        zero          0xd12c    0x30  timers.o [1]
  .data24.bss        zero          0xd15c    0x2c  IntSemTest.o [1]
  .data24.bss        zero          0xd188    0x24  recmutex.o [1]
  .data24.bss        zero          0xd1ac    0x1c  GenQTest.o [1]
  .data24.bss        zero          0xd1c8    0x18  countsem.o [1]
  .data24.bss        zero          0xd1e0    0x18  dynamic.o [1]
  .data24.bss        zero          0xd1f8    0x18  heap_4.o [1]
  .data24.bss        zero          0xd210    0x18  IntQueue.o [1]
  .data24.bss        zero          0xd228    0x18  TimerDemo.o [1]
  .data24.bss        zero          0xd240    0x14  blocktim.o [1]
  .data24.bss        zero          0xd254    0x10  dynamic.o [1]
  .data24.bss        zero          0xd264    0x10  r_cg_hardware_setup.o [1]
  .data24.bss        zero          0xd274     0xc  blocktim.o [1]
  .data24.bss        zero          0xd280     0xc  countsem.o [1]
  .data24.bss        zero          0xd28c     0xc  recmutex.o [1]
  .data24.bss        zero          0xd298     0xc  timers.o [1]
  .data24.bss        zero          0xd2a4     0x8  flop.o [1]
  .data24.bss        zero          0xd2ac     0x8  GenQTest.o [1]
  .data24.bss        zero          0xd2b4     0x8  heap_4.o [1]
  .data24.bss        zero          0xd2bc     0x8  main_full.o [1]
  .data24.bss        zero          0xd2c4     0x8  r_bsp_cpu.o [1]
  .data24.bss        zero          0xd2cc     0x8  r_dtc_rx.o [1]
  .data24.bss        zero          0xd2d4     0x8  semtest.o [1]
  .data24.bss        zero          0xd2dc     0x8  semtest.o [1]
  .data24.bss        zero          0xd2e4     0x8  serial.o [1]
  .data24.bss        zero          0xd2ec     0x6  BlockQ.o [1]
  .data24.bss        zero          0xd2f2     0x6  BlockQ.o [1]
  .data24.bss        zero          0xd2f8     0x6  BlockQ.o [1]
  .data24.bss        zero          0xd2fe     0x6  BlockQ.o [1]
  .data24.bss        zero          0xd304     0x6  TimerDemo.o [1]
  .data24.bss        zero          0xd30a     0x2  semtest.o [1]
  .data24.bss        zero          0xd30c     0x4  death.o [1]
  .data24.bss        zero          0xd310     0x4  IntSemTest.o [1]
  .data24.bss        zero          0xd314     0x4  port.o [1]
  .data24.bss        zero          0xd318     0x4  r_bsp_software_interrupt.o [1]
  .data24.bss        zero          0xd31c     0x4  r_cg_hardware_setup.o [1]
  .data24.bss        zero          0xd320     0x4  Sample-CLI-commands.o [1]
  .data24.bss        zero          0xd324     0x4  Sample-CLI-commands.o [1]
  .data24.bss        zero          0xd328     0x4  TimerDemo.o [1]
  .data24.bss        zero          0xd32c     0x4  UARTCommandConsole.o [1]
  .data24.bss        zero          0xd330     0x1  r_bsp_software_interrupt.o [1]
  .data24.bss        zero          0xd331     0x1  r_bsp_software_interrupt.o [1]
  .data24.bss        zero          0xd332     0x1  r_bsp_software_interrupt.o [1]
  .data24.bss        zero          0xd333     0x1  r_bsp_software_interrupt.o [1]
  .data24.bss        zero          0xd334     0x1  r_byteq.o [1]
  .data24.bss        zero          0xd335     0x1  r_dtc_rx.o [1]
                                 - 0xd336  0xd1be

"STACKS":                                   0x400
  STACKS                         0x7'fc00   0x400  <Block>
    USTACK                       0x7'fc00     0x0  <Block>
    ISTACK                       0x7'fc00   0x400  <Block>
      ISTACK         uninit      0x7'fc00   0x400  <Block tail>
                               - 0x8'0000   0x400

"A0":                                        0x74
  .option_mem        const    0xfe7f'5d00    0x74  option_mem.o [4]
                            - 0xfe7f'5d74    0x74

"ROM24", part 1 of 2:                       0xa31
  .data24.rodata     const    0xffc0'0000    0xcc  r_dtc_rx_target.o [1]
  .data24.rodata     const    0xffc0'00cc    0x61  Sample-CLI-commands.o [1]
  .data24.rodata     const    0xffc0'012d    0x4b  Sample-CLI-commands.o [1]
  .data24.rodata     const    0xffc0'0178    0x58  FreeRTOS_CLI.o [1]
  .data24.rodata     const    0xffc0'01d0    0x56  Sample-CLI-commands.o [1]
  .data24.rodata     const    0xffc0'0226    0x52  Sample-CLI-commands.o [1]
  .data24.rodata     const    0xffc0'0278    0x54  Sample-CLI-commands.o [1]
  .data24.rodata     const    0xffc0'02cc    0x50  FreeRTOS_CLI.o [1]
  .data24.rodata     const    0xffc0'031c    0x50  UARTCommandConsole.o [1]
  .data24.rodata     const    0xffc0'036c    0x44  r_sci_rx72n_data.o [1]
  .data24.rodata     const    0xffc0'03b0    0x44  r_sci_rx72n_data.o [1]
  .data24.rodata     const    0xffc0'03f4    0x40  Sample-CLI-commands.o [1]
  .data24.rodata     const    0xffc0'0434    0x3e  Sample-CLI-commands.o [1]
  .data24.rodata     const    0xffc0'0472    0x39  UARTCommandConsole.o [1]
  .data24.rodata     const    0xffc0'04ab    0x2d  main_full.o [1]
  .data24.rodata     const    0xffc0'04d8    0x36  r_sci_rx72n_data.o [1]
  .data24.rodata     const    0xffc0'050e    0x26  main_full.o [1]
  .data24.rodata     const    0xffc0'0534    0x34  r_sci_rx72n_data.o [1]
  .data24.rodata     const    0xffc0'0568    0x30  FreeRTOS_CLI.o [1]
  .data24.rodata     const    0xffc0'0598    0x29  main_full.o [1]
  .data24.rodata     const    0xffc0'05c1    0x27  main_full.o [1]
  .data24.rodata     const    0xffc0'05e8    0x28  main_full.o [1]
  .data24.rodata     const    0xffc0'0610    0x25  main_full.o [1]
  .data24.rodata     const    0xffc0'0635    0x25  main_full.o [1]
  .data24.rodata     const    0xffc0'065a    0x25  main_full.o [1]
  .data24.rodata     const    0xffc0'067f    0x21  main_full.o [1]
  .data24.rodata     const    0xffc0'06a0    0x24  main_full.o [1]
  .data24.rodata     const    0xffc0'06c4    0x23  main_full.o [1]
  .data24.rodata     const    0xffc0'06e7    0x22  main_full.o [1]
  .data24.rodata     const    0xffc0'0709    0x1f  main_full.o [1]
  .data24.rodata     const    0xffc0'0728    0x20  main_full.o [1]
  .data24.rodata     const    0xffc0'0748    0x1d  Sample-CLI-commands.o [1]
  .data24.rodata     const    0xffc0'0765    0x1b  main_full.o [1]
  .data24.rodata     const    0xffc0'0780    0x1a  main_full.o [1]
  .data24.rodata     const    0xffc0'079a    0x1a  main_full.o [1]
  .data24.rodata     const    0xffc0'07b4    0x1a  main_full.o [1]
  .data24.rodata     const    0xffc0'07ce    0x17  Sample-CLI-commands.o [1]
  .data24.rodata     const    0xffc0'07e5    0x12  Sample-CLI-commands.o [1]
  .data24.rodata     const    0xffc0'07f7     0xd  TaskNotify.o [1]
  .data24.rodata     const    0xffc0'0804    0x10  FreeRTOS_CLI.o [1]
  .data24.rodata     const    0xffc0'0814    0x10  Sample-CLI-commands.o [1]
  .data24.rodata     const    0xffc0'0824     0xf  tasks.o [1]
  .data24.rodata     const    0xffc0'0833     0xe  TimerDemo.o [1]
  .data24.rodata     const    0xffc0'0841     0xd  TaskNotifyArray.o [1]
  .data24.rodata     const    0xffc0'084e     0xd  TaskNotifyArray.o [1]
  .data24.rodata     const    0xffc0'085b     0x9  TaskNotify.o [1]
  .data24.rodata     const    0xffc0'0864     0xc  mcu_clocks.o [1]
  .data24.rodata     const    0xffc0'0870     0xb  Sample-CLI-commands.o [1]
  .data24.rodata     const    0xffc0'087b     0xb  Sample-CLI-commands.o [1]
  .data24.rodata     const    0xffc0'0886     0x9  TaskNotify.o [1]
  .data24.rodata     const    0xffc0'088f     0x9  TaskNotifyArray.o [1]
  .data24.rodata     const    0xffc0'0898     0x9  TimerDemo.o [1]
  .data24.rodata     const    0xffc0'08a1     0x7  blocktim.o [1]
  .data24.rodata     const    0xffc0'08a8     0x8  BlockQ.o [1]
  .data24.rodata     const    0xffc0'08b0     0x8  BlockQ.o [1]
  .data24.rodata     const    0xffc0'08b8     0x8  BlockQ.o [1]
  .data24.rodata     const    0xffc0'08c0     0x8  BlockQ.o [1]
  .data24.rodata     const    0xffc0'08c8     0x8  BlockQ.o [1]
  .data24.rodata     const    0xffc0'08d0     0x8  BlockQ.o [1]
  .data24.rodata     const    0xffc0'08d8     0x8  death.o [1]
  .data24.rodata     const    0xffc0'08e0     0x8  death.o [1]
  .data24.rodata     const    0xffc0'08e8     0x8  death.o [1]
  .data24.rodata     const    0xffc0'08f0     0x8  dynamic.o [1]
  .data24.rodata     const    0xffc0'08f8     0x8  dynamic.o [1]
  .data24.rodata     const    0xffc0'0900     0x8  dynamic.o [1]
  .data24.rodata     const    0xffc0'0908     0x8  dynamic.o [1]
  .data24.rodata     const    0xffc0'0910     0x8  semtest.o [1]
  .data24.rodata     const    0xffc0'0918     0x8  semtest.o [1]
  .data24.rodata     const    0xffc0'0920     0x8  semtest.o [1]
  .data24.rodata     const    0xffc0'0928     0x8  semtest.o [1]
  .data24.rodata     const    0xffc0'0930     0x8  TimerDemo.o [1]
  .data24.rodata     const    0xffc0'0938     0x8  timers.o [1]
  .data24.rodata     const    0xffc0'0940     0x7  blocktim.o [1]
  .data24.rodata     const    0xffc0'0947     0x7  dynamic.o [1]
  .data24.rodata     const    0xffc0'094e     0x7  GenQTest.o [1]
  .data24.rodata     const    0xffc0'0955     0x7  IntSemTest.o [1]
  .data24.rodata     const    0xffc0'095c     0x7  IntSemTest.o [1]
  .data24.rodata     const    0xffc0'0963     0x7  IntSemTest.o [1]
  .data24.rodata     const    0xffc0'096a     0x7  TimerDemo.o [1]
  .data24.rodata     const    0xffc0'0971     0x7  TimerDemo.o [1]
  .data24.rodata     const    0xffc0'0978     0x6  EventGroupsDemo.o [1]
  .data24.rodata     const    0xffc0'097e     0x6  flop.o [1]
  .data24.rodata     const    0xffc0'0984     0x6  flop.o [1]
  .data24.rodata     const    0xffc0'098a     0x6  flop.o [1]
  .data24.rodata     const    0xffc0'0990     0x6  flop.o [1]
  .data24.rodata     const    0xffc0'0996     0x6  GenQTest.o [1]
  .data24.rodata     const    0xffc0'099c     0x6  GenQTest.o [1]
  .data24.rodata     const    0xffc0'09a2     0x6  IntQueue.o [1]
  .data24.rodata     const    0xffc0'09a8     0x6  IntQueue.o [1]
  .data24.rodata     const    0xffc0'09ae     0x6  IntQueue.o [1]
  .data24.rodata     const    0xffc0'09b4     0x6  IntQueue.o [1]
  .data24.rodata     const    0xffc0'09ba     0x6  IntQueue.o [1]
  .data24.rodata     const    0xffc0'09c0     0x6  IntQueue.o [1]
  .data24.rodata     const    0xffc0'09c6     0x6  main_full.o [1]
  .data24.rodata     const    0xffc0'09cc     0x6  QueueOverwrite.o [1]
  .data24.rodata     const    0xffc0'09d2     0x6  r_bsp_cpu.o [1]
  .data24.rodata     const    0xffc0'09d8     0x5  countsem.o [1]
  .data24.rodata     const    0xffc0'09dd     0x5  countsem.o [1]
  .data24.rodata     const    0xffc0'09e2     0x5  EventGroupsDemo.o [1]
  .data24.rodata     const    0xffc0'09e7     0x5  EventGroupsDemo.o [1]
  .data24.rodata     const    0xffc0'09ec     0x5  FreeRTOS_CLI.o [1]
  .data24.rodata     const    0xffc0'09f1     0x5  GenQTest.o [1]
  .data24.rodata     const    0xffc0'09f6     0x5  main_full.o [1]
  .data24.rodata     const    0xffc0'09fb     0x5  main_full.o [1]
  .data24.rodata     const    0xffc0'0a00     0x5  recmutex.o [1]
  .data24.rodata     const    0xffc0'0a05     0x5  recmutex.o [1]
  .data24.rodata     const    0xffc0'0a0a     0x5  recmutex.o [1]
  .data24.rodata     const    0xffc0'0a0f     0x5  Sample-CLI-commands.o [1]
  .data24.rodata     const    0xffc0'0a14     0x5  Sample-CLI-commands.o [1]
  .data24.rodata     const    0xffc0'0a19     0x5  tasks.o [1]
  .data24.rodata     const    0xffc0'0a1e     0x2  main_full.o [1]
  .data24.rodata     const    0xffc0'0a20     0x4  main_full.o [1]
  .data24.rodata     const    0xffc0'0a24     0x4  UARTCommandConsole.o [1]
  .data24.rodata     const    0xffc0'0a28     0x3  main_full.o [1]
  .data24.rodata     const    0xffc0'0a2b     0x3  Sample-CLI-commands.o [1]
  .data24.rodata     const    0xffc0'0a2e     0x3  UARTCommandConsole.o [1]
                            - 0xffc0'0a31   0xa31

"ROM32":                                   0xca02
  .text              ro code  0xffc0'0a38  0x18c9  tasks.o [1]
  .switch.rodata     const    0xffc0'2304    0x1a  r_bsp_software_interrupt.o [1]
  .text              ro code  0xffc0'2320   0x23d  heap_4.o [1]
  .text              ro code  0xffc0'2560    0xae  list.o [1]
  .text              ro code  0xffc0'260e   0x191  port.o [1]
  .text              ro code  0xffc0'279f   0x105  freertos_start.o [1]
  .switch.rodata     const    0xffc0'28a4    0x12  r_sci_rx72n.o [1]
  .text              ro code  0xffc0'28b8   0x498  timers.o [1]
  .text              ro code  0xffc0'2d50     0xe  strlen.o [3]
  .text              ro code  0xffc0'2d60    0x32  sprintf.o [3]
  .text              ro code  0xffc0'2d92   0x6de  main_full.o [1]
  .text              ro code  0xffc0'3470   0xe06  queue.o [1]
  .text              ro code  0xffc0'4278   0x14e  xprintftiny.o [3]
  .text              ro code  0xffc0'43c8   0xa0e  IntQueue.o [1]
  .text              ro code  0xffc0'4dd8   0x276  dynamic.o [1]
  .text              ro code  0xffc0'5050   0x241  BlockQ.o [1]
  .switch.rodata     const    0xffc0'5294     0xa  timers.o [1]
  .text              ro code  0xffc0'52a0   0x43d  blocktim.o [1]
  .text              ro code  0xffc0'56e0   0x194  countsem.o [1]
  .text              ro code  0xffc0'5874     0xa  xsprout.o [3]
  .text              ro code  0xffc0'5880   0x4be  GenQTest.o [1]
  .text              ro code  0xffc0'5d40   0x21b  recmutex.o [1]
  .text              ro code  0xffc0'5f5b   0x1c5  semtest.o [1]
  .text              ro code  0xffc0'6120   0x46c  flop.o [1]
  .text              ro code  0xffc0'6590   0x97f  TimerDemo.o [1]
  .text              ro code  0xffc0'6f10   0x172  QueueOverwrite.o [1]
  .text              ro code  0xffc0'7088   0x65c  EventGroupsDemo.o [1]
  .text              ro code  0xffc0'76e8   0x7cb  TaskNotify.o [1]
  .text              ro code  0xffc0'7eb8  0x108f  TaskNotifyArray.o [1]
  .text              ro code  0xffc0'8f48   0x37b  IntSemTest.o [1]
  .text              ro code  0xffc0'92c8   0x147  UARTCommandConsole.o [1]
  .text              ro code  0xffc0'940f   0x19a  Sample-CLI-commands.o [1]
  .text              ro code  0xffc0'95b0    0xf7  death.o [1]
  .text              ro code  0xffc0'96a7   0x11d  IntQueueTimer.o [1]
  .text              ro code  0xffc0'97c4   0x300  event_groups.o [1]
  .text              ro code  0xffc0'9ac8   0x20e  FreeRTOS_CLI.o [1]
  .text              ro code  0xffc0'9cd6   0x181  serial.o [1]
  .text              ro code  0xffc0'9e58    0x25  strncat.o [3]
  .text              ro code  0xffc0'9e7d    0x26  u_sci_rx_ext.o [1]
  .text              ro code  0xffc0'9ea8   0x498  r_dtc_rx.o [1]
  .text              ro code  0xffc0'a340   0x4d7  r_sci_rx.o [1]
  .text              ro code  0xffc0'a817    0x32  r_bsp_locking.o [1]
  .text              ro code  0xffc0'a849     0x5  FIT_patch.o [1]
  .text              ro code  0xffc0'a84e    0x31  r_dtc_rx_target.o [1]
  .text              ro code  0xffc0'a880   0x539  r_sci_rx72n.o [1]
  .text              ro code  0xffc0'adb9   0x168  r_bsp_cpu.o [1]
  .text              ro code  0xffc0'af28   0x745  r_bsp_interrupts.o [1]
  .text              ro code  0xffc0'b66d   0x13d  r_byteq.o [1]
  .text              ro code  0xffc0'b7aa     0x8  r_rx_intrinsic_functions.o [1]
  .text              ro code  0xffc0'b7b2   0x1c5  mcu_mapped_interrupts.o [1]
  .text              ro code  0xffc0'b977   0x3e5  r_bsp_software_interrupt.o [1]
  .text              ro code  0xffc0'bd5c   0x924  mcu_interrupts.o [1]
  .inttable                   0xffc0'c680   0x400  <Block>
    .inttable        const    0xffc0'c680   0x400  interrupt_table.o [3]
  .text              ro code  0xffc0'ca80   0x2cb  mcu_clocks.o [1]
  .text              ro code  0xffc0'cd4b    0xdb  r_bsp_common.o [1]
  .text              ro code  0xffc0'ce26   0x200  div64u.o [4]
  .text              ro code  0xffc0'd026    0xa5  r_cg_hardware_setup.o [1]
  .text              ro code  0xffc0'd0cb    0x44  r_gpio_rx.o [1]
  .text              ro code  0xffc0'd10f    0x2c  r_sci_rx_pinset.o [1]
  .text              ro code  0xffc0'd13b     0x4  r_smc_cgc.o [1]
  .text              ro code  0xffc0'd13f     0x1  r_smc_cgc_user.o [1]
  .text              ro code  0xffc0'd140    0x9c  mcu_init.o [1]
  .text              ro code  0xffc0'd1dc    0x81  hwsetup.o [1]
  .text              ro code  0xffc0'd260    0x74  packbits_init.o [3]
  .text              ro code  0xffc0'd2d4     0xf  __dbg_abort.o [2]
  .text              ro code  0xffc0'd2e4     0x1  __dbg_break.o [2]
  .text              ro code  0xffc0'd2e8    0x12  __dbg_xxexit.o [2]
  .text              ro code  0xffc0'd2fa    0x43  resetprg.o [1]
  .text              ro code  0xffc0'd340    0x20  data_init.o [3]
  .text              ro code  0xffc0'd360    0x33  cstartup.o [4]
  .text              ro code  0xffc0'd394     0x4  exit.o [3]
  .text              ro code  0xffc0'd398     0x8  cexit.o [3]
  .iar.init_table    const    0xffc0'd3a0    0x2c  - Linker created -
  .switch.rodata     const    0xffc0'd3cc    0x18  r_dtc_rx.o [1]
  .text              ro code  0xffc0'd3e4    0x18  zero_init2.o [3]
  .switch.rodata     const    0xffc0'd3fc    0x10  r_bsp_cpu.o [1]
  .switch.rodata     const    0xffc0'd40c     0xe  r_bsp_interrupts.o [1]
  .switch.rodata     const    0xffc0'd41c     0xe  xprintftiny.o [3]
  .text              ro code  0xffc0'd42c     0xe  interrupt_table.o [3]
                            - 0xffc0'd43a  0xca02

"ROM24", part 2 of 2:                        0x4e
  Initializer bytes  const    0xffc0'd43a    0x4e  <for RAM24 s0>
                            - 0xffc0'd488    0x4e

"A2":                                        0x7c
  .exceptvect                 0xffff'ff80    0x7c  <Block>
    .exceptvect      const    0xffff'ff80    0x7c  exceptvect.o [4]
                            - 0xffff'fffc    0x7c

"A1":                                         0x4
  .resetvect         const    0xffff'fffc     0x4  resetvect.o [4]
                                    - 0x0     0x4

Unused ranges:

         From           To       Size
         ----           --       ----
       0xd338     0x7'fbff   0x7'28c8
    0x80'0000    0x87'ffff   0x8'0000
  0xffc0'0a31  0xffc0'0a37        0x7
  0xffc0'd488  0xffff'ff7f  0x3f'2af8


*******************************************************************************
*** INIT TABLE
***

          Address      Size
          -------      ----
Zero (___iar_zero_init2)
    1 destination range, total size 0xd1be:
                0x178  0xd1be

Copy/packbits (___iar_packbits_init2)
    1 source range, total size 0x4e (20% of destination):
          0xffc0'd43a    0x4e
    1 destination range, total size 0x174:
                  0x4   0x174


*******************************************************************************
*** STACK USAGE
***

  Call Graph Root Category  Max Use  Total Use
  ------------------------  -------  ---------
  interrupt                    244      1'812
  Program entry                368        368
  Uncalled function            340     13'472


Program entry
  "__iar_program_start": 0xffc0'd360

  Maximum call chain                            *?* 368  bytes
    (** call graph contains recursive functions (example: "_xTaskResumeAll")
                            indirect calls (example: "_R_BSP_InterruptControl") **)

    "__iar_program_start"                             4
    "___low_level_init"                               4
    "_Processing_Before_Start_Kernel"                 4
    "_main_full"                                     12
    "_vStartTimerDemoTask"                           36
    "_xTimerCreate"                                  28
    "_prvCheckForValidListAndQueue" in timers.o [1]
                                                     12
    "_xQueueGenericCreate"                           20
    "_pvPortMalloc"                                  24
    "_xTaskResumeAll"                                16
    "_xTaskIncrementTick"                            20
    "_vApplicationTickHook"                           4
    "_vFullDemoTickHook"                              0

interrupt
  "___interrupt_128": 0xffc0'9780

  Maximum call chain                              160  bytes

    "___interrupt_128"                             36
    "_xFirstTimerHandler"                          24
    "_xQueueGenericSendFromISR"                    32
    "_prvNotifyQueueSetContainer" in queue.o [1]
                                                   40
    "_xTaskPriorityDisinherit"                     16
    "_vAssertCalled"                                8
    "_vTaskEnterCritical"                           4

interrupt
  "___interrupt_129": 0xffc0'97a2

  Maximum call chain                              160  bytes

    "___interrupt_129"                             36
    "_xSecondTimerHandler"                         24
    "_xQueueGenericSendFromISR"                    32
    "_prvNotifyQueueSetContainer" in queue.o [1]
                                                   40
    "_xTaskPriorityDisinherit"                     16
    "_vAssertCalled"                                8
    "_vTaskEnterCritical"                           4

interrupt
  "___interrupt_106": 0xffc0'c601

  Maximum call chain                            *?* 68  bytes
    (** call graph contains indirect calls (example: "_R_BSP_InterruptControl") **)

    "___interrupt_106"                              36
    "_R_BSP_InterruptControl"                       16
    "_bsp_interrupt_enable_disable"                  8
    "_R_BSP_InterruptRequestDisable"                 4
    "_R_BSP_BitClear"                                4

interrupt
  "___interrupt_107": 0xffc0'c2dc

  Maximum call chain                            *?* 68  bytes
    (** call graph contains indirect calls (example: "_R_BSP_InterruptControl") **)

    "___interrupt_107"                              36
    "_R_BSP_InterruptControl"                       16
    "_bsp_interrupt_enable_disable"                  8
    "_R_BSP_InterruptRequestDisable"                 4
    "_R_BSP_BitClear"                                4

interrupt
  "___interrupt_110": 0xffc0'bdce

  Maximum call chain                            *?* 68  bytes
    (** call graph contains indirect calls (example: "_R_BSP_InterruptControl") **)

    "___interrupt_110"                              36
    "_R_BSP_InterruptControl"                       16
    "_bsp_interrupt_enable_disable"                  8
    "_R_BSP_InterruptRequestDisable"                 4
    "_R_BSP_BitClear"                                4

interrupt
  "___interrupt_111": 0xffc0'c096

  Maximum call chain                            *?* 68  bytes
    (** call graph contains indirect calls (example: "_R_BSP_InterruptControl") **)

    "___interrupt_111"                              36
    "_R_BSP_InterruptControl"                       16
    "_bsp_interrupt_enable_disable"                  8
    "_R_BSP_InterruptRequestDisable"                 4
    "_R_BSP_BitClear"                                4

interrupt
  "___interrupt_112": 0xffc0'c34e

  Maximum call chain                            *?* 68  bytes
    (** call graph contains indirect calls (example: "_R_BSP_InterruptControl") **)

    "___interrupt_112"                              36
    "_R_BSP_InterruptControl"                       16
    "_bsp_interrupt_enable_disable"                  8
    "_R_BSP_InterruptRequestDisable"                 4
    "_R_BSP_BitClear"                                4

interrupt
  "___interrupt_113": 0xffc0'c4f8

  Maximum call chain                            *?* 68  bytes
    (** call graph contains indirect calls (example: "_R_BSP_InterruptControl") **)

    "___interrupt_113"                              36
    "_R_BSP_InterruptControl"                       16
    "_bsp_interrupt_enable_disable"                  8
    "_R_BSP_InterruptRequestDisable"                 4
    "_R_BSP_BitClear"                                4

interrupt
  "___interrupt_17": 0xffc0'c5d2

  Maximum call chain                            *?* 68  bytes
    (** call graph contains indirect calls (example: "_R_BSP_InterruptControl") **)

    "___interrupt_17"                               36
    "_R_BSP_InterruptControl"                       16
    "_bsp_interrupt_enable_disable"                  8
    "_R_BSP_InterruptRequestDisable"                 4
    "_R_BSP_BitClear"                                4

interrupt
  "_vSoftwareInterruptISR": 0xffc0'26c7

  Maximum call chain                                8  bytes

    "_vSoftwareInterruptISR"                        8

interrupt
  "_vTickISR": 0xffc0'2777

  Maximum call chain                            *?* 244  bytes
    (** call graph contains recursive functions (example: "_xTaskResumeAll") **)

    "_vTickISR"                                      36
    "_xTaskIncrementTick"                            20
    "_vApplicationTickHook"                           4
    "_vFullDemoTickHook"                              0

interrupt
  "___NMI_handler": 0xffc0'b438

  Maximum call chain                            *?* 76  bytes
    (** call graph contains indirect calls (example: "___NMI_handler") **)

    "___NMI_handler"                                44
    "_R_BSP_InterruptControl"                       16
    "_bsp_interrupt_enable_disable"                  8
    "_R_BSP_InterruptRequestDisable"                 4
    "_R_BSP_BitClear"                                4

interrupt
  "___excep_access_inst": 0xffc0'b3e9

  Maximum call chain                            *?* 68  bytes
    (** call graph contains indirect calls (example: "_R_BSP_InterruptControl") **)

    "___excep_access_inst"                          36
    "_R_BSP_InterruptControl"                       16
    "_bsp_interrupt_enable_disable"                  8
    "_R_BSP_InterruptRequestDisable"                 4
    "_R_BSP_BitClear"                                4

interrupt
  "___privileged_handler": 0xffc0'b3d2

  Maximum call chain                            *?* 68  bytes
    (** call graph contains indirect calls (example: "_R_BSP_InterruptControl") **)

    "___privileged_handler"                         36
    "_R_BSP_InterruptControl"                       16
    "_bsp_interrupt_enable_disable"                  8
    "_R_BSP_InterruptRequestDisable"                 4
    "_R_BSP_BitClear"                                4

interrupt
  "___undefined_handler": 0xffc0'b400

  Maximum call chain                            *?* 68  bytes
    (** call graph contains indirect calls (example: "_R_BSP_InterruptControl") **)

    "___undefined_handler"                          36
    "_R_BSP_InterruptControl"                       16
    "_bsp_interrupt_enable_disable"                  8
    "_R_BSP_InterruptRequestDisable"                 4
    "_R_BSP_BitClear"                                4

interrupt
  "___undefined_interrupt_source_handler": 0xffc0'b604

  Maximum call chain                            *?* 40  bytes
    (** call graph contains indirect calls (example: "___undefined_interrupt_source_handler") **)

    "___undefined_interrupt_source_handler"         40

interrupt
  "__float_placeholder": 0xffc0'b417

  Maximum call chain                            *?* 68  bytes
    (** call graph contains indirect calls (example: "_R_BSP_InterruptControl") **)

    "__float_placeholder"                           36
    "_R_BSP_InterruptControl"                       16
    "_bsp_interrupt_enable_disable"                  8
    "_R_BSP_InterruptRequestDisable"                 4
    "_R_BSP_BitClear"                                4

interrupt
  "_bus_error_isr": 0xffc0'b635

  Maximum call chain                            *?* 40  bytes
    (** call graph contains indirect calls (example: "_bus_error_isr") **)

    "_bus_error_isr"                                40

interrupt
  "___interrupt_26": 0xffc0'bc9a

  Maximum call chain                            *?* 56  bytes
    (** call graph contains indirect calls (example: "___interrupt_26") **)

    "___interrupt_26"                               52
    "_R_BSP_InterruptsEnable"                        4

interrupt
  "___interrupt_102": 0xffc0'ad94

  Maximum call chain                            *?* 60  bytes
    (** call graph contains indirect calls (example: "_rxi_handler") **)

    "___interrupt_102"                              36
    "_rxi_handler"                                  20
    "_R_BYTEQ_Put"                                   4

interrupt
  "___interrupt_103": 0xffc0'ad5c

  Maximum call chain                               52  bytes

    "___interrupt_103"                             36
    "_txi_handler"                                 12
    "_R_BYTEQ_Get"                                  4

interrupt
  "___interrupt_62": 0xffc0'ad81

  Maximum call chain                            *?* 60  bytes
    (** call graph contains indirect calls (example: "_rxi_handler") **)

    "___interrupt_62"                               36
    "_rxi_handler"                                  20
    "_R_BYTEQ_Put"                                   4

interrupt
  "___interrupt_63": 0xffc0'ad49

  Maximum call chain                               52  bytes

    "___interrupt_63"                              36
    "_txi_handler"                                 12
    "_R_BYTEQ_Get"                                  4

interrupt
  "_default_handler": 0xffc0'd42c

  Maximum call chain                               56  bytes

    "_default_handler"                             36
    "_abort"                                        4
    "___exit"                                      12
    "___DebugBreak"                                 4

Uncalled function
  "_vBlockingQueueConsumer" in BlockQ.o [1]: 0xffc0'51d8

  Maximum call chain                            *?* 284  bytes
    (** call graph contains recursive functions (example: "_xTaskResumeAll") **)

    "_vBlockingQueueConsumer" in BlockQ.o [1]        20
    "_xQueueReceive"                                 40
    "_xTaskResumeAll"                                16
    "_xTaskIncrementTick"                            20
    "_vApplicationTickHook"                           4
    "_vFullDemoTickHook"                              0

Uncalled function
  "_vBlockingQueueProducer" in BlockQ.o [1]: 0xffc0'5198

  Maximum call chain                            *?* 236  bytes
    (** call graph contains recursive functions (example: "_xTaskResumeAll") **)

    "_vBlockingQueueProducer" in BlockQ.o [1]        16
    "_xQueueGenericSend"                              0

Uncalled function
  "_vPrimaryBlockTimeTestTask" in blocktim.o [1]: 0xffc0'52f8

  Maximum call chain                            *?* 296  bytes
    (** call graph contains recursive functions (example: "_xTaskResumeAll") **)

    "_vPrimaryBlockTimeTestTask" in blocktim.o [1]
                                                     32
    "_xQueueReceive"                                 40
    "_xTaskResumeAll"                                16
    "_xTaskIncrementTick"                            20
    "_vApplicationTickHook"                           4
    "_vFullDemoTickHook"                              0

Uncalled function
  "_vSecondaryBlockTimeTestTask" in blocktim.o [1]: 0xffc0'5628

  Maximum call chain                            *?* 284  bytes
    (** call graph contains recursive functions (example: "_xTaskResumeAll") **)

    "_vSecondaryBlockTimeTestTask" in blocktim.o [1]
                                                     20
    "_xQueueReceive"                                 40
    "_xTaskResumeAll"                                16
    "_xTaskIncrementTick"                            20
    "_vApplicationTickHook"                           4
    "_vFullDemoTickHook"                              0

Uncalled function
  "_prvCountingSemaphoreTask" in countsem.o [1]: 0xffc0'57b8

  Maximum call chain                            *?* 312  bytes
    (** call graph contains recursive functions (example: "_xTaskResumeAll") **)

    "_prvCountingSemaphoreTask" in countsem.o [1]
                                                     20
    "_prvDecrementSemaphoreCount" in countsem.o [1]
                                                     24
    "_xQueueSemaphoreTake"                           44
    "_xTaskResumeAll"                                16
    "_xTaskIncrementTick"                            20
    "_vApplicationTickHook"                           4
    "_vFullDemoTickHook"                              0

Uncalled function
  "_vCreateTasks" in death.o [1]: 0xffc0'9608

  Maximum call chain                            *?* 312  bytes
    (** call graph contains recursive functions (example: "_xTaskResumeAll") **)

    "_vCreateTasks" in death.o [1]                   32
    "_xTaskCreate"                                   32
    "_pvPortMalloc"                                  24
    "_xTaskResumeAll"                                16
    "_xTaskIncrementTick"                            20
    "_vApplicationTickHook"                           4
    "_vFullDemoTickHook"                              0

Uncalled function
  "_vSuicidalTask" in death.o [1]: 0xffc0'95cd

  Maximum call chain                            *?* 268  bytes
    (** call graph contains recursive functions (example: "_xTaskResumeAll") **)

    "_vSuicidalTask" in death.o [1]                  16
    "_vTaskDelete"                                   16
    "_vPortFree"                                     12
    "_xTaskResumeAll"                                16
    "_xTaskIncrementTick"                            20
    "_vApplicationTickHook"                           4
    "_vFullDemoTickHook"                              0

Uncalled function
  "_vContinuousIncrementTask" in dynamic.o [1]: 0xffc0'4e98

  Maximum call chain                               48  bytes

    "_vContinuousIncrementTask" in dynamic.o [1]
                                                   16
    "_vTaskPrioritySet"                            20
    "_vAssertCalled"                                8
    "_vTaskEnterCritical"                           4

Uncalled function
  "_vCounterControlTask" in dynamic.o [1]: 0xffc0'4ee0

  Maximum call chain                            *?* 264  bytes
    (** call graph contains recursive functions (example: "_xTaskResumeAll") **)

    "_vCounterControlTask" in dynamic.o [1]          24
    "_vTaskDelay"                                    16
    "_xTaskResumeAll"                                16
    "_xTaskIncrementTick"                            20
    "_vApplicationTickHook"                           4
    "_vFullDemoTickHook"                              0

Uncalled function
  "_vLimitedIncrementTask" in dynamic.o [1]: 0xffc0'4e7a

  Maximum call chain                               56  bytes

    "_vLimitedIncrementTask" in dynamic.o [1]       8
    "_vTaskSuspend"                                16
    "_vTaskSwitchContext"                          20
    "_vApplicationStackOverflowHook"                8
    "_vTaskEnterCritical"                           4

Uncalled function
  "_vQueueReceiveWhenSuspendedTask" in dynamic.o [1]: 0xffc0'4fd0

  Maximum call chain                            *?* 284  bytes
    (** call graph contains recursive functions (example: "_xTaskResumeAll") **)

    "_vQueueReceiveWhenSuspendedTask" in dynamic.o [1]
                                                     20
    "_xQueueReceive"                                 40
    "_xTaskResumeAll"                                16
    "_xTaskIncrementTick"                            20
    "_vApplicationTickHook"                           4
    "_vFullDemoTickHook"                              0

Uncalled function
  "_vQueueSendWhenSuspendedTask" in dynamic.o [1]: 0xffc0'4f90

  Maximum call chain                            *?* 252  bytes
    (** call graph contains recursive functions (example: "_xTaskResumeAll") **)

    "_vQueueSendWhenSuspendedTask" in dynamic.o [1]
                                                     12
    "_vTaskDelay"                                    16
    "_xTaskResumeAll"                                16
    "_xTaskIncrementTick"                            20
    "_vApplicationTickHook"                           4
    "_vFullDemoTickHook"                              0

Uncalled function
  "_vEventGroupClearBitsCallback": 0xffc0'9a74

  Maximum call chain                               24  bytes

    "_vEventGroupClearBitsCallback"                12
    "_vAssertCalled"                                8
    "_vTaskEnterCritical"                           4

Uncalled function
  "_vEventGroupSetBitsCallback": 0xffc0'9a71

  Maximum call chain                            *?* 244  bytes
    (** call graph contains recursive functions (example: "_xTaskResumeAll") **)

    "_vEventGroupSetBitsCallback"                     4
    "_xEventGroupSetBits"                            16
    "_xTaskResumeAll"                                16
    "_xTaskIncrementTick"                            20
    "_vApplicationTickHook"                           4
    "_vFullDemoTickHook"                              0

Uncalled function
  "_prvSyncTask" in EventGroupsDemo.o [1]: 0xffc0'74a1

  Maximum call chain                            *?* 284  bytes
    (** call graph contains recursive functions (example: "_xTaskResumeAll") **)

    "_prvSyncTask" in EventGroupsDemo.o [1]          20
    "_xEventGroupSync"                               24
    "_xEventGroupSetBits"                            16
    "_xTaskResumeAll"                                16
    "_xTaskIncrementTick"                            20
    "_vApplicationTickHook"                           4
    "_vFullDemoTickHook"                              0

Uncalled function
  "_prvTestMasterTask" in EventGroupsDemo.o [1]: 0xffc0'7118

  Maximum call chain                            *?* 288  bytes
    (** call graph contains recursive functions (example: "_xTaskResumeAll") **)

    "_prvTestMasterTask" in EventGroupsDemo.o [1]
                                                     24
    "_xEventGroupSync"                               24
    "_xEventGroupSetBits"                            16
    "_xTaskResumeAll"                                16
    "_xTaskIncrementTick"                            20
    "_vApplicationTickHook"                           4
    "_vFullDemoTickHook"                              0

Uncalled function
  "_prvTestSlaveTask" in EventGroupsDemo.o [1]: 0xffc0'7540

  Maximum call chain                            *?* 280  bytes
    (** call graph contains recursive functions (example: "_xTaskResumeAll") **)

    "_prvTestSlaveTask" in EventGroupsDemo.o [1]
                                                     16
    "_xEventGroupSync"                               24
    "_xEventGroupSetBits"                            16
    "_xTaskResumeAll"                                16
    "_xTaskIncrementTick"                            20
    "_vApplicationTickHook"                           4
    "_vFullDemoTickHook"                              0

Uncalled function
  "_vCompetingMathTask1" in flop.o [1]: 0xffc0'6195

  Maximum call chain                               76  bytes

    "_vCompetingMathTask1" in flop.o [1]           72
    "_vPortTaskUsesDPFPU"                           4

Uncalled function
  "_vCompetingMathTask2" in flop.o [1]: 0xffc0'626c

  Maximum call chain                               76  bytes

    "_vCompetingMathTask2" in flop.o [1]           72
    "_vPortTaskUsesDPFPU"                           4

Uncalled function
  "_vCompetingMathTask3" in flop.o [1]: 0xffc0'6348

  Maximum call chain                            *?* 312  bytes
    (** call graph contains recursive functions (example: "_xTaskResumeAll") **)

    "_vCompetingMathTask3" in flop.o [1]             64
    "_pvPortMalloc"                                  24
    "_xTaskResumeAll"                                16
    "_xTaskIncrementTick"                            20
    "_vApplicationTickHook"                           4
    "_vFullDemoTickHook"                              0

Uncalled function
  "_vCompetingMathTask4" in flop.o [1]: 0xffc0'6448

  Maximum call chain                            *?* 312  bytes
    (** call graph contains recursive functions (example: "_xTaskResumeAll") **)

    "_vCompetingMathTask4" in flop.o [1]             64
    "_pvPortMalloc"                                  24
    "_xTaskResumeAll"                                16
    "_xTaskIncrementTick"                            20
    "_vApplicationTickHook"                           4
    "_vFullDemoTickHook"                              0

Uncalled function
  "_prvHelpCommand" in FreeRTOS_CLI.o [1]: 0xffc0'9cb2

  Maximum call chain                                4  bytes

    "_prvHelpCommand" in FreeRTOS_CLI.o [1]         4

Uncalled function
  "_prvHighPriorityMutexTask" in GenQTest.o [1]: 0xffc0'5cda

  Maximum call chain                            *?* 280  bytes
    (** call graph contains recursive functions (example: "_xTaskResumeAll") **)

    "_prvHighPriorityMutexTask" in GenQTest.o [1]
                                                     12
    "_xQueueSemaphoreTake"                           44
    "_xTaskResumeAll"                                16
    "_xTaskIncrementTick"                            20
    "_vApplicationTickHook"                           4
    "_vFullDemoTickHook"                              0

Uncalled function
  "_prvLowPriorityMutexTask" in GenQTest.o [1]: 0xffc0'5b34

  Maximum call chain                            *?* 296  bytes
    (** call graph contains recursive functions (example: "_xTaskResumeAll") **)

    "_prvLowPriorityMutexTask" in GenQTest.o [1]
                                                     20
    "_xQueueCreateMutex"                             28
    "_pvPortMalloc"                                  24
    "_xTaskResumeAll"                                16
    "_xTaskIncrementTick"                            20
    "_vApplicationTickHook"                           4
    "_vFullDemoTickHook"                              0

Uncalled function
  "_prvMediumPriorityMutexTask" in GenQTest.o [1]: 0xffc0'5cc5

  Maximum call chain                               56  bytes

    "_prvMediumPriorityMutexTask" in GenQTest.o [1]
                                                    8
    "_vTaskSuspend"                                16
    "_vTaskSwitchContext"                          20
    "_vApplicationStackOverflowHook"                8
    "_vTaskEnterCritical"                           4

Uncalled function
  "_prvSendFrontAndBackTest" in GenQTest.o [1]: 0xffc0'5910

  Maximum call chain                            *?* 288  bytes
    (** call graph contains recursive functions (example: "_xTaskResumeAll") **)

    "_prvSendFrontAndBackTest" in GenQTest.o [1]
                                                     24
    "_xQueuePeek"                                    40
    "_xTaskResumeAll"                                16
    "_xTaskIncrementTick"                            20
    "_vApplicationTickHook"                           4
    "_vFullDemoTickHook"                              0

Uncalled function
  "_prv1stHigherPriorityNormallyFullTask" in IntQueue.o [1]: 0xffc0'4688

  Maximum call chain                            *?* 260  bytes
    (** call graph contains recursive functions (example: "_xTaskResumeAll") **)

    "_prv1stHigherPriorityNormallyFullTask" in IntQueue.o [1]
                                                     20
    "_vTaskDelay"                                    16
    "_xTaskResumeAll"                                16
    "_xTaskIncrementTick"                            20
    "_vApplicationTickHook"                           4
    "_vFullDemoTickHook"                              0

Uncalled function
  "_prv2ndHigherPriorityNormallyFullTask" in IntQueue.o [1]: 0xffc0'482d

  Maximum call chain                            *?* 236  bytes
    (** call graph contains recursive functions (example: "_xTaskResumeAll") **)

    "_prv2ndHigherPriorityNormallyFullTask" in IntQueue.o [1]
                                                     16
    "_xQueueGenericSend"                              0

Uncalled function
  "_prvHigherPriorityNormallyEmptyTask" in IntQueue.o [1]: 0xffc0'4490

  Maximum call chain                            *?* 292  bytes
    (** call graph contains recursive functions (example: "_xTaskResumeAll") **)

    "_prvHigherPriorityNormallyEmptyTask" in IntQueue.o [1]
                                                     28
    "_xQueueReceive"                                 40
    "_xTaskResumeAll"                                16
    "_xTaskIncrementTick"                            20
    "_vApplicationTickHook"                           4
    "_vFullDemoTickHook"                              0

Uncalled function
  "_prvLowerPriorityNormallyEmptyTask" in IntQueue.o [1]: 0xffc0'45f2

  Maximum call chain                            *?* 284  bytes
    (** call graph contains recursive functions (example: "_xTaskResumeAll") **)

    "_prvLowerPriorityNormallyEmptyTask" in IntQueue.o [1]
                                                     20
    "_xQueueReceive"                                 40
    "_xTaskResumeAll"                                16
    "_xTaskIncrementTick"                            20
    "_vApplicationTickHook"                           4
    "_vFullDemoTickHook"                              0

Uncalled function
  "_prvLowerPriorityNormallyFullTask" in IntQueue.o [1]: 0xffc0'4920

  Maximum call chain                            *?* 284  bytes
    (** call graph contains recursive functions (example: "_xTaskResumeAll") **)

    "_prvLowerPriorityNormallyFullTask" in IntQueue.o [1]
                                                     20
    "_xQueueReceive"                                 40
    "_xTaskResumeAll"                                16
    "_xTaskIncrementTick"                            20
    "_vApplicationTickHook"                           4
    "_vFullDemoTickHook"                              0

Uncalled function
  "_vInterruptCountingSemaphoreTask" in IntSemTest.o [1]: 0xffc0'91ba

  Maximum call chain                            *?* 280  bytes
    (** call graph contains recursive functions (example: "_xTaskResumeAll") **)

    "_vInterruptCountingSemaphoreTask" in IntSemTest.o [1]
                                                     12
    "_xQueueSemaphoreTake"                           44
    "_xTaskResumeAll"                                16
    "_xTaskIncrementTick"                            20
    "_vApplicationTickHook"                           4
    "_vFullDemoTickHook"                              0

Uncalled function
  "_vInterruptMutexMasterTask" in IntSemTest.o [1]: 0xffc0'8fd8

  Maximum call chain                            *?* 280  bytes
    (** call graph contains recursive functions (example: "_xTaskResumeAll") **)

    "_vInterruptMutexMasterTask" in IntSemTest.o [1]
                                                     12
    "_xQueueSemaphoreTake"                           44
    "_xTaskResumeAll"                                16
    "_xTaskIncrementTick"                            20
    "_vApplicationTickHook"                           4
    "_vFullDemoTickHook"                              0

Uncalled function
  "_vInterruptMutexSlaveTask" in IntSemTest.o [1]: 0xffc0'9188

  Maximum call chain                            *?* 276  bytes
    (** call graph contains recursive functions (example: "_xTaskResumeAll") **)

    "_vInterruptMutexSlaveTask" in IntSemTest.o [1]
                                                      8
    "_xQueueSemaphoreTake"                           44
    "_xTaskResumeAll"                                16
    "_xTaskIncrementTick"                            20
    "_vApplicationTickHook"                           4
    "_vFullDemoTickHook"                              0

Uncalled function
  "_prvCheckTask" in main_full.o [1]: 0xffc0'2e67

  Maximum call chain                            *?* 288  bytes
    (** call graph contains recursive functions (example: "_xTaskResumeAll") **)

    "_prvCheckTask" in main_full.o [1]               40
    "_xTaskDelayUntil"                               24
    "_xTaskResumeAll"                                16
    "_xTaskIncrementTick"                            20
    "_vApplicationTickHook"                           4
    "_vFullDemoTickHook"                              0

Uncalled function
  "_prvPseudoRandomiser" in main_full.o [1]: 0xffc0'2f99

  Maximum call chain                            *?* 256  bytes
    (** call graph contains recursive functions (example: "_xTaskResumeAll") **)

    "_prvPseudoRandomiser" in main_full.o [1]        16
    "_vTaskDelay"                                    16
    "_xTaskResumeAll"                                16
    "_xTaskIncrementTick"                            20
    "_vApplicationTickHook"                           4
    "_vFullDemoTickHook"                              0

Uncalled function
  "_prvRegTestTaskEntry1" in main_full.o [1]: 0xffc0'3216

  Maximum call chain                            *?* 256  bytes
    (** call graph contains recursive functions (example: "_xTaskResumeAll") **)

    "_prvRegTestTaskEntry1" in main_full.o [1]        4
    "_vTaskDelete"                                   16
    "_vPortFree"                                     12
    "_xTaskResumeAll"                                16
    "_xTaskIncrementTick"                            20
    "_vApplicationTickHook"                           4
    "_vFullDemoTickHook"                              0

Uncalled function
  "_prvRegTestTaskEntry2" in main_full.o [1]: 0xffc0'345c

  Maximum call chain                            *?* 256  bytes
    (** call graph contains recursive functions (example: "_xTaskResumeAll") **)

    "_prvRegTestTaskEntry2" in main_full.o [1]        4
    "_vTaskDelete"                                   16
    "_vPortFree"                                     12
    "_xTaskResumeAll"                                16
    "_xTaskIncrementTick"                            20
    "_vApplicationTickHook"                           4
    "_vFullDemoTickHook"                              0

Uncalled function
  "_prvQueueOverwriteTask" in QueueOverwrite.o [1]: 0xffc0'6f48

  Maximum call chain                            *?* 288  bytes
    (** call graph contains recursive functions (example: "_xTaskResumeAll") **)

    "_prvQueueOverwriteTask" in QueueOverwrite.o [1]
                                                     20
    "_xQueueGenericCreate"                           20
    "_pvPortMalloc"                                  24
    "_xTaskResumeAll"                                16
    "_xTaskIncrementTick"                            20
    "_vApplicationTickHook"                           4
    "_vFullDemoTickHook"                              0

Uncalled function
  "_bsp_swint_dummy_task" in r_bsp_software_interrupt.o [1]: 0xffc0'bc98

  Maximum call chain                                4  bytes

    "_bsp_swint_dummy_task" in r_bsp_software_interrupt.o [1]
                                                    4

Uncalled function
  "_r_undefined_exception": 0xffc0'd0ca

  Maximum call chain                                4  bytes

    "_r_undefined_exception"                        4

Uncalled function
  "_sci2_eri2_isr": 0xffc0'ada7

  Maximum call chain                            *?* 16  bytes
    (** call graph contains indirect calls (example: "_eri_handler") **)

    "_sci2_eri2_isr"                                 4
    "_eri_handler"                                  12

Uncalled function
  "_sci2_tei2_isr": 0xffc0'ad6f

  Maximum call chain                            *?* 16  bytes
    (** call graph contains indirect calls (example: "_tei_handler") **)

    "_sci2_tei2_isr"                                 4
    "_tei_handler"                                  12

Uncalled function
  "_sci9_eri9_isr": 0xffc0'adb0

  Maximum call chain                            *?* 16  bytes
    (** call graph contains indirect calls (example: "_eri_handler") **)

    "_sci9_eri9_isr"                                 4
    "_eri_handler"                                  12

Uncalled function
  "_sci9_tei9_isr": 0xffc0'ad78

  Maximum call chain                            *?* 16  bytes
    (** call graph contains indirect calls (example: "_tei_handler") **)

    "_sci9_tei9_isr"                                 4
    "_tei_handler"                                  12

Uncalled function
  "_prvRecursiveMutexBlockingTask" in recmutex.o [1]: 0xffc0'5e20

  Maximum call chain                            *?* 292  bytes
    (** call graph contains recursive functions (example: "_xTaskResumeAll") **)

    "_prvRecursiveMutexBlockingTask" in recmutex.o [1]
                                                     12
    "_xQueueTakeMutexRecursive"                      12
    "_xQueueSemaphoreTake"                           44
    "_xTaskResumeAll"                                16
    "_xTaskIncrementTick"                            20
    "_vApplicationTickHook"                           4
    "_vFullDemoTickHook"                              0

Uncalled function
  "_prvRecursiveMutexControllingTask" in recmutex.o [1]: 0xffc0'5db0

  Maximum call chain                            *?* 296  bytes
    (** call graph contains recursive functions (example: "_xTaskResumeAll") **)

    "_prvRecursiveMutexControllingTask" in recmutex.o [1]
                                                     16
    "_xQueueTakeMutexRecursive"                      12
    "_xQueueSemaphoreTake"                           44
    "_xTaskResumeAll"                                16
    "_xTaskIncrementTick"                            20
    "_vApplicationTickHook"                           4
    "_vFullDemoTickHook"                              0

Uncalled function
  "_prvRecursiveMutexPollingTask" in recmutex.o [1]: 0xffc0'5e78

  Maximum call chain                            *?* 292  bytes
    (** call graph contains recursive functions (example: "_xTaskResumeAll") **)

    "_prvRecursiveMutexPollingTask" in recmutex.o [1]
                                                     12
    "_xQueueTakeMutexRecursive"                      12
    "_xQueueSemaphoreTake"                           44
    "_xTaskResumeAll"                                16
    "_xTaskIncrementTick"                            20
    "_vApplicationTickHook"                           4
    "_vFullDemoTickHook"                              0

Uncalled function
  "_prvParameterEchoCommand" in Sample-CLI-commands.o [1]: 0xffc0'952d

  Maximum call chain                              116  bytes

    "_prvParameterEchoCommand" in Sample-CLI-commands.o [1]
                                                   32
    "_sprintf"                                     20
    "__PrintfTiny"                                 44
    "_out" in xprintftiny.o [3]                    16
    "__SProut"                                      4

Uncalled function
  "_prvQueryHeapCommand" in Sample-CLI-commands.o [1]: 0xffc0'9482

  Maximum call chain                              108  bytes

    "_prvQueryHeapCommand" in Sample-CLI-commands.o [1]
                                                   24
    "_sprintf"                                     20
    "__PrintfTiny"                                 44
    "_out" in xprintftiny.o [3]                    16
    "__SProut"                                      4

Uncalled function
  "_prvTaskStatsCommand" in Sample-CLI-commands.o [1]: 0xffc0'9433

  Maximum call chain                            *?* 328  bytes
    (** call graph contains recursive functions (example: "_xTaskResumeAll") **)

    "_prvTaskStatsCommand" in Sample-CLI-commands.o [1]
                                                      8
    "_vTaskList"                                     48
    "_uxTaskGetSystemState"                          48
    "_xTaskResumeAll"                                16
    "_xTaskIncrementTick"                            20
    "_vApplicationTickHook"                           4
    "_vFullDemoTickHook"                              0

Uncalled function
  "_prvThreeParameterEchoCommand" in Sample-CLI-commands.o [1]: 0xffc0'94ac

  Maximum call chain                              116  bytes

    "_prvThreeParameterEchoCommand" in Sample-CLI-commands.o [1]
                                                   32
    "_sprintf"                                     20
    "__PrintfTiny"                                 44
    "_out" in xprintftiny.o [3]                    16
    "__SProut"                                      4

Uncalled function
  "_prvSemaphoreTest" in semtest.o [1]: 0xffc0'6032

  Maximum call chain                            *?* 292  bytes
    (** call graph contains recursive functions (example: "_xTaskResumeAll") **)

    "_prvSemaphoreTest" in semtest.o [1]             24
    "_xQueueSemaphoreTake"                           44
    "_xTaskResumeAll"                                16
    "_xTaskIncrementTick"                            20
    "_vApplicationTickHook"                           4
    "_vFullDemoTickHook"                              0

Uncalled function
  "_vSerialSciCallback": 0xffc0'9cd6

  Maximum call chain                              116  bytes

    "_vSerialSciCallback"                          16
    "_xQueueGenericSendFromISR"                    32
    "_prvNotifyQueueSetContainer" in queue.o [1]
                                                   40
    "_xTaskPriorityDisinherit"                     16
    "_vAssertCalled"                                8
    "_vTaskEnterCritical"                           4

Uncalled function
  "_prvNotifiedTask" in TaskNotify.o [1]: 0xffc0'7790

  Maximum call chain                            *?* 336  bytes
    (** call graph contains recursive functions (example: "_xTaskResumeAll") **)

    "_prvNotifiedTask" in TaskNotify.o [1]           28
    "_xTimerCreate"                                  28
    "_prvCheckForValidListAndQueue" in timers.o [1]
                                                     12
    "_xQueueGenericCreate"                           20
    "_pvPortMalloc"                                  24
    "_xTaskResumeAll"                                16
    "_xTaskIncrementTick"                            20
    "_vApplicationTickHook"                           4
    "_vFullDemoTickHook"                              0

Uncalled function
  "_prvNotifyingTimer" in TaskNotify.o [1]: 0xffc0'7767

  Maximum call chain                               52  bytes

    "_prvNotifyingTimer" in TaskNotify.o [1]       12
    "_xTaskGenericNotify"                          28
    "_vAssertCalled"                                8
    "_vTaskEnterCritical"                           4

Uncalled function
  "_prvRand" in TaskNotify.o [1]: 0xffc0'7e9c

  Maximum call chain                                4  bytes

    "_prvRand" in TaskNotify.o [1]                  4

Uncalled function
  "_prvSuspendedTaskTimerTestCallback" in TaskNotify.o [1]: 0xffc0'7717

  Maximum call chain                               60  bytes

    "_prvSuspendedTaskTimerTestCallback" in TaskNotify.o [1]
                                                   12
    "_vTaskSuspend"                                16
    "_vTaskSwitchContext"                          20
    "_vApplicationStackOverflowHook"                8
    "_vTaskEnterCritical"                           4

Uncalled function
  "_prvNotifiedTask" in TaskNotifyArray.o [1]: 0xffc0'7f30

  Maximum call chain                            *?* 296  bytes
    (** call graph contains recursive functions (example: "_xTaskResumeAll") **)

    "_prvNotifiedTask" in TaskNotifyArray.o [1]      32
    "_xTimerGenericCommand"                          44
    "_xQueueGenericSend"                              0

Uncalled function
  "_prvNotifyingTimerCallback" in TaskNotifyArray.o [1]: 0xffc0'8e53

  Maximum call chain                               52  bytes

    "_prvNotifyingTimerCallback" in TaskNotifyArray.o [1]
                                                   12
    "_xTaskGenericNotify"                          28
    "_vAssertCalled"                                8
    "_vTaskEnterCritical"                           4

Uncalled function
  "_prvRand" in TaskNotifyArray.o [1]: 0xffc0'8f30

  Maximum call chain                                4  bytes

    "_prvRand" in TaskNotifyArray.o [1]             4

Uncalled function
  "_prvSuspendedTaskTimerTestCallback" in TaskNotifyArray.o [1]: 0xffc0'8df8

  Maximum call chain                               60  bytes

    "_prvSuspendedTaskTimerTestCallback" in TaskNotifyArray.o [1]
                                                   12
    "_vTaskSuspend"                                16
    "_vTaskSwitchContext"                          20
    "_vApplicationStackOverflowHook"                8
    "_vTaskEnterCritical"                           4

Uncalled function
  "_prvIdleTask" in tasks.o [1]: 0xffc0'1b08

  Maximum call chain                            *?* 256  bytes
    (** call graph contains recursive functions (example: "_xTaskResumeAll") **)

    "_prvIdleTask" in tasks.o [1]                    20
    "_vPortFree"                                     12
    "_xTaskResumeAll"                                16
    "_xTaskIncrementTick"                            20
    "_vApplicationTickHook"                           4
    "_vFullDemoTickHook"                              0

Uncalled function
  "_prvAutoReloadTimerCallback" in TimerDemo.o [1]: 0xffc0'6e9c

  Maximum call chain                               24  bytes

    "_prvAutoReloadTimerCallback" in TimerDemo.o [1]
                                                    4
    "_pvTimerGetTimerID"                            8
    "_vAssertCalled"                                8
    "_vTaskEnterCritical"                           4

Uncalled function
  "_prvISRAutoReloadTimerCallback" in TimerDemo.o [1]: 0xffc0'6ef7

  Maximum call chain                                4  bytes

    "_prvISRAutoReloadTimerCallback" in TimerDemo.o [1]
                                                    4

Uncalled function
  "_prvISROneShotTimerCallback" in TimerDemo.o [1]: 0xffc0'6f03

  Maximum call chain                                4  bytes

    "_prvISROneShotTimerCallback" in TimerDemo.o [1]
                                                    4

Uncalled function
  "_prvOneShotTimerCallback" in TimerDemo.o [1]: 0xffc0'6ec4

  Maximum call chain                               40  bytes

    "_prvOneShotTimerCallback" in TimerDemo.o [1]
                                                   16
    "_vTimerSetTimerID"                            12
    "_vAssertCalled"                                8
    "_vTaskEnterCritical"                           4

Uncalled function
  "_prvTimerTestTask" in TimerDemo.o [1]: 0xffc0'66e0

  Maximum call chain                            *?* 340  bytes
    (** call graph contains recursive functions (example: "_xTaskResumeAll") **)

    "_prvTimerTestTask" in TimerDemo.o [1]           32
    "_xTimerCreate"                                  28
    "_prvCheckForValidListAndQueue" in timers.o [1]
                                                     12
    "_xQueueGenericCreate"                           20
    "_pvPortMalloc"                                  24
    "_xTaskResumeAll"                                16
    "_xTaskIncrementTick"                            20
    "_vApplicationTickHook"                           4
    "_vFullDemoTickHook"                              0

Uncalled function
  "_prvTimerTask" in timers.o [1]: 0xffc0'2ad0

  Maximum call chain                            *?* 324  bytes
    (** call graph contains recursive functions (example: "_xTaskResumeAll")
                            indirect calls (example: "_prvTimerTask" in timers.o [1]) **)

    "_prvTimerTask" in timers.o [1]                  60
    "_prvSampleTimeNow" in timers.o [1]              44
    "_xQueueGenericSend"                              0

Uncalled function
  "_prvUARTCommandConsoleTask" in UARTCommandConsole.o [1]: 0xffc0'9300

  Maximum call chain                            *?* 316  bytes
    (** call graph contains recursive functions (example: "_xTaskResumeAll")
                            indirect calls (example: "_FreeRTOS_CLIProcessCommand") **)

    "_prvUARTCommandConsoleTask" in UARTCommandConsole.o [1]
                                                     36
    "_xSerialPortInitMinimal"                        12
    "_xQueueGenericCreate"                           20
    "_pvPortMalloc"                                  24
    "_xTaskResumeAll"                                16
    "_xTaskIncrementTick"                            20
    "_vApplicationTickHook"                           4
    "_vFullDemoTickHook"                              0

Uncalled function
  "__iar_div64u": 0xffc0'ce26

[...]
_xActiveTimerList2           0xd148    0x14  Data  Lc  timers.o [1]
_xAreBlockTimeTestTasksStillRunning
                        0xffc0'56b1    0x2c  Code  Gb  blocktim.o [1]
_xAreBlockingQueuesStillRunning
                        0xffc0'5219    0x78  Code  Gb  BlockQ.o [1]
_xAreCountingSemaphoreTasksStillRunning
                        0xffc0'5842    0x32  Code  Gb  countsem.o [1]
_xAreDynamicPriorityTasksStillRunning
                        0xffc0'501c    0x32  Code  Gb  dynamic.o [1]
_xAreEventGroupTasksStillRunning
                        0xffc0'76b2    0x32  Code  Gb  EventGroupsDemo.o [1]
_xAreGenericQueueTasksStillRunning
                        0xffc0'5d15    0x29  Code  Gb  GenQTest.o [1]
_xAreIntQueueTasksStillRunning
                        0xffc0'4d84    0x52  Code  Gb  IntQueue.o [1]
_xAreInterruptSemaphoreTasksStillRunning
                        0xffc0'9295    0x2e  Code  Gb  IntSemTest.o [1]
_xAreMathsTaskStillRunning
                        0xffc0'6558    0x34  Code  Gb  flop.o [1]
_xAreRecursiveMutexTasksStillRunning
                        0xffc0'5f21    0x3a  Code  Gb  recmutex.o [1]
_xAreSemaphoreTasksStillRunning
                        0xffc0'60d9    0x47  Code  Gb  semtest.o [1]
_xAreTaskNotificationArrayTasksStillRunning
                        0xffc0'8efe    0x32  Code  Gb  TaskNotifyArray.o [1]
_xAreTaskNotificationTasksStillRunning
                        0xffc0'7e74    0x28  Code  Gb  TaskNotify.o [1]
_xAreTimerDemoTasksStillRunning
                        0xffc0'6c07    0x3b  Code  Gb  TimerDemo.o [1]
_xAutoReloadTimers           0xd228    0x18  Data  Lc  TimerDemo.o [1]
_xBasePeriod                   0xf8     0x4  Data  Lc  TimerDemo.o [1]
_xBlockAllocatedBit          0xd20c     0x4  Data  Lc  heap_4.o [1]
_xBlockWasAborted            0xd1bc     0x4  Data  Lc  GenQTest.o [1]
_xBlockingIsSuspended        0xd190     0x4  Data  Lc  recmutex.o [1]
_xBlockingTaskHandle         0xd294     0x4  Data  Lc  recmutex.o [1]
_xContinuousIncrementHandle
                             0xd254     0x4  Data  Lc  dynamic.o [1]
_xControllingIsSuspended
                             0xd18c     0x4  Data  Lc  recmutex.o [1]
_xControllingTaskHandle
                             0xd290     0x4  Data  Lc  recmutex.o [1]
_xCreatedTask                0xd30c     0x4  Data  Gb  death.o [1]
_xDelayedTaskList1           0xcf30    0x14  Data  Lc  tasks.o [1]
_xDelayedTaskList2           0xcf44    0x14  Data  Lc  tasks.o [1]
_xErrorDetected              0xd280     0x4  Data  Lc  countsem.o [1]
_xErrorDetected              0xd1ac     0x4  Data  Lc  GenQTest.o [1]
_xErrorDetected              0xd15c     0x4  Data  Lc  IntSemTest.o [1]
_xErrorLine                    0x58     0x4  Data  Lc  IntQueue.o [1]
_xErrorOccurred              0xd248     0x4  Data  Lc  blocktim.o [1]
_xErrorOccurred              0xd188     0x4  Data  Lc  recmutex.o [1]
_xErrorStatus                  0x54     0x4  Data  Lc  IntQueue.o [1]
_xErrorStatus                  0xb4     0x4  Data  Lc  TaskNotify.o [1]
_xEventGroup                 0xd108     0x4  Data  Lc  EventGroupsDemo.o [1]
_xEventGroupClearBits   0xffc0'99d3    0x30  Code  Gb  event_groups.o [1]
_xEventGroupClearBitsFromISR
                        0xffc0'9a03    0x10  Code  Gb  event_groups.o [1]
_xEventGroupCreate      0xffc0'97c4    0x1d  Code  Gb  event_groups.o [1]
_xEventGroupGetBitsFromISR
                        0xffc0'9a13    0x2a  Code  Gb  event_groups.o [1]
_xEventGroupSetBits     0xffc0'97e1    0x73  Code  Gb  event_groups.o [1]
_xEventGroupSetBitsFromISR
                        0xffc0'9ab4    0x10  Code  Gb  event_groups.o [1]
_xEventGroupSync        0xffc0'9854    0xb1  Code  Gb  event_groups.o [1]
_xEventGroupWaitBits    0xffc0'9905    0xce  Code  Gb  event_groups.o [1]
_xFirstTimerHandler     0xffc0'49ad   0x191  Code  Gb  IntQueue.o [1]
_xFreeBytesRemaining         0xd1fc     0x4  Data  Lc  heap_4.o [1]
_xHelpCommand           0xffc0'0804    0x10  Data  Lc  FreeRTOS_CLI.o [1]
_xHighPriorityMutexTask
                             0xd2ac     0x4  Data  Lc  GenQTest.o [1]
_xHighPriorityNormallyEmptyTask1
                             0xd218     0x4  Data  Gb  IntQueue.o [1]
_xHighPriorityNormallyEmptyTask2
                             0xd21c     0x4  Data  Gb  IntQueue.o [1]
_xHighPriorityNormallyFullTask1
                             0xd220     0x4  Data  Gb  IntQueue.o [1]
_xHighPriorityNormallyFullTask2
                             0xd224     0x4  Data  Gb  IntQueue.o [1]
_xISRAutoReloadTimer           0xf0     0x4  Data  Lc  TimerDemo.o [1]
_xISRCountingSemaphore       0xd16c     0x4  Data  Lc  IntSemTest.o [1]
_xISREventGroup              0xd10c     0x4  Data  Lc  EventGroupsDemo.o [1]
_xISRMutex                   0xd168     0x4  Data  Lc  IntSemTest.o [1]
_xISROneShotTimer              0xf4     0x4  Data  Lc  TimerDemo.o [1]
_xISRQueue                    0x164     0x4  Data  Lc  QueueOverwrite.o [1]
_xISRTestStatus               0x160     0x4  Data  Lc  QueueOverwrite.o [1]
_xIncrementingIndexTimer
                               0x10     0x4  Data  Lc  TaskNotifyArray.o [1]
_xIsCreateTaskStillRunning
                        0xffc0'9677    0x30  Code  Gb  death.o [1]
_xIsQueueOverwriteTaskStillRunning
                        0xffc0'6ff1    0x18  Code  Gb  QueueOverwrite.o [1]
_xLimitedIncrementHandle
                             0xd258     0x4  Data  Lc  dynamic.o [1]
_xMasterSlaveMutex           0xd170     0x4  Data  Lc  IntSemTest.o [1]
_xMediumPriorityMutexTask
                             0xd2b0     0x4  Data  Lc  GenQTest.o [1]
_xMinimumEverFreeBytesRemaining
                             0xd200     0x4  Data  Lc  heap_4.o [1]
_xMutex                      0xd28c     0x4  Data  Lc  recmutex.o [1]
_xNextTaskUnblockTime          0xa8     0x4  Data  Lc  tasks.o [1]
_xNormallyEmptyQueue         0xd210     0x4  Data  Lc  IntQueue.o [1]
_xNormallyFullQueue          0xd214     0x4  Data  Lc  IntQueue.o [1]
_xNotifyArrayTaskFromISR
                        0xffc0'8e7a    0x84  Code  Gb  TaskNotifyArray.o [1]
_xNotifyTaskFromISR     0xffc0'7deb    0x89  Code  Gb  TaskNotify.o [1]
_xNotifyWhileSuspendedTimer
                               0x14     0x4  Data  Lc  TaskNotifyArray.o [1]
_xNumOfOverflows               0xa0     0x4  Data  Lc  tasks.o [1]
_xNumberOfSuccessfulAllocations
                             0xd204     0x4  Data  Lc  heap_4.o [1]
_xNumberOfSuccessfulFrees
                             0xd208     0x4  Data  Lc  heap_4.o [1]
_xOkToGiveCountingSemaphore
                             0xd178     0x4  Data  Lc  IntSemTest.o [1]
_xOkToGiveMutex              0xd174     0x4  Data  Lc  IntSemTest.o [1]
_xOneShotTimer                 0xec     0x4  Data  Lc  TimerDemo.o [1]
_xParameterEcho         0xffc0'0414    0x10  Data  Lc  Sample-CLI-commands.o [1]
_xParameters                 0xd1c8    0x18  Data  Lc  countsem.o [1]
_xPendedTicks                  0x98     0x4  Data  Lc  tasks.o [1]
_xPendingReadyList           0xceec    0x14  Data  Lc  tasks.o [1]
_xPortGetFreeHeapSize   0xffc0'254b     0x9  Code  Gb  heap_4.o [1]
_xPortGetMinimumEverFreeHeapSize
                        0xffc0'2554     0x9  Code  Gb  heap_4.o [1]
_xPortStartScheduler    0xffc0'2690    0x37  Code  Gb  port.o [1]
_xPrimaryCycles              0xd240     0x4  Data  Lc  blocktim.o [1]
_xQueryHeap             0xffc0'0424    0x10  Data  Lc  Sample-CLI-commands.o [1]
_xQueueCreateCountingSemaphore
                        0xffc0'3a91    0x7d  Code  Gb  queue.o [1]
_xQueueCreateMutex      0xffc0'3648   0x176  Code  Gb  queue.o [1]
_xQueueGenericCreate    0xffc0'34df    0x89  Code  Gb  queue.o [1]
_xQueueGenericReset     0xffc0'3470    0x6f  Code  Gb  queue.o [1]
_xQueueGenericSend      0xffc0'3b10   0x13d  Code  Gb  queue.o [1]
_xQueueGenericSendFromISR
                        0xffc0'3c4d    0xce  Code  Gb  queue.o [1]
_xQueueGiveFromISR      0xffc0'3d1b    0xb6  Code  Gb  queue.o [1]
_xQueueGiveMutexRecursive
                        0xffc0'37be   0x134  Code  Gb  queue.o [1]
_xQueueIsQueueFullFromISR
                        0xffc0'418a    0x16  Code  Gb  queue.o [1]
_xQueuePeek             0xffc0'3f20   0x124  Code  Gb  queue.o [1]
_xQueuePeekFromISR      0xffc0'40e2    0x72  Code  Gb  queue.o [1]
_xQueueReceive          0xffc0'3df8   0x124  Code  Gb  queue.o [1]
_xQueueReceiveFromISR   0xffc0'4044    0x9e  Code  Gb  queue.o [1]
_xQueueSemaphoreTake    0xffc0'38f8   0x164  Code  Gb  queue.o [1]
_xQueueTakeMutexRecursive
                        0xffc0'3a5c    0x35  Code  Gb  queue.o [1]
_xRegisteredCommands          0x154     0x8  Data  Lc  FreeRTOS_CLI.o [1]
_xRunIndicator               0xd27c     0x4  Data  Lc  blocktim.o [1]
_xRxQueue                    0xd2e4     0x4  Data  Lc  serial.o [1]
_xSchedulerRunning             0x94     0x4  Data  Lc  tasks.o [1]
_xSecondTimerHandler    0xffc0'4b3e   0x246  Code  Gb  IntQueue.o [1]
_xSecondary                  0xd278     0x4  Data  Lc  blocktim.o [1]
_xSecondaryCycles            0xd244     0x4  Data  Lc  blocktim.o [1]
_xSendNotificationFromISR
                               0x1c     0x4  Data  Lc  TaskNotifyArray.o [1]
_xSendingTask                0xd2e8     0x4  Data  Lc  serial.o [1]
_xSerialGetChar         0xffc0'9e10     0xb  Code  Gb  serial.o [1]
_xSerialPortInitMinimal
                        0xffc0'9d40    0x35  Code  Gb  serial.o [1]
_xSerialPutChar         0xffc0'9e1b    0x3c  Code  Gb  serial.o [1]
_xSerialSciHandle            0xd31c     0x4  Data  Gb  r_cg_hardware_setup.o [1]
_xSerialTxDtcInfo            0xd264    0x10  Data  Gb  r_cg_hardware_setup.o [1]
_xSlaveHandle                0xd310     0x4  Data  Lc  IntSemTest.o [1]
_xStart                      0xd2b4     0x8  Data  Lc  heap_4.o [1]
_xSuspendedQueueReceiveError
                             0xd1e8     0x4  Data  Lc  dynamic.o [1]
_xSuspendedQueueSendError
                             0xd1e4     0x4  Data  Lc  dynamic.o [1]
_xSuspendedTaskList          0xcf14    0x14  Data  Lc  tasks.o [1]
_xSuspendedTestQueue         0xd260     0x4  Data  Gb  dynamic.o [1]
_xSyncTask1                  0xd110     0x4  Data  Lc  EventGroupsDemo.o [1]
_xSyncTask2                  0xd114     0x4  Data  Lc  EventGroupsDemo.o [1]
_xTaskCheckForTimeOut   0xffc0'1a99    0x5e  Code  Gb  tasks.o [1]
_xTaskCreate            0xffc0'0a88   0x1dc  Code  Gb  tasks.o [1]
_xTaskDelayUntil        0xffc0'0cfc    0x9d  Code  Gb  tasks.o [1]
_xTaskGenericNotify     0xffc0'1fb8    0xde  Code  Gb  tasks.o [1]
_xTaskGenericNotifyFromISR
                        0xffc0'2096   0x11d  Code  Gb  tasks.o [1]
_xTaskGenericNotifyStateClear
                        0xffc0'2272    0x34  Code  Gb  tasks.o [1]
_xTaskGenericNotifyWait
                        0xffc0'1ed3    0xe5  Code  Gb  tasks.o [1]
_xTaskGetCurrentTaskHandle
                        0xffc0'1baa     0x8  Code  Gb  tasks.o [1]
_xTaskGetSchedulerState
                        0xffc0'1bb2    0x18  Code  Gb  tasks.o [1]
_xTaskGetTickCount      0xffc0'13d5     0x9  Code  Gb  tasks.o [1]
_xTaskGetTickCountFromISR
                        0xffc0'13de    0x18  Code  Gb  tasks.o [1]
_xTaskIncrementTick     0xffc0'1780    0xf7  Code  Gb  tasks.o [1]
_xTaskPriorityDisinherit
                        0xffc0'1c3c    0x67  Code  Gb  tasks.o [1]
_xTaskPriorityInherit   0xffc0'1bca    0x72  Code  Gb  tasks.o [1]
_xTaskRemoveFromEventList
                        0xffc0'19d0    0x61  Code  Gb  tasks.o [1]
_xTaskResumeAll         0xffc0'1310    0xc5  Code  Gb  tasks.o [1]
_xTaskStats             0xffc0'03f4    0x10  Data  Lc  Sample-CLI-commands.o [1]
_xTaskToNotify                 0xbc     0x4  Data  Lc  TaskNotify.o [1]
_xTaskToNotify                  0xc     0x4  Data  Lc  TaskNotifyArray.o [1]
_xTasksWaitingTermination
                             0xcf00    0x14  Data  Lc  tasks.o [1]
_xTestQueue                  0xd274     0x4  Data  Lc  blocktim.o [1]
_xTestStatus                   0xe4     0x4  Data  Lc  TimerDemo.o [1]
_xThreeParameterEcho    0xffc0'0404    0x10  Data  Lc  Sample-CLI-commands.o [1]
_xTickCount                    0x8c     0x4  Data  Lc  tasks.o [1]
_xTimer                        0xc8     0x4  Data  Lc  TaskNotify.o [1]
_xTimerCreate           0xffc0'2934    0x43  Code  Gb  timers.o [1]
_xTimerCreateTimerTask  0xffc0'28f9    0x3b  Code  Gb  timers.o [1]
_xTimerGenericCommand   0xffc0'2977    0x64  Code  Gb  timers.o [1]
_xTimerIsTimerActive    0xffc0'2cdf    0x1e  Code  Gb  timers.o [1]
_xTimerPendFunctionCallFromISR
                        0xffc0'2d2f    0x21  Code  Gb  timers.o [1]
_xTimerQueue                 0xd298     0x4  Data  Lc  timers.o [1]
_xTimerTaskHandle            0xd29c     0x4  Data  Lc  timers.o [1]
_xTxMutex                    0xd32c     0x4  Data  Lc  UARTCommandConsole.o [1]
_xWasSuspended                 0x5c     0x4  Data  Lc  IntQueue.o [1]
_xYieldPending                 0x9c     0x4  Data  Lc  tasks.o [1]
prvHelpCommand::pxCommand
                              0x150     0x4  Data  Lc  FreeRTOS_CLI.o [1]
prvNotifyingTimerCallback::uxIndexToNotify
                               0x28     0x4  Data  Lc  TaskNotifyArray.o [1]
prvOneShotTimerCallback::uxCallCount
                              0x108     0x4  Data  Lc  TimerDemo.o [1]
prvParameterEchoCommand::uxParameterNumber
                             0xd324     0x4  Data  Lc  Sample-CLI-commands.o [1]
prvSampleTimeNow::xLastTime
                             0xd2a0     0x4  Data  Lc  timers.o [1]
prvSuspendedTaskTimerTestCallback::ulCallCount
                               0xd0     0x4  Data  Lc  TaskNotify.o [1]
prvSuspendedTaskTimerTestCallback::ulCallCount
                               0x20     0x4  Data  Lc  TaskNotifyArray.o [1]
prvSuspendedTaskTimerTestCallback::uxIndexToNotify
                               0x24     0x4  Data  Lc  TaskNotifyArray.o [1]
prvThreeParameterEchoCommand::uxParameterNumber
                             0xd320     0x4  Data  Lc  Sample-CLI-commands.o [1]
prvUARTCommandConsoleTask::cInputString
                             0xd098    0x32  Data  Lc  UARTCommandConsole.o [1]
prvUARTCommandConsoleTask::cLastInputString
                             0xd0ca    0x32  Data  Lc  UARTCommandConsole.o [1]
vInterruptSemaphorePeriodicTest::xLastGiveTime
                             0xd17c     0x4  Data  Lc  IntSemTest.o [1]
vPeriodicEventGroupsProcessing::xCallCount
                             0xd118     0x4  Data  Lc  EventGroupsDemo.o [1]
vPeriodicEventGroupsProcessing::xISRTestError
                             0xd11c     0x4  Data  Lc  EventGroupsDemo.o [1]
vQueueOverwritePeriodicISRDemo::ulCallCount
                              0x168     0x4  Data  Lc  QueueOverwrite.o [1]
vQueueSendWhenSuspendedTask::ulValueToSend
                             0xd1f0     0x4  Data  Lc  dynamic.o [1]
vTimerPeriodicISRTests::uxTick
                              0x104     0x4  Data  Lc  TimerDemo.o [1]
xAreBlockTimeTestTasksStillRunning::xLastPrimaryCycleCount
                             0xd24c     0x4  Data  Lc  blocktim.o [1]
xAreBlockTimeTestTasksStillRunning::xLastSecondaryCycleCount
                             0xd250     0x4  Data  Lc  blocktim.o [1]
xAreBlockingQueuesStillRunning::sLastBlockingConsumerCount
                             0xd2f8     0x6  Data  Lc  BlockQ.o [1]
xAreBlockingQueuesStillRunning::sLastBlockingProducerCount
                             0xd2fe     0x6  Data  Lc  BlockQ.o [1]
xAreCountingSemaphoreTasksStillRunning::uxLastCount0
                             0xd284     0x4  Data  Lc  countsem.o [1]
xAreCountingSemaphoreTasksStillRunning::uxLastCount1
                             0xd288     0x4  Data  Lc  countsem.o [1]
xAreDynamicPriorityTasksStillRunning::ulLastExpectedValue
                             0xd1f4     0x4  Data  Lc  dynamic.o [1]
xAreDynamicPriorityTasksStillRunning::usLastTaskCheck
                             0xd1e2     0x2  Data  Lc  dynamic.o [1]
xAreEventGroupTasksStillRunning::ulPreviousISRCycles
                             0xd128     0x4  Data  Lc  EventGroupsDemo.o [1]
xAreEventGroupTasksStillRunning::ulPreviousSetBitCycles
                             0xd124     0x4  Data  Lc  EventGroupsDemo.o [1]
xAreEventGroupTasksStillRunning::ulPreviousWaitBitCycles
                             0xd120     0x4  Data  Lc  EventGroupsDemo.o [1]
xAreGenericQueueTasksStillRunning::ulLastLoopCounter
                             0xd1c0     0x4  Data  Lc  GenQTest.o [1]
xAreGenericQueueTasksStillRunning::ulLastLoopCounter2
                             0xd1c4     0x4  Data  Lc  GenQTest.o [1]
xAreIntQueueTasksStillRunning::uxLastHighPriorityLoops1
                               0x70     0x4  Data  Lc  IntQueue.o [1]
xAreIntQueueTasksStillRunning::uxLastHighPriorityLoops2
                               0x74     0x4  Data  Lc  IntQueue.o [1]
xAreIntQueueTasksStillRunning::uxLastLowPriorityLoops1
                               0x78     0x4  Data  Lc  IntQueue.o [1]
xAreIntQueueTasksStillRunning::uxLastLowPriorityLoops2
                               0x7c     0x4  Data  Lc  IntQueue.o [1]
xAreInterruptSemaphoreTasksStillRunning::ulLastCountingSemaphoreLoops
                             0xd184     0x4  Data  Lc  IntSemTest.o [1]
xAreInterruptSemaphoreTasksStillRunning::ulLastMasterLoopCounter
                             0xd180     0x4  Data  Lc  IntSemTest.o [1]
xAreRecursiveMutexTasksStillRunning::uxLastBlockingCycles
                             0xd1a4     0x4  Data  Lc  recmutex.o [1]
xAreRecursiveMutexTasksStillRunning::uxLastControllingCycles
                             0xd1a0     0x4  Data  Lc  recmutex.o [1]
xAreRecursiveMutexTasksStillRunning::uxLastPollingCycles
                             0xd1a8     0x4  Data  Lc  recmutex.o [1]
xAreSemaphoreTasksStillRunning::sLastCheckVariables
                             0xd2dc     0x8  Data  Lc  semtest.o [1]
xAreTaskNotificationArrayTasksStillRunning::ulCallCount
                               0x3c     0x4  Data  Lc  TaskNotifyArray.o [1]
xAreTaskNotificationArrayTasksStillRunning::ulLastCourseCycleCount
                               0x38     0x4  Data  Lc  TaskNotifyArray.o [1]
xAreTaskNotificationArrayTasksStillRunning::ulLastFineCycleCount
                               0x34     0x4  Data  Lc  TaskNotifyArray.o [1]
xAreTaskNotificationArrayTasksStillRunning::xErrorStatus
                               0x40     0x4  Data  Lc  TaskNotifyArray.o [1]
xAreTaskNotificationTasksStillRunning::ulLastNotifyCycleCount
                               0xdc     0x4  Data  Lc  TaskNotify.o [1]
xAreTimerDemoTasksStillRunning::ulLastLoopCounter
                               0xfc     0x4  Data  Lc  TimerDemo.o [1]
xAreTimerDemoTasksStillRunning::xIterationsWithoutCounterIncrement
                              0x100     0x4  Data  Lc  TimerDemo.o [1]
xAreTimerDemoTasksStillRunning::xLastCycleFrequency
                             0xd328     0x4  Data  Lc  TimerDemo.o [1]
xFirstTimerHandler::uxNextOperation
                               0x68     0x4  Data  Lc  IntQueue.o [1]
xIsCreateTaskStillRunning::usLastCreationCount
                              0x16e     0x2  Data  Lc  death.o [1]
xNotifyArrayTaskFromISR::uxIndexToNotify
                               0x30     0x4  Data  Lc  TaskNotifyArray.o [1]
xNotifyArrayTaskFromISR::xAPIToUse
                               0x2c     0x4  Data  Lc  TaskNotifyArray.o [1]
xNotifyTaskFromISR::xAPIToUse
                               0xd8     0x4  Data  Lc  TaskNotify.o [1]
xNotifyTaskFromISR::xCallCount
                               0xd4     0x4  Data  Lc  TaskNotify.o [1]
xSecondTimerHandler::uxNextOperation
                               0x6c     0x4  Data  Lc  IntQueue.o [1]


[1] = C:\Renesas\GitHubDesktop\work\FreeRTOS\FreeRTOS\Demo\RX700_RX72N_EnvisionKit_IAR_e2studio_EWRX\Debug\Obj
[2] = dbgrxdllnd.a
[3] = dlrxdlln.a
[4] = rtrx3dll.a

  50'516 bytes of readonly  code memory
   4'129 bytes of readonly  data memory
  55'090 bytes of readwrite data memory

Errors: none
Warnings: 2
