###############################################################################
#
# IAR ELF Linker V4.14.1.5408 for Renesas RX              07/Oct/2020  19:06:51
# Copyright 2009-2019 IAR Systems AB.
#
#    Output file  =
#        C:\Renesas\GitHubDesktop\work\FreeRTOS\FreeRTOS\Demo\RX700_RX72N_EnvisionKit_IAR_e2studio_EWRX\Debug\Exe\RTOSDemo.out
#    Map file     =
#        C:\Renesas\GitHubDesktop\work\FreeRTOS\FreeRTOS\Demo\RX700_RX72N_EnvisionKit_IAR_e2studio_EWRX\Debug\List\RTOSDemo.map
#    Command line =
#        -f C:\Users\UserName\AppData\Local\Temp\EWFBA9.tmp
#        (C:\Renesas\GitHubDesktop\work\FreeRTOS\FreeRTOS\Demo\RX700_RX72N_EnvisionKit_IAR_e2studio_EWRX\Debug\Obj\BlockQ.o
#        C:\Renesas\GitHubDesktop\work\FreeRTOS\FreeRTOS\Demo\RX700_RX72N_EnvisionKit_IAR_e2studio_EWRX\Debug\Obj\blocktim.o
#        C:\Renesas\GitHubDesktop\work\FreeRTOS\FreeRTOS\Demo\RX700_RX72N_EnvisionKit_IAR_e2studio_EWRX\Debug\Obj\countsem.o
#        C:\Renesas\GitHubDesktop\work\FreeRTOS\FreeRTOS\Demo\RX700_RX72N_EnvisionKit_IAR_e2studio_EWRX\Debug\Obj\death.o
#        C:\Renesas\GitHubDesktop\work\FreeRTOS\FreeRTOS\Demo\RX700_RX72N_EnvisionKit_IAR_e2studio_EWRX\Debug\Obj\dynamic.o
#        C:\Renesas\GitHubDesktop\work\FreeRTOS\FreeRTOS\Demo\RX700_RX72N_EnvisionKit_IAR_e2studio_EWRX\Debug\Obj\event_groups.o
#        C:\Renesas\GitHubDesktop\work\FreeRTOS\FreeRTOS\Demo\RX700_RX72N_EnvisionKit_IAR_e2studio_EWRX\Debug\Obj\EventGroupsDemo.o
#        C:\Renesas\GitHubDesktop\work\FreeRTOS\FreeRTOS\Demo\RX700_RX72N_EnvisionKit_IAR_e2studio_EWRX\Debug\Obj\FIT_patch.o
#        C:\Renesas\GitHubDesktop\work\FreeRTOS\FreeRTOS\Demo\RX700_RX72N_EnvisionKit_IAR_e2studio_EWRX\Debug\Obj\flop.o
#        C:\Renesas\GitHubDesktop\work\FreeRTOS\FreeRTOS\Demo\RX700_RX72N_EnvisionKit_IAR_e2studio_EWRX\Debug\Obj\FreeRTOS_CLI.o
#        C:\Renesas\GitHubDesktop\work\FreeRTOS\FreeRTOS\Demo\RX700_RX72N_EnvisionKit_IAR_e2studio_EWRX\Debug\Obj\freertos_object_init.o
#        C:\Renesas\GitHubDesktop\work\FreeRTOS\FreeRTOS\Demo\RX700_RX72N_EnvisionKit_IAR_e2studio_EWRX\Debug\Obj\freertos_start.o
#        C:\Renesas\GitHubDesktop\work\FreeRTOS\FreeRTOS\Demo\RX700_RX72N_EnvisionKit_IAR_e2studio_EWRX\Debug\Obj\GenQTest.o
#        C:\Renesas\GitHubDesktop\work\FreeRTOS\FreeRTOS\Demo\RX700_RX72N_EnvisionKit_IAR_e2studio_EWRX\Debug\Obj\heap_4.o
#        C:\Renesas\GitHubDesktop\work\FreeRTOS\FreeRTOS\Demo\RX700_RX72N_EnvisionKit_IAR_e2studio_EWRX\Debug\Obj\hwsetup.o
#        C:\Renesas\GitHubDesktop\work\FreeRTOS\FreeRTOS\Demo\RX700_RX72N_EnvisionKit_IAR_e2studio_EWRX\Debug\Obj\IntQueue.o
#        C:\Renesas\GitHubDesktop\work\FreeRTOS\FreeRTOS\Demo\RX700_RX72N_EnvisionKit_IAR_e2studio_EWRX\Debug\Obj\IntQueueTimer.o
#        C:\Renesas\GitHubDesktop\work\FreeRTOS\FreeRTOS\Demo\RX700_RX72N_EnvisionKit_IAR_e2studio_EWRX\Debug\Obj\IntSemTest.o
#        C:\Renesas\GitHubDesktop\work\FreeRTOS\FreeRTOS\Demo\RX700_RX72N_EnvisionKit_IAR_e2studio_EWRX\Debug\Obj\list.o
#        C:\Renesas\GitHubDesktop\work\FreeRTOS\FreeRTOS\Demo\RX700_RX72N_EnvisionKit_IAR_e2studio_EWRX\Debug\Obj\lowlvl.o
#        C:\Renesas\GitHubDesktop\work\FreeRTOS\FreeRTOS\Demo\RX700_RX72N_EnvisionKit_IAR_e2studio_EWRX\Debug\Obj\main_blinky.o
#        C:\Renesas\GitHubDesktop\work\FreeRTOS\FreeRTOS\Demo\RX700_RX72N_EnvisionKit_IAR_e2studio_EWRX\Debug\Obj\main_full.o
#        C:\Renesas\GitHubDesktop\work\FreeRTOS\FreeRTOS\Demo\RX700_RX72N_EnvisionKit_IAR_e2studio_EWRX\Debug\Obj\mcu_clocks.o
#        C:\Renesas\GitHubDesktop\work\FreeRTOS\FreeRTOS\Demo\RX700_RX72N_EnvisionKit_IAR_e2studio_EWRX\Debug\Obj\mcu_init.o
#        C:\Renesas\GitHubDesktop\work\FreeRTOS\FreeRTOS\Demo\RX700_RX72N_EnvisionKit_IAR_e2studio_EWRX\Debug\Obj\mcu_interrupts.o
#        C:\Renesas\GitHubDesktop\work\FreeRTOS\FreeRTOS\Demo\RX700_RX72N_EnvisionKit_IAR_e2studio_EWRX\Debug\Obj\mcu_locks.o
#        C:\Renesas\GitHubDesktop\work\FreeRTOS\FreeRTOS\Demo\RX700_RX72N_EnvisionKit_IAR_e2studio_EWRX\Debug\Obj\mcu_mapped_interrupts.o
#        C:\Renesas\GitHubDesktop\work\FreeRTOS\FreeRTOS\Demo\RX700_RX72N_EnvisionKit_IAR_e2studio_EWRX\Debug\Obj\port.o
#        C:\Renesas\GitHubDesktop\work\FreeRTOS\FreeRTOS\Demo\RX700_RX72N_EnvisionKit_IAR_e2studio_EWRX\Debug\Obj\queue.o
#        C:\Renesas\GitHubDesktop\work\FreeRTOS\FreeRTOS\Demo\RX700_RX72N_EnvisionKit_IAR_e2studio_EWRX\Debug\Obj\QueueOverwrite.o
#        C:\Renesas\GitHubDesktop\work\FreeRTOS\FreeRTOS\Demo\RX700_RX72N_EnvisionKit_IAR_e2studio_EWRX\Debug\Obj\r_bsp_common.o
#        C:\Renesas\GitHubDesktop\work\FreeRTOS\FreeRTOS\Demo\RX700_RX72N_EnvisionKit_IAR_e2studio_EWRX\Debug\Obj\r_bsp_cpu.o
#        C:\Renesas\GitHubDesktop\work\FreeRTOS\FreeRTOS\Demo\RX700_RX72N_EnvisionKit_IAR_e2studio_EWRX\Debug\Obj\r_bsp_interrupts.o
#        C:\Renesas\GitHubDesktop\work\FreeRTOS\FreeRTOS\Demo\RX700_RX72N_EnvisionKit_IAR_e2studio_EWRX\Debug\Obj\r_bsp_locking.o
#        C:\Renesas\GitHubDesktop\work\FreeRTOS\FreeRTOS\Demo\RX700_RX72N_EnvisionKit_IAR_e2studio_EWRX\Debug\Obj\r_bsp_mcu_startup.o
#        C:\Renesas\GitHubDesktop\work\FreeRTOS\FreeRTOS\Demo\RX700_RX72N_EnvisionKit_IAR_e2studio_EWRX\Debug\Obj\r_bsp_software_interrupt.o
#        C:\Renesas\GitHubDesktop\work\FreeRTOS\FreeRTOS\Demo\RX700_RX72N_EnvisionKit_IAR_e2studio_EWRX\Debug\Obj\r_byteq.o
#        C:\Renesas\GitHubDesktop\work\FreeRTOS\FreeRTOS\Demo\RX700_RX72N_EnvisionKit_IAR_e2studio_EWRX\Debug\Obj\r_cg_hardware_setup.o
#        C:\Renesas\GitHubDesktop\work\FreeRTOS\FreeRTOS\Demo\RX700_RX72N_EnvisionKit_IAR_e2studio_EWRX\Debug\Obj\r_dtc_rx.o
#        C:\Renesas\GitHubDesktop\work\FreeRTOS\FreeRTOS\Demo\RX700_RX72N_EnvisionKit_IAR_e2studio_EWRX\Debug\Obj\r_dtc_rx_target.o
#        C:\Renesas\GitHubDesktop\work\FreeRTOS\FreeRTOS\Demo\RX700_RX72N_EnvisionKit_IAR_e2studio_EWRX\Debug\Obj\r_gpio_rx.o
#        C:\Renesas\GitHubDesktop\work\FreeRTOS\FreeRTOS\Demo\RX700_RX72N_EnvisionKit_IAR_e2studio_EWRX\Debug\Obj\r_gpio_rx72n.o
#        C:\Renesas\GitHubDesktop\work\FreeRTOS\FreeRTOS\Demo\RX700_RX72N_EnvisionKit_IAR_e2studio_EWRX\Debug\Obj\r_rx_intrinsic_functions.o
#        C:\Renesas\GitHubDesktop\work\FreeRTOS\FreeRTOS\Demo\RX700_RX72N_EnvisionKit_IAR_e2studio_EWRX\Debug\Obj\r_sci_rx.o
#        C:\Renesas\GitHubDesktop\work\FreeRTOS\FreeRTOS\Demo\RX700_RX72N_EnvisionKit_IAR_e2studio_EWRX\Debug\Obj\r_sci_rx72n.o
#        C:\Renesas\GitHubDesktop\work\FreeRTOS\FreeRTOS\Demo\RX700_RX72N_EnvisionKit_IAR_e2studio_EWRX\Debug\Obj\r_sci_rx72n_data.o
#        C:\Renesas\GitHubDesktop\work\FreeRTOS\FreeRTOS\Demo\RX700_RX72N_EnvisionKit_IAR_e2studio_EWRX\Debug\Obj\r_sci_rx_pinset.o
#        C:\Renesas\GitHubDesktop\work\FreeRTOS\FreeRTOS\Demo\RX700_RX72N_EnvisionKit_IAR_e2studio_EWRX\Debug\Obj\r_smc_cgc.o
#        C:\Renesas\GitHubDesktop\work\FreeRTOS\FreeRTOS\Demo\RX700_RX72N_EnvisionKit_IAR_e2studio_EWRX\Debug\Obj\r_smc_cgc_user.o
#        C:\Renesas\GitHubDesktop\work\FreeRTOS\FreeRTOS\Demo\RX700_RX72N_EnvisionKit_IAR_e2studio_EWRX\Debug\Obj\r_smc_interrupt.o
#        C:\Renesas\GitHubDesktop\work\FreeRTOS\FreeRTOS\Demo\RX700_RX72N_EnvisionKit_IAR_e2studio_EWRX\Debug\Obj\recmutex.o
#        C:\Renesas\GitHubDesktop\work\FreeRTOS\FreeRTOS\Demo\RX700_RX72N_EnvisionKit_IAR_e2studio_EWRX\Debug\Obj\resetprg.o
#        C:\Renesas\GitHubDesktop\work\FreeRTOS\FreeRTOS\Demo\RX700_RX72N_EnvisionKit_IAR_e2studio_EWRX\Debug\Obj\Sample-CLI-commands.o
#        C:\Renesas\GitHubDesktop\work\FreeRTOS\FreeRTOS\Demo\RX700_RX72N_EnvisionKit_IAR_e2studio_EWRX\Debug\Obj\semtest.o
#        C:\Renesas\GitHubDesktop\work\FreeRTOS\FreeRTOS\Demo\RX700_RX72N_EnvisionKit_IAR_e2studio_EWRX\Debug\Obj\serial.o
#        C:\Renesas\GitHubDesktop\work\FreeRTOS\FreeRTOS\Demo\RX700_RX72N_EnvisionKit_IAR_e2studio_EWRX\Debug\Obj\TaskNotify.o
#        C:\Renesas\GitHubDesktop\work\FreeRTOS\FreeRTOS\Demo\RX700_RX72N_EnvisionKit_IAR_e2studio_EWRX\Debug\Obj\TaskNotifyArray.o
#        C:\Renesas\GitHubDesktop\work\FreeRTOS\FreeRTOS\Demo\RX700_RX72N_EnvisionKit_IAR_e2studio_EWRX\Debug\Obj\tasks.o
#        C:\Renesas\GitHubDesktop\work\FreeRTOS\FreeRTOS\Demo\RX700_RX72N_EnvisionKit_IAR_e2studio_EWRX\Debug\Obj\TimerDemo.o
#        C:\Renesas\GitHubDesktop\work\FreeRTOS\FreeRTOS\Demo\RX700_RX72N_EnvisionKit_IAR_e2studio_EWRX\Debug\Obj\timers.o
#        C:\Renesas\GitHubDesktop\work\FreeRTOS\FreeRTOS\Demo\RX700_RX72N_EnvisionKit_IAR_e2studio_EWRX\Debug\Obj\u_sci_rx_ext.o
#        C:\Renesas\GitHubDesktop\work\FreeRTOS\FreeRTOS\Demo\RX700_RX72N_EnvisionKit_IAR_e2studio_EWRX\Debug\Obj\UARTCommandConsole.o
#        C:\Renesas\GitHubDesktop\work\FreeRTOS\FreeRTOS\Demo\RX700_RX72N_EnvisionKit_IAR_e2studio_EWRX\Debug\Obj\vecttbl.o
#        --no_out_extension -o
#        C:\Renesas\GitHubDesktop\work\FreeRTOS\FreeRTOS\Demo\RX700_RX72N_EnvisionKit_IAR_e2studio_EWRX\Debug\Exe\RTOSDemo.out
#        --map
#        C:\Renesas\GitHubDesktop\work\FreeRTOS\FreeRTOS\Demo\RX700_RX72N_EnvisionKit_IAR_e2studio_EWRX\Debug\List\RTOSDemo.map
#        --log
#        libraries,initialization,modules,redirects,sections,veneers,unused_fragments,call_graph
#        --log_file
#        C:\Renesas\GitHubDesktop\work\FreeRTOS\FreeRTOS\Demo\RX700_RX72N_EnvisionKit_IAR_e2studio_EWRX\Debug\List\RTOSDemo.log
#        --config C:\Renesas\EWB\8.4\rx\CONFIG\lnkr5f572nn.icf --remarks
#        --config_def _USTACK_SIZE=0 --config_def _ISTACK_SIZE=0x400
#        --config_def _HEAP_SIZE=0 --entry __iar_program_start --debug_lib
#        --vfe --enable_stack_usage --option_mem=2 --text_out locale)
#
###############################################################################

*******************************************************************************
*** MESSAGES
***

Warning[Ls016]: [stack usage analysis] the program contains at least one
          indirect call. Example: from "_R_BSP_InterruptControl". A complete
          list of such functions is in the map file.
Warning[Ls017]: [stack usage analysis] the program contains at least one
          instance of recursion for which stack usage analysis has not been
          able to calculate a maximum stack depth. One function involved is
          "_xTaskResumeAll". A complete list of all recursion nests is in the
          map file.


*******************************************************************************
*** RUNTIME MODEL ATTRIBUTES
***

__SystemLibrary            = DLib
__calling_conv             = abi10
__core                     = 3
__dlib_file_descriptor     = 0
__dlib_full_locale_support = 0
__dlib_version             = 6
__double_size              = 64
__endian                   = l
__enum_size                = var
__fpu                      = 2
__int_size                 = 32
__lock_R10                 = 0
__lock_R11                 = 0
__lock_R12                 = 0
__lock_R13                 = 0
__lock_R8                  = 0
__lock_R9                  = 0
__rt_version               = 5


*******************************************************************************
*** HEAP SELECTION
***

The basic heap was selected because some modules are built with
size limitations (and not runtime checking), and --advanced_heap
was not specified.


*******************************************************************************
*** PLACEMENT SUMMARY
***

"A0":  place at address 0xfe7f'5d00 { ro section .option_mem };
"A1":  place at address 0xffff'fffc { ro section .resetvect };
"A2":  place at address 0xffff'ff80 { ro section .exceptvect };
"ROM24":
       place in [from 0xffc0'0000 to 0xffff'ffff] {
          ro section .code24*, ro section .data24* };
"RAM24":
       place in [from 0x4 to 0x7'ffff] |
                [from 0x80'0000 to 0x87'ffff] { rw section .data24* };
"ROM32":
       place in [from 0xffc0'0000 to 0xffff'ffff] { ro };
define block USTACK with size = 0, alignment = 4 { };
define block ISTACK with size = 1K, alignment = 4 { };
define block STACKS with fixed order { block USTACK, block ISTACK };
"STACKS":
       place at end of [from 0x4 to 0x7'ffff] { block STACKS };
initialize by copy { rw, ro section D, ro section D_1, ro section D_2 };

No sections matched the following patterns:

  ro section .code16*          in "ROM16"
  ro section .code24*          in "ROM24"
  ro section .data16*          in "ROM16"
  ro section .dataflash*       in "DATAFLASH"
  ro section D                 in "RAM32"
  ro section D_1               in "RAM32"
  ro section D_2               in "RAM32"
  rw section .data16*          in "RAM16"
  rw section .stdby*           in "STDBY"
  rw section __DLIB_PERTHREAD  in "RAM16"


  Section            Kind         Address    Size  Object
  -------            ----         -------    ----  ------
"RAM24", part 1 of 2:                       0x140
  RAM24 s0                            0x4   0x140  <Init block>
    .data24.data     inited           0x4    0x40  TaskNotifyArray.o [1]
    .data24.data     inited          0x44    0x3c  IntQueue.o [1]
    .data24.data     inited          0x80    0x2c  TaskNotify.o [1]
    .data24.data     inited          0xac    0x2c  TimerDemo.o [1]
    .data24.data     inited          0xd8    0x20  r_sci_rx72n_data.o [1]
    .data24.data     inited          0xf8    0x20  r_sci_rx72n_data.o [1]
    .data24.data     inited         0x118    0x10  FreeRTOS_CLI.o [1]
    .data24.data     inited         0x128    0x10  QueueOverwrite.o [1]
    .data24.data     inited         0x138     0x8  death.o [1]
    .data24.data     inited         0x140     0x4  FreeRTOS_CLI.o [1]
                                  - 0x144   0x140

"RAM24", part 2 of 2:                      0xd1f0
  .data24.bss        zero           0x144  0xb800  heap_4.o [1]
  .data24.bss        zero          0xb944   0xdac  FreeRTOS_CLI.o [1]
  .data24.bss        zero          0xc6f0   0x210  mcu_locks.o [1]
  .data24.bss        zero          0xc900   0x1b0  r_bsp_interrupts.o [1]
  .data24.bss        zero          0xcab0   0x180  r_byteq.o [1]
  .data24.bss        zero          0xcc30    0xc8  IntQueue.o [1]
  .data24.bss        zero          0xccf8    0xc8  IntQueue.o [1]
  .data24.bss        zero          0xcdc0    0x8c  tasks.o [1]
  .data24.bss        zero          0xce4c    0x6c  r_bsp_software_interrupt.o [1]
  .data24.bss        zero          0xceb8    0x6c  tasks.o [1]
  .data24.bss        zero          0xcf24    0x50  r_sci_rx.o [1]
  .data24.bss        zero          0xcf74    0x50  r_sci_rx.o [1]
  .data24.bss        zero          0xcfc4    0x50  r_sci_rx.o [1]
  .data24.bss        zero          0xd014    0x50  r_sci_rx.o [1]
  .data24.bss        zero          0xd064    0x32  UARTCommandConsole.o [1]
  .data24.bss        zero          0xd096    0x32  UARTCommandConsole.o [1]
  .data24.bss        zero          0xd0c8    0x30  EventGroupsDemo.o [1]
  .data24.bss        zero          0xd0f8    0x30  tasks.o [1]
  .data24.bss        zero          0xd128    0x30  timers.o [1]
  .data24.bss        zero          0xd158    0x2c  IntSemTest.o [1]
  .data24.bss        zero          0xd184    0x24  recmutex.o [1]
  .data24.bss        zero          0xd1a8    0x1c  GenQTest.o [1]
  .data24.bss        zero          0xd1c4    0x18  countsem.o [1]
  .data24.bss        zero          0xd1dc    0x18  dynamic.o [1]
  .data24.bss        zero          0xd1f4    0x18  heap_4.o [1]
  .data24.bss        zero          0xd20c    0x18  IntQueue.o [1]
  .data24.bss        zero          0xd224    0x18  TimerDemo.o [1]
  .data24.bss        zero          0xd23c    0x14  blocktim.o [1]
  .data24.bss        zero          0xd250    0x10  dynamic.o [1]
  .data24.bss        zero          0xd260    0x10  r_cg_hardware_setup.o [1]
  .data24.bss        zero          0xd270     0xc  blocktim.o [1]
  .data24.bss        zero          0xd27c     0xc  countsem.o [1]
  .data24.bss        zero          0xd288     0xc  recmutex.o [1]
  .data24.bss        zero          0xd294     0xc  timers.o [1]
  .data24.bss        zero          0xd2a0     0x8  flop.o [1]
  .data24.bss        zero          0xd2a8     0x8  GenQTest.o [1]
  .data24.bss        zero          0xd2b0     0x8  heap_4.o [1]
  .data24.bss        zero          0xd2b8     0x8  main_full.o [1]
  .data24.bss        zero          0xd2c0     0x8  r_bsp_cpu.o [1]
  .data24.bss        zero          0xd2c8     0x8  r_dtc_rx.o [1]
  .data24.bss        zero          0xd2d0     0x8  semtest.o [1]
  .data24.bss        zero          0xd2d8     0x8  semtest.o [1]
  .data24.bss        zero          0xd2e0     0x8  serial.o [1]
  .data24.bss        zero          0xd2e8     0x6  BlockQ.o [1]
  .data24.bss        zero          0xd2ee     0x6  BlockQ.o [1]
  .data24.bss        zero          0xd2f4     0x6  BlockQ.o [1]
  .data24.bss        zero          0xd2fa     0x6  BlockQ.o [1]
  .data24.bss        zero          0xd300     0x6  TimerDemo.o [1]
  .data24.bss        zero          0xd306     0x2  semtest.o [1]
  .data24.bss        zero          0xd308     0x4  death.o [1]
  .data24.bss        zero          0xd30c     0x4  IntSemTest.o [1]
  .data24.bss        zero          0xd310     0x4  port.o [1]
  .data24.bss        zero          0xd314     0x4  r_bsp_software_interrupt.o [1]
  .data24.bss        zero          0xd318     0x4  r_cg_hardware_setup.o [1]
  .data24.bss        zero          0xd31c     0x4  Sample-CLI-commands.o [1]
  .data24.bss        zero          0xd320     0x4  Sample-CLI-commands.o [1]
  .data24.bss        zero          0xd324     0x4  TimerDemo.o [1]
  .data24.bss        zero          0xd328     0x4  UARTCommandConsole.o [1]
  .data24.bss        zero          0xd32c     0x1  r_bsp_software_interrupt.o [1]
  .data24.bss        zero          0xd32d     0x1  r_bsp_software_interrupt.o [1]
  .data24.bss        zero          0xd32e     0x1  r_bsp_software_interrupt.o [1]
  .data24.bss        zero          0xd32f     0x1  r_bsp_software_interrupt.o [1]
  .data24.bss        zero          0xd330     0x1  r_byteq.o [1]
  .data24.bss        zero          0xd331     0x1  r_dtc_rx.o [1]
                                 - 0xd332  0xd1ee

"STACKS":                                   0x400
  STACKS                         0x7'fc00   0x400  <Block>
    USTACK                       0x7'fc00     0x0  <Block>
    ISTACK                       0x7'fc00   0x400  <Block>
      ISTACK         uninit      0x7'fc00   0x400  <Block tail>
                               - 0x8'0000   0x400

"A0":                                        0x74
  .option_mem        const    0xfe7f'5d00    0x74  option_mem.o [4]
                            - 0xfe7f'5d74    0x74

"ROM24", part 1 of 2:                       0xa73
  .data24.rodata     const    0xffc0'0000    0xcc  r_dtc_rx_target.o [1]
  .data24.rodata     const    0xffc0'00cc    0x61  Sample-CLI-commands.o [1]
  .data24.rodata     const    0xffc0'012d    0x4b  Sample-CLI-commands.o [1]
  .data24.rodata     const    0xffc0'0178    0x58  FreeRTOS_CLI.o [1]
  .data24.rodata     const    0xffc0'01d0    0x56  Sample-CLI-commands.o [1]
  .data24.rodata     const    0xffc0'0226    0x52  Sample-CLI-commands.o [1]
  .data24.rodata     const    0xffc0'0278    0x54  Sample-CLI-commands.o [1]
  .data24.rodata     const    0xffc0'02cc    0x50  FreeRTOS_CLI.o [1]
  .data24.rodata     const    0xffc0'031c    0x50  UARTCommandConsole.o [1]
  .data24.rodata     const    0xffc0'036c    0x44  r_sci_rx72n_data.o [1]
  .data24.rodata     const    0xffc0'03b0    0x44  r_sci_rx72n_data.o [1]
  .data24.rodata     const    0xffc0'03f4    0x40  Sample-CLI-commands.o [1]
  .data24.rodata     const    0xffc0'0434    0x3e  Sample-CLI-commands.o [1]
  .data24.rodata     const    0xffc0'0472    0x39  UARTCommandConsole.o [1]
  .data24.rodata     const    0xffc0'04ab    0x2d  main_full.o [1]
  .data24.rodata     const    0xffc0'04d8    0x36  r_sci_rx72n_data.o [1]
  .data24.rodata     const    0xffc0'050e    0x26  main_full.o [1]
  .data24.rodata     const    0xffc0'0534    0x34  r_sci_rx72n_data.o [1]
  .data24.rodata     const    0xffc0'0568    0x30  FreeRTOS_CLI.o [1]
  .data24.rodata     const    0xffc0'0598    0x29  main_full.o [1]
  .data24.rodata     const    0xffc0'05c1    0x27  main_full.o [1]
  .data24.rodata     const    0xffc0'05e8    0x28  main_full.o [1]
  .data24.rodata     const    0xffc0'0610    0x25  main_full.o [1]
  .data24.rodata     const    0xffc0'0635    0x25  main_full.o [1]
  .data24.rodata     const    0xffc0'065a    0x25  main_full.o [1]
  .data24.rodata     const    0xffc0'067f    0x21  main_full.o [1]
  .data24.rodata     const    0xffc0'06a0    0x24  main_full.o [1]
  .data24.rodata     const    0xffc0'06c4    0x23  main_full.o [1]
  .data24.rodata     const    0xffc0'06e7    0x22  main_full.o [1]
  .data24.rodata     const    0xffc0'0709    0x1f  main_full.o [1]
  .data24.rodata     const    0xffc0'0728    0x20  main_full.o [1]
  .data24.rodata     const    0xffc0'0748    0x1d  Sample-CLI-commands.o [1]
  .data24.rodata     const    0xffc0'0765    0x1b  freertos_start.o [1]
  .data24.rodata     const    0xffc0'0780    0x1b  main_full.o [1]
  .data24.rodata     const    0xffc0'079b    0x1a  main_full.o [1]
  .data24.rodata     const    0xffc0'07b5    0x1a  main_full.o [1]
  .data24.rodata     const    0xffc0'07cf    0x1a  main_full.o [1]
  .data24.rodata     const    0xffc0'07e9    0x17  Sample-CLI-commands.o [1]
  .data24.rodata     const    0xffc0'0800    0x13  freertos_start.o [1]
  .data24.rodata     const    0xffc0'0813    0x12  Sample-CLI-commands.o [1]
  .data24.rodata     const    0xffc0'0825    0x11  freertos_start.o [1]
  .data24.rodata     const    0xffc0'0836     0xe  TimerDemo.o [1]
  .data24.rodata     const    0xffc0'0844    0x10  FreeRTOS_CLI.o [1]
  .data24.rodata     const    0xffc0'0854    0x10  Sample-CLI-commands.o [1]
  .data24.rodata     const    0xffc0'0864     0xf  tasks.o [1]
  .data24.rodata     const    0xffc0'0873     0xd  TaskNotify.o [1]
  .data24.rodata     const    0xffc0'0880     0xd  TaskNotifyArray.o [1]
  .data24.rodata     const    0xffc0'088d     0xd  TaskNotifyArray.o [1]
  .data24.rodata     const    0xffc0'089a     0x6  EventGroupsDemo.o [1]
  .data24.rodata     const    0xffc0'08a0     0xc  mcu_clocks.o [1]
  .data24.rodata     const    0xffc0'08ac     0xb  Sample-CLI-commands.o [1]
  .data24.rodata     const    0xffc0'08b7     0xb  Sample-CLI-commands.o [1]
  .data24.rodata     const    0xffc0'08c2     0x9  TaskNotify.o [1]
  .data24.rodata     const    0xffc0'08cb     0x9  TaskNotify.o [1]
  .data24.rodata     const    0xffc0'08d4     0x9  TaskNotifyArray.o [1]
  .data24.rodata     const    0xffc0'08dd     0x9  TimerDemo.o [1]
  .data24.rodata     const    0xffc0'08e6     0x6  flop.o [1]
  .data24.rodata     const    0xffc0'08ec     0x8  BlockQ.o [1]
  .data24.rodata     const    0xffc0'08f4     0x8  BlockQ.o [1]
  .data24.rodata     const    0xffc0'08fc     0x8  BlockQ.o [1]
  .data24.rodata     const    0xffc0'0904     0x8  BlockQ.o [1]
  .data24.rodata     const    0xffc0'090c     0x8  BlockQ.o [1]
  .data24.rodata     const    0xffc0'0914     0x8  BlockQ.o [1]
  .data24.rodata     const    0xffc0'091c     0x8  death.o [1]
  .data24.rodata     const    0xffc0'0924     0x8  death.o [1]
  .data24.rodata     const    0xffc0'092c     0x8  death.o [1]
  .data24.rodata     const    0xffc0'0934     0x8  dynamic.o [1]
  .data24.rodata     const    0xffc0'093c     0x8  dynamic.o [1]
  .data24.rodata     const    0xffc0'0944     0x8  dynamic.o [1]
  .data24.rodata     const    0xffc0'094c     0x8  dynamic.o [1]
  .data24.rodata     const    0xffc0'0954     0x8  semtest.o [1]
  .data24.rodata     const    0xffc0'095c     0x8  semtest.o [1]
  .data24.rodata     const    0xffc0'0964     0x8  semtest.o [1]
  .data24.rodata     const    0xffc0'096c     0x8  semtest.o [1]
  .data24.rodata     const    0xffc0'0974     0x8  TimerDemo.o [1]
  .data24.rodata     const    0xffc0'097c     0x8  timers.o [1]
  .data24.rodata     const    0xffc0'0984     0x7  blocktim.o [1]
  .data24.rodata     const    0xffc0'098b     0x7  blocktim.o [1]
  .data24.rodata     const    0xffc0'0992     0x7  dynamic.o [1]
  .data24.rodata     const    0xffc0'0999     0x7  GenQTest.o [1]
  .data24.rodata     const    0xffc0'09a0     0x7  IntSemTest.o [1]
  .data24.rodata     const    0xffc0'09a7     0x7  IntSemTest.o [1]
  .data24.rodata     const    0xffc0'09ae     0x7  IntSemTest.o [1]
  .data24.rodata     const    0xffc0'09b5     0x7  TimerDemo.o [1]
  .data24.rodata     const    0xffc0'09bc     0x7  TimerDemo.o [1]
  .data24.rodata     const    0xffc0'09c3     0x6  flop.o [1]
  .data24.rodata     const    0xffc0'09c9     0x6  flop.o [1]
  .data24.rodata     const    0xffc0'09cf     0x6  flop.o [1]
  .data24.rodata     const    0xffc0'09d5     0x6  GenQTest.o [1]
  .data24.rodata     const    0xffc0'09db     0x6  GenQTest.o [1]
  .data24.rodata     const    0xffc0'09e1     0x6  IntQueue.o [1]
  .data24.rodata     const    0xffc0'09e7     0x6  IntQueue.o [1]
  .data24.rodata     const    0xffc0'09ed     0x6  IntQueue.o [1]
  .data24.rodata     const    0xffc0'09f3     0x6  IntQueue.o [1]
  .data24.rodata     const    0xffc0'09f9     0x6  IntQueue.o [1]
  .data24.rodata     const    0xffc0'09ff     0x6  IntQueue.o [1]
  .data24.rodata     const    0xffc0'0a05     0x6  main_full.o [1]
  .data24.rodata     const    0xffc0'0a0b     0x6  QueueOverwrite.o [1]
  .data24.rodata     const    0xffc0'0a11     0x5  countsem.o [1]
  .data24.rodata     const    0xffc0'0a16     0x6  r_bsp_cpu.o [1]
  .data24.rodata     const    0xffc0'0a1c     0x5  countsem.o [1]
  .data24.rodata     const    0xffc0'0a21     0x5  EventGroupsDemo.o [1]
  .data24.rodata     const    0xffc0'0a26     0x5  EventGroupsDemo.o [1]
  .data24.rodata     const    0xffc0'0a2b     0x5  FreeRTOS_CLI.o [1]
  .data24.rodata     const    0xffc0'0a30     0x5  GenQTest.o [1]
  .data24.rodata     const    0xffc0'0a35     0x5  main_full.o [1]
  .data24.rodata     const    0xffc0'0a3a     0x5  main_full.o [1]
  .data24.rodata     const    0xffc0'0a3f     0x5  recmutex.o [1]
  .data24.rodata     const    0xffc0'0a44     0x5  recmutex.o [1]
  .data24.rodata     const    0xffc0'0a49     0x5  recmutex.o [1]
  .data24.rodata     const    0xffc0'0a4e     0x5  Sample-CLI-commands.o [1]
  .data24.rodata     const    0xffc0'0a53     0x5  Sample-CLI-commands.o [1]
  .data24.rodata     const    0xffc0'0a58     0x5  tasks.o [1]
  .data24.rodata     const    0xffc0'0a5d     0x3  freertos_start.o [1]
  .data24.rodata     const    0xffc0'0a60     0x4  main_full.o [1]
  .data24.rodata     const    0xffc0'0a64     0x4  UARTCommandConsole.o [1]
  .data24.rodata     const    0xffc0'0a68     0x3  main_full.o [1]
  .data24.rodata     const    0xffc0'0a6b     0x3  Sample-CLI-commands.o [1]
  .data24.rodata     const    0xffc0'0a6e     0x3  UARTCommandConsole.o [1]
  .data24.rodata     const    0xffc0'0a71     0x2  main_full.o [1]
                            - 0xffc0'0a73   0xa73

"ROM32":                                   0xc932
  .text              ro code  0xffc0'0a78  0x18c1  tasks.o [1]
  .switch.rodata     const    0xffc0'233c    0x1a  r_bsp_software_interrupt.o [1]
  .text              ro code  0xffc0'2358   0x23d  heap_4.o [1]
  .text              ro code  0xffc0'2598    0xae  list.o [1]
  .text              ro code  0xffc0'2646   0x1b1  port.o [1]
  .text              ro code  0xffc0'27f7   0x14a  freertos_start.o [1]
  .switch.rodata     const    0xffc0'2944    0x12  r_sci_rx72n.o [1]
  .text              ro code  0xffc0'2958   0x498  timers.o [1]
  .text              ro code  0xffc0'2df0     0xe  strlen.o [3]
  .text              ro code  0xffc0'2e00    0x32  sprintf.o [3]
  .text              ro code  0xffc0'2e32    0x11  lowlvl.o [1]
  .text              ro code  0xffc0'2e43   0x5e8  main_full.o [1]
  .switch.rodata     const    0xffc0'342c     0xa  timers.o [1]
  .text              ro code  0xffc0'3438   0xe06  queue.o [1]
  .text              ro code  0xffc0'4240   0x14e  xprintftiny.o [3]
  .text              ro code  0xffc0'4390   0xa0e  IntQueue.o [1]
  .text              ro code  0xffc0'4da0   0x276  dynamic.o [1]
  .text              ro code  0xffc0'5018   0x241  BlockQ.o [1]
  .text              ro code  0xffc0'525c     0xa  xsprout.o [3]
  .text              ro code  0xffc0'5268   0x3d5  blocktim.o [1]
  .text              ro code  0xffc0'5640   0x194  countsem.o [1]
  .text              ro code  0xffc0'57d8   0x4be  GenQTest.o [1]
  .text              ro code  0xffc0'5c98   0x21b  recmutex.o [1]
  .text              ro code  0xffc0'5eb3   0x1c5  semtest.o [1]
  .text              ro code  0xffc0'6078   0x46c  flop.o [1]
  .text              ro code  0xffc0'64e8   0x97f  TimerDemo.o [1]
  .text              ro code  0xffc0'6e68   0x172  QueueOverwrite.o [1]
  .text              ro code  0xffc0'6fe0   0x65c  EventGroupsDemo.o [1]
  .text              ro code  0xffc0'7640   0x7cb  TaskNotify.o [1]
  .text              ro code  0xffc0'7e10  0x108f  TaskNotifyArray.o [1]
  .text              ro code  0xffc0'8ea0   0x37b  IntSemTest.o [1]
  .text              ro code  0xffc0'9220   0x147  UARTCommandConsole.o [1]
  .text              ro code  0xffc0'9367   0x19a  Sample-CLI-commands.o [1]
  .text              ro code  0xffc0'9508    0xf7  death.o [1]
  .text              ro code  0xffc0'95ff   0x11d  IntQueueTimer.o [1]
  .text              ro code  0xffc0'971c   0x300  event_groups.o [1]
  .text              ro code  0xffc0'9a20   0x20e  FreeRTOS_CLI.o [1]
  .text              ro code  0xffc0'9c2e   0x181  serial.o [1]
  .text              ro code  0xffc0'9db0    0x25  strncat.o [3]
  .text              ro code  0xffc0'9dd5    0x26  u_sci_rx_ext.o [1]
  .text              ro code  0xffc0'9e00   0x498  r_dtc_rx.o [1]
  .text              ro code  0xffc0'a298   0x4d7  r_sci_rx.o [1]
  .text              ro code  0xffc0'a76f    0x32  r_bsp_locking.o [1]
  .text              ro code  0xffc0'a7a1     0x5  FIT_patch.o [1]
  .text              ro code  0xffc0'a7a6    0x31  r_dtc_rx_target.o [1]
  .text              ro code  0xffc0'a7d8   0x539  r_sci_rx72n.o [1]
  .text              ro code  0xffc0'ad11   0x168  r_bsp_cpu.o [1]
  .text              ro code  0xffc0'ae80   0x745  r_bsp_interrupts.o [1]
  .text              ro code  0xffc0'b5c5   0x13d  r_byteq.o [1]
  .text              ro code  0xffc0'b702     0x8  r_rx_intrinsic_functions.o [1]
  .text              ro code  0xffc0'b70a   0x1c5  mcu_mapped_interrupts.o [1]
  .text              ro code  0xffc0'b8cf   0x3e5  r_bsp_software_interrupt.o [1]
  .text              ro code  0xffc0'bcb4   0x924  mcu_interrupts.o [1]
  .inttable                   0xffc0'c5d8   0x400  <Block>
    .inttable        const    0xffc0'c5d8   0x400  interrupt_table.o [3]
  .text              ro code  0xffc0'c9d8   0x2cb  mcu_clocks.o [1]
  .text              ro code  0xffc0'cca3    0xdb  r_bsp_common.o [1]
  .text              ro code  0xffc0'cd7e   0x200  div64u.o [4]
  .text              ro code  0xffc0'cf7e    0xa5  r_cg_hardware_setup.o [1]
  .text              ro code  0xffc0'd023    0x44  r_gpio_rx.o [1]
  .text              ro code  0xffc0'd067    0x2c  r_sci_rx_pinset.o [1]
  .text              ro code  0xffc0'd093    0x1b  r_smc_cgc.o [1]
  .text              ro code  0xffc0'd0ae     0x1  r_smc_cgc_user.o [1]
  .text              ro code  0xffc0'd0af    0x9c  mcu_init.o [1]
  .text              ro code  0xffc0'd14b    0x81  hwsetup.o [1]
  .text              ro code  0xffc0'd1cc    0x74  packbits_init.o [3]
  .text              ro code  0xffc0'd240     0xf  __dbg_abort.o [2]
  .text              ro code  0xffc0'd250     0x1  __dbg_break.o [2]
  .text              ro code  0xffc0'd254    0x12  __dbg_xxexit.o [2]
  .text              ro code  0xffc0'd266    0x43  resetprg.o [1]
  .text              ro code  0xffc0'd2b0    0x20  data_init.o [3]
  .text              ro code  0xffc0'd2d0    0x33  cstartup.o [4]
  .text              ro code  0xffc0'd304     0x4  exit.o [3]
  .text              ro code  0xffc0'd308     0x8  cexit.o [3]
  .iar.init_table    const    0xffc0'd310    0x2c  - Linker created -
  .switch.rodata     const    0xffc0'd33c    0x18  r_dtc_rx.o [1]
  .text              ro code  0xffc0'd354    0x18  zero_init2.o [3]
  .switch.rodata     const    0xffc0'd36c    0x10  r_bsp_cpu.o [1]
  .switch.rodata     const    0xffc0'd37c     0xe  r_bsp_interrupts.o [1]
  .switch.rodata     const    0xffc0'd38c     0xe  xprintftiny.o [3]
  .text              ro code  0xffc0'd39c     0xe  interrupt_table.o [3]
                            - 0xffc0'd3aa  0xc932

"ROM24", part 2 of 2:                        0x4a
  Initializer bytes  const    0xffc0'd3aa    0x4a  <for RAM24 s0>
                            - 0xffc0'd3f4    0x4a

"A2":                                        0x7c
  .exceptvect                 0xffff'ff80    0x7c  <Block>
    .exceptvect      const    0xffff'ff80    0x7c  exceptvect.o [4]
                            - 0xffff'fffc    0x7c

"A1":                                         0x4
  .resetvect         const    0xffff'fffc     0x4  resetvect.o [4]
                                    - 0x0     0x4

Unused ranges:

         From           To       Size
         ----           --       ----
       0xd334     0x7'fbff   0x7'28cc
    0x80'0000    0x87'ffff   0x8'0000
  0xffc0'0a73  0xffc0'0a77        0x5
  0xffc0'd3f4  0xffff'ff7f  0x3f'2b8c


*******************************************************************************
*** INIT TABLE
***

          Address      Size
          -------      ----
Zero (___iar_zero_init2)
    1 destination range, total size 0xd1ee:
                0x144  0xd1ee

Copy/packbits (___iar_packbits_init2)
    1 source range, total size 0x4a (23% of destination):
          0xffc0'd3aa    0x4a
    1 destination range, total size 0x140:
                  0x4   0x140


*******************************************************************************
*** STACK USAGE
***

  Call Graph Root Category  Max Use  Total Use
  ------------------------  -------  ---------
  interrupt                    252      1'836
  Program entry                376        376
  Uncalled function            348     13'916


Program entry
  "__iar_program_start": 0xffc0'd2d0

  Maximum call chain                            *?* 376  bytes
    (** call graph contains recursive functions (example: "_xTaskResumeAll")
                            indirect calls (example: "_R_BSP_InterruptControl") **)

    "__iar_program_start"                             4
    "___low_level_init"                               4
    "_Processing_Before_Start_Kernel"                 4
    "_main_full"                                     12
    "_vStartTimerDemoTask"                           36
    "_xTimerCreate"                                  28
    "_prvCheckForValidListAndQueue" in timers.o [1]
                                                     12
    "_xQueueGenericCreate"                           20
    "_pvPortMalloc"                                  24
    "_xTaskResumeAll"                                16
    "_xTaskIncrementTick"                            20
    "_vApplicationTickHook"                           4
    "_vFullDemoTickHook"                              0

interrupt
  "___interrupt_128": 0xffc0'96d8

  Maximum call chain                              168  bytes

    "___interrupt_128"                             36
    "_xFirstTimerHandler"                          24
    "_xQueueGenericSendFromISR"                    32
    "_prvNotifyQueueSetContainer" in queue.o [1]
                                                   40
    "_xTaskPriorityDisinherit"                     16
    "_vAssertCalled"                                8
    "_vPrintString"                                 8
    "_charput"                                      4

interrupt
  "___interrupt_129": 0xffc0'96fa

  Maximum call chain                              168  bytes

    "___interrupt_129"                             36
    "_xSecondTimerHandler"                         24
    "_xQueueGenericSendFromISR"                    32
    "_prvNotifyQueueSetContainer" in queue.o [1]
                                                   40
    "_xTaskPriorityDisinherit"                     16
    "_vAssertCalled"                                8
    "_vPrintString"                                 8
    "_charput"                                      4

interrupt
  "___interrupt_106": 0xffc0'c559

  Maximum call chain                            *?* 68  bytes
    (** call graph contains indirect calls (example: "_R_BSP_InterruptControl") **)

    "___interrupt_106"                              36
    "_R_BSP_InterruptControl"                       16
    "_bsp_interrupt_enable_disable"                  8
    "_R_BSP_InterruptRequestDisable"                 4
    "_R_BSP_BitClear"                                4

interrupt
  "___interrupt_107": 0xffc0'c234

  Maximum call chain                            *?* 68  bytes
    (** call graph contains indirect calls (example: "_R_BSP_InterruptControl") **)

    "___interrupt_107"                              36
    "_R_BSP_InterruptControl"                       16
    "_bsp_interrupt_enable_disable"                  8
    "_R_BSP_InterruptRequestDisable"                 4
    "_R_BSP_BitClear"                                4

interrupt
  "___interrupt_110": 0xffc0'bd26

  Maximum call chain                            *?* 68  bytes
    (** call graph contains indirect calls (example: "_R_BSP_InterruptControl") **)

    "___interrupt_110"                              36
    "_R_BSP_InterruptControl"                       16
    "_bsp_interrupt_enable_disable"                  8
    "_R_BSP_InterruptRequestDisable"                 4
    "_R_BSP_BitClear"                                4

interrupt
  "___interrupt_111": 0xffc0'bfee

  Maximum call chain                            *?* 68  bytes
    (** call graph contains indirect calls (example: "_R_BSP_InterruptControl") **)

    "___interrupt_111"                              36
    "_R_BSP_InterruptControl"                       16
    "_bsp_interrupt_enable_disable"                  8
    "_R_BSP_InterruptRequestDisable"                 4
    "_R_BSP_BitClear"                                4

interrupt
  "___interrupt_112": 0xffc0'c2a6

  Maximum call chain                            *?* 68  bytes
    (** call graph contains indirect calls (example: "_R_BSP_InterruptControl") **)

    "___interrupt_112"                              36
    "_R_BSP_InterruptControl"                       16
    "_bsp_interrupt_enable_disable"                  8
    "_R_BSP_InterruptRequestDisable"                 4
    "_R_BSP_BitClear"                                4

interrupt
  "___interrupt_113": 0xffc0'c450

  Maximum call chain                            *?* 68  bytes
    (** call graph contains indirect calls (example: "_R_BSP_InterruptControl") **)

    "___interrupt_113"                              36
    "_R_BSP_InterruptControl"                       16
    "_bsp_interrupt_enable_disable"                  8
    "_R_BSP_InterruptRequestDisable"                 4
    "_R_BSP_BitClear"                                4

interrupt
  "___interrupt_17": 0xffc0'c52a

  Maximum call chain                            *?* 68  bytes
    (** call graph contains indirect calls (example: "_R_BSP_InterruptControl") **)

    "___interrupt_17"                               36
    "_R_BSP_InterruptControl"                       16
    "_bsp_interrupt_enable_disable"                  8
    "_R_BSP_InterruptRequestDisable"                 4
    "_R_BSP_BitClear"                                4

interrupt
  "_vSoftwareInterruptISR": 0xffc0'271f

  Maximum call chain                                8  bytes

    "_vSoftwareInterruptISR"                        8

interrupt
  "_vTickISR": 0xffc0'27cf

  Maximum call chain                            *?* 252  bytes
    (** call graph contains recursive functions (example: "_xTaskResumeAll") **)

    "_vTickISR"                                      36
    "_xTaskIncrementTick"                            20
    "_vApplicationTickHook"                           4
    "_vFullDemoTickHook"                              0

interrupt
  "___NMI_handler": 0xffc0'b390

  Maximum call chain                            *?* 76  bytes
    (** call graph contains indirect calls (example: "___NMI_handler") **)

    "___NMI_handler"                                44
    "_R_BSP_InterruptControl"                       16
    "_bsp_interrupt_enable_disable"                  8
    "_R_BSP_InterruptRequestDisable"                 4
    "_R_BSP_BitClear"                                4

interrupt
  "___excep_access_inst": 0xffc0'b341

  Maximum call chain                            *?* 68  bytes
    (** call graph contains indirect calls (example: "_R_BSP_InterruptControl") **)

    "___excep_access_inst"                          36
    "_R_BSP_InterruptControl"                       16
    "_bsp_interrupt_enable_disable"                  8
    "_R_BSP_InterruptRequestDisable"                 4
    "_R_BSP_BitClear"                                4

interrupt
  "___privileged_handler": 0xffc0'b32a

  Maximum call chain                            *?* 68  bytes
    (** call graph contains indirect calls (example: "_R_BSP_InterruptControl") **)

    "___privileged_handler"                         36
    "_R_BSP_InterruptControl"                       16
    "_bsp_interrupt_enable_disable"                  8
    "_R_BSP_InterruptRequestDisable"                 4
    "_R_BSP_BitClear"                                4

interrupt
  "___undefined_handler": 0xffc0'b358

  Maximum call chain                            *?* 68  bytes
    (** call graph contains indirect calls (example: "_R_BSP_InterruptControl") **)

    "___undefined_handler"                          36
    "_R_BSP_InterruptControl"                       16
    "_bsp_interrupt_enable_disable"                  8
    "_R_BSP_InterruptRequestDisable"                 4
    "_R_BSP_BitClear"                                4

interrupt
  "___undefined_interrupt_source_handler": 0xffc0'b55c

  Maximum call chain                            *?* 40  bytes
    (** call graph contains indirect calls (example: "___undefined_interrupt_source_handler") **)

    "___undefined_interrupt_source_handler"         40

interrupt
  "__float_placeholder": 0xffc0'b36f

  Maximum call chain                            *?* 68  bytes
    (** call graph contains indirect calls (example: "_R_BSP_InterruptControl") **)

    "__float_placeholder"                           36
    "_R_BSP_InterruptControl"                       16
    "_bsp_interrupt_enable_disable"                  8
    "_R_BSP_InterruptRequestDisable"                 4
    "_R_BSP_BitClear"                                4

interrupt
  "_bus_error_isr": 0xffc0'b58d

  Maximum call chain                            *?* 40  bytes
    (** call graph contains indirect calls (example: "_bus_error_isr") **)

    "_bus_error_isr"                                40

interrupt
  "___interrupt_26": 0xffc0'bbf2

  Maximum call chain                            *?* 56  bytes
    (** call graph contains indirect calls (example: "___interrupt_26") **)

    "___interrupt_26"                               52
    "_R_BSP_InterruptsEnable"                        4

interrupt
  "___interrupt_102": 0xffc0'acec

  Maximum call chain                            *?* 60  bytes
    (** call graph contains indirect calls (example: "_rxi_handler") **)

    "___interrupt_102"                              36
    "_rxi_handler"                                  20
    "_R_BYTEQ_Put"                                   4

interrupt
  "___interrupt_103": 0xffc0'acb4

  Maximum call chain                               52  bytes

    "___interrupt_103"                             36
    "_txi_handler"                                 12
    "_R_BYTEQ_Get"                                  4

interrupt
  "___interrupt_62": 0xffc0'acd9

  Maximum call chain                            *?* 60  bytes
    (** call graph contains indirect calls (example: "_rxi_handler") **)

    "___interrupt_62"                               36
    "_rxi_handler"                                  20
    "_R_BYTEQ_Put"                                   4

interrupt
  "___interrupt_63": 0xffc0'aca1

  Maximum call chain                               52  bytes

    "___interrupt_63"                              36
    "_txi_handler"                                 12
    "_R_BYTEQ_Get"                                  4

interrupt
  "_default_handler": 0xffc0'd39c

  Maximum call chain                               56  bytes

    "_default_handler"                             36
    "_abort"                                        4
    "___exit"                                      12
    "___DebugBreak"                                 4

Uncalled function
  "_vBlockingQueueConsumer" in BlockQ.o [1]: 0xffc0'51a0

  Maximum call chain                            *?* 292  bytes
    (** call graph contains recursive functions (example: "_xTaskResumeAll") **)

    "_vBlockingQueueConsumer" in BlockQ.o [1]        20
    "_xQueueReceive"                                 40
    "_xTaskResumeAll"                                16
    "_xTaskIncrementTick"                            20
    "_vApplicationTickHook"                           4
    "_vFullDemoTickHook"                              0

Uncalled function
  "_vBlockingQueueProducer" in BlockQ.o [1]: 0xffc0'5160

  Maximum call chain                            *?* 244  bytes
    (** call graph contains recursive functions (example: "_xTaskResumeAll") **)

    "_vBlockingQueueProducer" in BlockQ.o [1]        16
    "_xQueueGenericSend"                              0

Uncalled function
  "_vPrimaryBlockTimeTestTask" in blocktim.o [1]: 0xffc0'52c0

  Maximum call chain                            *?* 304  bytes
    (** call graph contains recursive functions (example: "_xTaskResumeAll") **)

    "_vPrimaryBlockTimeTestTask" in blocktim.o [1]
                                                     32
    "_xQueueReceive"                                 40
    "_xTaskResumeAll"                                16
    "_xTaskIncrementTick"                            20
    "_vApplicationTickHook"                           4
    "_vFullDemoTickHook"                              0

Uncalled function
  "_vSecondaryBlockTimeTestTask" in blocktim.o [1]: 0xffc0'5588

  Maximum call chain                            *?* 292  bytes
    (** call graph contains recursive functions (example: "_xTaskResumeAll") **)

    "_vSecondaryBlockTimeTestTask" in blocktim.o [1]
                                                     20
    "_xQueueReceive"                                 40
    "_xTaskResumeAll"                                16
    "_xTaskIncrementTick"                            20
    "_vApplicationTickHook"                           4
    "_vFullDemoTickHook"                              0

Uncalled function
  "_prvCountingSemaphoreTask" in countsem.o [1]: 0xffc0'5718

  Maximum call chain                            *?* 320  bytes
    (** call graph contains recursive functions (example: "_xTaskResumeAll") **)

    "_prvCountingSemaphoreTask" in countsem.o [1]
                                                     20
    "_prvDecrementSemaphoreCount" in countsem.o [1]
                                                     24
    "_xQueueSemaphoreTake"                           44
    "_xTaskResumeAll"                                16
    "_xTaskIncrementTick"                            20
    "_vApplicationTickHook"                           4
    "_vFullDemoTickHook"                              0

Uncalled function
  "_vCreateTasks" in death.o [1]: 0xffc0'9560

  Maximum call chain                            *?* 320  bytes
    (** call graph contains recursive functions (example: "_xTaskResumeAll") **)

    "_vCreateTasks" in death.o [1]                   32
    "_xTaskCreate"                                   32
    "_pvPortMalloc"                                  24
    "_xTaskResumeAll"                                16
    "_xTaskIncrementTick"                            20
    "_vApplicationTickHook"                           4
    "_vFullDemoTickHook"                              0

Uncalled function
  "_vSuicidalTask" in death.o [1]: 0xffc0'9525

  Maximum call chain                            *?* 276  bytes
    (** call graph contains recursive functions (example: "_xTaskResumeAll") **)

    "_vSuicidalTask" in death.o [1]                  16
    "_vTaskDelete"                                   16
    "_vPortFree"                                     12
    "_xTaskResumeAll"                                16
    "_xTaskIncrementTick"                            20
    "_vApplicationTickHook"                           4
    "_vFullDemoTickHook"                              0

Uncalled function
  "_vContinuousIncrementTask" in dynamic.o [1]: 0xffc0'4e60

  Maximum call chain                               56  bytes

    "_vContinuousIncrementTask" in dynamic.o [1]
                                                   16
    "_vTaskPrioritySet"                            20
    "_vAssertCalled"                                8
    "_vPrintString"                                 8
    "_charput"                                      4

Uncalled function
  "_vCounterControlTask" in dynamic.o [1]: 0xffc0'4ea8

  Maximum call chain                            *?* 272  bytes
    (** call graph contains recursive functions (example: "_xTaskResumeAll") **)

    "_vCounterControlTask" in dynamic.o [1]          24
    "_vTaskDelay"                                    16
    "_xTaskResumeAll"                                16
    "_xTaskIncrementTick"                            20
    "_vApplicationTickHook"                           4
    "_vFullDemoTickHook"                              0

Uncalled function
  "_vLimitedIncrementTask" in dynamic.o [1]: 0xffc0'4e42

  Maximum call chain                               68  bytes

    "_vLimitedIncrementTask" in dynamic.o [1]       8
    "_vTaskSuspend"                                16
    "_vTaskSwitchContext"                          20
    "_vApplicationStackOverflowHook"                4
    "_vAssertCalled"                                8
    "_vPrintString"                                 8
    "_charput"                                      4

Uncalled function
  "_vQueueReceiveWhenSuspendedTask" in dynamic.o [1]: 0xffc0'4f98

  Maximum call chain                            *?* 292  bytes
    (** call graph contains recursive functions (example: "_xTaskResumeAll") **)

    "_vQueueReceiveWhenSuspendedTask" in dynamic.o [1]
                                                     20
    "_xQueueReceive"                                 40
    "_xTaskResumeAll"                                16
    "_xTaskIncrementTick"                            20
    "_vApplicationTickHook"                           4
    "_vFullDemoTickHook"                              0

Uncalled function
  "_vQueueSendWhenSuspendedTask" in dynamic.o [1]: 0xffc0'4f58

  Maximum call chain                            *?* 260  bytes
    (** call graph contains recursive functions (example: "_xTaskResumeAll") **)

    "_vQueueSendWhenSuspendedTask" in dynamic.o [1]
                                                     12
    "_vTaskDelay"                                    16
    "_xTaskResumeAll"                                16
    "_xTaskIncrementTick"                            20
    "_vApplicationTickHook"                           4
    "_vFullDemoTickHook"                              0

Uncalled function
  "_vEventGroupClearBitsCallback": 0xffc0'99cc

  Maximum call chain                               32  bytes

    "_vEventGroupClearBitsCallback"                12
    "_vAssertCalled"                                8
    "_vPrintString"                                 8
    "_charput"                                      4

Uncalled function
  "_vEventGroupSetBitsCallback": 0xffc0'99c9

  Maximum call chain                            *?* 252  bytes
    (** call graph contains recursive functions (example: "_xTaskResumeAll") **)

    "_vEventGroupSetBitsCallback"                     4
    "_xEventGroupSetBits"                            16
    "_xTaskResumeAll"                                16
    "_xTaskIncrementTick"                            20
    "_vApplicationTickHook"                           4
    "_vFullDemoTickHook"                              0

Uncalled function
  "_prvSyncTask" in EventGroupsDemo.o [1]: 0xffc0'73f9

  Maximum call chain                            *?* 292  bytes
    (** call graph contains recursive functions (example: "_xTaskResumeAll") **)

    "_prvSyncTask" in EventGroupsDemo.o [1]          20
    "_xEventGroupSync"                               24
    "_xEventGroupSetBits"                            16
    "_xTaskResumeAll"                                16
    "_xTaskIncrementTick"                            20
    "_vApplicationTickHook"                           4
    "_vFullDemoTickHook"                              0

Uncalled function
  "_prvTestMasterTask" in EventGroupsDemo.o [1]: 0xffc0'7070

  Maximum call chain                            *?* 296  bytes
    (** call graph contains recursive functions (example: "_xTaskResumeAll") **)

    "_prvTestMasterTask" in EventGroupsDemo.o [1]
                                                     24
    "_xEventGroupSync"                               24
    "_xEventGroupSetBits"                            16
    "_xTaskResumeAll"                                16
    "_xTaskIncrementTick"                            20
    "_vApplicationTickHook"                           4
    "_vFullDemoTickHook"                              0

Uncalled function
  "_prvTestSlaveTask" in EventGroupsDemo.o [1]: 0xffc0'7498

  Maximum call chain                            *?* 288  bytes
    (** call graph contains recursive functions (example: "_xTaskResumeAll") **)

    "_prvTestSlaveTask" in EventGroupsDemo.o [1]
                                                     16
    "_xEventGroupSync"                               24
    "_xEventGroupSetBits"                            16
    "_xTaskResumeAll"                                16
    "_xTaskIncrementTick"                            20
    "_vApplicationTickHook"                           4
    "_vFullDemoTickHook"                              0

Uncalled function
  "_vCompetingMathTask1" in flop.o [1]: 0xffc0'60ed

  Maximum call chain                               76  bytes

    "_vCompetingMathTask1" in flop.o [1]           72
    "_vPortTaskUsesDPFPU"                           4

Uncalled function
  "_vCompetingMathTask2" in flop.o [1]: 0xffc0'61c4

  Maximum call chain                               76  bytes

    "_vCompetingMathTask2" in flop.o [1]           72
    "_vPortTaskUsesDPFPU"                           4

Uncalled function
  "_vCompetingMathTask3" in flop.o [1]: 0xffc0'62a0

  Maximum call chain                            *?* 320  bytes
    (** call graph contains recursive functions (example: "_xTaskResumeAll") **)

    "_vCompetingMathTask3" in flop.o [1]             64
    "_pvPortMalloc"                                  24
    "_xTaskResumeAll"                                16
    "_xTaskIncrementTick"                            20
    "_vApplicationTickHook"                           4
    "_vFullDemoTickHook"                              0

Uncalled function
  "_vCompetingMathTask4" in flop.o [1]: 0xffc0'63a0

  Maximum call chain                            *?* 320  bytes
    (** call graph contains recursive functions (example: "_xTaskResumeAll") **)

    "_vCompetingMathTask4" in flop.o [1]             64
    "_pvPortMalloc"                                  24
    "_xTaskResumeAll"                                16
    "_xTaskIncrementTick"                            20
    "_vApplicationTickHook"                           4
    "_vFullDemoTickHook"                              0

Uncalled function
  "_prvHelpCommand" in FreeRTOS_CLI.o [1]: 0xffc0'9c0a

  Maximum call chain                                4  bytes

    "_prvHelpCommand" in FreeRTOS_CLI.o [1]         4

Uncalled function
  "_prvHighPriorityMutexTask" in GenQTest.o [1]: 0xffc0'5c32

  Maximum call chain                            *?* 288  bytes
    (** call graph contains recursive functions (example: "_xTaskResumeAll") **)

    "_prvHighPriorityMutexTask" in GenQTest.o [1]
                                                     12
    "_xQueueSemaphoreTake"                           44
    "_xTaskResumeAll"                                16
    "_xTaskIncrementTick"                            20
    "_vApplicationTickHook"                           4
    "_vFullDemoTickHook"                              0

Uncalled function
  "_prvLowPriorityMutexTask" in GenQTest.o [1]: 0xffc0'5a8c

  Maximum call chain                            *?* 304  bytes
    (** call graph contains recursive functions (example: "_xTaskResumeAll") **)

    "_prvLowPriorityMutexTask" in GenQTest.o [1]
                                                     20
    "_xQueueCreateMutex"                             28
    "_pvPortMalloc"                                  24
    "_xTaskResumeAll"                                16
    "_xTaskIncrementTick"                            20
    "_vApplicationTickHook"                           4
    "_vFullDemoTickHook"                              0

Uncalled function
  "_prvMediumPriorityMutexTask" in GenQTest.o [1]: 0xffc0'5c1d

  Maximum call chain                               68  bytes

    "_prvMediumPriorityMutexTask" in GenQTest.o [1]
                                                    8
    "_vTaskSuspend"                                16
    "_vTaskSwitchContext"                          20
    "_vApplicationStackOverflowHook"                4
    "_vAssertCalled"                                8
    "_vPrintString"                                 8
    "_charput"                                      4

Uncalled function
  "_prvSendFrontAndBackTest" in GenQTest.o [1]: 0xffc0'5868

  Maximum call chain                            *?* 296  bytes
    (** call graph contains recursive functions (example: "_xTaskResumeAll") **)

    "_prvSendFrontAndBackTest" in GenQTest.o [1]
                                                     24
    "_xQueuePeek"                                    40
    "_xTaskResumeAll"                                16
    "_xTaskIncrementTick"                            20
    "_vApplicationTickHook"                           4
    "_vFullDemoTickHook"                              0

Uncalled function
  "_prv1stHigherPriorityNormallyFullTask" in IntQueue.o [1]: 0xffc0'4650

  Maximum call chain                            *?* 268  bytes
    (** call graph contains recursive functions (example: "_xTaskResumeAll") **)

    "_prv1stHigherPriorityNormallyFullTask" in IntQueue.o [1]
                                                     20
    "_vTaskDelay"                                    16
    "_xTaskResumeAll"                                16
    "_xTaskIncrementTick"                            20
    "_vApplicationTickHook"                           4
    "_vFullDemoTickHook"                              0

Uncalled function
  "_prv2ndHigherPriorityNormallyFullTask" in IntQueue.o [1]: 0xffc0'47f5

  Maximum call chain                            *?* 244  bytes
    (** call graph contains recursive functions (example: "_xTaskResumeAll") **)

    "_prv2ndHigherPriorityNormallyFullTask" in IntQueue.o [1]
                                                     16
    "_xQueueGenericSend"                              0

Uncalled function
  "_prvHigherPriorityNormallyEmptyTask" in IntQueue.o [1]: 0xffc0'4458

  Maximum call chain                            *?* 300  bytes
    (** call graph contains recursive functions (example: "_xTaskResumeAll") **)

    "_prvHigherPriorityNormallyEmptyTask" in IntQueue.o [1]
                                                     28
    "_xQueueReceive"                                 40
    "_xTaskResumeAll"                                16
    "_xTaskIncrementTick"                            20
    "_vApplicationTickHook"                           4
    "_vFullDemoTickHook"                              0

Uncalled function
  "_prvLowerPriorityNormallyEmptyTask" in IntQueue.o [1]: 0xffc0'45ba

  Maximum call chain                            *?* 292  bytes
    (** call graph contains recursive functions (example: "_xTaskResumeAll") **)

    "_prvLowerPriorityNormallyEmptyTask" in IntQueue.o [1]
                                                     20
    "_xQueueReceive"                                 40
    "_xTaskResumeAll"                                16
    "_xTaskIncrementTick"                            20
    "_vApplicationTickHook"                           4
    "_vFullDemoTickHook"                              0

Uncalled function
  "_prvLowerPriorityNormallyFullTask" in IntQueue.o [1]: 0xffc0'48e8

  Maximum call chain                            *?* 292  bytes
    (** call graph contains recursive functions (example: "_xTaskResumeAll") **)

    "_prvLowerPriorityNormallyFullTask" in IntQueue.o [1]
                                                     20
    "_xQueueReceive"                                 40
    "_xTaskResumeAll"                                16
    "_xTaskIncrementTick"                            20
    "_vApplicationTickHook"                           4
    "_vFullDemoTickHook"                              0

Uncalled function
  "_vInterruptCountingSemaphoreTask" in IntSemTest.o [1]: 0xffc0'9112

  Maximum call chain                            *?* 288  bytes
    (** call graph contains recursive functions (example: "_xTaskResumeAll") **)

    "_vInterruptCountingSemaphoreTask" in IntSemTest.o [1]
                                                     12
    "_xQueueSemaphoreTake"                           44
    "_xTaskResumeAll"                                16
    "_xTaskIncrementTick"                            20
    "_vApplicationTickHook"                           4
    "_vFullDemoTickHook"                              0

Uncalled function
  "_vInterruptMutexMasterTask" in IntSemTest.o [1]: 0xffc0'8f30

  Maximum call chain                            *?* 288  bytes
    (** call graph contains recursive functions (example: "_xTaskResumeAll") **)

    "_vInterruptMutexMasterTask" in IntSemTest.o [1]
                                                     12
    "_xQueueSemaphoreTake"                           44
    "_xTaskResumeAll"                                16
    "_xTaskIncrementTick"                            20
    "_vApplicationTickHook"                           4
    "_vFullDemoTickHook"                              0

Uncalled function
  "_vInterruptMutexSlaveTask" in IntSemTest.o [1]: 0xffc0'90e0

  Maximum call chain                            *?* 284  bytes
    (** call graph contains recursive functions (example: "_xTaskResumeAll") **)

    "_vInterruptMutexSlaveTask" in IntSemTest.o [1]
                                                      8
    "_xQueueSemaphoreTake"                           44
    "_xTaskResumeAll"                                16
    "_xTaskIncrementTick"                            20
    "_vApplicationTickHook"                           4
    "_vFullDemoTickHook"                              0

Uncalled function
  "_prvCheckTask" in main_full.o [1]: 0xffc0'2f18

  Maximum call chain                            *?* 292  bytes
    (** call graph contains recursive functions (example: "_xTaskResumeAll") **)

    "_prvCheckTask" in main_full.o [1]               40
    "_vTaskDelayUntil"                               20
    "_xTaskResumeAll"                                16
    "_xTaskIncrementTick"                            20
    "_vApplicationTickHook"                           4
    "_vFullDemoTickHook"                              0

Uncalled function
  "_prvPseudoRandomiser" in main_full.o [1]: 0xffc0'304a

  Maximum call chain                            *?* 264  bytes
    (** call graph contains recursive functions (example: "_xTaskResumeAll") **)

    "_prvPseudoRandomiser" in main_full.o [1]        16
    "_vTaskDelay"                                    16
    "_xTaskResumeAll"                                16
    "_xTaskIncrementTick"                            20
    "_vApplicationTickHook"                           4
    "_vFullDemoTickHook"                              0

Uncalled function
  "_prvRegTestTaskEntry1" in main_full.o [1]: 0xffc0'324c

  Maximum call chain                            *?* 264  bytes
    (** call graph contains recursive functions (example: "_xTaskResumeAll") **)

    "_prvRegTestTaskEntry1" in main_full.o [1]        4
    "_vTaskDelete"                                   16
    "_vPortFree"                                     12
    "_xTaskResumeAll"                                16
    "_xTaskIncrementTick"                            20
    "_vApplicationTickHook"                           4
    "_vFullDemoTickHook"                              0

Uncalled function
  "_prvRegTestTaskEntry2" in main_full.o [1]: 0xffc0'3417

  Maximum call chain                            *?* 264  bytes
    (** call graph contains recursive functions (example: "_xTaskResumeAll") **)

    "_prvRegTestTaskEntry2" in main_full.o [1]        4
    "_vTaskDelete"                                   16
    "_vPortFree"                                     12
    "_xTaskResumeAll"                                16
    "_xTaskIncrementTick"                            20
    "_vApplicationTickHook"                           4
    "_vFullDemoTickHook"                              0

Uncalled function
  "_prvQueueOverwriteTask" in QueueOverwrite.o [1]: 0xffc0'6ea0

  Maximum call chain                            *?* 296  bytes
    (** call graph contains recursive functions (example: "_xTaskResumeAll") **)

    "_prvQueueOverwriteTask" in QueueOverwrite.o [1]
                                                     20
    "_xQueueGenericCreate"                           20
    "_pvPortMalloc"                                  24
    "_xTaskResumeAll"                                16
    "_xTaskIncrementTick"                            20
    "_vApplicationTickHook"                           4
    "_vFullDemoTickHook"                              0

Uncalled function
  "_bsp_swint_dummy_task" in r_bsp_software_interrupt.o [1]: 0xffc0'bbf0

  Maximum call chain                                4  bytes

    "_bsp_swint_dummy_task" in r_bsp_software_interrupt.o [1]
                                                    4

Uncalled function
  "_r_undefined_exception": 0xffc0'd022

  Maximum call chain                                4  bytes

    "_r_undefined_exception"                        4

Uncalled function
  "_sci2_eri2_isr": 0xffc0'acff

  Maximum call chain                            *?* 16  bytes
    (** call graph contains indirect calls (example: "_eri_handler") **)

    "_sci2_eri2_isr"                                 4
    "_eri_handler"                                  12

Uncalled function
  "_sci2_tei2_isr": 0xffc0'acc7

  Maximum call chain                            *?* 16  bytes
    (** call graph contains indirect calls (example: "_tei_handler") **)

    "_sci2_tei2_isr"                                 4
    "_tei_handler"                                  12

Uncalled function
  "_sci9_eri9_isr": 0xffc0'ad08

  Maximum call chain                            *?* 16  bytes
    (** call graph contains indirect calls (example: "_eri_handler") **)

    "_sci9_eri9_isr"                                 4
    "_eri_handler"                                  12

Uncalled function
  "_sci9_tei9_isr": 0xffc0'acd0

  Maximum call chain                            *?* 16  bytes
    (** call graph contains indirect calls (example: "_tei_handler") **)

    "_sci9_tei9_isr"                                 4
    "_tei_handler"                                  12

Uncalled function
  "_prvRecursiveMutexBlockingTask" in recmutex.o [1]: 0xffc0'5d78

  Maximum call chain                            *?* 300  bytes
    (** call graph contains recursive functions (example: "_xTaskResumeAll") **)

    "_prvRecursiveMutexBlockingTask" in recmutex.o [1]
                                                     12
    "_xQueueTakeMutexRecursive"                      12
    "_xQueueSemaphoreTake"                           44
    "_xTaskResumeAll"                                16
    "_xTaskIncrementTick"                            20
    "_vApplicationTickHook"                           4
    "_vFullDemoTickHook"                              0

Uncalled function
  "_prvRecursiveMutexControllingTask" in recmutex.o [1]: 0xffc0'5d08

  Maximum call chain                            *?* 304  bytes
    (** call graph contains recursive functions (example: "_xTaskResumeAll") **)

    "_prvRecursiveMutexControllingTask" in recmutex.o [1]
                                                     16
    "_xQueueTakeMutexRecursive"                      12
    "_xQueueSemaphoreTake"                           44
    "_xTaskResumeAll"                                16
    "_xTaskIncrementTick"                            20
    "_vApplicationTickHook"                           4
    "_vFullDemoTickHook"                              0

Uncalled function
  "_prvRecursiveMutexPollingTask" in recmutex.o [1]: 0xffc0'5dd0

  Maximum call chain                            *?* 300  bytes
    (** call graph contains recursive functions (example: "_xTaskResumeAll") **)

    "_prvRecursiveMutexPollingTask" in recmutex.o [1]
                                                     12
    "_xQueueTakeMutexRecursive"                      12
    "_xQueueSemaphoreTake"                           44
    "_xTaskResumeAll"                                16
    "_xTaskIncrementTick"                            20
    "_vApplicationTickHook"                           4
    "_vFullDemoTickHook"                              0

Uncalled function
  "_prvParameterEchoCommand" in Sample-CLI-commands.o [1]: 0xffc0'9485

  Maximum call chain                              116  bytes

    "_prvParameterEchoCommand" in Sample-CLI-commands.o [1]
                                                   32
    "_sprintf"                                     20
    "__PrintfTiny"                                 44
    "_out" in xprintftiny.o [3]                    16
    "__SProut"                                      4

Uncalled function
  "_prvQueryHeapCommand" in Sample-CLI-commands.o [1]: 0xffc0'93da

  Maximum call chain                              108  bytes

    "_prvQueryHeapCommand" in Sample-CLI-commands.o [1]
                                                   24
    "_sprintf"                                     20
    "__PrintfTiny"                                 44
    "_out" in xprintftiny.o [3]                    16
    "__SProut"                                      4

Uncalled function
  "_prvTaskStatsCommand" in Sample-CLI-commands.o [1]: 0xffc0'938b

  Maximum call chain                            *?* 336  bytes
    (** call graph contains recursive functions (example: "_xTaskResumeAll") **)

    "_prvTaskStatsCommand" in Sample-CLI-commands.o [1]
                                                      8
    "_vTaskList"                                     48
    "_uxTaskGetSystemState"                          48
    "_xTaskResumeAll"                                16
    "_xTaskIncrementTick"                            20
    "_vApplicationTickHook"                           4
    "_vFullDemoTickHook"                              0

Uncalled function
  "_prvThreeParameterEchoCommand" in Sample-CLI-commands.o [1]: 0xffc0'9404

  Maximum call chain                              116  bytes

    "_prvThreeParameterEchoCommand" in Sample-CLI-commands.o [1]
                                                   32
    "_sprintf"                                     20
    "__PrintfTiny"                                 44
    "_out" in xprintftiny.o [3]                    16
    "__SProut"                                      4

Uncalled function
  "_prvSemaphoreTest" in semtest.o [1]: 0xffc0'5f8a

  Maximum call chain                            *?* 300  bytes
    (** call graph contains recursive functions (example: "_xTaskResumeAll") **)

    "_prvSemaphoreTest" in semtest.o [1]             24
    "_xQueueSemaphoreTake"                           44
    "_xTaskResumeAll"                                16
    "_xTaskIncrementTick"                            20
    "_vApplicationTickHook"                           4
    "_vFullDemoTickHook"                              0

Uncalled function
  "_vSerialSciCallback": 0xffc0'9c2e

  Maximum call chain                              124  bytes

    "_vSerialSciCallback"                          16
    "_xQueueGenericSendFromISR"                    32
    "_prvNotifyQueueSetContainer" in queue.o [1]
                                                   40
    "_xTaskPriorityDisinherit"                     16
    "_vAssertCalled"                                8
    "_vPrintString"                                 8
    "_charput"                                      4

Uncalled function
  "_prvNotifiedTask" in TaskNotify.o [1]: 0xffc0'76e8

  Maximum call chain                            *?* 344  bytes
    (** call graph contains recursive functions (example: "_xTaskResumeAll") **)

    "_prvNotifiedTask" in TaskNotify.o [1]           28
    "_xTimerCreate"                                  28
    "_prvCheckForValidListAndQueue" in timers.o [1]
                                                     12
    "_xQueueGenericCreate"                           20
    "_pvPortMalloc"                                  24
    "_xTaskResumeAll"                                16
    "_xTaskIncrementTick"                            20
    "_vApplicationTickHook"                           4
    "_vFullDemoTickHook"                              0

Uncalled function
  "_prvNotifyingTimer" in TaskNotify.o [1]: 0xffc0'76bf

  Maximum call chain                               60  bytes

    "_prvNotifyingTimer" in TaskNotify.o [1]       12
    "_xTaskGenericNotify"                          28
    "_vAssertCalled"                                8
    "_vPrintString"                                 8
    "_charput"                                      4

Uncalled function
  "_prvRand" in TaskNotify.o [1]: 0xffc0'7df4

  Maximum call chain                                4  bytes

    "_prvRand" in TaskNotify.o [1]                  4

Uncalled function
  "_prvSuspendedTaskTimerTestCallback" in TaskNotify.o [1]: 0xffc0'766f

  Maximum call chain                               72  bytes

    "_prvSuspendedTaskTimerTestCallback" in TaskNotify.o [1]
                                                   12
    "_vTaskSuspend"                                16
    "_vTaskSwitchContext"                          20
    "_vApplicationStackOverflowHook"                4
    "_vAssertCalled"                                8
    "_vPrintString"                                 8
    "_charput"                                      4

Uncalled function
  "_prvNotifiedTask" in TaskNotifyArray.o [1]: 0xffc0'7e88

  Maximum call chain                            *?* 304  bytes
    (** call graph contains recursive functions (example: "_xTaskResumeAll") **)

    "_prvNotifiedTask" in TaskNotifyArray.o [1]      32
    "_xTimerGenericCommand"                          44
    "_xQueueGenericSend"                              0

Uncalled function
  "_prvNotifyingTimerCallback" in TaskNotifyArray.o [1]: 0xffc0'8dab

  Maximum call chain                               60  bytes

    "_prvNotifyingTimerCallback" in TaskNotifyArray.o [1]
                                                   12
    "_xTaskGenericNotify"                          28
    "_vAssertCalled"                                8
    "_vPrintString"                                 8
    "_charput"                                      4

Uncalled function
  "_prvRand" in TaskNotifyArray.o [1]: 0xffc0'8e88

  Maximum call chain                                4  bytes

    "_prvRand" in TaskNotifyArray.o [1]             4

Uncalled function
  "_prvSuspendedTaskTimerTestCallback" in TaskNotifyArray.o [1]: 0xffc0'8d50

  Maximum call chain                               72  bytes

    "_prvSuspendedTaskTimerTestCallback" in TaskNotifyArray.o [1]
                                                   12
    "_vTaskSuspend"                                16
    "_vTaskSwitchContext"                          20
    "_vApplicationStackOverflowHook"                4
    "_vAssertCalled"                                8
    "_vPrintString"                                 8
    "_charput"                                      4

Uncalled function
  "_prvIdleTask" in tasks.o [1]: 0xffc0'1b40

  Maximum call chain                            *?* 264  bytes
    (** call graph contains recursive functions (example: "_xTaskResumeAll") **)

    "_prvIdleTask" in tasks.o [1]                    20
    "_vPortFree"                                     12
    "_xTaskResumeAll"                                16
    "_xTaskIncrementTick"                            20
    "_vApplicationTickHook"                           4
    "_vFullDemoTickHook"                              0

Uncalled function
  "_prvAutoReloadTimerCallback" in TimerDemo.o [1]: 0xffc0'6df4

  Maximum call chain                               32  bytes

    "_prvAutoReloadTimerCallback" in TimerDemo.o [1]
                                                    4
    "_pvTimerGetTimerID"                            8
    "_vAssertCalled"                                8
    "_vPrintString"                                 8
    "_charput"                                      4

Uncalled function
  "_prvISRAutoReloadTimerCallback" in TimerDemo.o [1]: 0xffc0'6e4f

  Maximum call chain                                4  bytes

    "_prvISRAutoReloadTimerCallback" in TimerDemo.o [1]
                                                    4

Uncalled function
  "_prvISROneShotTimerCallback" in TimerDemo.o [1]: 0xffc0'6e5b

  Maximum call chain                                4  bytes

    "_prvISROneShotTimerCallback" in TimerDemo.o [1]
                                                    4

Uncalled function
  "_prvOneShotTimerCallback" in TimerDemo.o [1]: 0xffc0'6e1c

  Maximum call chain                               48  bytes

    "_prvOneShotTimerCallback" in TimerDemo.o [1]
                                                   16
    "_vTimerSetTimerID"                            12
    "_vAssertCalled"                                8
    "_vPrintString"                                 8
    "_charput"                                      4

Uncalled function
  "_prvTimerTestTask" in TimerDemo.o [1]: 0xffc0'6638

  Maximum call chain                            *?* 348  bytes
    (** call graph contains recursive functions (example: "_xTaskResumeAll") **)

    "_prvTimerTestTask" in TimerDemo.o [1]           32
    "_xTimerCreate"                                  28
    "_prvCheckForValidListAndQueue" in timers.o [1]
                                                     12
    "_xQueueGenericCreate"                           20
    "_pvPortMalloc"                                  24
    "_xTaskResumeAll"                                16
    "_xTaskIncrementTick"                            20
    "_vApplicationTickHook"                           4
    "_vFullDemoTickHook"                              0

Uncalled function
  "_prvTimerTask" in timers.o [1]: 0xffc0'2b70

[...]
_xActiveTimerList1           0xd130    0x14  Data  Lc  timers.o [1]
_xActiveTimerList2           0xd144    0x14  Data  Lc  timers.o [1]
_xAreBlockTimeTestTasksStillRunning
                        0xffc0'5611    0x2c  Code  Gb  blocktim.o [1]
_xAreBlockingQueuesStillRunning
                        0xffc0'51e1    0x78  Code  Gb  BlockQ.o [1]
_xAreCountingSemaphoreTasksStillRunning
                        0xffc0'57a2    0x32  Code  Gb  countsem.o [1]
_xAreDynamicPriorityTasksStillRunning
                        0xffc0'4fe4    0x32  Code  Gb  dynamic.o [1]
_xAreEventGroupTasksStillRunning
                        0xffc0'760a    0x32  Code  Gb  EventGroupsDemo.o [1]
_xAreGenericQueueTasksStillRunning
                        0xffc0'5c6d    0x29  Code  Gb  GenQTest.o [1]
_xAreIntQueueTasksStillRunning
                        0xffc0'4d4c    0x52  Code  Gb  IntQueue.o [1]
_xAreInterruptSemaphoreTasksStillRunning
                        0xffc0'91ed    0x2e  Code  Gb  IntSemTest.o [1]
_xAreMathsTaskStillRunning
                        0xffc0'64b0    0x34  Code  Gb  flop.o [1]
_xAreRecursiveMutexTasksStillRunning
                        0xffc0'5e79    0x3a  Code  Gb  recmutex.o [1]
_xAreSemaphoreTasksStillRunning
                        0xffc0'6031    0x47  Code  Gb  semtest.o [1]
_xAreTaskNotificationArrayTasksStillRunning
                        0xffc0'8e56    0x32  Code  Gb  TaskNotifyArray.o [1]
_xAreTaskNotificationTasksStillRunning
                        0xffc0'7dcc    0x28  Code  Gb  TaskNotify.o [1]
_xAreTimerDemoTasksStillRunning
                        0xffc0'6b5f    0x3b  Code  Gb  TimerDemo.o [1]
_xAutoReloadTimers           0xd224    0x18  Data  Lc  TimerDemo.o [1]
_xBasePeriod                   0xc4     0x4  Data  Lc  TimerDemo.o [1]
_xBlockAllocatedBit          0xd208     0x4  Data  Lc  heap_4.o [1]
_xBlockWasAborted            0xd1b8     0x4  Data  Lc  GenQTest.o [1]
_xBlockingIsSuspended        0xd18c     0x4  Data  Lc  recmutex.o [1]
_xBlockingTaskHandle         0xd290     0x4  Data  Lc  recmutex.o [1]
_xContinuousIncrementHandle
                             0xd250     0x4  Data  Lc  dynamic.o [1]
_xControllingIsSuspended
                             0xd188     0x4  Data  Lc  recmutex.o [1]
_xControllingTaskHandle
                             0xd28c     0x4  Data  Lc  recmutex.o [1]
_xCreatedTask                0xd308     0x4  Data  Gb  death.o [1]
_xDelayedTaskList1           0xcefc    0x14  Data  Lc  tasks.o [1]
_xDelayedTaskList2           0xcf10    0x14  Data  Lc  tasks.o [1]
_xErrorDetected              0xd27c     0x4  Data  Lc  countsem.o [1]
_xErrorDetected              0xd1a8     0x4  Data  Lc  GenQTest.o [1]
_xErrorDetected              0xd158     0x4  Data  Lc  IntSemTest.o [1]
_xErrorLine                    0x58     0x4  Data  Lc  IntQueue.o [1]
_xErrorOccurred              0xd244     0x4  Data  Lc  blocktim.o [1]
_xErrorOccurred              0xd184     0x4  Data  Lc  recmutex.o [1]
_xErrorStatus                  0x54     0x4  Data  Lc  IntQueue.o [1]
_xErrorStatus                  0x80     0x4  Data  Lc  TaskNotify.o [1]
_xEventGroup                 0xd0d4     0x4  Data  Lc  EventGroupsDemo.o [1]
_xEventGroupClearBits   0xffc0'992b    0x30  Code  Gb  event_groups.o [1]
_xEventGroupClearBitsFromISR
                        0xffc0'995b    0x10  Code  Gb  event_groups.o [1]
_xEventGroupCreate      0xffc0'971c    0x1d  Code  Gb  event_groups.o [1]
_xEventGroupGetBitsFromISR
                        0xffc0'996b    0x2a  Code  Gb  event_groups.o [1]
_xEventGroupSetBits     0xffc0'9739    0x73  Code  Gb  event_groups.o [1]
_xEventGroupSetBitsFromISR
                        0xffc0'9a0c    0x10  Code  Gb  event_groups.o [1]
_xEventGroupSync        0xffc0'97ac    0xb1  Code  Gb  event_groups.o [1]
_xEventGroupWaitBits    0xffc0'985d    0xce  Code  Gb  event_groups.o [1]
_xFirstTimerHandler     0xffc0'4975   0x191  Code  Gb  IntQueue.o [1]
_xFreeBytesRemaining         0xd1f8     0x4  Data  Lc  heap_4.o [1]
_xHelpCommand           0xffc0'0844    0x10  Data  Lc  FreeRTOS_CLI.o [1]
_xHighPriorityMutexTask
                             0xd2a8     0x4  Data  Lc  GenQTest.o [1]
_xHighPriorityNormallyEmptyTask1
                             0xd214     0x4  Data  Gb  IntQueue.o [1]
_xHighPriorityNormallyEmptyTask2
                             0xd218     0x4  Data  Gb  IntQueue.o [1]
_xHighPriorityNormallyFullTask1
                             0xd21c     0x4  Data  Gb  IntQueue.o [1]
_xHighPriorityNormallyFullTask2
                             0xd220     0x4  Data  Gb  IntQueue.o [1]
_xISRAutoReloadTimer           0xbc     0x4  Data  Lc  TimerDemo.o [1]
_xISRCountingSemaphore       0xd168     0x4  Data  Lc  IntSemTest.o [1]
_xISREventGroup              0xd0d8     0x4  Data  Lc  EventGroupsDemo.o [1]
_xISRMutex                   0xd164     0x4  Data  Lc  IntSemTest.o [1]
_xISROneShotTimer              0xc0     0x4  Data  Lc  TimerDemo.o [1]
_xISRQueue                    0x130     0x4  Data  Lc  QueueOverwrite.o [1]
_xISRTestStatus               0x12c     0x4  Data  Lc  QueueOverwrite.o [1]
_xIncrementingIndexTimer
                               0x10     0x4  Data  Lc  TaskNotifyArray.o [1]
_xIsCreateTaskStillRunning
                        0xffc0'95cf    0x30  Code  Gb  death.o [1]
_xIsQueueOverwriteTaskStillRunning
                        0xffc0'6f49    0x18  Code  Gb  QueueOverwrite.o [1]
_xLimitedIncrementHandle
                             0xd254     0x4  Data  Lc  dynamic.o [1]
_xMasterSlaveMutex           0xd16c     0x4  Data  Lc  IntSemTest.o [1]
_xMediumPriorityMutexTask
                             0xd2ac     0x4  Data  Lc  GenQTest.o [1]
_xMinimumEverFreeBytesRemaining
                             0xd1fc     0x4  Data  Lc  heap_4.o [1]
_xMutex                      0xd288     0x4  Data  Lc  recmutex.o [1]
_xNextTaskUnblockTime        0xd120     0x4  Data  Lc  tasks.o [1]
_xNormallyEmptyQueue         0xd20c     0x4  Data  Lc  IntQueue.o [1]
_xNormallyFullQueue          0xd210     0x4  Data  Lc  IntQueue.o [1]
_xNotifyArrayTaskFromISR
                        0xffc0'8dd2    0x84  Code  Gb  TaskNotifyArray.o [1]
_xNotifyTaskFromISR     0xffc0'7d43    0x89  Code  Gb  TaskNotify.o [1]
_xNotifyWhileSuspendedTimer
                               0x14     0x4  Data  Lc  TaskNotifyArray.o [1]
_xNumOfOverflows             0xd118     0x4  Data  Lc  tasks.o [1]
_xNumberOfSuccessfulAllocations
                             0xd200     0x4  Data  Lc  heap_4.o [1]
_xNumberOfSuccessfulFrees
                             0xd204     0x4  Data  Lc  heap_4.o [1]
_xOkToGiveCountingSemaphore
                             0xd174     0x4  Data  Lc  IntSemTest.o [1]
_xOkToGiveMutex              0xd170     0x4  Data  Lc  IntSemTest.o [1]
_xOneShotTimer                 0xb8     0x4  Data  Lc  TimerDemo.o [1]
_xParameterEcho         0xffc0'0414    0x10  Data  Lc  Sample-CLI-commands.o [1]
_xParameters                 0xd1c4    0x18  Data  Lc  countsem.o [1]
_xPendedTicks                0xd110     0x4  Data  Lc  tasks.o [1]
_xPendingReadyList           0xceb8    0x14  Data  Lc  tasks.o [1]
_xPortGetFreeHeapSize   0xffc0'2583     0x9  Code  Gb  heap_4.o [1]
_xPortGetMinimumEverFreeHeapSize
                        0xffc0'258c     0x9  Code  Gb  heap_4.o [1]
_xPortStartScheduler    0xffc0'26e8    0x37  Code  Gb  port.o [1]
_xPrimaryCycles              0xd23c     0x4  Data  Lc  blocktim.o [1]
_xQueryHeap             0xffc0'0424    0x10  Data  Lc  Sample-CLI-commands.o [1]
_xQueueCreateCountingSemaphore
                        0xffc0'3a59    0x7d  Code  Gb  queue.o [1]
_xQueueCreateMutex      0xffc0'3610   0x176  Code  Gb  queue.o [1]
_xQueueGenericCreate    0xffc0'34a7    0x89  Code  Gb  queue.o [1]
_xQueueGenericReset     0xffc0'3438    0x6f  Code  Gb  queue.o [1]
_xQueueGenericSend      0xffc0'3ad8   0x13d  Code  Gb  queue.o [1]
_xQueueGenericSendFromISR
                        0xffc0'3c15    0xce  Code  Gb  queue.o [1]
_xQueueGiveFromISR      0xffc0'3ce3    0xb6  Code  Gb  queue.o [1]
_xQueueGiveMutexRecursive
                        0xffc0'3786   0x134  Code  Gb  queue.o [1]
_xQueueIsQueueFullFromISR
                        0xffc0'4152    0x16  Code  Gb  queue.o [1]
_xQueuePeek             0xffc0'3ee8   0x124  Code  Gb  queue.o [1]
_xQueuePeekFromISR      0xffc0'40aa    0x72  Code  Gb  queue.o [1]
_xQueueReceive          0xffc0'3dc0   0x124  Code  Gb  queue.o [1]
_xQueueReceiveFromISR   0xffc0'400c    0x9e  Code  Gb  queue.o [1]
_xQueueSemaphoreTake    0xffc0'38c0   0x164  Code  Gb  queue.o [1]
_xQueueTakeMutexRecursive
                        0xffc0'3a24    0x35  Code  Gb  queue.o [1]
_xRegisteredCommands          0x120     0x8  Data  Lc  FreeRTOS_CLI.o [1]
_xRunIndicator               0xd278     0x4  Data  Lc  blocktim.o [1]
_xRxQueue                    0xd2e0     0x4  Data  Lc  serial.o [1]
_xSchedulerRunning           0xd10c     0x4  Data  Lc  tasks.o [1]
_xSecondTimerHandler    0xffc0'4b06   0x246  Code  Gb  IntQueue.o [1]
_xSecondary                  0xd274     0x4  Data  Lc  blocktim.o [1]
_xSecondaryCycles            0xd240     0x4  Data  Lc  blocktim.o [1]
_xSendNotificationFromISR
                               0x1c     0x4  Data  Lc  TaskNotifyArray.o [1]
_xSendingTask                0xd2e4     0x4  Data  Lc  serial.o [1]
_xSerialGetChar         0xffc0'9d68     0xb  Code  Gb  serial.o [1]
_xSerialPortInitMinimal
                        0xffc0'9c98    0x35  Code  Gb  serial.o [1]
_xSerialPutChar         0xffc0'9d73    0x3c  Code  Gb  serial.o [1]
_xSerialSciHandle            0xd318     0x4  Data  Gb  r_cg_hardware_setup.o [1]
_xSerialTxDtcInfo            0xd260    0x10  Data  Gb  r_cg_hardware_setup.o [1]
_xSlaveHandle                0xd30c     0x4  Data  Lc  IntSemTest.o [1]
_xStart                      0xd2b0     0x8  Data  Lc  heap_4.o [1]
_xSuspendedQueueReceiveError
                             0xd1e4     0x4  Data  Lc  dynamic.o [1]
_xSuspendedQueueSendError
                             0xd1e0     0x4  Data  Lc  dynamic.o [1]
_xSuspendedTaskList          0xcee0    0x14  Data  Lc  tasks.o [1]
_xSuspendedTestQueue         0xd25c     0x4  Data  Gb  dynamic.o [1]
_xSyncTask1                  0xd0dc     0x4  Data  Lc  EventGroupsDemo.o [1]
_xSyncTask2                  0xd0e0     0x4  Data  Lc  EventGroupsDemo.o [1]
_xTaskCheckForTimeOut   0xffc0'1ad1    0x5e  Code  Gb  tasks.o [1]
_xTaskCreate            0xffc0'0ac8   0x1dc  Code  Gb  tasks.o [1]
_xTaskGenericNotify     0xffc0'1ff0    0xde  Code  Gb  tasks.o [1]
_xTaskGenericNotifyFromISR
                        0xffc0'20ce   0x11d  Code  Gb  tasks.o [1]
_xTaskGenericNotifyStateClear
                        0xffc0'22aa    0x34  Code  Gb  tasks.o [1]
_xTaskGenericNotifyWait
                        0xffc0'1f0b    0xe5  Code  Gb  tasks.o [1]
_xTaskGetCurrentTaskHandle
                        0xffc0'1be2     0x8  Code  Gb  tasks.o [1]
_xTaskGetSchedulerState
                        0xffc0'1bea    0x18  Code  Gb  tasks.o [1]
_xTaskGetTickCount      0xffc0'140d     0x9  Code  Gb  tasks.o [1]
_xTaskGetTickCountFromISR
                        0xffc0'1416    0x18  Code  Gb  tasks.o [1]
_xTaskIncrementTick     0xffc0'17b8    0xf7  Code  Gb  tasks.o [1]
_xTaskPriorityDisinherit
                        0xffc0'1c74    0x67  Code  Gb  tasks.o [1]
_xTaskPriorityInherit   0xffc0'1c02    0x72  Code  Gb  tasks.o [1]
_xTaskRemoveFromEventList
                        0xffc0'1a08    0x61  Code  Gb  tasks.o [1]
_xTaskResumeAll         0xffc0'1348    0xc5  Code  Gb  tasks.o [1]
_xTaskStats             0xffc0'03f4    0x10  Data  Lc  Sample-CLI-commands.o [1]
_xTaskToNotify                 0x88     0x4  Data  Lc  TaskNotify.o [1]
_xTaskToNotify                  0xc     0x4  Data  Lc  TaskNotifyArray.o [1]
_xTasksWaitingTermination
                             0xcecc    0x14  Data  Lc  tasks.o [1]
_xTestQueue                  0xd270     0x4  Data  Lc  blocktim.o [1]
_xTestStatus                   0xb0     0x4  Data  Lc  TimerDemo.o [1]
_xThreeParameterEcho    0xffc0'0404    0x10  Data  Lc  Sample-CLI-commands.o [1]
_xTickCount                  0xd104     0x4  Data  Lc  tasks.o [1]
_xTimer                        0x94     0x4  Data  Lc  TaskNotify.o [1]
_xTimerCreate           0xffc0'29d4    0x43  Code  Gb  timers.o [1]
_xTimerCreateTimerTask  0xffc0'2999    0x3b  Code  Gb  timers.o [1]
_xTimerGenericCommand   0xffc0'2a17    0x64  Code  Gb  timers.o [1]
_xTimerIsTimerActive    0xffc0'2d7f    0x1e  Code  Gb  timers.o [1]
_xTimerPendFunctionCallFromISR
                        0xffc0'2dcf    0x21  Code  Gb  timers.o [1]
_xTimerQueue                 0xd294     0x4  Data  Lc  timers.o [1]
_xTimerTaskHandle            0xd298     0x4  Data  Lc  timers.o [1]
_xTxMutex                    0xd328     0x4  Data  Lc  UARTCommandConsole.o [1]
_xWasSuspended                 0x5c     0x4  Data  Lc  IntQueue.o [1]
_xYieldPending               0xd114     0x4  Data  Lc  tasks.o [1]
prvHelpCommand::pxCommand
                              0x11c     0x4  Data  Lc  FreeRTOS_CLI.o [1]
prvNotifyingTimerCallback::uxIndexToNotify
                               0x28     0x4  Data  Lc  TaskNotifyArray.o [1]
prvOneShotTimerCallback::uxCallCount
                               0xd4     0x4  Data  Lc  TimerDemo.o [1]
prvParameterEchoCommand::uxParameterNumber
                             0xd320     0x4  Data  Lc  Sample-CLI-commands.o [1]
prvSampleTimeNow::xLastTime
                             0xd29c     0x4  Data  Lc  timers.o [1]
prvSuspendedTaskTimerTestCallback::ulCallCount
                               0x9c     0x4  Data  Lc  TaskNotify.o [1]
prvSuspendedTaskTimerTestCallback::ulCallCount
                               0x20     0x4  Data  Lc  TaskNotifyArray.o [1]
prvSuspendedTaskTimerTestCallback::uxIndexToNotify
                               0x24     0x4  Data  Lc  TaskNotifyArray.o [1]
prvThreeParameterEchoCommand::uxParameterNumber
                             0xd31c     0x4  Data  Lc  Sample-CLI-commands.o [1]
prvUARTCommandConsoleTask::cInputString
                             0xd064    0x32  Data  Lc  UARTCommandConsole.o [1]
prvUARTCommandConsoleTask::cLastInputString
                             0xd096    0x32  Data  Lc  UARTCommandConsole.o [1]
vInterruptSemaphorePeriodicTest::xLastGiveTime
                             0xd178     0x4  Data  Lc  IntSemTest.o [1]
vPeriodicEventGroupsProcessing::xCallCount
                             0xd0e4     0x4  Data  Lc  EventGroupsDemo.o [1]
vPeriodicEventGroupsProcessing::xISRTestError
                             0xd0e8     0x4  Data  Lc  EventGroupsDemo.o [1]
vQueueOverwritePeriodicISRDemo::ulCallCount
                              0x134     0x4  Data  Lc  QueueOverwrite.o [1]
vQueueSendWhenSuspendedTask::ulValueToSend
                             0xd1ec     0x4  Data  Lc  dynamic.o [1]
vTimerPeriodicISRTests::uxTick
                               0xd0     0x4  Data  Lc  TimerDemo.o [1]
xAreBlockTimeTestTasksStillRunning::xLastPrimaryCycleCount
                             0xd248     0x4  Data  Lc  blocktim.o [1]
xAreBlockTimeTestTasksStillRunning::xLastSecondaryCycleCount
                             0xd24c     0x4  Data  Lc  blocktim.o [1]
xAreBlockingQueuesStillRunning::sLastBlockingConsumerCount
                             0xd2f4     0x6  Data  Lc  BlockQ.o [1]
xAreBlockingQueuesStillRunning::sLastBlockingProducerCount
                             0xd2fa     0x6  Data  Lc  BlockQ.o [1]
xAreCountingSemaphoreTasksStillRunning::uxLastCount0
                             0xd280     0x4  Data  Lc  countsem.o [1]
xAreCountingSemaphoreTasksStillRunning::uxLastCount1
                             0xd284     0x4  Data  Lc  countsem.o [1]
xAreDynamicPriorityTasksStillRunning::ulLastExpectedValue
                             0xd1f0     0x4  Data  Lc  dynamic.o [1]
xAreDynamicPriorityTasksStillRunning::usLastTaskCheck
                             0xd1de     0x2  Data  Lc  dynamic.o [1]
xAreEventGroupTasksStillRunning::ulPreviousISRCycles
                             0xd0f4     0x4  Data  Lc  EventGroupsDemo.o [1]
xAreEventGroupTasksStillRunning::ulPreviousSetBitCycles
                             0xd0f0     0x4  Data  Lc  EventGroupsDemo.o [1]
xAreEventGroupTasksStillRunning::ulPreviousWaitBitCycles
                             0xd0ec     0x4  Data  Lc  EventGroupsDemo.o [1]
xAreGenericQueueTasksStillRunning::ulLastLoopCounter
                             0xd1bc     0x4  Data  Lc  GenQTest.o [1]
xAreGenericQueueTasksStillRunning::ulLastLoopCounter2
                             0xd1c0     0x4  Data  Lc  GenQTest.o [1]
xAreIntQueueTasksStillRunning::uxLastHighPriorityLoops1
                               0x70     0x4  Data  Lc  IntQueue.o [1]
xAreIntQueueTasksStillRunning::uxLastHighPriorityLoops2
                               0x74     0x4  Data  Lc  IntQueue.o [1]
xAreIntQueueTasksStillRunning::uxLastLowPriorityLoops1
                               0x78     0x4  Data  Lc  IntQueue.o [1]
xAreIntQueueTasksStillRunning::uxLastLowPriorityLoops2
                               0x7c     0x4  Data  Lc  IntQueue.o [1]
xAreInterruptSemaphoreTasksStillRunning::ulLastCountingSemaphoreLoops
                             0xd180     0x4  Data  Lc  IntSemTest.o [1]
xAreInterruptSemaphoreTasksStillRunning::ulLastMasterLoopCounter
                             0xd17c     0x4  Data  Lc  IntSemTest.o [1]
xAreRecursiveMutexTasksStillRunning::uxLastBlockingCycles
                             0xd1a0     0x4  Data  Lc  recmutex.o [1]
xAreRecursiveMutexTasksStillRunning::uxLastControllingCycles
                             0xd19c     0x4  Data  Lc  recmutex.o [1]
xAreRecursiveMutexTasksStillRunning::uxLastPollingCycles
                             0xd1a4     0x4  Data  Lc  recmutex.o [1]
xAreSemaphoreTasksStillRunning::sLastCheckVariables
                             0xd2d8     0x8  Data  Lc  semtest.o [1]
xAreTaskNotificationArrayTasksStillRunning::ulCallCount
                               0x3c     0x4  Data  Lc  TaskNotifyArray.o [1]
xAreTaskNotificationArrayTasksStillRunning::ulLastCourseCycleCount
                               0x38     0x4  Data  Lc  TaskNotifyArray.o [1]
xAreTaskNotificationArrayTasksStillRunning::ulLastFineCycleCount
                               0x34     0x4  Data  Lc  TaskNotifyArray.o [1]
xAreTaskNotificationArrayTasksStillRunning::xErrorStatus
                               0x40     0x4  Data  Lc  TaskNotifyArray.o [1]
xAreTaskNotificationTasksStillRunning::ulLastNotifyCycleCount
                               0xa8     0x4  Data  Lc  TaskNotify.o [1]
xAreTimerDemoTasksStillRunning::ulLastLoopCounter
                               0xc8     0x4  Data  Lc  TimerDemo.o [1]
xAreTimerDemoTasksStillRunning::xIterationsWithoutCounterIncrement
                               0xcc     0x4  Data  Lc  TimerDemo.o [1]
xAreTimerDemoTasksStillRunning::xLastCycleFrequency
                             0xd324     0x4  Data  Lc  TimerDemo.o [1]
xFirstTimerHandler::uxNextOperation
                               0x68     0x4  Data  Lc  IntQueue.o [1]
xIsCreateTaskStillRunning::usLastCreationCount
                              0x13a     0x2  Data  Lc  death.o [1]
xNotifyArrayTaskFromISR::uxIndexToNotify
                               0x30     0x4  Data  Lc  TaskNotifyArray.o [1]
xNotifyArrayTaskFromISR::xAPIToUse
                               0x2c     0x4  Data  Lc  TaskNotifyArray.o [1]
xNotifyTaskFromISR::xAPIToUse
                               0xa4     0x4  Data  Lc  TaskNotify.o [1]
xNotifyTaskFromISR::xCallCount
                               0xa0     0x4  Data  Lc  TaskNotify.o [1]
xSecondTimerHandler::uxNextOperation
                               0x6c     0x4  Data  Lc  IntQueue.o [1]


[1] = C:\Renesas\GitHubDesktop\work\FreeRTOS\FreeRTOS\Demo\RX700_RX72N_EnvisionKit_IAR_e2studio_EWRX\Debug\Obj
[2] = dbgrxdllnd.a
[3] = dlrxdlln.a
[4] = rtrx3dll.a

  50'307 bytes of readonly  code memory
   4'192 bytes of readonly  data memory
  55'086 bytes of readwrite data memory

Errors: none
Warnings: 2
