###############################################################################
#
# IAR ELF Linker V4.20.1.5803/W32 for Renesas RX          09/May/2021  17:31:01
# Copyright 2009-2020 IAR Systems AB.
#
#    Output file  =
#        C:\Renesas\GitHubDesktop\work\FreeRTOS\FreeRTOS\Demo\RX700_RX72N_RenesasSim_IAR_e2studio_EWRX\Debug\Exe\RTOSDemo.out
#    Map file     =
#        C:\Renesas\GitHubDesktop\work\FreeRTOS\FreeRTOS\Demo\RX700_RX72N_RenesasSim_IAR_e2studio_EWRX\Debug\List\RTOSDemo.map
#    Command line =
#        -f C:\Temp\UserName\EW9F84.tmp
#        (C:\Renesas\GitHubDesktop\work\FreeRTOS\FreeRTOS\Demo\RX700_RX72N_RenesasSim_IAR_e2studio_EWRX\Debug\Obj\BlockQ.o
#        C:\Renesas\GitHubDesktop\work\FreeRTOS\FreeRTOS\Demo\RX700_RX72N_RenesasSim_IAR_e2studio_EWRX\Debug\Obj\blocktim.o
#        C:\Renesas\GitHubDesktop\work\FreeRTOS\FreeRTOS\Demo\RX700_RX72N_RenesasSim_IAR_e2studio_EWRX\Debug\Obj\countsem.o
#        C:\Renesas\GitHubDesktop\work\FreeRTOS\FreeRTOS\Demo\RX700_RX72N_RenesasSim_IAR_e2studio_EWRX\Debug\Obj\death.o
#        C:\Renesas\GitHubDesktop\work\FreeRTOS\FreeRTOS\Demo\RX700_RX72N_RenesasSim_IAR_e2studio_EWRX\Debug\Obj\dynamic.o
#        C:\Renesas\GitHubDesktop\work\FreeRTOS\FreeRTOS\Demo\RX700_RX72N_RenesasSim_IAR_e2studio_EWRX\Debug\Obj\event_groups.o
#        C:\Renesas\GitHubDesktop\work\FreeRTOS\FreeRTOS\Demo\RX700_RX72N_RenesasSim_IAR_e2studio_EWRX\Debug\Obj\EventGroupsDemo.o
#        C:\Renesas\GitHubDesktop\work\FreeRTOS\FreeRTOS\Demo\RX700_RX72N_RenesasSim_IAR_e2studio_EWRX\Debug\Obj\FIT_patch.o
#        C:\Renesas\GitHubDesktop\work\FreeRTOS\FreeRTOS\Demo\RX700_RX72N_RenesasSim_IAR_e2studio_EWRX\Debug\Obj\flop.o
#        C:\Renesas\GitHubDesktop\work\FreeRTOS\FreeRTOS\Demo\RX700_RX72N_RenesasSim_IAR_e2studio_EWRX\Debug\Obj\FreeRTOS_CLI.o
#        C:\Renesas\GitHubDesktop\work\FreeRTOS\FreeRTOS\Demo\RX700_RX72N_RenesasSim_IAR_e2studio_EWRX\Debug\Obj\freertos_object_init.o
#        C:\Renesas\GitHubDesktop\work\FreeRTOS\FreeRTOS\Demo\RX700_RX72N_RenesasSim_IAR_e2studio_EWRX\Debug\Obj\freertos_start.o
#        C:\Renesas\GitHubDesktop\work\FreeRTOS\FreeRTOS\Demo\RX700_RX72N_RenesasSim_IAR_e2studio_EWRX\Debug\Obj\GenQTest.o
#        C:\Renesas\GitHubDesktop\work\FreeRTOS\FreeRTOS\Demo\RX700_RX72N_RenesasSim_IAR_e2studio_EWRX\Debug\Obj\heap_4.o
#        C:\Renesas\GitHubDesktop\work\FreeRTOS\FreeRTOS\Demo\RX700_RX72N_RenesasSim_IAR_e2studio_EWRX\Debug\Obj\hwsetup.o
#        C:\Renesas\GitHubDesktop\work\FreeRTOS\FreeRTOS\Demo\RX700_RX72N_RenesasSim_IAR_e2studio_EWRX\Debug\Obj\IDE_helper.o
#        C:\Renesas\GitHubDesktop\work\FreeRTOS\FreeRTOS\Demo\RX700_RX72N_RenesasSim_IAR_e2studio_EWRX\Debug\Obj\IntQueue.o
#        C:\Renesas\GitHubDesktop\work\FreeRTOS\FreeRTOS\Demo\RX700_RX72N_RenesasSim_IAR_e2studio_EWRX\Debug\Obj\IntQueueTimer.o
#        C:\Renesas\GitHubDesktop\work\FreeRTOS\FreeRTOS\Demo\RX700_RX72N_RenesasSim_IAR_e2studio_EWRX\Debug\Obj\IntSemTest.o
#        C:\Renesas\GitHubDesktop\work\FreeRTOS\FreeRTOS\Demo\RX700_RX72N_RenesasSim_IAR_e2studio_EWRX\Debug\Obj\list.o
#        C:\Renesas\GitHubDesktop\work\FreeRTOS\FreeRTOS\Demo\RX700_RX72N_RenesasSim_IAR_e2studio_EWRX\Debug\Obj\lowlvl.o
#        C:\Renesas\GitHubDesktop\work\FreeRTOS\FreeRTOS\Demo\RX700_RX72N_RenesasSim_IAR_e2studio_EWRX\Debug\Obj\lowsrc.o
#        C:\Renesas\GitHubDesktop\work\FreeRTOS\FreeRTOS\Demo\RX700_RX72N_RenesasSim_IAR_e2studio_EWRX\Debug\Obj\main_blinky.o
#        C:\Renesas\GitHubDesktop\work\FreeRTOS\FreeRTOS\Demo\RX700_RX72N_RenesasSim_IAR_e2studio_EWRX\Debug\Obj\main_full.o
#        C:\Renesas\GitHubDesktop\work\FreeRTOS\FreeRTOS\Demo\RX700_RX72N_RenesasSim_IAR_e2studio_EWRX\Debug\Obj\mcu_clocks.o
#        C:\Renesas\GitHubDesktop\work\FreeRTOS\FreeRTOS\Demo\RX700_RX72N_RenesasSim_IAR_e2studio_EWRX\Debug\Obj\mcu_init.o
#        C:\Renesas\GitHubDesktop\work\FreeRTOS\FreeRTOS\Demo\RX700_RX72N_RenesasSim_IAR_e2studio_EWRX\Debug\Obj\mcu_interrupts.o
#        C:\Renesas\GitHubDesktop\work\FreeRTOS\FreeRTOS\Demo\RX700_RX72N_RenesasSim_IAR_e2studio_EWRX\Debug\Obj\mcu_locks.o
#        C:\Renesas\GitHubDesktop\work\FreeRTOS\FreeRTOS\Demo\RX700_RX72N_RenesasSim_IAR_e2studio_EWRX\Debug\Obj\mcu_mapped_interrupts.o
#        C:\Renesas\GitHubDesktop\work\FreeRTOS\FreeRTOS\Demo\RX700_RX72N_RenesasSim_IAR_e2studio_EWRX\Debug\Obj\port.o
#        C:\Renesas\GitHubDesktop\work\FreeRTOS\FreeRTOS\Demo\RX700_RX72N_RenesasSim_IAR_e2studio_EWRX\Debug\Obj\queue.o
#        C:\Renesas\GitHubDesktop\work\FreeRTOS\FreeRTOS\Demo\RX700_RX72N_RenesasSim_IAR_e2studio_EWRX\Debug\Obj\QueueOverwrite.o
#        C:\Renesas\GitHubDesktop\work\FreeRTOS\FreeRTOS\Demo\RX700_RX72N_RenesasSim_IAR_e2studio_EWRX\Debug\Obj\r_bsp_common.o
#        C:\Renesas\GitHubDesktop\work\FreeRTOS\FreeRTOS\Demo\RX700_RX72N_RenesasSim_IAR_e2studio_EWRX\Debug\Obj\r_bsp_cpu.o
#        C:\Renesas\GitHubDesktop\work\FreeRTOS\FreeRTOS\Demo\RX700_RX72N_RenesasSim_IAR_e2studio_EWRX\Debug\Obj\r_bsp_interrupts.o
#        C:\Renesas\GitHubDesktop\work\FreeRTOS\FreeRTOS\Demo\RX700_RX72N_RenesasSim_IAR_e2studio_EWRX\Debug\Obj\r_bsp_locking.o
#        C:\Renesas\GitHubDesktop\work\FreeRTOS\FreeRTOS\Demo\RX700_RX72N_RenesasSim_IAR_e2studio_EWRX\Debug\Obj\r_bsp_mcu_startup.o
#        C:\Renesas\GitHubDesktop\work\FreeRTOS\FreeRTOS\Demo\RX700_RX72N_RenesasSim_IAR_e2studio_EWRX\Debug\Obj\r_bsp_software_interrupt.o
#        C:\Renesas\GitHubDesktop\work\FreeRTOS\FreeRTOS\Demo\RX700_RX72N_RenesasSim_IAR_e2studio_EWRX\Debug\Obj\r_cg_hardware_setup.o
#        C:\Renesas\GitHubDesktop\work\FreeRTOS\FreeRTOS\Demo\RX700_RX72N_RenesasSim_IAR_e2studio_EWRX\Debug\Obj\r_gpio_rx.o
#        C:\Renesas\GitHubDesktop\work\FreeRTOS\FreeRTOS\Demo\RX700_RX72N_RenesasSim_IAR_e2studio_EWRX\Debug\Obj\r_gpio_rx72n.o
#        C:\Renesas\GitHubDesktop\work\FreeRTOS\FreeRTOS\Demo\RX700_RX72N_RenesasSim_IAR_e2studio_EWRX\Debug\Obj\r_rx_intrinsic_functions.o
#        C:\Renesas\GitHubDesktop\work\FreeRTOS\FreeRTOS\Demo\RX700_RX72N_RenesasSim_IAR_e2studio_EWRX\Debug\Obj\r_smc_cgc.o
#        C:\Renesas\GitHubDesktop\work\FreeRTOS\FreeRTOS\Demo\RX700_RX72N_RenesasSim_IAR_e2studio_EWRX\Debug\Obj\r_smc_cgc_user.o
#        C:\Renesas\GitHubDesktop\work\FreeRTOS\FreeRTOS\Demo\RX700_RX72N_RenesasSim_IAR_e2studio_EWRX\Debug\Obj\r_smc_interrupt.o
#        C:\Renesas\GitHubDesktop\work\FreeRTOS\FreeRTOS\Demo\RX700_RX72N_RenesasSim_IAR_e2studio_EWRX\Debug\Obj\recmutex.o
#        C:\Renesas\GitHubDesktop\work\FreeRTOS\FreeRTOS\Demo\RX700_RX72N_RenesasSim_IAR_e2studio_EWRX\Debug\Obj\resetprg.o
#        C:\Renesas\GitHubDesktop\work\FreeRTOS\FreeRTOS\Demo\RX700_RX72N_RenesasSim_IAR_e2studio_EWRX\Debug\Obj\Sample-CLI-commands.o
#        C:\Renesas\GitHubDesktop\work\FreeRTOS\FreeRTOS\Demo\RX700_RX72N_RenesasSim_IAR_e2studio_EWRX\Debug\Obj\semtest.o
#        C:\Renesas\GitHubDesktop\work\FreeRTOS\FreeRTOS\Demo\RX700_RX72N_RenesasSim_IAR_e2studio_EWRX\Debug\Obj\serial.o
#        C:\Renesas\GitHubDesktop\work\FreeRTOS\FreeRTOS\Demo\RX700_RX72N_RenesasSim_IAR_e2studio_EWRX\Debug\Obj\sim_debug_mode_hook.o
#        C:\Renesas\GitHubDesktop\work\FreeRTOS\FreeRTOS\Demo\RX700_RX72N_RenesasSim_IAR_e2studio_EWRX\Debug\Obj\TaskNotify.o
#        C:\Renesas\GitHubDesktop\work\FreeRTOS\FreeRTOS\Demo\RX700_RX72N_RenesasSim_IAR_e2studio_EWRX\Debug\Obj\TaskNotifyArray.o
#        C:\Renesas\GitHubDesktop\work\FreeRTOS\FreeRTOS\Demo\RX700_RX72N_RenesasSim_IAR_e2studio_EWRX\Debug\Obj\tasks.o
#        C:\Renesas\GitHubDesktop\work\FreeRTOS\FreeRTOS\Demo\RX700_RX72N_RenesasSim_IAR_e2studio_EWRX\Debug\Obj\TimerDemo.o
#        C:\Renesas\GitHubDesktop\work\FreeRTOS\FreeRTOS\Demo\RX700_RX72N_RenesasSim_IAR_e2studio_EWRX\Debug\Obj\timers.o
#        C:\Renesas\GitHubDesktop\work\FreeRTOS\FreeRTOS\Demo\RX700_RX72N_RenesasSim_IAR_e2studio_EWRX\Debug\Obj\u_bsp_lowlvl_ext.o
#        C:\Renesas\GitHubDesktop\work\FreeRTOS\FreeRTOS\Demo\RX700_RX72N_RenesasSim_IAR_e2studio_EWRX\Debug\Obj\UARTCommandConsole.o
#        C:\Renesas\GitHubDesktop\work\FreeRTOS\FreeRTOS\Demo\RX700_RX72N_RenesasSim_IAR_e2studio_EWRX\Debug\Obj\vecttbl.o
#        --no_out_extension -o
#        C:\Renesas\GitHubDesktop\work\FreeRTOS\FreeRTOS\Demo\RX700_RX72N_RenesasSim_IAR_e2studio_EWRX\Debug\Exe\RTOSDemo.out
#        --map
#        C:\Renesas\GitHubDesktop\work\FreeRTOS\FreeRTOS\Demo\RX700_RX72N_RenesasSim_IAR_e2studio_EWRX\Debug\List\RTOSDemo.map
#        --log
#        libraries,initialization,modules,redirects,sections,veneers,unused_fragments,call_graph
#        --log_file
#        C:\Renesas\GitHubDesktop\work\FreeRTOS\FreeRTOS\Demo\RX700_RX72N_RenesasSim_IAR_e2studio_EWRX\Debug\List\RTOSDemo.log
#        --config C:\Renesas\EWB\8.4\rx\config\lnkr5f572nn.icf --remarks
#        --config_def _USTACK_SIZE=0 --config_def _ISTACK_SIZE=0x400
#        --config_def _HEAP_SIZE=0 --entry __iar_program_start --debug_lib
#        --vfe --enable_stack_usage --option_mem=2 --text_out locale)
#
###############################################################################

*******************************************************************************
*** MESSAGES
***

Warning[Ls016]: [stack usage analysis] the program contains at least one
          indirect call. Example: from "_R_BSP_InterruptControl". A complete
          list of such functions is in the map file.
Warning[Ls017]: [stack usage analysis] the program contains at least one
          instance of recursion for which stack usage analysis has not been
          able to calculate a maximum stack depth. One function involved is
          "_xTaskResumeAll". A complete list of all recursion nests is in the
          map file.


*******************************************************************************
*** RUNTIME MODEL ATTRIBUTES
***

__SystemLibrary            = DLib
__calling_conv             = abi10
__core                     = 3
__dlib_file_descriptor     = 0
__dlib_full_locale_support = 0
__dlib_version             = 6
__double_size              = 64
__endian                   = l
__enum_size                = var
__fpu                      = 2
__int_size                 = 32
__lock_R10                 = 0
__lock_R11                 = 0
__lock_R12                 = 0
__lock_R13                 = 0
__lock_R8                  = 0
__lock_R9                  = 0
__rt_version               = 5


*******************************************************************************
*** HEAP SELECTION
***

The basic heap was selected because some modules are built with
size limitations (and not runtime checking), and --advanced_heap
was not specified.


*******************************************************************************
*** PLACEMENT SUMMARY
***

"A0":  place at address 0xfe7f'5d00 { ro section .option_mem };
"A1":  place at address 0xffff'fffc { ro section .resetvect };
"A2":  place at address 0xffff'ff80 { ro section .exceptvect };
"ROM24":
       place in [from 0xffc0'0000 to 0xffff'ffff] {
          ro section .code24*, ro section .data24* };
"RAM24":
       place in [from 0x4 to 0x7'ffff] |
                [from 0x80'0000 to 0x87'ffff] { rw section .data24* };
"ROM32":
       place in [from 0xffc0'0000 to 0xffff'ffff] { ro };
define block USTACK with size = 0, alignment = 4 { };
define block ISTACK with size = 1K, alignment = 4 { };
define block STACKS with fixed order { block USTACK, block ISTACK };
"STACKS":
       place at end of [from 0x4 to 0x7'ffff] { block STACKS };
initialize by copy { rw, ro section D, ro section D_1, ro section D_2 };

No sections matched the following patterns:

  ro section .code16*          in "ROM16"
  ro section .code24*          in "ROM24"
  ro section .data16*          in "ROM16"
  ro section .dataflash*       in "DATAFLASH"
  ro section D                 in "RAM32"
  ro section D_1               in "RAM32"
  ro section D_2               in "RAM32"
  rw section .data16*          in "RAM16"
  rw section .stdby*           in "STDBY"
  rw section __DLIB_PERTHREAD  in "RAM16"


  Section            Kind         Address    Size  Object
  -------            ----         -------    ----  ------
"RAM24", part 1 of 2:                       0x134
  RAM24 s0                            0x4   0x134  <Init block>
    .data24.data     inited           0x4    0x40  TaskNotifyArray.o [1]
    .data24.data     inited          0x44    0x3c  IntQueue.o [1]
    .data24.data     inited          0x80    0x34  tasks.o [1]
    .data24.data     inited          0xb4    0x2c  TaskNotify.o [1]
    .data24.data     inited          0xe0    0x2c  TimerDemo.o [1]
    .data24.data     inited         0x10c    0x10  FreeRTOS_CLI.o [1]
    .data24.data     inited         0x11c    0x10  QueueOverwrite.o [1]
    .data24.data     inited         0x12c     0x8  death.o [1]
    .data24.data     inited         0x134     0x4  FreeRTOS_CLI.o [1]
                                  - 0x138   0x134

"RAM24", part 2 of 2:                      0xce7c
  .data24.bss        zero           0x138  0xb800  heap_4.o [1]
  .data24.bss        zero          0xb938   0xdac  FreeRTOS_CLI.o [1]
  .data24.bss        zero          0xc6e4   0x210  mcu_locks.o [1]
  .data24.bss        zero          0xc8f4   0x1b0  r_bsp_interrupts.o [1]
  .data24.bss        zero          0xcaa4    0xc8  IntQueue.o [1]
  .data24.bss        zero          0xcb6c    0xc8  IntQueue.o [1]
  .data24.bss        zero          0xcc34    0x8c  tasks.o [1]
  .data24.bss        zero          0xccc0    0x6c  tasks.o [1]
  .data24.bss        zero          0xcd2c    0x32  UARTCommandConsole.o [1]
  .data24.bss        zero          0xcd5e    0x32  UARTCommandConsole.o [1]
  .data24.bss        zero          0xcd90    0x30  EventGroupsDemo.o [1]
  .data24.bss        zero          0xcdc0    0x30  timers.o [1]
  .data24.bss        zero          0xcdf0    0x2c  IntSemTest.o [1]
  .data24.bss        zero          0xce1c    0x24  recmutex.o [1]
  .data24.bss        zero          0xce40    0x1c  GenQTest.o [1]
  .data24.bss        zero          0xce5c    0x18  countsem.o [1]
  .data24.bss        zero          0xce74    0x18  dynamic.o [1]
  .data24.bss        zero          0xce8c    0x18  heap_4.o [1]
  .data24.bss        zero          0xcea4    0x18  IntQueue.o [1]
  .data24.bss        zero          0xcebc    0x18  TimerDemo.o [1]
  .data24.bss        zero          0xced4    0x14  blocktim.o [1]
  .data24.bss        zero          0xcee8    0x10  dynamic.o [1]
  .data24.bss        zero          0xcef8     0xc  blocktim.o [1]
  .data24.bss        zero          0xcf04     0xc  countsem.o [1]
  .data24.bss        zero          0xcf10     0xc  recmutex.o [1]
  .data24.bss        zero          0xcf1c     0xc  timers.o [1]
  .data24.bss        zero          0xcf28     0x8  flop.o [1]
  .data24.bss        zero          0xcf30     0x8  GenQTest.o [1]
  .data24.bss        zero          0xcf38     0x8  heap_4.o [1]
  .data24.bss        zero          0xcf40     0x8  main_full.o [1]
  .data24.bss        zero          0xcf48     0x8  r_bsp_cpu.o [1]
  .data24.bss        zero          0xcf50     0x8  semtest.o [1]
  .data24.bss        zero          0xcf58     0x8  semtest.o [1]
  .data24.bss        zero          0xcf60     0x8  serial.o [1]
  .data24.bss        zero          0xcf68     0x8  serial.o [1]
  .data24.bss        zero          0xcf70     0x8  UARTCommandConsole.o [1]
  .data24.bss        zero          0xcf78     0x6  BlockQ.o [1]
  .data24.bss        zero          0xcf7e     0x6  BlockQ.o [1]
  .data24.bss        zero          0xcf84     0x6  BlockQ.o [1]
  .data24.bss        zero          0xcf8a     0x6  BlockQ.o [1]
  .data24.bss        zero          0xcf90     0x6  TimerDemo.o [1]
  .data24.bss        zero          0xcf96     0x2  freertos_start.o [1]
  .data24.bss        zero          0xcf98     0x4  death.o [1]
  .data24.bss        zero          0xcf9c     0x4  IntSemTest.o [1]
  .data24.bss        zero          0xcfa0     0x4  port.o [1]
  .data24.bss        zero          0xcfa4     0x4  Sample-CLI-commands.o [1]
  .data24.bss        zero          0xcfa8     0x4  Sample-CLI-commands.o [1]
  .data24.bss        zero          0xcfac     0x4  TimerDemo.o [1]
  .data24.bss        zero          0xcfb0     0x2  semtest.o [1]
                                 - 0xcfb2  0xce7a

"STACKS":                                   0x400
  STACKS                         0x7'fc00   0x400  <Block>
    USTACK                       0x7'fc00     0x0  <Block>
    ISTACK                       0x7'fc00   0x400  <Block>
      ISTACK         uninit      0x7'fc00   0x400  <Block tail>
                               - 0x8'0000   0x400

"A0":                                        0x74
  .option_mem        const    0xfe7f'5d00    0x74  option_mem.o [4]
                            - 0xfe7f'5d74    0x74

"ROM24", part 1 of 2:                       0x86a
  .data24.rodata     const    0xffc0'0000    0x61  Sample-CLI-commands.o [1]
  .data24.rodata     const    0xffc0'0061    0x4b  Sample-CLI-commands.o [1]
  .data24.rodata     const    0xffc0'00ac    0x58  FreeRTOS_CLI.o [1]
  .data24.rodata     const    0xffc0'0104    0x56  Sample-CLI-commands.o [1]
  .data24.rodata     const    0xffc0'015a    0x52  Sample-CLI-commands.o [1]
  .data24.rodata     const    0xffc0'01ac    0x54  Sample-CLI-commands.o [1]
  .data24.rodata     const    0xffc0'0200    0x50  FreeRTOS_CLI.o [1]
  .data24.rodata     const    0xffc0'0250    0x50  UARTCommandConsole.o [1]
  .data24.rodata     const    0xffc0'02a0    0x40  Sample-CLI-commands.o [1]
  .data24.rodata     const    0xffc0'02e0    0x3e  Sample-CLI-commands.o [1]
  .data24.rodata     const    0xffc0'031e    0x39  UARTCommandConsole.o [1]
  .data24.rodata     const    0xffc0'0357    0x2d  main_full.o [1]
  .data24.rodata     const    0xffc0'0384    0x30  FreeRTOS_CLI.o [1]
  .data24.rodata     const    0xffc0'03b4    0x29  main_full.o [1]
  .data24.rodata     const    0xffc0'03dd    0x27  main_full.o [1]
  .data24.rodata     const    0xffc0'0404    0x28  main_full.o [1]
  .data24.rodata     const    0xffc0'042c    0x26  main_full.o [1]
  .data24.rodata     const    0xffc0'0452    0x25  main_full.o [1]
  .data24.rodata     const    0xffc0'0477    0x25  main_full.o [1]
  .data24.rodata     const    0xffc0'049c    0x24  main_full.o [1]
  .data24.rodata     const    0xffc0'04c0    0x23  main_full.o [1]
  .data24.rodata     const    0xffc0'04e3    0x22  main_full.o [1]
  .data24.rodata     const    0xffc0'0505    0x21  main_full.o [1]
  .data24.rodata     const    0xffc0'0526    0x1a  main_full.o [1]
  .data24.rodata     const    0xffc0'0540    0x20  main_full.o [1]
  .data24.rodata     const    0xffc0'0560    0x1f  main_full.o [1]
  .data24.rodata     const    0xffc0'057f    0x1d  Sample-CLI-commands.o [1]
  .data24.rodata     const    0xffc0'059c    0x1b  freertos_start.o [1]
  .data24.rodata     const    0xffc0'05b7    0x1b  main_full.o [1]
  .data24.rodata     const    0xffc0'05d2    0x1a  main_full.o [1]
  .data24.rodata     const    0xffc0'05ec    0x1a  main_full.o [1]
  .data24.rodata     const    0xffc0'0606    0x17  Sample-CLI-commands.o [1]
  .data24.rodata     const    0xffc0'061d    0x13  freertos_start.o [1]
  .data24.rodata     const    0xffc0'0630    0x12  Sample-CLI-commands.o [1]
  .data24.rodata     const    0xffc0'0642    0x11  freertos_start.o [1]
  .data24.rodata     const    0xffc0'0653     0xd  TaskNotify.o [1]
  .data24.rodata     const    0xffc0'0660    0x10  FreeRTOS_CLI.o [1]
  .data24.rodata     const    0xffc0'0670    0x10  Sample-CLI-commands.o [1]
  .data24.rodata     const    0xffc0'0680     0xf  tasks.o [1]
  .data24.rodata     const    0xffc0'068f     0xe  TimerDemo.o [1]
  .data24.rodata     const    0xffc0'069d     0xd  TaskNotifyArray.o [1]
  .data24.rodata     const    0xffc0'06aa     0xd  TaskNotifyArray.o [1]
  .data24.rodata     const    0xffc0'06b7     0x9  TaskNotify.o [1]
  .data24.rodata     const    0xffc0'06c0     0xc  mcu_clocks.o [1]
  .data24.rodata     const    0xffc0'06cc     0xb  Sample-CLI-commands.o [1]
  .data24.rodata     const    0xffc0'06d7     0xb  Sample-CLI-commands.o [1]
  .data24.rodata     const    0xffc0'06e2     0x9  TaskNotify.o [1]
  .data24.rodata     const    0xffc0'06eb     0x9  TaskNotifyArray.o [1]
  .data24.rodata     const    0xffc0'06f4     0x9  TimerDemo.o [1]
  .data24.rodata     const    0xffc0'06fd     0x7  blocktim.o [1]
  .data24.rodata     const    0xffc0'0704     0x8  BlockQ.o [1]
  .data24.rodata     const    0xffc0'070c     0x8  BlockQ.o [1]
  .data24.rodata     const    0xffc0'0714     0x8  BlockQ.o [1]
  .data24.rodata     const    0xffc0'071c     0x8  BlockQ.o [1]
  .data24.rodata     const    0xffc0'0724     0x8  BlockQ.o [1]
  .data24.rodata     const    0xffc0'072c     0x8  BlockQ.o [1]
  .data24.rodata     const    0xffc0'0734     0x8  death.o [1]
  .data24.rodata     const    0xffc0'073c     0x8  death.o [1]
  .data24.rodata     const    0xffc0'0744     0x8  death.o [1]
  .data24.rodata     const    0xffc0'074c     0x8  dynamic.o [1]
  .data24.rodata     const    0xffc0'0754     0x8  dynamic.o [1]
  .data24.rodata     const    0xffc0'075c     0x8  dynamic.o [1]
  .data24.rodata     const    0xffc0'0764     0x8  dynamic.o [1]
  .data24.rodata     const    0xffc0'076c     0x8  semtest.o [1]
  .data24.rodata     const    0xffc0'0774     0x8  semtest.o [1]
  .data24.rodata     const    0xffc0'077c     0x8  semtest.o [1]
  .data24.rodata     const    0xffc0'0784     0x8  semtest.o [1]
  .data24.rodata     const    0xffc0'078c     0x8  TimerDemo.o [1]
  .data24.rodata     const    0xffc0'0794     0x8  timers.o [1]
  .data24.rodata     const    0xffc0'079c     0x7  blocktim.o [1]
  .data24.rodata     const    0xffc0'07a3     0x7  dynamic.o [1]
  .data24.rodata     const    0xffc0'07aa     0x7  GenQTest.o [1]
  .data24.rodata     const    0xffc0'07b1     0x7  IntSemTest.o [1]
  .data24.rodata     const    0xffc0'07b8     0x7  IntSemTest.o [1]
  .data24.rodata     const    0xffc0'07bf     0x7  IntSemTest.o [1]
  .data24.rodata     const    0xffc0'07c6     0x7  TimerDemo.o [1]
  .data24.rodata     const    0xffc0'07cd     0x7  TimerDemo.o [1]
  .data24.rodata     const    0xffc0'07d4     0x6  EventGroupsDemo.o [1]
  .data24.rodata     const    0xffc0'07da     0x6  flop.o [1]
  .data24.rodata     const    0xffc0'07e0     0x6  flop.o [1]
  .data24.rodata     const    0xffc0'07e6     0x6  flop.o [1]
  .data24.rodata     const    0xffc0'07ec     0x6  flop.o [1]
  .data24.rodata     const    0xffc0'07f2     0x6  GenQTest.o [1]
  .data24.rodata     const    0xffc0'07f8     0x6  GenQTest.o [1]
  .data24.rodata     const    0xffc0'07fe     0x6  main_full.o [1]
  .data24.rodata     const    0xffc0'0804     0x6  QueueOverwrite.o [1]
  .data24.rodata     const    0xffc0'080a     0x5  countsem.o [1]
  .data24.rodata     const    0xffc0'080f     0x5  countsem.o [1]
  .data24.rodata     const    0xffc0'0814     0x5  EventGroupsDemo.o [1]
  .data24.rodata     const    0xffc0'0819     0x5  EventGroupsDemo.o [1]
  .data24.rodata     const    0xffc0'081e     0x5  FreeRTOS_CLI.o [1]
  .data24.rodata     const    0xffc0'0823     0x5  GenQTest.o [1]
  .data24.rodata     const    0xffc0'0828     0x5  main_full.o [1]
  .data24.rodata     const    0xffc0'082d     0x5  main_full.o [1]
  .data24.rodata     const    0xffc0'0832     0x5  recmutex.o [1]
  .data24.rodata     const    0xffc0'0837     0x5  recmutex.o [1]
  .data24.rodata     const    0xffc0'083c     0x5  recmutex.o [1]
  .data24.rodata     const    0xffc0'0841     0x5  Sample-CLI-commands.o [1]
  .data24.rodata     const    0xffc0'0846     0x5  Sample-CLI-commands.o [1]
  .data24.rodata     const    0xffc0'084b     0x5  tasks.o [1]
  .data24.rodata     const    0xffc0'0850     0x4  main_full.o [1]
  .data24.rodata     const    0xffc0'0854     0x4  sim_debug_mode_hook.o [1]
  .data24.rodata     const    0xffc0'0858     0x4  UARTCommandConsole.o [1]
  .data24.rodata     const    0xffc0'085c     0x3  freertos_start.o [1]
  .data24.rodata     const    0xffc0'085f     0x3  main_full.o [1]
  .data24.rodata     const    0xffc0'0862     0x3  Sample-CLI-commands.o [1]
  .data24.rodata     const    0xffc0'0865     0x3  UARTCommandConsole.o [1]
  .data24.rodata     const    0xffc0'0868     0x2  main_full.o [1]
                            - 0xffc0'086a   0x86a

"ROM32":                                   0xb802
  .text              ro code  0xffc0'0870  0x1af5  tasks.o [1]
  .text              ro code  0xffc0'2368   0x245  heap_4.o [1]
  .text              ro code  0xffc0'25ad   0x1af  freertos_start.o [1]
  .switch.rodata     const    0xffc0'275c     0xa  timers.o [1]
  .text              ro code  0xffc0'2768    0xae  list.o [1]
  .text              ro code  0xffc0'2816   0x1ff  port.o [1]
  .text              ro code  0xffc0'2a18   0x4be  timers.o [1]
  .text              ro code  0xffc0'2ed8     0xe  strlen.o [3]
  .text              ro code  0xffc0'2ee8    0x32  sprintf.o [3]
  .text              ro code  0xffc0'2f1a    0x29  lowlvl.o [1]
  .text              ro code  0xffc0'2f44     0xa  xsprout.o [3]
  .text              ro code  0xffc0'2f50   0x6da  main_full.o [1]
  .text              ro code  0xffc0'362a   0x19d  serial.o [1]
  .text              ro code  0xffc0'37c8  0x1039  queue.o [1]
  .text              ro code  0xffc0'4808   0x14e  xprintftiny.o [3]
  .text              ro code  0xffc0'4958   0x286  dynamic.o [1]
  .text              ro code  0xffc0'4be0   0x243  BlockQ.o [1]
  .text              ro code  0xffc0'4e28   0x495  blocktim.o [1]
  .text              ro code  0xffc0'52c0   0x1ac  countsem.o [1]
  .text              ro code  0xffc0'5470   0x59a  GenQTest.o [1]
  .text              ro code  0xffc0'5a10   0x240  recmutex.o [1]
  .text              ro code  0xffc0'5c50   0x1f1  semtest.o [1]
  .text              ro code  0xffc0'5e48   0x47c  flop.o [1]
  .text              ro code  0xffc0'62c8   0xa3d  TimerDemo.o [1]
  .text              ro code  0xffc0'6d08   0x171  QueueOverwrite.o [1]
  .text              ro code  0xffc0'6e80   0x65b  EventGroupsDemo.o [1]
  .text              ro code  0xffc0'74e0   0x7d2  TaskNotify.o [1]
  .text              ro code  0xffc0'7cb8  0x1083  TaskNotifyArray.o [1]
  .text              ro code  0xffc0'8d40   0x3eb  IntSemTest.o [1]
  .text              ro code  0xffc0'9130   0x151  UARTCommandConsole.o [1]
  .text              ro code  0xffc0'9281   0x19a  Sample-CLI-commands.o [1]
  .text              ro code  0xffc0'9420    0xff  death.o [1]
  .text              ro code  0xffc0'951f    0x1a  u_bsp_lowlvl_ext.o [1]
  .text              ro code  0xffc0'9539   0x34f  event_groups.o [1]
  .text              ro code  0xffc0'9888   0x20e  FreeRTOS_CLI.o [1]
  .text              ro code  0xffc0'9a98    0x25  strncat.o [3]
  .text              ro code  0xffc0'9abd   0x924  mcu_interrupts.o [1]
  .text              ro code  0xffc0'a3e8   0x740  r_bsp_interrupts.o [1]
  .text              ro code  0xffc0'ab28     0x8  r_rx_intrinsic_functions.o [1]
  .text              ro code  0xffc0'ab30   0x1c5  mcu_mapped_interrupts.o [1]
  .text              ro code  0xffc0'acf5    0x96  r_bsp_cpu.o [1]
  .inttable                   0xffc0'ad8c   0x400  <Block>
    .inttable        const    0xffc0'ad8c   0x400  interrupt_table.o [3]
  .text              ro code  0xffc0'b190   0x3d9  IntQueue.o [1]
  .text              ro code  0xffc0'b570   0x2dd  mcu_clocks.o [1]
  .text              ro code  0xffc0'b84d    0xdb  r_bsp_common.o [1]
  .text              ro code  0xffc0'b928   0x200  div64u.o [4]
  .text              ro code  0xffc0'bb28    0xbd  IDE_helper.o [1]
  .text              ro code  0xffc0'bbe5    0x9c  mcu_init.o [1]
  .text              ro code  0xffc0'bc81    0x8a  IntQueueTimer.o [1]
  .text              ro code  0xffc0'bd0b    0x80  hwsetup.o [1]
  .text              ro code  0xffc0'bd8b    0x67  r_cg_hardware_setup.o [1]
  .text              ro code  0xffc0'bdf2     0x4  r_smc_cgc.o [1]
  .text              ro code  0xffc0'bdf6    0x44  r_gpio_rx.o [1]
  .text              ro code  0xffc0'be3a     0x1  r_smc_cgc_user.o [1]
  .text              ro code  0xffc0'be3c    0x78  packbits_init.o [3]
  .text              ro code  0xffc0'beb4     0xf  __dbg_abort.o [2]
  .text              ro code  0xffc0'bec4     0x1  __dbg_break.o [2]
  .text              ro code  0xffc0'bec8    0x12  __dbg_xxexit.o [2]
  .data32.rodata     const    0xffc0'bedc    0x48  IDE_helper.o [1]
  .text              ro code  0xffc0'bf24    0x43  resetprg.o [1]
  .text              ro code  0xffc0'bf68    0x20  data_init.o [3]
  .text              ro code  0xffc0'bf88    0x25  r_bsp_locking.o [1]
  .text              ro code  0xffc0'bfb0    0x33  cstartup.o [4]
  .text              ro code  0xffc0'bfe3     0x1  FIT_patch.o [1]
  .text              ro code  0xffc0'bfe4     0x4  exit.o [3]
  .text              ro code  0xffc0'bfe8     0x8  cexit.o [3]
  .iar.init_table    const    0xffc0'bff0    0x2c  - Linker created -
  .text              ro code  0xffc0'c01c    0x18  zero_init2.o [3]
  .switch.rodata     const    0xffc0'c034    0x10  r_bsp_cpu.o [1]
  .switch.rodata     const    0xffc0'c044     0xe  r_bsp_interrupts.o [1]
  .switch.rodata     const    0xffc0'c054     0xe  xprintftiny.o [3]
  .text              ro code  0xffc0'c064     0xe  interrupt_table.o [3]
                            - 0xffc0'c072  0xb802

"ROM24", part 2 of 2:                        0x2f
  Initializer bytes  const    0xffc0'c072    0x2f  <for RAM24 s0>
                            - 0xffc0'c0a1    0x2f

"A2":                                        0x7c
  .exceptvect                 0xffff'ff80    0x7c  <Block>
    .exceptvect      const    0xffff'ff80    0x7c  exceptvect.o [4]
                            - 0xffff'fffc    0x7c

"A1":                                         0x4
  .resetvect         const    0xffff'fffc     0x4  resetvect.o [4]
                                    - 0x0     0x4

Unused ranges:

         From           To       Size
         ----           --       ----
       0xcfb4     0x7'fbff   0x7'2c4c
    0x80'0000    0x87'ffff   0x8'0000
  0xffc0'086a  0xffc0'086f        0x6
  0xffc0'c0a1  0xffff'ff7f  0x3f'3edf


*******************************************************************************
*** INIT TABLE
***

          Address      Size
          -------      ----
Zero (___iar_zero_init2)
    1 destination range, total size 0xce7a:
                0x138  0xce7a

Copy/packbits (___iar_packbits_init2)
    1 source range, total size 0x2f (15% of destination):
          0xffc0'c072    0x2f
    1 destination range, total size 0x134:
                  0x4   0x134


*******************************************************************************
*** STACK USAGE
***

  Call Graph Root Category  Max Use  Total Use
  ------------------------  -------  ---------
  interrupt                    260      1'572
  Program entry                388        388
  Uncalled function            364     12'940


Program entry
  "__iar_program_start": 0xffc0'bfb0

  Maximum call chain                            *?* 388  bytes
    (** call graph contains recursive functions (example: "_xTaskResumeAll")
                            indirect calls (example: "_R_BSP_InterruptControl") **)

    "__iar_program_start"                             4
    "___low_level_init"                               4
    "_Processing_Before_Start_Kernel"                 4
    "_main_full"                                     12
    "_vStartTimerDemoTask"                           36
    "_xTimerCreate"                                  28
    "_prvCheckForValidListAndQueue" in timers.o [1]
                                                     12
    "_xQueueGenericCreate"                           24
    "_pvPortMalloc"                                  24
    "_xTaskResumeAll"                                16
    "_xTaskIncrementTick"                            20
    "_vApplicationTickHook"                           8
    "_vFullDemoTickHook"                              0

interrupt
  "___interrupt_128": 0xffc0'bc81

  Maximum call chain                              172  bytes

    "___interrupt_128"                             36
    "_xFirstTimerHandler"                          28
    "_xQueueGenericSendFromISR"                    32
    "_prvNotifyQueueSetContainer" in queue.o [1]
                                                   40
    "_xTaskPriorityDisinherit"                     16
    "_vAssertCalled"                                8
    "_vPrintString"                                 8
    "_charput"                                      4

interrupt
  "___interrupt_129": 0xffc0'bcc6

  Maximum call chain                              172  bytes

    "___interrupt_129"                             36
    "_xSecondTimerHandler"                         28
    "_xQueueGenericSendFromISR"                    32
    "_prvNotifyQueueSetContainer" in queue.o [1]
                                                   40
    "_xTaskPriorityDisinherit"                     16
    "_vAssertCalled"                                8
    "_vPrintString"                                 8
    "_charput"                                      4

interrupt
  "___interrupt_106": 0xffc0'a362

  Maximum call chain                            *?* 68  bytes
    (** call graph contains indirect calls (example: "_R_BSP_InterruptControl") **)

    "___interrupt_106"                              36
    "_R_BSP_InterruptControl"                       16
    "_bsp_interrupt_enable_disable"                  8
    "_R_BSP_InterruptRequestDisable"                 4
    "_R_BSP_BitClear"                                4

interrupt
  "___interrupt_107": 0xffc0'a03d

  Maximum call chain                            *?* 68  bytes
    (** call graph contains indirect calls (example: "_R_BSP_InterruptControl") **)

    "___interrupt_107"                              36
    "_R_BSP_InterruptControl"                       16
    "_bsp_interrupt_enable_disable"                  8
    "_R_BSP_InterruptRequestDisable"                 4
    "_R_BSP_BitClear"                                4

interrupt
  "___interrupt_110": 0xffc0'9b2f

  Maximum call chain                            *?* 68  bytes
    (** call graph contains indirect calls (example: "_R_BSP_InterruptControl") **)

    "___interrupt_110"                              36
    "_R_BSP_InterruptControl"                       16
    "_bsp_interrupt_enable_disable"                  8
    "_R_BSP_InterruptRequestDisable"                 4
    "_R_BSP_BitClear"                                4

interrupt
  "___interrupt_111": 0xffc0'9df7

  Maximum call chain                            *?* 68  bytes
    (** call graph contains indirect calls (example: "_R_BSP_InterruptControl") **)

    "___interrupt_111"                              36
    "_R_BSP_InterruptControl"                       16
    "_bsp_interrupt_enable_disable"                  8
    "_R_BSP_InterruptRequestDisable"                 4
    "_R_BSP_BitClear"                                4

interrupt
  "___interrupt_112": 0xffc0'a0af

  Maximum call chain                            *?* 68  bytes
    (** call graph contains indirect calls (example: "_R_BSP_InterruptControl") **)

    "___interrupt_112"                              36
    "_R_BSP_InterruptControl"                       16
    "_bsp_interrupt_enable_disable"                  8
    "_R_BSP_InterruptRequestDisable"                 4
    "_R_BSP_BitClear"                                4

interrupt
  "___interrupt_113": 0xffc0'a259

  Maximum call chain                            *?* 68  bytes
    (** call graph contains indirect calls (example: "_R_BSP_InterruptControl") **)

    "___interrupt_113"                              36
    "_R_BSP_InterruptControl"                       16
    "_bsp_interrupt_enable_disable"                  8
    "_R_BSP_InterruptRequestDisable"                 4
    "_R_BSP_BitClear"                                4

interrupt
  "___interrupt_17": 0xffc0'a333

  Maximum call chain                            *?* 68  bytes
    (** call graph contains indirect calls (example: "_R_BSP_InterruptControl") **)

    "___interrupt_17"                               36
    "_R_BSP_InterruptControl"                       16
    "_bsp_interrupt_enable_disable"                  8
    "_R_BSP_InterruptRequestDisable"                 4
    "_R_BSP_BitClear"                                4

interrupt
  "_vSoftwareInterruptISR": 0xffc0'291a

  Maximum call chain                                8  bytes

    "_vSoftwareInterruptISR"                        8

interrupt
  "_vTickISR": 0xffc0'29ca

  Maximum call chain                            *?* 260  bytes
    (** call graph contains recursive functions (example: "_xTaskResumeAll") **)

    "_vTickISR"                                      36
    "_xTaskIncrementTick"                            20
    "_vApplicationTickHook"                           8
    "_vFullDemoTickHook"                              0

interrupt
  "___NMI_handler": 0xffc0'a8f3

  Maximum call chain                            *?* 76  bytes
    (** call graph contains indirect calls (example: "___NMI_handler") **)

    "___NMI_handler"                                44
    "_R_BSP_InterruptControl"                       16
    "_bsp_interrupt_enable_disable"                  8
    "_R_BSP_InterruptRequestDisable"                 4
    "_R_BSP_BitClear"                                4

interrupt
  "___excep_access_inst": 0xffc0'a8a4

  Maximum call chain                            *?* 68  bytes
    (** call graph contains indirect calls (example: "_R_BSP_InterruptControl") **)

    "___excep_access_inst"                          36
    "_R_BSP_InterruptControl"                       16
    "_bsp_interrupt_enable_disable"                  8
    "_R_BSP_InterruptRequestDisable"                 4
    "_R_BSP_BitClear"                                4

interrupt
  "___privileged_handler": 0xffc0'a88d

  Maximum call chain                            *?* 68  bytes
    (** call graph contains indirect calls (example: "_R_BSP_InterruptControl") **)

    "___privileged_handler"                         36
    "_R_BSP_InterruptControl"                       16
    "_bsp_interrupt_enable_disable"                  8
    "_R_BSP_InterruptRequestDisable"                 4
    "_R_BSP_BitClear"                                4

interrupt
  "___undefined_handler": 0xffc0'a8bb

  Maximum call chain                            *?* 68  bytes
    (** call graph contains indirect calls (example: "_R_BSP_InterruptControl") **)

    "___undefined_handler"                          36
    "_R_BSP_InterruptControl"                       16
    "_bsp_interrupt_enable_disable"                  8
    "_R_BSP_InterruptRequestDisable"                 4
    "_R_BSP_BitClear"                                4

interrupt
  "___undefined_interrupt_source_handler": 0xffc0'aabf

  Maximum call chain                            *?* 40  bytes
    (** call graph contains indirect calls (example: "___undefined_interrupt_source_handler") **)

    "___undefined_interrupt_source_handler"         40

interrupt
  "__float_placeholder": 0xffc0'a8d2

  Maximum call chain                            *?* 68  bytes
    (** call graph contains indirect calls (example: "_R_BSP_InterruptControl") **)

    "__float_placeholder"                           36
    "_R_BSP_InterruptControl"                       16
    "_bsp_interrupt_enable_disable"                  8
    "_R_BSP_InterruptRequestDisable"                 4
    "_R_BSP_BitClear"                                4

interrupt
  "_bus_error_isr": 0xffc0'aaf0

  Maximum call chain                            *?* 40  bytes
    (** call graph contains indirect calls (example: "_bus_error_isr") **)

    "_bus_error_isr"                                40

interrupt
  "_default_handler": 0xffc0'c064

  Maximum call chain                               56  bytes

    "_default_handler"                             36
    "_abort"                                        4
    "___exit"                                      12
    "___DebugBreak"                                 4

Uncalled function
  "_vBlockingQueueConsumer" in BlockQ.o [1]: 0xffc0'4d68

  Maximum call chain                            *?* 300  bytes
    (** call graph contains recursive functions (example: "_xTaskResumeAll") **)

    "_vBlockingQueueConsumer" in BlockQ.o [1]        20
    "_xQueueReceive"                                 40
    "_xTaskResumeAll"                                16
    "_xTaskIncrementTick"                            20
    "_vApplicationTickHook"                           8
    "_vFullDemoTickHook"                              0

Uncalled function
  "_vBlockingQueueProducer" in BlockQ.o [1]: 0xffc0'4d28

  Maximum call chain                            *?* 256  bytes
    (** call graph contains recursive functions (example: "_xTaskResumeAll") **)

    "_vBlockingQueueProducer" in BlockQ.o [1]        16
    "_xQueueGenericSend"                              0

Uncalled function
  "_vPrimaryBlockTimeTestTask" in blocktim.o [1]: 0xffc0'4e80

  Maximum call chain                            *?* 312  bytes
    (** call graph contains recursive functions (example: "_xTaskResumeAll") **)

    "_vPrimaryBlockTimeTestTask" in blocktim.o [1]
                                                     32
    "_xQueueReceive"                                 40
    "_xTaskResumeAll"                                16
    "_xTaskIncrementTick"                            20
    "_vApplicationTickHook"                           8
    "_vFullDemoTickHook"                              0

Uncalled function
  "_vSecondaryBlockTimeTestTask" in blocktim.o [1]: 0xffc0'5200

  Maximum call chain                            *?* 300  bytes
    (** call graph contains recursive functions (example: "_xTaskResumeAll") **)

    "_vSecondaryBlockTimeTestTask" in blocktim.o [1]
                                                     20
    "_xQueueReceive"                                 40
    "_xTaskResumeAll"                                16
    "_xTaskIncrementTick"                            20
    "_vApplicationTickHook"                           8
    "_vFullDemoTickHook"                              0

Uncalled function
  "_prvCountingSemaphoreTask" in countsem.o [1]: 0xffc0'53a8

  Maximum call chain                            *?* 328  bytes
    (** call graph contains recursive functions (example: "_xTaskResumeAll") **)

    "_prvCountingSemaphoreTask" in countsem.o [1]
                                                     20
    "_prvDecrementSemaphoreCount" in countsem.o [1]
                                                     24
    "_xQueueSemaphoreTake"                           44
    "_xTaskResumeAll"                                16
    "_xTaskIncrementTick"                            20
    "_vApplicationTickHook"                           8
    "_vFullDemoTickHook"                              0

Uncalled function
  "_vCreateTasks" in death.o [1]: 0xffc0'9480

  Maximum call chain                            *?* 328  bytes
    (** call graph contains recursive functions (example: "_xTaskResumeAll") **)

    "_vCreateTasks" in death.o [1]                   32
    "_xTaskCreate"                                   32
    "_pvPortMalloc"                                  24
    "_xTaskResumeAll"                                16
    "_xTaskIncrementTick"                            20
    "_vApplicationTickHook"                           8
    "_vFullDemoTickHook"                              0

Uncalled function
  "_vSuicidalTask" in death.o [1]: 0xffc0'9440

  Maximum call chain                            *?* 284  bytes
    (** call graph contains recursive functions (example: "_xTaskResumeAll") **)

    "_vSuicidalTask" in death.o [1]                  16
    "_vTaskDelete"                                   16
    "_vPortFree"                                     12
    "_xTaskResumeAll"                                16
    "_xTaskIncrementTick"                            20
    "_vApplicationTickHook"                           8
    "_vFullDemoTickHook"                              0

Uncalled function
  "_vContinuousIncrementTask" in dynamic.o [1]: 0xffc0'4a18

  Maximum call chain                               56  bytes

    "_vContinuousIncrementTask" in dynamic.o [1]
                                                   16
    "_vTaskPrioritySet"                            20
    "_vAssertCalled"                                8
    "_vPrintString"                                 8
    "_charput"                                      4

Uncalled function
  "_vCounterControlTask" in dynamic.o [1]: 0xffc0'4a60

  Maximum call chain                            *?* 280  bytes
    (** call graph contains recursive functions (example: "_xTaskResumeAll") **)

    "_vCounterControlTask" in dynamic.o [1]          24
    "_vTaskDelay"                                    16
    "_xTaskResumeAll"                                16
    "_xTaskIncrementTick"                            20
    "_vApplicationTickHook"                           8
    "_vFullDemoTickHook"                              0

Uncalled function
  "_vLimitedIncrementTask" in dynamic.o [1]: 0xffc0'49fa

  Maximum call chain                               68  bytes

    "_vLimitedIncrementTask" in dynamic.o [1]       8
    "_vTaskSuspend"                                16
    "_vTaskSwitchContext"                          20
    "_vApplicationStackOverflowHook"                4
    "_vAssertCalled"                                8
    "_vPrintString"                                 8
    "_charput"                                      4

Uncalled function
  "_vQueueReceiveWhenSuspendedTask" in dynamic.o [1]: 0xffc0'4b58

  Maximum call chain                            *?* 300  bytes
    (** call graph contains recursive functions (example: "_xTaskResumeAll") **)

    "_vQueueReceiveWhenSuspendedTask" in dynamic.o [1]
                                                     20
    "_xQueueReceive"                                 40
    "_xTaskResumeAll"                                16
    "_xTaskIncrementTick"                            20
    "_vApplicationTickHook"                           8
    "_vFullDemoTickHook"                              0

Uncalled function
  "_vQueueSendWhenSuspendedTask" in dynamic.o [1]: 0xffc0'4b18

  Maximum call chain                            *?* 268  bytes
    (** call graph contains recursive functions (example: "_xTaskResumeAll") **)

    "_vQueueSendWhenSuspendedTask" in dynamic.o [1]
                                                     12
    "_vTaskDelay"                                    16
    "_xTaskResumeAll"                                16
    "_xTaskIncrementTick"                            20
    "_vApplicationTickHook"                           8
    "_vFullDemoTickHook"                              0

Uncalled function
  "_vEventGroupClearBitsCallback": 0xffc0'9834

  Maximum call chain                               32  bytes

    "_vEventGroupClearBitsCallback"                12
    "_vAssertCalled"                                8
    "_vPrintString"                                 8
    "_charput"                                      4

Uncalled function
  "_vEventGroupSetBitsCallback": 0xffc0'9831

  Maximum call chain                            *?* 260  bytes
    (** call graph contains recursive functions (example: "_xTaskResumeAll") **)

    "_vEventGroupSetBitsCallback"                     4
    "_xEventGroupSetBits"                            16
    "_xTaskResumeAll"                                16
    "_xTaskIncrementTick"                            20
    "_vApplicationTickHook"                           8
    "_vFullDemoTickHook"                              0

Uncalled function
  "_prvSyncTask" in EventGroupsDemo.o [1]: 0xffc0'729a

  Maximum call chain                            *?* 300  bytes
    (** call graph contains recursive functions (example: "_xTaskResumeAll") **)

    "_prvSyncTask" in EventGroupsDemo.o [1]          20
    "_xEventGroupSync"                               24
    "_xEventGroupSetBits"                            16
    "_xTaskResumeAll"                                16
    "_xTaskIncrementTick"                            20
    "_vApplicationTickHook"                           8
    "_vFullDemoTickHook"                              0

Uncalled function
  "_prvTestMasterTask" in EventGroupsDemo.o [1]: 0xffc0'6f10

  Maximum call chain                            *?* 304  bytes
    (** call graph contains recursive functions (example: "_xTaskResumeAll") **)

    "_prvTestMasterTask" in EventGroupsDemo.o [1]
                                                     24
    "_xEventGroupSync"                               24
    "_xEventGroupSetBits"                            16
    "_xTaskResumeAll"                                16
    "_xTaskIncrementTick"                            20
    "_vApplicationTickHook"                           8
    "_vFullDemoTickHook"                              0

Uncalled function
  "_prvTestSlaveTask" in EventGroupsDemo.o [1]: 0xffc0'7338

  Maximum call chain                            *?* 296  bytes
    (** call graph contains recursive functions (example: "_xTaskResumeAll") **)

    "_prvTestSlaveTask" in EventGroupsDemo.o [1]
                                                     16
    "_xEventGroupSync"                               24
    "_xEventGroupSetBits"                            16
    "_xTaskResumeAll"                                16
    "_xTaskIncrementTick"                            20
    "_vApplicationTickHook"                           8
    "_vFullDemoTickHook"                              0

Uncalled function
  "_vCompetingMathTask1" in flop.o [1]: 0xffc0'5ebd

  Maximum call chain                               76  bytes

    "_vCompetingMathTask1" in flop.o [1]           72
    "_vPortTaskUsesDPFPU"                           4

Uncalled function
  "_vCompetingMathTask2" in flop.o [1]: 0xffc0'5f98

  Maximum call chain                               76  bytes

    "_vCompetingMathTask2" in flop.o [1]           72
    "_vPortTaskUsesDPFPU"                           4

Uncalled function
  "_vCompetingMathTask3" in flop.o [1]: 0xffc0'6078

  Maximum call chain                            *?* 328  bytes
    (** call graph contains recursive functions (example: "_xTaskResumeAll") **)

    "_vCompetingMathTask3" in flop.o [1]             64
    "_pvPortMalloc"                                  24
    "_xTaskResumeAll"                                16
    "_xTaskIncrementTick"                            20
    "_vApplicationTickHook"                           8
    "_vFullDemoTickHook"                              0

Uncalled function
  "_vCompetingMathTask4" in flop.o [1]: 0xffc0'6180

  Maximum call chain                            *?* 328  bytes
    (** call graph contains recursive functions (example: "_xTaskResumeAll") **)

    "_vCompetingMathTask4" in flop.o [1]             64
    "_pvPortMalloc"                                  24
    "_xTaskResumeAll"                                16
    "_xTaskIncrementTick"                            20
    "_vApplicationTickHook"                           8
    "_vFullDemoTickHook"                              0

Uncalled function
  "_prvHelpCommand" in FreeRTOS_CLI.o [1]: 0xffc0'9a72

  Maximum call chain                                4  bytes

    "_prvHelpCommand" in FreeRTOS_CLI.o [1]         4

Uncalled function
  "_prvHighPriorityMutexTask" in GenQTest.o [1]: 0xffc0'5996

  Maximum call chain                            *?* 296  bytes
    (** call graph contains recursive functions (example: "_xTaskResumeAll") **)

    "_prvHighPriorityMutexTask" in GenQTest.o [1]
                                                     12
    "_xQueueSemaphoreTake"                           44
    "_xTaskResumeAll"                                16
    "_xTaskIncrementTick"                            20
    "_vApplicationTickHook"                           8
    "_vFullDemoTickHook"                              0

Uncalled function
  "_prvLowPriorityMutexTask" in GenQTest.o [1]: 0xffc0'5796

  Maximum call chain                            *?* 312  bytes
    (** call graph contains recursive functions (example: "_xTaskResumeAll") **)

    "_prvLowPriorityMutexTask" in GenQTest.o [1]
                                                     20
    "_xQueueCreateMutex"                             28
    "_pvPortMalloc"                                  24
    "_xTaskResumeAll"                                16
    "_xTaskIncrementTick"                            20
    "_vApplicationTickHook"                           8
    "_vFullDemoTickHook"                              0

Uncalled function
  "_prvMediumPriorityMutexTask" in GenQTest.o [1]: 0xffc0'5981

  Maximum call chain                               68  bytes

    "_prvMediumPriorityMutexTask" in GenQTest.o [1]
                                                    8
    "_vTaskSuspend"                                16
    "_vTaskSwitchContext"                          20
    "_vApplicationStackOverflowHook"                4
    "_vAssertCalled"                                8
    "_vPrintString"                                 8
    "_charput"                                      4

Uncalled function
  "_prvSendFrontAndBackTest" in GenQTest.o [1]: 0xffc0'5500

  Maximum call chain                            *?* 304  bytes
    (** call graph contains recursive functions (example: "_xTaskResumeAll") **)

    "_prvSendFrontAndBackTest" in GenQTest.o [1]
                                                     24
    "_xQueuePeek"                                    40
    "_xTaskResumeAll"                                16
    "_xTaskIncrementTick"                            20
    "_vApplicationTickHook"                           8
    "_vFullDemoTickHook"                              0

Uncalled function
  "_vInterruptCountingSemaphoreTask" in IntSemTest.o [1]: 0xffc0'9009

  Maximum call chain                            *?* 296  bytes
    (** call graph contains recursive functions (example: "_xTaskResumeAll") **)

    "_vInterruptCountingSemaphoreTask" in IntSemTest.o [1]
                                                     12
    "_xQueueSemaphoreTake"                           44
    "_xTaskResumeAll"                                16
    "_xTaskIncrementTick"                            20
    "_vApplicationTickHook"                           8
    "_vFullDemoTickHook"                              0

Uncalled function
  "_vInterruptMutexMasterTask" in IntSemTest.o [1]: 0xffc0'8dd0

  Maximum call chain                            *?* 296  bytes
    (** call graph contains recursive functions (example: "_xTaskResumeAll") **)

    "_vInterruptMutexMasterTask" in IntSemTest.o [1]
                                                     12
    "_xQueueSemaphoreTake"                           44
    "_xTaskResumeAll"                                16
    "_xTaskIncrementTick"                            20
    "_vApplicationTickHook"                           8
    "_vFullDemoTickHook"                              0

Uncalled function
  "_vInterruptMutexSlaveTask" in IntSemTest.o [1]: 0xffc0'8fd0

  Maximum call chain                            *?* 292  bytes
    (** call graph contains recursive functions (example: "_xTaskResumeAll") **)

    "_vInterruptMutexSlaveTask" in IntSemTest.o [1]
                                                      8
    "_xQueueSemaphoreTake"                           44
    "_xTaskResumeAll"                                16
    "_xTaskIncrementTick"                            20
    "_vApplicationTickHook"                           8
    "_vFullDemoTickHook"                              0

Uncalled function
  "_prvCheckTask" in main_full.o [1]: 0xffc0'3028

  Maximum call chain                            *?* 300  bytes
    (** call graph contains recursive functions (example: "_xTaskResumeAll") **)

    "_prvCheckTask" in main_full.o [1]               36
    "_xTaskDelayUntil"                               24
    "_xTaskResumeAll"                                16
    "_xTaskIncrementTick"                            20
    "_vApplicationTickHook"                           8
    "_vFullDemoTickHook"                              0

Uncalled function
  "_prvPseudoRandomiser" in main_full.o [1]: 0xffc0'3153

  Maximum call chain                            *?* 272  bytes
    (** call graph contains recursive functions (example: "_xTaskResumeAll") **)

    "_prvPseudoRandomiser" in main_full.o [1]        16
    "_vTaskDelay"                                    16
    "_xTaskResumeAll"                                16
    "_xTaskIncrementTick"                            20
    "_vApplicationTickHook"                           8
    "_vFullDemoTickHook"                              0

Uncalled function
  "_prvRegTestTaskEntry1" in main_full.o [1]: 0xffc0'33d0

  Maximum call chain                            *?* 272  bytes
    (** call graph contains recursive functions (example: "_xTaskResumeAll") **)

    "_prvRegTestTaskEntry1" in main_full.o [1]        4
    "_vTaskDelete"                                   16
    "_vPortFree"                                     12
    "_xTaskResumeAll"                                16
    "_xTaskIncrementTick"                            20
    "_vApplicationTickHook"                           8
    "_vFullDemoTickHook"                              0

Uncalled function
  "_prvRegTestTaskEntry2" in main_full.o [1]: 0xffc0'3616

  Maximum call chain                            *?* 272  bytes
    (** call graph contains recursive functions (example: "_xTaskResumeAll") **)

    "_prvRegTestTaskEntry2" in main_full.o [1]        4
    "_vTaskDelete"                                   16
    "_vPortFree"                                     12
    "_xTaskResumeAll"                                16
    "_xTaskIncrementTick"                            20
    "_vApplicationTickHook"                           8
    "_vFullDemoTickHook"                              0

Uncalled function
  "_prvQueueOverwriteTask" in QueueOverwrite.o [1]: 0xffc0'6d40

  Maximum call chain                            *?* 308  bytes
    (** call graph contains recursive functions (example: "_xTaskResumeAll") **)

    "_prvQueueOverwriteTask" in QueueOverwrite.o [1]
                                                     20
    "_xQueueGenericCreate"                           24
    "_pvPortMalloc"                                  24
    "_xTaskResumeAll"                                16
    "_xTaskIncrementTick"                            20
    "_vApplicationTickHook"                           8
    "_vFullDemoTickHook"                              0

Uncalled function
  "_r_undefined_exception": 0xffc0'bdf1

  Maximum call chain                                4  bytes

    "_r_undefined_exception"                        4

Uncalled function
  "_prvRecursiveMutexBlockingTask" in recmutex.o [1]: 0xffc0'5b00

  Maximum call chain                            *?* 308  bytes
    (** call graph contains recursive functions (example: "_xTaskResumeAll") **)

    "_prvRecursiveMutexBlockingTask" in recmutex.o [1]
                                                     12
    "_xQueueTakeMutexRecursive"                      12
    "_xQueueSemaphoreTake"                           44
    "_xTaskResumeAll"                                16
    "_xTaskIncrementTick"                            20
    "_vApplicationTickHook"                           8
    "_vFullDemoTickHook"                              0

Uncalled function
  "_prvRecursiveMutexControllingTask" in recmutex.o [1]: 0xffc0'5a80

  Maximum call chain                            *?* 312  bytes
    (** call graph contains recursive functions (example: "_xTaskResumeAll") **)

    "_prvRecursiveMutexControllingTask" in recmutex.o [1]
                                                     16
    "_xQueueTakeMutexRecursive"                      12
    "_xQueueSemaphoreTake"                           44
    "_xTaskResumeAll"                                16
    "_xTaskIncrementTick"                            20
    "_vApplicationTickHook"                           8
    "_vFullDemoTickHook"                              0

Uncalled function
  "_prvRecursiveMutexPollingTask" in recmutex.o [1]: 0xffc0'5b60

  Maximum call chain                            *?* 308  bytes
    (** call graph contains recursive functions (example: "_xTaskResumeAll") **)

    "_prvRecursiveMutexPollingTask" in recmutex.o [1]
                                                     12
    "_xQueueTakeMutexRecursive"                      12
    "_xQueueSemaphoreTake"                           44
    "_xTaskResumeAll"                                16
    "_xTaskIncrementTick"                            20
    "_vApplicationTickHook"                           8
    "_vFullDemoTickHook"                              0

Uncalled function
  "_prvParameterEchoCommand" in Sample-CLI-commands.o [1]: 0xffc0'939f

  Maximum call chain                              116  bytes

    "_prvParameterEchoCommand" in Sample-CLI-commands.o [1]
                                                   32
    "_sprintf"                                     20
    "__PrintfTiny"                                 44
    "_out" in xprintftiny.o [3]                    16
    "__SProut"                                      4

Uncalled function
  "_prvQueryHeapCommand" in Sample-CLI-commands.o [1]: 0xffc0'92f4

  Maximum call chain                              108  bytes

    "_prvQueryHeapCommand" in Sample-CLI-commands.o [1]
                                                   24
    "_sprintf"                                     20
    "__PrintfTiny"                                 44
    "_out" in xprintftiny.o [3]                    16
    "__SProut"                                      4

Uncalled function
  "_prvTaskStatsCommand" in Sample-CLI-commands.o [1]: 0xffc0'92a5

  Maximum call chain                            *?* 344  bytes
    (** call graph contains recursive functions (example: "_xTaskResumeAll") **)

    "_prvTaskStatsCommand" in Sample-CLI-commands.o [1]
                                                      8
    "_vTaskList"                                     48
    "_uxTaskGetSystemState"                          48
    "_xTaskResumeAll"                                16
    "_xTaskIncrementTick"                            20
    "_vApplicationTickHook"                           8
    "_vFullDemoTickHook"                              0

Uncalled function
  "_prvThreeParameterEchoCommand" in Sample-CLI-commands.o [1]: 0xffc0'931e

  Maximum call chain                              116  bytes

    "_prvThreeParameterEchoCommand" in Sample-CLI-commands.o [1]
                                                   32
    "_sprintf"                                     20
    "__PrintfTiny"                                 44
    "_out" in xprintftiny.o [3]                    16
    "__SProut"                                      4

Uncalled function
  "_prvSemaphoreTest" in semtest.o [1]: 0xffc0'5d27

  Maximum call chain                            *?* 308  bytes
    (** call graph contains recursive functions (example: "_xTaskResumeAll") **)

    "_prvSemaphoreTest" in semtest.o [1]             24
    "_xQueueSemaphoreTake"                           44
    "_xTaskResumeAll"                                16
    "_xTaskIncrementTick"                            20
    "_vApplicationTickHook"                           8
    "_vFullDemoTickHook"                              0

Uncalled function
  "_prvNotifiedTask" in TaskNotify.o [1]: 0xffc0'7588

  Maximum call chain                            *?* 356  bytes
    (** call graph contains recursive functions (example: "_xTaskResumeAll") **)

    "_prvNotifiedTask" in TaskNotify.o [1]           28
    "_xTimerCreate"                                  28
    "_prvCheckForValidListAndQueue" in timers.o [1]
                                                     12
    "_xQueueGenericCreate"                           24
    "_pvPortMalloc"                                  24
    "_xTaskResumeAll"                                16
    "_xTaskIncrementTick"                            20
    "_vApplicationTickHook"                           8
    "_vFullDemoTickHook"                              0

Uncalled function
  "_prvNotifyingTimer" in TaskNotify.o [1]: 0xffc0'755d

  Maximum call chain                               60  bytes

    "_prvNotifyingTimer" in TaskNotify.o [1]       12
    "_xTaskGenericNotify"                          28
    "_vAssertCalled"                                8
    "_vPrintString"                                 8
    "_charput"                                      4

Uncalled function
  "_prvRand" in TaskNotify.o [1]: 0xffc0'7c9b

  Maximum call chain                                4  bytes

    "_prvRand" in TaskNotify.o [1]                  4

Uncalled function
  "_prvSuspendedTaskTimerTestCallback" in TaskNotify.o [1]: 0xffc0'750f

  Maximum call chain                               76  bytes

    "_prvSuspendedTaskTimerTestCallback" in TaskNotify.o [1]
                                                   16
    "_vTaskSuspend"                                16
    "_vTaskSwitchContext"                          20
    "_vApplicationStackOverflowHook"                4
    "_vAssertCalled"                                8
    "_vPrintString"                                 8
    "_charput"                                      4

Uncalled function
  "_prvNotifiedTask" in TaskNotifyArray.o [1]: 0xffc0'7d30

  Maximum call chain                            *?* 316  bytes
    (** call graph contains recursive functions (example: "_xTaskResumeAll") **)

    "_prvNotifiedTask" in TaskNotifyArray.o [1]      32
    "_xTimerGenericCommand"                          44
    "_xQueueGenericSend"                              0

Uncalled function
  "_prvNotifyingTimerCallback" in TaskNotifyArray.o [1]: 0xffc0'8c48

  Maximum call chain                               64  bytes

    "_prvNotifyingTimerCallback" in TaskNotifyArray.o [1]
                                                   16
    "_xTaskGenericNotify"                          28
    "_vAssertCalled"                                8
    "_vPrintString"                                 8
    "_charput"                                      4

Uncalled function
  "_prvRand" in TaskNotifyArray.o [1]: 0xffc0'8d24

  Maximum call chain                                4  bytes

    "_prvRand" in TaskNotifyArray.o [1]             4

Uncalled function
  "_prvSuspendedTaskTimerTestCallback" in TaskNotifyArray.o [1]: 0xffc0'8bed

  Maximum call chain                               76  bytes

    "_prvSuspendedTaskTimerTestCallback" in TaskNotifyArray.o [1]
                                                   16
    "_vTaskSuspend"                                16
    "_vTaskSwitchContext"                          20
    "_vApplicationStackOverflowHook"                4
    "_vAssertCalled"                                8
    "_vPrintString"                                 8
    "_charput"                                      4

Uncalled function
  "_prvIdleTask" in tasks.o [1]: 0xffc0'1ad8

  Maximum call chain                            *?* 272  bytes
    (** call graph contains recursive functions (example: "_xTaskResumeAll") **)

    "_prvIdleTask" in tasks.o [1]                    20
    "_vPortFree"                                     12
    "_xTaskResumeAll"                                16
    "_xTaskIncrementTick"                            20
    "_vApplicationTickHook"                           8
    "_vFullDemoTickHook"                              0

Uncalled function
  "_prvAutoReloadTimerCallback" in TimerDemo.o [1]: 0xffc0'6c68

  Maximum call chain                            *?* 300  bytes
    (** call graph contains recursive functions (example: "_xTaskResumeAll") **)

    "_prvAutoReloadTimerCallback" in TimerDemo.o [1]
                                                     16
    "_xTimerGenericCommand"                          44
    "_xQueueGenericSend"                              0

Uncalled function
  "_prvISRAutoReloadTimerCallback" in TimerDemo.o [1]: 0xffc0'6ced

  Maximum call chain                                4  bytes

    "_prvISRAutoReloadTimerCallback" in TimerDemo.o [1]
                                                    4

Uncalled function
  "_prvISROneShotTimerCallback" in TimerDemo.o [1]: 0xffc0'6cf9

  Maximum call chain                                4  bytes

    "_prvISROneShotTimerCallback" in TimerDemo.o [1]
                                                    4

Uncalled function
  "_prvOneShotTimerCallback" in TimerDemo.o [1]: 0xffc0'6cbb

  Maximum call chain                               52  bytes

    "_prvOneShotTimerCallback" in TimerDemo.o [1]
                                                   20
    "_vTimerSetTimerID"                            12
    "_vAssertCalled"                                8
    "_vPrintString"                                 8
    "_charput"                                      4

Uncalled function
  "_prvTimerTestTask" in TimerDemo.o [1]: 0xffc0'6418

  Maximum call chain                            *?* 364  bytes
    (** call graph contains recursive functions (example: "_xTaskResumeAll") **)

    "_prvTimerTestTask" in TimerDemo.o [1]           36
    "_xTimerCreate"                                  28
    "_prvCheckForValidListAndQueue" in timers.o [1]
                                                     12
    "_xQueueGenericCreate"                           24
    "_pvPortMalloc"                                  24
    "_xTaskResumeAll"                                16
    "_xTaskIncrementTick"                            20
    "_vApplicationTickHook"                           8
    "_vFullDemoTickHook"                              0

Uncalled function
  "_prvTimerTask" in timers.o [1]: 0xffc0'2c30

  Maximum call chain                            *?* 344  bytes
    (** call graph contains recursive functions (example: "_xTaskResumeAll")
                            indirect calls (example: "_prvTimerTask" in timers.o [1]) **)

    "_prvTimerTask" in timers.o [1]                  60
    "_prvSampleTimeNow" in timers.o [1]              44
    "_xQueueGenericSend"                              0

Uncalled function
  "_prvUARTCommandConsoleTask" in UARTCommandConsole.o [1]: 0xffc0'9168

  Maximum call chain                            *?* 328  bytes
    (** call graph contains recursive functions (example: "_xTaskResumeAll")
                            indirect calls (example: "_FreeRTOS_CLIProcessCommand") **)

    "_prvUARTCommandConsoleTask" in UARTCommandConsole.o [1]
                                                     32
    "_xSerialPortInitMinimal"                         8
    "_xQueueGenericCreate"                           24
    "_pvPortMalloc"                                  24
    "_xTaskResumeAll"                                16
    "_xTaskIncrementTick"                            20
    "_vApplicationTickHook"                           8
    "_vFullDemoTickHook"                              0

Uncalled function
  "__iar_div64u": 0xffc0'b928

  Maximum call chain                               20  bytes

    "__iar_div64u"                                 20

The following functions make up recursion nest 0, which has no maximum recursion depth specified:

  "_vApplicationTickHook": 0xffc0'2661
  "_vFullDemoTickHook": 0xffc0'3197
  "_vTimerPeriodicISRTests": 0xffc0'6a13
  "_xQueueGenericSend": 0xffc0'3f90
  "_xTaskIncrementTick": 0xffc0'1290
  "_xTaskResumeAll": 0xffc0'1388
  "_xTimerGenericCommand": 0xffc0'2ad7

The following functions perform unknown indirect calls:

  "_FreeRTOS_CLIProcessCommand": 0xffc0'98c4
  "_R_BSP_InterruptControl": 0xffc0'a468
  "___NMI_handler": 0xffc0'a8f3
  "___undefined_interrupt_source_handler": 0xffc0'aabf
  "_bus_error_isr": 0xffc0'aaf0
  "_prvSampleTimeNow" in timers.o [1]: 0xffc0'2b88
  "_prvTimerTask" in timers.o [1]: 0xffc0'2c30


*******************************************************************************
*** MODULE SUMMARY
***

    Module                      ro code  ro data  rw data
    ------                      -------  -------  -------
command line/config:
    -----------------------------------------------------
    Total:

C:\Renesas\GitHubDesktop\work\FreeRTOS\FreeRTOS\Demo\RX700_RX72N_RenesasSim_IAR_e2studio_EWRX\Debug\Obj: [1]
    BlockQ.o                        579       48       24
    EventGroupsDemo.o             1'627       16       48
    FIT_patch.o                       1
    FreeRTOS_CLI.o                  526      240    3'520
    GenQTest.o                    1'434       24       36
    IDE_helper.o                    189       72
    IntQueue.o                      985        9      484
    IntQueueTimer.o                 138
    IntSemTest.o                  1'003       21       48
    QueueOverwrite.o                369        9       16
    Sample-CLI-commands.o           410      671        8
    TaskNotify.o                  2'002       38       44
    TaskNotifyArray.o             4'227       44       64
    TimerDemo.o                   2'621       52       78
    UARTCommandConsole.o            337      144      108
    blocktim.o                    1'173       14       32
    countsem.o                      428       10       36
    death.o                         255       25       12
    dynamic.o                       646       39       40
    event_groups.o                  847
    flop.o                        1'148       24        8
    freertos_start.o                431       66        2
    heap_4.o                        581            47'136
    hwsetup.o                       128
    list.o                          174
    lowlvl.o                         41
    main_full.o                   1'754      608        8
    mcu_clocks.o                    733       12
    mcu_init.o                      156
    mcu_interrupts.o              2'340
    mcu_locks.o                                       528
    mcu_mapped_interrupts.o         453
    port.o                          511                 4
    queue.o                       4'153
    r_bsp_common.o                  219
    r_bsp_cpu.o                     150       16        8
    r_bsp_interrupts.o            1'856       14      432
    r_bsp_locking.o                  37
    r_cg_hardware_setup.o           103
    r_gpio_rx.o                      68
    r_rx_intrinsic_functions.o        8
    r_smc_cgc.o                       4
    r_smc_cgc_user.o                  1
    recmutex.o                      576       15       48
    resetprg.o                       67
    semtest.o                       497       32       18
    serial.o                        413                16
    sim_debug_mode_hook.o                      4
    tasks.o                       6'901       28      300
    timers.o                      1'214       18       60
    u_bsp_lowlvl_ext.o               26
    -----------------------------------------------------
    Total:                       44'540    2'313   53'166

dbgrxdllnd.a: [2]
    __dbg_abort.o                    15
    __dbg_break.o                     1
    __dbg_xxexit.o                   18
    -----------------------------------------------------
    Total:                           34

dlrxdlln.a: [3]
    cexit.o                           8
    data_init.o                      32
    exit.o                            4
    interrupt_table.o                14    1'024
    packbits_init.o                 120
    sprintf.o                        50
    strlen.o                         14
    strncat.o                        37
    xprintftiny.o                   334       14
    xsprout.o                        10
    zero_init2.o                     24
    -----------------------------------------------------
    Total:                          647    1'038

rtrx3dll.a: [4]
    cstartup.o                       51
    div64u.o                        512
    exceptvect.o                             124
    option_mem.o                             116
    resetvect.o                                4
    -----------------------------------------------------
    Total:                          563      244

    Gaps                            123        4
    Linker created                            44    1'024
---------------------------------------------------------
    Grand Total:                 45'907    3'643   54'190


*******************************************************************************
*** ENTRY LIST
***

Entry                       Address    Size  Type      Object
-----                       -------    ----  ----      ------
.exceptvect$$Base       0xffff'ff80           --   Gb  - Linker created -
.exceptvect$$Limit      0xffff'fffc           --   Gb  - Linker created -
.iar.init_table$$Base   0xffc0'bff0           --   Gb  - Linker created -
.iar.init_table$$Limit  0xffc0'c01c           --   Gb  - Linker created -
.inttable$$Base         0xffc0'ad8c           --   Gb  - Linker created -
.inttable$$Limit        0xffc0'b18c           --   Gb  - Linker created -
FreeRTOS_CLIProcessCommand::pxCommand
                              0x10c     0x4  Data  Lc  FreeRTOS_CLI.o [1]
FreeRTOS_CLIRegisterCommand::pxLastCommandInList
                              0x134     0x4  Data  Lc  FreeRTOS_CLI.o [1]
ISTACK$$Base               0x7'fc00           --   Gb  - Linker created -
ISTACK$$Limit              0x8'0000           --   Gb  - Linker created -
Region$$Table$$Base     0xffc0'bff0           --   Gb  - Linker created -
Region$$Table$$Limit    0xffc0'c01c           --   Gb  - Linker created -
STACKS$$Base               0x7'fc00           --   Gb  - Linker created -
STACKS$$Limit              0x8'0000           --   Gb  - Linker created -
USTACK$$Base               0x7'fc00           --   Gb  - Linker created -
USTACK$$Limit              0x7'fc00           --   Gb  - Linker created -
_FreeRTOS_CLIGetOutputBuffer
                        0xffc0'9987     0x6  Code  Gb  FreeRTOS_CLI.o [1]
_FreeRTOS_CLIGetParameter
                        0xffc0'9990    0xe2  Code  Gb  FreeRTOS_CLI.o [1]
_FreeRTOS_CLIProcessCommand
                        0xffc0'98c4    0xc3  Code  Gb  FreeRTOS_CLI.o [1]
_FreeRTOS_CLIRegisterCommand
                        0xffc0'9888    0x3c  Code  Gb  FreeRTOS_CLI.o [1]
_PORT0                  0xffc0'bedc     0x4  Data  Gb  IDE_helper.o [1]
_PORT1                  0xffc0'bee0     0x4  Data  Gb  IDE_helper.o [1]
_PORT2                  0xffc0'bee4     0x4  Data  Gb  IDE_helper.o [1]
_PORT3                  0xffc0'bee8     0x4  Data  Gb  IDE_helper.o [1]
_PORT4                  0xffc0'beec     0x4  Data  Gb  IDE_helper.o [1]
_PORT5                  0xffc0'bef0     0x4  Data  Gb  IDE_helper.o [1]
_PORT6                  0xffc0'bef4     0x4  Data  Gb  IDE_helper.o [1]
_PORT7                  0xffc0'bef8     0x4  Data  Gb  IDE_helper.o [1]
_PORT8                  0xffc0'befc     0x4  Data  Gb  IDE_helper.o [1]
_PORT9                  0xffc0'bf00     0x4  Data  Gb  IDE_helper.o [1]
_PORTA                  0xffc0'bf04     0x4  Data  Gb  IDE_helper.o [1]
_PORTB                  0xffc0'bf08     0x4  Data  Gb  IDE_helper.o [1]
_PORTC                  0xffc0'bf0c     0x4  Data  Gb  IDE_helper.o [1]
_PORTD                  0xffc0'bf10     0x4  Data  Gb  IDE_helper.o [1]
_PORTE                  0xffc0'bf14     0x4  Data  Gb  IDE_helper.o [1]
[...]
_vector_table           0xffc0'ad8c   0x400  Data  Gb  interrupt_table.o [3]
_xActiveTimerList1           0xcdc8    0x14  Data  Lc  timers.o [1]
_xActiveTimerList2           0xcddc    0x14  Data  Lc  timers.o [1]
_xAreBlockTimeTestTasksStillRunning
                        0xffc0'5291    0x2c  Code  Gb  blocktim.o [1]
_xAreBlockingQueuesStillRunning
                        0xffc0'4da9    0x7a  Code  Gb  BlockQ.o [1]
_xAreCountingSemaphoreTasksStillRunning
                        0xffc0'543a    0x32  Code  Gb  countsem.o [1]
_xAreDynamicPriorityTasksStillRunning
                        0xffc0'4bac    0x32  Code  Gb  dynamic.o [1]
_xAreEventGroupTasksStillRunning
                        0xffc0'74a9    0x32  Code  Gb  EventGroupsDemo.o [1]
_xAreGenericQueueTasksStillRunning
                        0xffc0'59d9    0x31  Code  Gb  GenQTest.o [1]
_xAreInterruptSemaphoreTasksStillRunning
                        0xffc0'90f5    0x36  Code  Gb  IntSemTest.o [1]
_xAreMathsTaskStillRunning
                        0xffc0'6290    0x34  Code  Gb  flop.o [1]
_xAreRecursiveMutexTasksStillRunning
                        0xffc0'5c16    0x3a  Code  Gb  recmutex.o [1]
_xAreSemaphoreTasksStillRunning
                        0xffc0'5df9    0x48  Code  Gb  semtest.o [1]
_xAreTaskNotificationArrayTasksStillRunning
                        0xffc0'8cf2    0x32  Code  Gb  TaskNotifyArray.o [1]
_xAreTaskNotificationTasksStillRunning
                        0xffc0'7c73    0x28  Code  Gb  TaskNotify.o [1]
_xAreTimerDemoTasksStillRunning
                        0xffc0'69d7    0x3c  Code  Gb  TimerDemo.o [1]
_xAutoReloadTimers           0xcebc    0x18  Data  Lc  TimerDemo.o [1]
_xBasePeriod                   0xf8     0x4  Data  Lc  TimerDemo.o [1]
_xBlockAllocatedBit          0xcea0     0x4  Data  Lc  heap_4.o [1]
_xBlockWasAborted            0xce50     0x4  Data  Lc  GenQTest.o [1]
_xBlockingIsSuspended        0xce24     0x4  Data  Lc  recmutex.o [1]
_xBlockingTaskHandle         0xcf18     0x4  Data  Lc  recmutex.o [1]
_xContinuousIncrementHandle
                             0xcee8     0x4  Data  Lc  dynamic.o [1]
_xControllingIsSuspended
                             0xce20     0x4  Data  Lc  recmutex.o [1]
_xControllingTaskHandle
                             0xcf14     0x4  Data  Lc  recmutex.o [1]
_xCreatedTask                0xcf98     0x4  Data  Gb  death.o [1]
_xDelayedTaskList1           0xcd04    0x14  Data  Lc  tasks.o [1]
_xDelayedTaskList2           0xcd18    0x14  Data  Lc  tasks.o [1]
_xErrorDetected              0xcf04     0x4  Data  Lc  countsem.o [1]
_xErrorDetected              0xce40     0x4  Data  Lc  GenQTest.o [1]
_xErrorDetected              0xcdf0     0x4  Data  Lc  IntSemTest.o [1]
_xErrorLine                    0x58     0x4  Data  Lc  IntQueue.o [1]
_xErrorOccurred              0xcedc     0x4  Data  Lc  blocktim.o [1]
_xErrorOccurred              0xce1c     0x4  Data  Lc  recmutex.o [1]
_xErrorStatus                  0x54     0x4  Data  Lc  IntQueue.o [1]
_xErrorStatus                  0xb4     0x4  Data  Lc  TaskNotify.o [1]
_xEventGroup                 0xcd9c     0x4  Data  Lc  EventGroupsDemo.o [1]
_xEventGroupClearBits   0xffc0'978d    0x30  Code  Gb  event_groups.o [1]
_xEventGroupClearBitsFromISR
                        0xffc0'97bd    0x10  Code  Gb  event_groups.o [1]
_xEventGroupCreate      0xffc0'9539    0x1d  Code  Gb  event_groups.o [1]
_xEventGroupGetBitsFromISR
                        0xffc0'97cd    0x2a  Code  Gb  event_groups.o [1]
_xEventGroupSetBits     0xffc0'9556    0x73  Code  Gb  event_groups.o [1]
_xEventGroupSetBitsFromISR
                        0xffc0'9878    0x10  Code  Gb  event_groups.o [1]
_xEventGroupSync        0xffc0'95c9    0xd4  Code  Gb  event_groups.o [1]
_xEventGroupWaitBits    0xffc0'969d    0xf0  Code  Gb  event_groups.o [1]
_xFirstTimerHandler     0xffc0'b190   0x192  Code  Gb  IntQueue.o [1]
_xFreeBytesRemaining         0xce90     0x4  Data  Lc  heap_4.o [1]
_xHelpCommand           0xffc0'0660    0x10  Data  Lc  FreeRTOS_CLI.o [1]
_xHighPriorityMutexTask
                             0xcf30     0x4  Data  Lc  GenQTest.o [1]
_xHighPriorityNormallyEmptyTask1
                             0xceac     0x4  Data  Gb  IntQueue.o [1]
_xHighPriorityNormallyEmptyTask2
                             0xceb0     0x4  Data  Gb  IntQueue.o [1]
_xHighPriorityNormallyFullTask1
                             0xceb4     0x4  Data  Gb  IntQueue.o [1]
_xHighPriorityNormallyFullTask2
                             0xceb8     0x4  Data  Gb  IntQueue.o [1]
_xISRAutoReloadTimer           0xf0     0x4  Data  Lc  TimerDemo.o [1]
_xISRCountingSemaphore       0xce00     0x4  Data  Lc  IntSemTest.o [1]
_xISREventGroup              0xcda0     0x4  Data  Lc  EventGroupsDemo.o [1]
_xISRMutex                   0xcdfc     0x4  Data  Lc  IntSemTest.o [1]
_xISROneShotTimer              0xf4     0x4  Data  Lc  TimerDemo.o [1]
_xISRQueue                    0x124     0x4  Data  Lc  QueueOverwrite.o [1]
_xISRTestStatus               0x120     0x4  Data  Lc  QueueOverwrite.o [1]
_xIncrementingIndexTimer
                               0x10     0x4  Data  Lc  TaskNotifyArray.o [1]
_xIsCreateTaskStillRunning
                        0xffc0'94ef    0x30  Code  Gb  death.o [1]
_xIsQueueOverwriteTaskStillRunning
                        0xffc0'6de9    0x18  Code  Gb  QueueOverwrite.o [1]
_xLimitedIncrementHandle
                             0xceec     0x4  Data  Lc  dynamic.o [1]
_xMasterSlaveMutex           0xce04     0x4  Data  Lc  IntSemTest.o [1]
_xMediumPriorityMutexTask
                             0xcf34     0x4  Data  Lc  GenQTest.o [1]
_xMinimumEverFreeBytesRemaining
                             0xce94     0x4  Data  Lc  heap_4.o [1]
_xMutex                      0xcf10     0x4  Data  Lc  recmutex.o [1]
_xNextTaskUnblockTime          0xa8     0x4  Data  Lc  tasks.o [1]
_xNormallyEmptyQueue         0xcea4     0x4  Data  Lc  IntQueue.o [1]
_xNormallyFullQueue          0xcea8     0x4  Data  Lc  IntQueue.o [1]
_xNotifyArrayTaskFromISR
                        0xffc0'8c6f    0x83  Code  Gb  TaskNotifyArray.o [1]
_xNotifyTaskFromISR     0xffc0'7beb    0x88  Code  Gb  TaskNotify.o [1]
_xNotifyWhileSuspendedTimer
                               0x14     0x4  Data  Lc  TaskNotifyArray.o [1]
_xNumOfOverflows               0xa0     0x4  Data  Lc  tasks.o [1]
_xNumberOfSuccessfulAllocations
                             0xce98     0x4  Data  Lc  heap_4.o [1]
_xNumberOfSuccessfulFrees
                             0xce9c     0x4  Data  Lc  heap_4.o [1]
_xOkToGiveCountingSemaphore
                             0xce0c     0x4  Data  Lc  IntSemTest.o [1]
_xOkToGiveMutex              0xce08     0x4  Data  Lc  IntSemTest.o [1]
_xParameterEcho         0xffc0'02c0    0x10  Data  Lc  Sample-CLI-commands.o [1]
_xParameters                 0xce5c    0x18  Data  Lc  countsem.o [1]
_xPendedTicks                  0x98     0x4  Data  Lc  tasks.o [1]
_xPendingReadyList           0xccc0    0x14  Data  Lc  tasks.o [1]
_xPort                       0xcf74     0x4  Data  Lc  UARTCommandConsole.o [1]
_xPortGetFreeHeapSize   0xffc0'259b     0x9  Code  Gb  heap_4.o [1]
_xPortGetMinimumEverFreeHeapSize
                        0xffc0'25a4     0x9  Code  Gb  heap_4.o [1]
_xPortStartScheduler    0xffc0'2898    0x82  Code  Gb  port.o [1]
_xPrimaryCycles              0xced4     0x4  Data  Lc  blocktim.o [1]
_xQueryHeap             0xffc0'02d0    0x10  Data  Lc  Sample-CLI-commands.o [1]
_xQueueCreateCountingSemaphore
                        0xffc0'3f11    0x7d  Code  Gb  queue.o [1]
_xQueueCreateMutex      0xffc0'39ce   0x1c4  Code  Gb  queue.o [1]
_xQueueGenericCreate    0xffc0'385a    0x93  Code  Gb  queue.o [1]
_xQueueGenericReset     0xffc0'37c8    0x92  Code  Gb  queue.o [1]
_xQueueGenericSend      0xffc0'3f90   0x199  Code  Gb  queue.o [1]
_xQueueGenericSendFromISR
                        0xffc0'4129    0xd1  Code  Gb  queue.o [1]
_xQueueGiveFromISR      0xffc0'41fa    0xb9  Code  Gb  queue.o [1]
_xQueueGiveMutexRecursive
                        0xffc0'3b92   0x187  Code  Gb  queue.o [1]
_xQueueIsQueueFullFromISR
                        0xffc0'470b    0x16  Code  Gb  queue.o [1]
_xQueuePeek             0xffc0'4450   0x172  Code  Gb  queue.o [1]
_xQueuePeekFromISR      0xffc0'4663    0x72  Code  Gb  queue.o [1]
_xQueueReceive          0xffc0'42d8   0x172  Code  Gb  queue.o [1]
_xQueueReceiveFromISR   0xffc0'45c2    0xa1  Code  Gb  queue.o [1]
_xQueueSemaphoreTake    0xffc0'3d20   0x1bc  Code  Gb  queue.o [1]
_xQueueTakeMutexRecursive
                        0xffc0'3edc    0x35  Code  Gb  queue.o [1]
_xRegisteredCommands          0x114     0x8  Data  Lc  FreeRTOS_CLI.o [1]
_xRunIndicator               0xcf00     0x4  Data  Lc  blocktim.o [1]
_xRxQueue                    0xcf60     0x4  Data  Lc  serial.o [1]
_xSchedulerRunning             0x94     0x4  Data  Lc  tasks.o [1]
_xSecondTimerHandler    0xffc0'b322   0x247  Code  Gb  IntQueue.o [1]
_xSecondary                  0xcefc     0x4  Data  Lc  blocktim.o [1]
_xSecondaryCycles            0xced8     0x4  Data  Lc  blocktim.o [1]
_xSendNotificationFromISR
                               0x1c     0x4  Data  Lc  TaskNotifyArray.o [1]
_xSendingTask                0xcf64     0x4  Data  Lc  serial.o [1]
_xSerialGetChar         0xffc0'3782     0xb  Code  Gb  serial.o [1]
_xSerialPortInitMinimal
                        0xffc0'3723    0x20  Code  Gb  serial.o [1]
_xSerialPutChar         0xffc0'378d    0x3a  Code  Gb  serial.o [1]
_xSlaveHandle                0xcf9c     0x4  Data  Lc  IntSemTest.o [1]
_xStart                      0xcf38     0x8  Data  Lc  heap_4.o [1]
_xSuspendedQueueReceiveError
                             0xce7c     0x4  Data  Lc  dynamic.o [1]
_xSuspendedQueueSendError
                             0xce78     0x4  Data  Lc  dynamic.o [1]
_xSuspendedTaskList          0xcce8    0x14  Data  Lc  tasks.o [1]
_xSuspendedTestQueue         0xcef4     0x4  Data  Gb  dynamic.o [1]
_xSyncTask1                  0xcda4     0x4  Data  Lc  EventGroupsDemo.o [1]
_xSyncTask2                  0xcda8     0x4  Data  Lc  EventGroupsDemo.o [1]
_xTaskCatchUpTicks      0xffc0'1826    0x23  Code  Gb  tasks.o [1]
_xTaskCheckForTimeOut   0xffc0'1a6d    0x5e  Code  Gb  tasks.o [1]
_xTaskCreate            0xffc0'08c0   0x203  Code  Gb  tasks.o [1]
_xTaskDelayUntil        0xffc0'0b7e    0xc0  Code  Gb  tasks.o [1]
_xTaskGenericNotify     0xffc0'1ff0   0x102  Code  Gb  tasks.o [1]
_xTaskGenericNotifyFromISR
                        0xffc0'20f2   0x121  Code  Gb  tasks.o [1]
_xTaskGenericNotifyStateClear
                        0xffc0'22d6    0x34  Code  Gb  tasks.o [1]
_xTaskGenericNotifyWait
                        0xffc0'1ee7   0x109  Code  Gb  tasks.o [1]
_xTaskGetCurrentTaskHandle
                        0xffc0'1b9d     0x8  Code  Gb  tasks.o [1]
_xTaskGetSchedulerState
                        0xffc0'1ba5    0x18  Code  Gb  tasks.o [1]
_xTaskGetTickCount      0xffc0'1474     0x9  Code  Gb  tasks.o [1]
_xTaskGetTickCountFromISR
                        0xffc0'147d    0x18  Code  Gb  tasks.o [1]
_xTaskIncrementTick     0xffc0'1290    0xf8  Code  Gb  tasks.o [1]
_xTaskPriorityDisinherit
                        0xffc0'1c2f    0x67  Code  Gb  tasks.o [1]
_xTaskPriorityInherit   0xffc0'1bbd    0x72  Code  Gb  tasks.o [1]
_xTaskRemoveFromEventList
                        0xffc0'19a4    0x61  Code  Gb  tasks.o [1]
_xTaskResumeAll         0xffc0'1388    0xec  Code  Gb  tasks.o [1]
_xTaskStats             0xffc0'02a0    0x10  Data  Lc  Sample-CLI-commands.o [1]
_xTaskToNotify                 0xbc     0x4  Data  Lc  TaskNotify.o [1]
_xTaskToNotify                  0xc     0x4  Data  Lc  TaskNotifyArray.o [1]
_xTasksWaitingTermination
                             0xccd4    0x14  Data  Lc  tasks.o [1]
_xTestQueue                  0xcef8     0x4  Data  Lc  blocktim.o [1]
_xTestStatus                   0xe8     0x4  Data  Lc  TimerDemo.o [1]
_xThreeParameterEcho    0xffc0'02b0    0x10  Data  Lc  Sample-CLI-commands.o [1]
_xTickCount                    0x8c     0x4  Data  Lc  tasks.o [1]
_xTimer                        0xc8     0x4  Data  Lc  TaskNotify.o [1]
_xTimerCreate           0xffc0'2a94    0x43  Code  Gb  timers.o [1]
_xTimerCreateTimerTask  0xffc0'2a59    0x3b  Code  Gb  timers.o [1]
_xTimerGenericCommand   0xffc0'2ad7    0x5a  Code  Gb  timers.o [1]
_xTimerIsTimerActive    0xffc0'2e65    0x1e  Code  Gb  timers.o [1]
_xTimerPendFunctionCallFromISR
                        0xffc0'2eb5    0x21  Code  Gb  timers.o [1]
_xTimerQueue                 0xcf1c     0x4  Data  Lc  timers.o [1]
_xTimerTaskHandle            0xcf20     0x4  Data  Lc  timers.o [1]
_xTxMutex                    0xcf70     0x4  Data  Lc  UARTCommandConsole.o [1]
_xWasSuspended                 0x5c     0x4  Data  Lc  IntQueue.o [1]
_xYieldPending                 0x9c     0x4  Data  Lc  tasks.o [1]
prvHelpCommand::pxCommand
                              0x110     0x4  Data  Lc  FreeRTOS_CLI.o [1]
prvNotifyingTimerCallback::uxIndexToNotify
                               0x28     0x4  Data  Lc  TaskNotifyArray.o [1]
prvOneShotTimerCallback::uxCallCount
                              0x108     0x4  Data  Lc  TimerDemo.o [1]
prvParameterEchoCommand::uxParameterNumber
                             0xcfa8     0x4  Data  Lc  Sample-CLI-commands.o [1]
prvSampleTimeNow::xLastTime
                             0xcf24     0x4  Data  Lc  timers.o [1]
prvSuspendedTaskTimerTestCallback::ulCallCount
                               0xd0     0x4  Data  Lc  TaskNotify.o [1]
prvSuspendedTaskTimerTestCallback::ulCallCount
                               0x20     0x4  Data  Lc  TaskNotifyArray.o [1]
prvSuspendedTaskTimerTestCallback::uxIndexToNotify
                               0x24     0x4  Data  Lc  TaskNotifyArray.o [1]
prvThreeParameterEchoCommand::uxParameterNumber
                             0xcfa4     0x4  Data  Lc  Sample-CLI-commands.o [1]
prvUARTCommandConsoleTask::cInputString
                             0xcd2c    0x32  Data  Lc  UARTCommandConsole.o [1]
prvUARTCommandConsoleTask::cLastInputString
                             0xcd5e    0x32  Data  Lc  UARTCommandConsole.o [1]
vInterruptSemaphorePeriodicTest::xLastGiveTime
                             0xce10     0x4  Data  Lc  IntSemTest.o [1]
vPeriodicEventGroupsProcessing::xCallCount
                             0xcdac     0x4  Data  Lc  EventGroupsDemo.o [1]
vPeriodicEventGroupsProcessing::xISRTestError
                             0xcdb0     0x4  Data  Lc  EventGroupsDemo.o [1]
vQueueOverwritePeriodicISRDemo::ulCallCount
                              0x128     0x4  Data  Lc  QueueOverwrite.o [1]
vQueueSendWhenSuspendedTask::ulValueToSend
                             0xce84     0x4  Data  Lc  dynamic.o [1]
vTimerPeriodicISRTests::uxTick
                              0x104     0x4  Data  Lc  TimerDemo.o [1]
xAreBlockTimeTestTasksStillRunning::xLastPrimaryCycleCount
                             0xcee0     0x4  Data  Lc  blocktim.o [1]
xAreBlockTimeTestTasksStillRunning::xLastSecondaryCycleCount
                             0xcee4     0x4  Data  Lc  blocktim.o [1]
xAreBlockingQueuesStillRunning::sLastBlockingConsumerCount
                             0xcf84     0x6  Data  Lc  BlockQ.o [1]
xAreBlockingQueuesStillRunning::sLastBlockingProducerCount
                             0xcf8a     0x6  Data  Lc  BlockQ.o [1]
xAreCountingSemaphoreTasksStillRunning::uxLastCount0
                             0xcf08     0x4  Data  Lc  countsem.o [1]
xAreCountingSemaphoreTasksStillRunning::uxLastCount1
                             0xcf0c     0x4  Data  Lc  countsem.o [1]
xAreDynamicPriorityTasksStillRunning::ulLastExpectedValue
                             0xce88     0x4  Data  Lc  dynamic.o [1]
xAreDynamicPriorityTasksStillRunning::usLastTaskCheck
                             0xce76     0x2  Data  Lc  dynamic.o [1]
xAreEventGroupTasksStillRunning::ulPreviousISRCycles
                             0xcdbc     0x4  Data  Lc  EventGroupsDemo.o [1]
xAreEventGroupTasksStillRunning::ulPreviousSetBitCycles
                             0xcdb8     0x4  Data  Lc  EventGroupsDemo.o [1]
xAreEventGroupTasksStillRunning::ulPreviousWaitBitCycles
                             0xcdb4     0x4  Data  Lc  EventGroupsDemo.o [1]
xAreGenericQueueTasksStillRunning::ulLastLoopCounter
                             0xce54     0x4  Data  Lc  GenQTest.o [1]
xAreGenericQueueTasksStillRunning::ulLastLoopCounter2
                             0xce58     0x4  Data  Lc  GenQTest.o [1]
xAreIntQueueTasksStillRunning::uxLastHighPriorityLoops1
                               0x70     0x4  Data  Lc  IntQueue.o [1]
xAreIntQueueTasksStillRunning::uxLastHighPriorityLoops2
                               0x74     0x4  Data  Lc  IntQueue.o [1]
xAreIntQueueTasksStillRunning::uxLastLowPriorityLoops1
                               0x78     0x4  Data  Lc  IntQueue.o [1]
xAreIntQueueTasksStillRunning::uxLastLowPriorityLoops2
                               0x7c     0x4  Data  Lc  IntQueue.o [1]
xAreInterruptSemaphoreTasksStillRunning::ulLastCountingSemaphoreLoops
                             0xce18     0x4  Data  Lc  IntSemTest.o [1]
xAreInterruptSemaphoreTasksStillRunning::ulLastMasterLoopCounter
                             0xce14     0x4  Data  Lc  IntSemTest.o [1]
xAreRecursiveMutexTasksStillRunning::uxLastBlockingCycles
                             0xce38     0x4  Data  Lc  recmutex.o [1]
xAreRecursiveMutexTasksStillRunning::uxLastControllingCycles
                             0xce34     0x4  Data  Lc  recmutex.o [1]
xAreRecursiveMutexTasksStillRunning::uxLastPollingCycles
                             0xce3c     0x4  Data  Lc  recmutex.o [1]
xAreSemaphoreTasksStillRunning::sLastCheckVariables
                             0xcf58     0x8  Data  Lc  semtest.o [1]
xAreTaskNotificationArrayTasksStillRunning::ulCallCount
                               0x3c     0x4  Data  Lc  TaskNotifyArray.o [1]
xAreTaskNotificationArrayTasksStillRunning::ulLastCourseCycleCount
                               0x38     0x4  Data  Lc  TaskNotifyArray.o [1]
xAreTaskNotificationArrayTasksStillRunning::ulLastFineCycleCount
                               0x34     0x4  Data  Lc  TaskNotifyArray.o [1]
xAreTaskNotificationArrayTasksStillRunning::xErrorStatus
                               0x40     0x4  Data  Lc  TaskNotifyArray.o [1]
xAreTaskNotificationTasksStillRunning::ulLastNotifyCycleCount
                               0xdc     0x4  Data  Lc  TaskNotify.o [1]
xAreTimerDemoTasksStillRunning::ulLastLoopCounter
                               0xfc     0x4  Data  Lc  TimerDemo.o [1]
xAreTimerDemoTasksStillRunning::xIterationsWithoutCounterIncrement
                              0x100     0x4  Data  Lc  TimerDemo.o [1]
xAreTimerDemoTasksStillRunning::xLastCycleFrequency
                             0xcfac     0x4  Data  Lc  TimerDemo.o [1]
xFirstTimerHandler::uxNextOperation
                               0x68     0x4  Data  Lc  IntQueue.o [1]
xIsCreateTaskStillRunning::usLastCreationCount
                              0x12e     0x2  Data  Lc  death.o [1]
xNotifyArrayTaskFromISR::uxIndexToNotify
                               0x30     0x4  Data  Lc  TaskNotifyArray.o [1]
xNotifyArrayTaskFromISR::xAPIToUse
                               0x2c     0x4  Data  Lc  TaskNotifyArray.o [1]
xNotifyTaskFromISR::xAPIToUse
                               0xd8     0x4  Data  Lc  TaskNotify.o [1]
xNotifyTaskFromISR::xCallCount
                               0xd4     0x4  Data  Lc  TaskNotify.o [1]
xSecondTimerHandler::uxNextOperation
                               0x6c     0x4  Data  Lc  IntQueue.o [1]


[1] = C:\Renesas\GitHubDesktop\work\FreeRTOS\FreeRTOS\Demo\RX700_RX72N_RenesasSim_IAR_e2studio_EWRX\Debug\Obj
[2] = dbgrxdllnd.a
[3] = dlrxdlln.a
[4] = rtrx3dll.a

  45'907 bytes of readonly  code memory
   3'643 bytes of readonly  data memory
  54'190 bytes of readwrite data memory

Errors: none
Warnings: 2
