Renesas Optimizing Linker (W3.02.00 )             22-Oct-2020 23:27:28

*** Options ***

-subcommand=LinkerRTOSDemo.tmp
-MAKEUD=C:\Renesas\GitHubDesktop\work\FreeRTOS\FreeRTOS\Demo\RX700_RX72N_EnvisionKit_Renesas_e2studio_CS+\HardwareDebug/RTOSDemo_l.ud
-noprelink
-input=".\src/FreeRTOS/Source/portable/Renesas/RX\port_asm.obj"
-input=".\src/FreeRTOS/Source\event_groups.obj"
-input=".\src/FreeRTOS/Source\list.obj"
-input=".\src/FreeRTOS/Source/portable/MemMang\heap_4.obj"
-input=".\src/FreeRTOS/Source/portable/Renesas/RX\port.obj"
-input=".\src/FreeRTOS/Source\queue.obj"
-input=".\src/FreeRTOS/Source\stream_buffer.obj"
-input=".\src/FreeRTOS/Source\tasks.obj"
-input=".\src/FreeRTOS/Source\timers.obj"
-input=".\src/FreeRTOS_Demo/Blinky_Demo\main_blinky.obj"
-input=".\src/FreeRTOS_Demo/Full_Demo/FreeRTOS-Plus-CLI\FreeRTOS_CLI.obj"
-input=".\src/FreeRTOS_Demo/Full_Demo\IntQueueTimer.obj"
-input=".\src/FreeRTOS_Demo/Full_Demo\Sample-CLI-commands.obj"
-input=".\src/FreeRTOS_Demo/Full_Demo/Standard_Demo_Tasks\BlockQ.obj"
-input=".\src/FreeRTOS_Demo/Full_Demo/Standard_Demo_Tasks\EventGroupsDemo.obj"
-input=".\src/FreeRTOS_Demo/Full_Demo/Standard_Demo_Tasks\GenQTest.obj"
-input=".\src/FreeRTOS_Demo/Full_Demo/Standard_Demo_Tasks\IntQueue.obj"
-input=".\src/FreeRTOS_Demo/Full_Demo/Standard_Demo_Tasks\IntSemTest.obj"
-input=".\src/FreeRTOS_Demo/Full_Demo/Standard_Demo_Tasks\QueueOverwrite.obj"
-input=".\src/FreeRTOS_Demo/Full_Demo/Standard_Demo_Tasks\TaskNotify.obj"
-input=".\src/FreeRTOS_Demo/Full_Demo/Standard_Demo_Tasks\TaskNotifyArray.obj"
-input=".\src/FreeRTOS_Demo/Full_Demo/Standard_Demo_Tasks\TimerDemo.obj"
-input=".\src/FreeRTOS_Demo/Full_Demo/Standard_Demo_Tasks\blocktim.obj"
-input=".\src/FreeRTOS_Demo/Full_Demo/Standard_Demo_Tasks\countsem.obj"
-input=".\src/FreeRTOS_Demo/Full_Demo/Standard_Demo_Tasks\death.obj"
-input=".\src/FreeRTOS_Demo/Full_Demo/Standard_Demo_Tasks\dynamic.obj"
-input=".\src/FreeRTOS_Demo/Full_Demo/Standard_Demo_Tasks\flop.obj"
-input=".\src/FreeRTOS_Demo/Full_Demo/Standard_Demo_Tasks\recmutex.obj"
-input=".\src/FreeRTOS_Demo/Full_Demo/Standard_Demo_Tasks\semtest.obj"
-input=".\src/FreeRTOS_Demo/Full_Demo\UARTCommandConsole.obj"
-input=".\src/FreeRTOS_Demo/Full_Demo\main_full.obj"
-input=".\src/FreeRTOS_Demo/Full_Demo\serial.obj"
-input=".\src/frtos_startup\freertos_object_init.obj"
-input=".\src/frtos_startup\freertos_start.obj"
-input=".\src/smc_gen/general\r_cg_hardware_setup.obj"
-input=".\src/smc_gen/general\r_smc_cgc.obj"
-input=".\src/smc_gen/general\r_smc_cgc_user.obj"
-input=".\src/smc_gen/general\r_smc_interrupt.obj"
-input=".\src/smc_gen/r_bsp/board/generic_rx72n\hwsetup.obj"
-input=".\src/smc_gen/r_bsp/mcu/all\dbsct.obj"
-input=".\src/smc_gen/r_bsp/mcu/all\lowlvl.obj"
-input=".\src/smc_gen/r_bsp/mcu/all\lowsrc.obj"
-input=".\src/smc_gen/r_bsp/mcu/all\mcu_locks.obj"
-input=".\src/smc_gen/r_bsp/mcu/all\r_bsp_common.obj"
-input=".\src/smc_gen/r_bsp/mcu/all\r_bsp_cpu.obj"
-input=".\src/smc_gen/r_bsp/mcu/all\r_bsp_interrupts.obj"
-input=".\src/smc_gen/r_bsp/mcu/all\r_bsp_locking.obj"
-input=".\src/smc_gen/r_bsp/mcu/all\r_bsp_mcu_startup.obj"
-input=".\src/smc_gen/r_bsp/mcu/all\r_bsp_software_interrupt.obj"
-input=".\src/smc_gen/r_bsp/mcu/all\sbrk.obj"
-input=".\src/smc_gen/r_bsp/mcu/rx72n\mcu_clocks.obj"
-input=".\src/smc_gen/r_bsp/mcu/rx72n\mcu_init.obj"
-input=".\src/smc_gen/r_bsp/mcu/rx72n\mcu_interrupts.obj"
-input=".\src/smc_gen/r_bsp/mcu/rx72n\mcu_mapped_interrupts.obj"
-input=".\src/smc_gen/r_bsp/mcu/rx72n\vecttbl.obj"
-input=".\src/smc_gen/r_byteq/src\r_byteq.obj"
-input=".\src/smc_gen/r_gpio_rx/src\r_gpio_rx.obj"
-input=".\src/smc_gen/r_gpio_rx/src/targets/rx72n\r_gpio_rx72n.obj"
-input=".\src/smc_gen/r_pincfg\r_sci_rx_pinset.obj"
-input=".\src/smc_gen/r_sci_rx/src\r_sci_rx.obj"
-input=".\src/smc_gen/r_sci_rx/src/targets/rx72n\r_sci_rx72n.obj"
-input=".\src/smc_gen/r_sci_rx/src/targets/rx72n\r_sci_rx72n_data.obj"
-input=".\src/smc_workaround\FIT_patch.obj"
-input=".\src/smc_workaround/r_bsp_patch\resetprg.obj"
-input=".\src/smc_workaround/r_dtc_rx_patch\r_dtc_rx.obj"
-input=".\src/smc_workaround/r_dtc_rx_patch\r_dtc_rx_target.obj"
-input=".\src/smc_workaround\u_sci_rx_ext.obj"
-library=".\RTOSDemo.lib"
-start=B_1,R_1,B_2,R_2,B,R,B_8,R_8,SI/04,PResetPRG,C_1,C_2,C,C_8,C$*,D_1,D_2,D,D_8,W*,L,P/0FFC00000,EXCEPTVECT/0FFFFFF80,RESETVECT/0FFFFFFFC
-output="RTOSDemo.abs"
-form=absolute
-nomessage
-vect=_undefined_interrupt_source_isr
-list=RTOSDemo.map
-show=all
-optimize=speed
-rom=D=R,D_1=R_1,D_2=R_2,D_8=R_8
-cpu=RAM=00000000-0007ffff,FIX=00080000-00083fff,FIX=00086000-00087fff,FIX=00088000-0009ffff,FIX=000a0000-000a3fff,RAM=000a4000-000a5fff,FIX=000a6000-000bffff,FIX=000c0000-000dffff,FIX=000e0000-000fffff,ROM=00100000-00107fff,FIX=007fc000-007fcfff,FIX=007fe000-007fffff,RAM=00800000-0087ffff,RAM=00ff8000-00ffffff,RAM=fe7f5d00-fe7f5d7f,RAM=fe7f7d70-fe7f7d9f,ROM=ffc00000-ffffffff
-stack
-total_size
-nologo
-change_message=warning=2300,2142

*** Error information ***

*** Mapping List ***

SECTION                            START      END         SIZE   ALIGN
B_1
                                  00000004  0000c76b      c768   1
R_1
                                  0000c76c  0000c957       1ec   1
B_2
                                  0000c958  0000c95f         8   2
R_2
                                  0000c960  0000c999        3a   2
B
                                  0000c99c  0000d15b       7c0   4
R
                                  0000d15c  0000d5bb       460   4
B_8
                                  0000d5bc  0000d5bc         0   1
R_8
                                  0000d5c0  0000d5c7         8   8
SI
                                  0000d5c8  0000d9c7       400   4
$ADDR_C_FE7F5D00
                                  fe7f5d00  fe7f5d0b         c   1
$ADDR_C_FE7F5D10
                                  fe7f5d10  fe7f5d13         4   1
$ADDR_C_FE7F5D20
                                  fe7f5d20  fe7f5d23         4   1
$ADDR_C_FE7F5D40
                                  fe7f5d40  fe7f5d43         4   1
$ADDR_C_FE7F5D48
                                  fe7f5d48  fe7f5d4b         4   1
$ADDR_C_FE7F5D50
                                  fe7f5d50  fe7f5d5f        10   1
$ADDR_C_FE7F5D64
                                  fe7f5d64  fe7f5d67         4   1
$ADDR_C_FE7F5D70
                                  fe7f5d70  fe7f5d73         4   1
PResetPRG
                                  ffc00000  ffc00079        7a   1
C_1
                                  ffc0007a  ffc00163        ea   1
C_2
                                  ffc00164  ffc003a1       23e   2
C
                                  ffc003a4  ffc00857       4b4   4
C_8
                                  ffc00858  ffc0089f        48   8
C$DSEC
                                  ffc008a0  ffc008cf        30   4
C$BSEC
                                  ffc008d0  ffc008ef        20   4
C$VECT
                                  ffc008f0  ffc00cef       400   4
D_1
                                  ffc00cf0  ffc00edb       1ec   1
D_2
                                  ffc00edc  ffc00f15        3a   2
D
                                  ffc00f18  ffc01377       460   4
D_8
                                  ffc01378  ffc0137f         8   8
W
                                  ffc01380  ffc01380         0   4
W_1
                                  ffc01380  ffc0138f        10   1
W_2
                                  ffc01390  ffc014cf       140   2
L
                                  ffc014d0  ffc01de8       919   4
P
                                  ffc01de9  ffc10e9b      f0b3   1
EXCEPTVECT
                                  ffffff80  fffffffb        7c   4
RESETVECT
                                  fffffffc  ffffffff         4   4

*** Total Section Size ***

RAMDATA SECTION:  0000d9be Byte(s)
ROMDATA SECTION:  00001e1f Byte(s)
PROGRAM SECTION:  0000f12d Byte(s)

*** Symbol List ***

SECTION=
FILE=                               START        END    SIZE
  SYMBOL                            ADDR        SIZE    INFO      COUNTS  OPT

SECTION=B_1
FILE=.\src\FreeRTOS\Source\portable\MemMang\heap_4.obj
                                  00000004  0000b803      b800
  _ucHeap
                                  00000004      b800   data ,l         2
FILE=.\src\FreeRTOS_Demo\Full_Demo\FreeRTOS-Plus-CLI\FreeRTOS_CLI.obj
                                  0000b804  0000c5af       dac
  _cOutputBuffer
                                  0000b804       dac   data ,l         1
FILE=.\src\FreeRTOS_Demo\Full_Demo\UARTCommandConsole.obj
                                  0000c5b0  0000c613        64
  _cInputString$1
                                  0000c5b0        32   data ,l         1
  _cLastInputString$2
                                  0000c5e2        32   data ,l         2
FILE=.\src\smc_gen\r_bsp\mcu\all\lowsrc.obj
                                  0000c614  0000c627        14
  _flmod
                                  0000c614        14   data ,g         4
FILE=.\src\smc_gen\r_bsp\mcu\all\r_bsp_software_interrupt.obj
                                  0000c628  0000c62b         4
  _s_bsp_swint_buf_used
                                  0000c628         1   data ,l         5
  _s_bsp_swint_buf_top
                                  0000c629         1   data ,l         2
  _s_bsp_swint_buf_bottom
                                  0000c62a         1   data ,l         3
  _s_bsp_swint_nested_int_status
                                  0000c62b         1   data ,l         5
FILE=.\src\smc_gen\r_sci_rx\src\r_sci_rx.obj
                                  0000c62c  0000c76b       140
  _ch2_tx_buf
                                  0000c62c        50   data ,l         1
  _ch2_rx_buf
                                  0000c67c        50   data ,l         1
  _ch9_tx_buf
                                  0000c6cc        50   data ,l         1
  _ch9_rx_buf
                                  0000c71c        50   data ,l         1

SECTION=R_1
FILE=.\src\FreeRTOS_Demo\Full_Demo\Standard_Demo_Tasks\IntQueue.obj
                                  0000c76c  0000c8fb       190
  _ucNormallyEmptyReceivedValues
                                  0000c76c        c8   data ,l         4
  _ucNormallyFullReceivedValues
                                  0000c834        c8   data ,l         7
FILE=.\src\FreeRTOS_Demo\Full_Demo\Standard_Demo_Tasks\TimerDemo.obj
                                  0000c8fc  0000c904         9
  _ucAutoReloadTimerCounters
                                  0000c8fc         6   data ,l         6
  _ucOneShotTimerCounter
                                  0000c902         1   data ,l         3
  _ucISRAutoReloadTimerCounter
                                  0000c903         1   data ,l         d
  _ucISROneShotTimerCounter
                                  0000c904         1   data ,l         d
FILE=.\src\smc_gen\r_byteq\src\r_byteq.obj
                                  0000c905  0000c905         1
  _qcb_init$1
                                  0000c905         1   data ,l         1
FILE=.\src\smc_workaround\r_dtc_rx_patch\r_dtc_rx.obj
                                  0000c906  0000c906         1
  _s_is_opened
                                  0000c906         1   data ,l         3
FILE=xfiles
                                  0000c907  0000c956        50
  _ebuf
                                  0000c907        50   data ,l         5
FILE=xstate
                                  0000c957  0000c957         1
  __Mbcurmax
                                  0000c957         1   data ,g         1

SECTION=B_2
FILE=.\src\smc_gen\r_bsp\mcu\all\r_bsp_cpu.obj
                                  0000c958  0000c95f         8
  _s_protect_counters
                                  0000c958         8   data ,l         3

SECTION=R_2
FILE=.\src\FreeRTOS_Demo\Full_Demo\Standard_Demo_Tasks\BlockQ.obj
                                  0000c960  0000c977        18
  _sBlockingConsumerCount
                                  0000c960         6   data ,l         3
  _sBlockingProducerCount
                                  0000c966         6   data ,l         2
  _sLastBlockingProducerCount$2
                                  0000c96c         6   data ,l         1
  _sLastBlockingConsumerCount$1
                                  0000c972         6   data ,l         1
FILE=.\src\FreeRTOS_Demo\Full_Demo\Standard_Demo_Tasks\death.obj
                                  0000c978  0000c97b         4
  _usCreationCount
                                  0000c978         2   data ,l         2
  _usLastCreationCount$1
                                  0000c97a         2   data ,l         1
FILE=.\src\FreeRTOS_Demo\Full_Demo\Standard_Demo_Tasks\dynamic.obj
                                  0000c97c  0000c97f         4
  _usCheckVariable
                                  0000c97c         2   data ,l         2
  _usLastTaskCheck$2
                                  0000c97e         2   data ,l         1
FILE=.\src\FreeRTOS_Demo\Full_Demo\Standard_Demo_Tasks\flop.obj
                                  0000c980  0000c987         8
  _usTaskCheck
                                  0000c980         8   data ,l         2
FILE=.\src\FreeRTOS_Demo\Full_Demo\Standard_Demo_Tasks\semtest.obj
                                  0000c988  0000c999        12
  _sCheckVariables
                                  0000c988         8   data ,l         2
  _sNextCheckVariable
                                  0000c990         2   data ,l         1
  _sLastCheckVariables$1
                                  0000c992         8   data ,l         1

SECTION=B
FILE=.\src\FreeRTOS\Source\portable\MemMang\heap_4.obj
                                  0000c99c  0000c9a3         8
  _xStart
                                  0000c99c         8   data ,l         5
FILE=.\src\FreeRTOS\Source\tasks.obj
                                  0000c9a4  0000ca9b        f8
  _pxReadyTasksLists
                                  0000c9a4        8c   data ,l        14
  _xDelayedTaskList1
                                  0000ca30        14   data ,l         1
  _xDelayedTaskList2
                                  0000ca44        14   data ,l         1
  _pxDelayedTaskList
                                  0000ca58         4   data ,l        10
  _pxOverflowDelayedTaskList
                                  0000ca5c         4   data ,l         d
  _xPendingReadyList
                                  0000ca60        14   data ,l         6
  _xTasksWaitingTermination
                                  0000ca74        14   data ,l         6
  _xSuspendedTaskList
                                  0000ca88        14   data ,l         b
FILE=.\src\FreeRTOS\Source\timers.obj
                                  0000ca9c  0000cacb        30
  _xActiveTimerList1
                                  0000ca9c        14   data ,l         2
  _xActiveTimerList2
                                  0000cab0        14   data ,l         2
  _pxCurrentTimerList
                                  0000cac4         4   data ,l         3
  _pxOverflowTimerList
                                  0000cac8         4   data ,l         6
FILE=.\src\FreeRTOS_Demo\Full_Demo\Standard_Demo_Tasks\GenQTest.obj
                                  0000cacc  0000cad3         8
  _xHighPriorityMutexTask
                                  0000cacc         4   data ,l         2
  _xMediumPriorityMutexTask
                                  0000cad0         4   data ,l         2
FILE=.\src\FreeRTOS_Demo\Full_Demo\Standard_Demo_Tasks\IntQueue.obj
                                  0000cad4  0000caeb        18
  _xNormallyEmptyQueue
                                  0000cad4         4   data ,l         5
  _xNormallyFullQueue
                                  0000cad8         4   data ,l         6
  _xHighPriorityNormallyEmptyTask1
                                  0000cadc         4   data ,g         2
  _xHighPriorityNormallyEmptyTask2
                                  0000cae0         4   data ,g         3
  _xHighPriorityNormallyFullTask1
                                  0000cae4         4   data ,g         2
  _xHighPriorityNormallyFullTask2
                                  0000cae8         4   data ,g         2
FILE=.\src\FreeRTOS_Demo\Full_Demo\Standard_Demo_Tasks\IntSemTest.obj
                                  0000caec  0000caef         4
  _xSlaveHandle
                                  0000caec         4   data ,l         2
FILE=.\src\FreeRTOS_Demo\Full_Demo\Standard_Demo_Tasks\TimerDemo.obj
                                  0000caf0  0000caf3         4
  _xLastCycleFrequency$3
                                  0000caf0         4   data ,l         1
FILE=.\src\FreeRTOS_Demo\Full_Demo\Standard_Demo_Tasks\blocktim.obj
                                  0000caf4  0000caff         c
  _xTestQueue
                                  0000caf4         4   data ,l         3
  _xSecondary
                                  0000caf8         4   data ,l         2
  _xRunIndicator
                                  0000cafc         4   data ,l         2
FILE=.\src\FreeRTOS_Demo\Full_Demo\Standard_Demo_Tasks\countsem.obj
                                  0000cb00  0000cb17        18
  _xParameters
                                  0000cb00        18   data ,l         2
FILE=.\src\FreeRTOS_Demo\Full_Demo\Standard_Demo_Tasks\death.obj
                                  0000cb18  0000cb1f         8
  _xCreatedTask
                                  0000cb18         4   data ,g         1
  _uxTasksRunningNow$2
                                  0000cb1c         4   data ,l         1
FILE=.\src\FreeRTOS_Demo\Full_Demo\Standard_Demo_Tasks\dynamic.obj
                                  0000cb20  0000cb2f        10
  _xContinuousIncrementHandle
                                  0000cb20         4   data ,l         2
  _xLimitedIncrementHandle
                                  0000cb24         4   data ,l         2
  _ulCounter
                                  0000cb28         4   data ,l         2
  _xSuspendedTestQueue
                                  0000cb2c         4   data ,g         3
FILE=.\src\FreeRTOS_Demo\Full_Demo\Standard_Demo_Tasks\recmutex.obj
                                  0000cb30  0000cb3b         c
  _xMutex
                                  0000cb30         4   data ,l         4
  _xControllingTaskHandle
                                  0000cb34         4   data ,l         2
  _xBlockingTaskHandle
                                  0000cb38         4   data ,l         2
FILE=.\src\smc_gen\general\r_cg_hardware_setup.obj
                                  0000cb3c  0000cb4f        14
  _xSerialSciHandle
                                  0000cb3c         4   data ,g         4
  _xSerialTxDtcInfo
                                  0000cb40        10   data ,g         1
FILE=.\src\smc_gen\r_bsp\mcu\all\lowsrc.obj
                                  0000cb50  0000cb9f        50
  __Files
                                  0000cb50        50   data ,g         5
FILE=.\src\smc_gen\r_bsp\mcu\all\mcu_locks.obj
                                  0000cba0  0000cdaf       210
  _g_bsp_Locks
                                  0000cba0       210   data ,g         3
FILE=.\src\smc_gen\r_bsp\mcu\all\r_bsp_interrupts.obj
                                  0000cdb0  0000cf5f       1b0
  _g_bsp_vectors
                                  0000cdb0       1b0   data ,l         e
FILE=.\src\smc_gen\r_bsp\mcu\all\r_bsp_software_interrupt.obj
                                  0000cf60  0000cfcf        70
  _g_bsp_swint_access_ctrl
                                  0000cf60         4   data ,g         4
  _s_bsp_swint_task
                                  0000cf64        6c   data ,l         5
FILE=.\src\smc_gen\r_byteq\src\r_byteq.obj
                                  0000cfd0  0000d14f       180
  _g_qcb
                                  0000cfd0       180   data ,l         1
FILE=.\src\smc_workaround\r_dtc_rx_patch\r_dtc_rx.obj
                                  0000d150  0000d157         8
  _gp_dtc_table_work
                                  0000d150         8   data ,g         1
FILE=_errno
                                  0000d158  0000d15b         4
  __errno
                                  0000d158         4   data ,g         4

SECTION=R
FILE=.\src\FreeRTOS\Source\portable\MemMang\heap_4.obj
                                  0000d15c  0000d173        18
  _pxEnd
                                  0000d15c         4   data ,l         2
  _xFreeBytesRemaining
                                  0000d160         4   data ,l         4
  _xMinimumEverFreeBytesRemaining
                                  0000d164         4   data ,l         3
  _xNumberOfSuccessfulAllocations
                                  0000d168         4   data ,l         1
  _xNumberOfSuccessfulFrees
                                  0000d16c         4   data ,l         1
  _xBlockAllocatedBit
                                  0000d170         4   data ,l         3
FILE=.\src\FreeRTOS\Source\portable\Renesas\RX\port.obj
                                  0000d174  0000d177         4
  _ulPortTaskHasDPFPUContext
                                  0000d174         4   data ,g         6
FILE=.\src\FreeRTOS\Source\tasks.obj
                                  0000d178  0000d1ab        34
  _pxCurrentTCB
                                  0000d178         4   data ,g        46
  _uxDeletedTasksWaitingCleanUp
                                  0000d17c         4   data ,l         2
  _uxCurrentNumberOfTasks
                                  0000d180         4   data ,l         7
  _xTickCount
                                  0000d184         4   data ,l        10
  _uxTopReadyPriority
                                  0000d188         4   data ,l        10
  _xSchedulerRunning
                                  0000d18c         4   data ,l        15
  _xPendedTicks
                                  0000d190         4   data ,l         4
  _xYieldPending
                                  0000d194         4   data ,l         b
  _xNumOfOverflows
                                  0000d198         4   data ,l         4
  _uxTaskNumber
                                  0000d19c         4   data ,l         2
  _xNextTaskUnblockTime
                                  0000d1a0         4   data ,l        11
  _xIdleTaskHandle
                                  0000d1a4         4   data ,l         1
  _uxSchedulerSuspended
                                  0000d1a8         4   data ,l        12
FILE=.\src\FreeRTOS\Source\timers.obj
                                  0000d1ac  0000d1b7         c
  _xTimerQueue
                                  0000d1ac         4   data ,l         6
  _xTimerTaskHandle
                                  0000d1b0         4   data ,l         1
  _xLastTime$1
                                  0000d1b4         4   data ,l         2
FILE=.\src\FreeRTOS_Demo\Full_Demo\FreeRTOS-Plus-CLI\FreeRTOS_CLI.obj
                                  0000d1b8  0000d1cb        14
  _xRegisteredCommands
                                  0000d1b8         8   data ,l         3
  _pxLastCommandInList$1
                                  0000d1c0         4   data ,l         1
  _pxCommand$2
                                  0000d1c4         4   data ,l         1
  _pxCommand$3
                                  0000d1c8         4   data ,l         1
FILE=.\src\FreeRTOS_Demo\Full_Demo\Sample-CLI-commands.obj
                                  0000d1cc  0000d1d3         8
  _uxParameterNumber$1
                                  0000d1cc         4   data ,l         1
  _uxParameterNumber$2
                                  0000d1d0         4   data ,l         1
FILE=.\src\FreeRTOS_Demo\Full_Demo\Standard_Demo_Tasks\EventGroupsDemo.obj
                                  0000d1d4  0000d203        30
  _ulTestMasterCycles
                                  0000d1d4         4   data ,l         2
  _ulTestSlaveCycles
                                  0000d1d8         4   data ,l         3
  _ulISRCycles
                                  0000d1dc         4   data ,l         2
  _xEventGroup
                                  0000d1e0         4   data ,l         3
  _xISREventGroup
                                  0000d1e4         4   data ,l         2
  _xSyncTask1
                                  0000d1e8         4   data ,l         3
  _xSyncTask2
                                  0000d1ec         4   data ,l         2
  _xCallCount$1
                                  0000d1f0         4   data ,l         1
  _xISRTestError$2
                                  0000d1f4         4   data ,l         3
  _ulPreviousWaitBitCycles$3
                                  0000d1f8         4   data ,l         1
  _ulPreviousSetBitCycles$4
                                  0000d1fc         4   data ,l         1
  _ulPreviousISRCycles$5
                                  0000d200         4   data ,l         1
FILE=.\src\FreeRTOS_Demo\Full_Demo\Standard_Demo_Tasks\GenQTest.obj
                                  0000d204  0000d21f        1c
  _xErrorDetected
                                  0000d204         4   data ,l        1c
  _ulLoopCounter
                                  0000d208         4   data ,l         2
  _ulLoopCounter2
                                  0000d20c         4   data ,l         2
  _ulGuardedVariable
                                  0000d210         4   data ,l         2
  _xBlockWasAborted
                                  0000d214         4   data ,l         1
  _ulLastLoopCounter$1
                                  0000d218         4   data ,l         1
  _ulLastLoopCounter2$2
                                  0000d21c         4   data ,l         1
FILE=.\src\FreeRTOS_Demo\Full_Demo\Standard_Demo_Tasks\IntQueue.obj
                                  0000d220  0000d25b        3c
  _uxHighPriorityLoops1
                                  0000d220         4   data ,l         2
  _uxHighPriorityLoops2
                                  0000d224         4   data ,l         2
  _uxLowPriorityLoops1
                                  0000d228         4   data ,l         2
  _uxLowPriorityLoops2
                                  0000d22c         4   data ,l         2
  _xErrorStatus
                                  0000d230         4   data ,l        1d
  _xErrorLine
                                  0000d234         4   data ,l        1c
  _xWasSuspended
                                  0000d238         4   data ,l         3
  _uxValueForNormallyEmptyQueue
                                  0000d23c         4   data ,l         7
  _uxValueForNormallyFullQueue
                                  0000d240         4   data ,l         5
  _uxNextOperation$1
                                  0000d244         4   data ,l         1
  _uxNextOperation$2
                                  0000d248         4   data ,l         1
  _uxLastHighPriorityLoops1$3
                                  0000d24c         4   data ,l         1
  _uxLastHighPriorityLoops2$4
                                  0000d250         4   data ,l         1
  _uxLastLowPriorityLoops1$5
                                  0000d254         4   data ,l         1
  _uxLastLowPriorityLoops2$6
                                  0000d258         4   data ,l         1
FILE=.\src\FreeRTOS_Demo\Full_Demo\Standard_Demo_Tasks\IntSemTest.obj
                                  0000d25c  0000d287        2c
  _xErrorDetected
                                  0000d25c         4   data ,l         6
  _ulMasterLoops
                                  0000d260         4   data ,l         2
  _ulCountingSemaphoreLoops
                                  0000d264         4   data ,l         2
  _xISRMutex
                                  0000d268         4   data ,l         3
  _xISRCountingSemaphore
                                  0000d26c         4   data ,l         3
  _xMasterSlaveMutex
                                  0000d270         4   data ,l         3
  _xOkToGiveMutex
                                  0000d274         4   data ,l         2
  _xOkToGiveCountingSemaphore
                                  0000d278         4   data ,l         2
  _xLastGiveTime$1
                                  0000d27c         4   data ,l         1
  _ulLastMasterLoopCounter$2
                                  0000d280         4   data ,l         1
  _ulLastCountingSemaphoreLoops$3
                                  0000d284         4   data ,l         1
FILE=.\src\FreeRTOS_Demo\Full_Demo\Standard_Demo_Tasks\QueueOverwrite.obj
                                  0000d288  0000d297        10
  _ulLoopCounter
                                  0000d288         4   data ,l         3
  _xISRTestStatus
                                  0000d28c         4   data ,l         2
  _xISRQueue
                                  0000d290         4   data ,l         2
  _ulCallCount$1
                                  0000d294         4   data ,l         1
FILE=.\src\FreeRTOS_Demo\Full_Demo\Standard_Demo_Tasks\TaskNotify.obj
                                  0000d298  0000d2c3        2c
  _xErrorStatus
                                  0000d298         4   data ,l         5
  _ulNotifyCycleCount
                                  0000d29c         4   data ,l         2
  _xTaskToNotify
                                  0000d2a0         4   data ,l         5
  _ulTimerNotificationsReceived
                                  0000d2a4         4   data ,l         2
  _ulTimerNotificationsSent
                                  0000d2a8         4   data ,l         3
  _xTimer
                                  0000d2ac         4   data ,l         3
  _uxNextRand
                                  0000d2b0         4   data ,l         3
  _ulCallCount$1
                                  0000d2b4         4   data ,l         1
  _xCallCount$2
                                  0000d2b8         4   data ,l         1
  _xAPIToUse$3
                                  0000d2bc         4   data ,l         1
  _ulLastNotifyCycleCount$4
                                  0000d2c0         4   data ,l         1
FILE=.\src\FreeRTOS_Demo\Full_Demo\Standard_Demo_Tasks\TaskNotifyArray.obj
                                  0000d2c4  0000d303        40
  _ulFineCycleCount
                                  0000d2c4         4   data ,l         6
  _ulCourseCycleCounter
                                  0000d2c8         4   data ,l         3
  _xTaskToNotify
                                  0000d2cc         4   data ,l         5
  _xIncrementingIndexTimer
                                  0000d2d0         4   data ,l         3
  _xNotifyWhileSuspendedTimer
                                  0000d2d4         4   data ,l         3
  _uxNextRand
                                  0000d2d8         4   data ,l         2
  _xSendNotificationFromISR
                                  0000d2dc         4   data ,l         4
  _ulCallCount$1
                                  0000d2e0         4   data ,l         1
  _uxIndexToNotify$2
                                  0000d2e4         4   data ,l         1
  _uxIndexToNotify$3
                                  0000d2e8         4   data ,l         1
  _xAPIToUse$4
                                  0000d2ec         4   data ,l         1
  _uxIndexToNotify$5
                                  0000d2f0         4   data ,l         4
  _ulLastFineCycleCount$6
                                  0000d2f4         4   data ,l         1
  _ulLastCourseCycleCount$7
                                  0000d2f8         4   data ,l         1
  _ulCallCount$8
                                  0000d2fc         4   data ,l         1
  _xErrorStatus$9
                                  0000d300         4   data ,l         3
FILE=.\src\FreeRTOS_Demo\Full_Demo\Standard_Demo_Tasks\TimerDemo.obj
                                  0000d304  0000d343        40
  _xTestStatus
                                  0000d304         4   data ,l        1d
  _ulLoopCounter
                                  0000d308         4   data ,l         7
  _xAutoReloadTimers
                                  0000d30c        18   data ,l         8
  _xOneShotTimer
                                  0000d324         4   data ,l         1
  _xISRAutoReloadTimer
                                  0000d328         4   data ,l         3
  _xISROneShotTimer
                                  0000d32c         4   data ,l         4
  _xBasePeriod
                                  0000d330         4   data ,l         5
  _ulLastLoopCounter$1
                                  0000d334         4   data ,l         1
  _xIterationsWithoutCounterIncrement$2
                                  0000d338         4   data ,l         3
  _uxTick$4
                                  0000d33c         4   data ,l         1
  _uxCallCount$5
                                  0000d340         4   data ,l         1
FILE=.\src\FreeRTOS_Demo\Full_Demo\Standard_Demo_Tasks\blocktim.obj
                                  0000d344  0000d357        14
  _xPrimaryCycles
                                  0000d344         4   data ,l         3
  _xSecondaryCycles
                                  0000d348         4   data ,l         2
  _xErrorOccurred
                                  0000d34c         4   data ,l         3
  _xLastPrimaryCycleCount$1
                                  0000d350         4   data ,l         1
  _xLastSecondaryCycleCount$2
                                  0000d354         4   data ,l         1
FILE=.\src\FreeRTOS_Demo\Full_Demo\Standard_Demo_Tasks\countsem.obj
                                  0000d358  0000d363         c
  _xErrorDetected
                                  0000d358         4   data ,l         6
  _uxLastCount0$1
                                  0000d35c         4   data ,l         1
  _uxLastCount1$2
                                  0000d360         4   data ,l         1
FILE=.\src\FreeRTOS_Demo\Full_Demo\Standard_Demo_Tasks\death.obj
                                  0000d364  0000d367         4
  _uxTasksRunningAtStart
                                  0000d364         4   data ,l         2
FILE=.\src\FreeRTOS_Demo\Full_Demo\Standard_Demo_Tasks\dynamic.obj
                                  0000d368  0000d37b        14
  _xSuspendedQueueSendError
                                  0000d368         4   data ,l         2
  _xSuspendedQueueReceiveError
                                  0000d36c         4   data ,l         2
  _ulExpectedValue
                                  0000d370         4   data ,l         2
  _ulValueToSend$1
                                  0000d374         4   data ,l         1
  _ulLastExpectedValue$3
                                  0000d378         4   data ,l         1
FILE=.\src\FreeRTOS_Demo\Full_Demo\Standard_Demo_Tasks\recmutex.obj
                                  0000d37c  0000d39f        24
  _xErrorOccurred
                                  0000d37c         4   data ,l         7
  _xControllingIsSuspended
                                  0000d380         4   data ,l         3
  _xBlockingIsSuspended
                                  0000d384         4   data ,l         2
  _uxControllingCycles
                                  0000d388         4   data ,l         3
  _uxBlockingCycles
                                  0000d38c         4   data ,l         2
  _uxPollingCycles
                                  0000d390         4   data ,l         2
  _uxLastControllingCycles$1
                                  0000d394         4   data ,l         1
  _uxLastBlockingCycles$2
                                  0000d398         4   data ,l         1
  _uxLastPollingCycles$3
                                  0000d39c         4   data ,l         1
FILE=.\src\FreeRTOS_Demo\Full_Demo\UARTCommandConsole.obj
                                  0000d3a0  0000d3a3         4
  _xTxMutex
                                  0000d3a0         4   data ,l         2
FILE=.\src\FreeRTOS_Demo\Full_Demo\main_full.obj
                                  0000d3a4  0000d3ab         8
  _ulRegTest1LoopCounter
                                  0000d3a4         4   data ,g         2
  _ulRegTest2LoopCounter
                                  0000d3a8         4   data ,g         2
FILE=.\src\FreeRTOS_Demo\Full_Demo\serial.obj
                                  0000d3ac  0000d3b3         8
  _xRxQueue
                                  0000d3ac         4   data ,l         3
  _xSendingTask
                                  0000d3b0         4   data ,l         2
FILE=.\src\smc_gen\r_sci_rx\src\targets\rx72n\r_sci_rx72n_data.obj
                                  0000d3b4  0000d3f3        40
  _ch2_ctrl
                                  0000d3b4        20   data ,g         5
  _ch9_ctrl
                                  0000d3d4        20   data ,g         5
FILE=xfiles
                                  0000d3f4  0000d4cb        d8
  __Stdin
                                  0000d3f4        48   data ,g         8
  __Stdout
                                  0000d43c        48   data ,g         8
  __Stderr
                                  0000d484        48   data ,g         4
FILE=xctype
                                  0000d4cc  0000d4cf         4
  __Ctype
                                  0000d4cc         4   data ,g         1
FILE=xstate
                                  0000d4d0  0000d517        48
  __Tls_setup__Mbcurmax
                                  0000d4d0         4   data ,g         1
  __Mbstate
                                  0000d4d4        40   data ,g         1
  __Tls_setup__Mbstate
                                  0000d514         4   data ,g         1
FILE=localeco
                                  0000d518  0000d567        50
  __Locale
                                  0000d518        50   data ,g         1
FILE=xwcstate
                                  0000d568  0000d5ab        44
  __Wcstate
                                  0000d568        40   data ,g         1
  __Tls_setup__Wcstate
                                  0000d5a8         4   data ,g         1
FILE=xvalues
                                  0000d5ac  0000d5bb        10
  __Inf
                                  0000d5ac        10   data ,g         1

SECTION=R_8
FILE=xvalues
                                  0000d5c0  0000d5c7         8
  __Xbig
                                  0000d5c0         8   data ,g         0

SECTION=SI
FILE=.\src\smc_workaround\r_bsp_patch\resetprg.obj
                                  0000d5c8  0000d9c7       400

SECTION=$ADDR_C_FE7F5D00
FILE=.\src\smc_gen\r_bsp\mcu\rx72n\vecttbl.obj
                                  fe7f5d00  fe7f5d0b         c
  ___MDEreg
                                  fe7f5d00         4   data ,g         0
  ___OFS0reg
                                  fe7f5d04         4   data ,g         0
  ___OFS1reg
                                  fe7f5d08         4   data ,g         0

SECTION=$ADDR_C_FE7F5D10
FILE=.\src\smc_gen\r_bsp\mcu\rx72n\vecttbl.obj
                                  fe7f5d10  fe7f5d13         4
  ___TMINFreg
                                  fe7f5d10         4   data ,g         0

SECTION=$ADDR_C_FE7F5D20
FILE=.\src\smc_gen\r_bsp\mcu\rx72n\vecttbl.obj
                                  fe7f5d20  fe7f5d23         4
  ___BANKSELreg
                                  fe7f5d20         4   data ,g         0

SECTION=$ADDR_C_FE7F5D40
FILE=.\src\smc_gen\r_bsp\mcu\rx72n\vecttbl.obj
                                  fe7f5d40  fe7f5d43         4
  ___SPCCreg
                                  fe7f5d40         4   data ,g         0

SECTION=$ADDR_C_FE7F5D48
FILE=.\src\smc_gen\r_bsp\mcu\rx72n\vecttbl.obj
                                  fe7f5d48  fe7f5d4b         4
  ___TMEFreg
                                  fe7f5d48         4   data ,g         0

SECTION=$ADDR_C_FE7F5D50
FILE=.\src\smc_gen\r_bsp\mcu\rx72n\vecttbl.obj
                                  fe7f5d50  fe7f5d5f        10
  ___OSIS1reg
                                  fe7f5d50         4   data ,g         0
  ___OSIS2reg
                                  fe7f5d54         4   data ,g         0
  ___OSIS3reg
                                  fe7f5d58         4   data ,g         0
  ___OSIS4reg
                                  fe7f5d5c         4   data ,g         0

SECTION=$ADDR_C_FE7F5D64
FILE=.\src\smc_gen\r_bsp\mcu\rx72n\vecttbl.obj
                                  fe7f5d64  fe7f5d67         4
  ___FAWreg
                                  fe7f5d64         4   data ,g         0

SECTION=$ADDR_C_FE7F5D70
FILE=.\src\smc_gen\r_bsp\mcu\rx72n\vecttbl.obj
                                  fe7f5d70  fe7f5d73         4
  ___ROMCODEreg
                                  fe7f5d70         4   data ,g         0

SECTION=PResetPRG
FILE=.\src\smc_workaround\r_bsp_patch\resetprg.obj
                                  ffc00000  ffc00079        7a
  _PowerON_Reset_PC
                                  ffc00000        7a   entry,g         1  ch

SECTION=C_1
FILE=.\src\smc_gen\r_gpio_rx\src\targets\rx72n\r_gpio_rx72n.obj
                                  ffc0007a  ffc00091        18
  _g_gpio_open_drain_n_support
                                  ffc0007a        18   data ,g         0
FILE=xprintf
                                  ffc00092  ffc0009b         a
  _fchar$1
                                  ffc00092         a   data ,l         1
FILE=xputtxt
                                  ffc0009c  ffc00140        a5
  _spaces
                                  ffc0009c        21   data ,l         2
  _zeroes
                                  ffc000bd        21   data ,l         3
  _asterisk
                                  ffc000de        21   data ,l         1
  _plus
                                  ffc000ff        21   data ,l         1
  _minus
                                  ffc00120        21   data ,l         1
FILE=xlitob
                                  ffc00141  ffc00162        22
  _ldigs
                                  ffc00141        11   data ,l         1
  _udigs
                                  ffc00152        11   data ,l         1
FILE=localeco
                                  ffc00163  ffc00163         1
  _null
                                  ffc00163         1   data ,l         d

SECTION=C_2
FILE=.\src\smc_gen\r_bsp\mcu\all\r_bsp_cpu.obj
                                  ffc00164  ffc00169         6
  _s_prcr_masks
                                  ffc00164         6   data ,l         2
FILE=.\src\smc_gen\r_sci_rx\src\targets\rx72n\r_sci_rx72n_data.obj
                                  ffc0016a  ffc0019f        36
  _async_baud
                                  ffc0016a        36   data ,g         3
FILE=xctype
                                  ffc001a0  ffc003a1       202
  _ctyp_tab
                                  ffc001a0       202   data ,l         1

SECTION=C
FILE=.\src\FreeRTOS\Source\tasks.obj
                                  ffc003a4  ffc003a7         4
  _uxTopUsedPriority
                                  ffc003a4         4   data ,g         1
FILE=.\src\FreeRTOS_Demo\Full_Demo\FreeRTOS-Plus-CLI\FreeRTOS_CLI.obj
                                  ffc003a8  ffc003b7        10
  _xHelpCommand
                                  ffc003a8        10   data ,l         1
FILE=.\src\FreeRTOS_Demo\Full_Demo\Sample-CLI-commands.obj
                                  ffc003b8  ffc003f7        40
  _xTaskStats
                                  ffc003b8        10   data ,l         1
  _xThreeParameterEcho
                                  ffc003c8        10   data ,l         1
  _xParameterEcho
                                  ffc003d8        10   data ,l         1
  _xQueryHeap
                                  ffc003e8        10   data ,l         1
FILE=.\src\smc_gen\r_sci_rx\src\targets\rx72n\r_sci_rx72n_data.obj
                                  ffc003f8  ffc004b3        bc
  _ch2_rom
                                  ffc003f8        44   data ,g         1
  _ch9_rom
                                  ffc0043c        44   data ,g         1
  _g_handles
                                  ffc00480        34   data ,g         2
FILE=.\src\smc_workaround\r_dtc_rx_patch\r_dtc_rx_target.obj
                                  ffc004b4  ffc007e3       330
  _g_source_array
                                  ffc004b4       330   data ,g         1
FILE=_nfiles
                                  ffc007e4  ffc007e7         4
  __nfiles
                                  ffc007e4         4   data ,g         3
FILE=xfoprep
                                  ffc007e8  ffc0082f        48
  _init$1
                                  ffc007e8        48   data ,l         1
FILE=xprintf
                                  ffc00830  ffc00847        18
  _fbit$2
                                  ffc00830        18   data ,l         1
FILE=xfopen
                                  ffc00848  ffc00857        10
  _rwacc$1
                                  ffc00848        10   data ,l         1

SECTION=C_8
FILE=xldtob
                                  ffc00858  ffc0089f        48
  _pows
                                  ffc00858        48   data ,l         2

SECTION=C$DSEC
FILE=.\src\smc_gen\r_bsp\mcu\all\dbsct.obj
                                  ffc008a0  ffc008cf        30
  __DTBL
                                  ffc008a0        30   data ,g         0

SECTION=C$BSEC
FILE=.\src\smc_gen\r_bsp\mcu\all\dbsct.obj
                                  ffc008d0  ffc008ef        20
  __BTBL
                                  ffc008d0        20   data ,g         0

SECTION=C$VECT
FILE=.\src\smc_workaround\r_bsp_patch\resetprg.obj
                                  ffc008f0  ffc00cef       400

SECTION=D_1
FILE=.\src\FreeRTOS_Demo\Full_Demo\Standard_Demo_Tasks\IntQueue.obj
                                  ffc00cf0  ffc00e7f       190
FILE=.\src\FreeRTOS_Demo\Full_Demo\Standard_Demo_Tasks\TimerDemo.obj
                                  ffc00e80  ffc00e88         9
FILE=.\src\smc_gen\r_byteq\src\r_byteq.obj
                                  ffc00e89  ffc00e89         1
FILE=.\src\smc_workaround\r_dtc_rx_patch\r_dtc_rx.obj
                                  ffc00e8a  ffc00e8a         1
FILE=xfiles
                                  ffc00e8b  ffc00eda        50
FILE=xstate
                                  ffc00edb  ffc00edb         1

SECTION=D_2
FILE=.\src\FreeRTOS_Demo\Full_Demo\Standard_Demo_Tasks\BlockQ.obj
                                  ffc00edc  ffc00ef3        18
FILE=.\src\FreeRTOS_Demo\Full_Demo\Standard_Demo_Tasks\death.obj
                                  ffc00ef4  ffc00ef7         4
FILE=.\src\FreeRTOS_Demo\Full_Demo\Standard_Demo_Tasks\dynamic.obj
                                  ffc00ef8  ffc00efb         4
FILE=.\src\FreeRTOS_Demo\Full_Demo\Standard_Demo_Tasks\flop.obj
                                  ffc00efc  ffc00f03         8
FILE=.\src\FreeRTOS_Demo\Full_Demo\Standard_Demo_Tasks\semtest.obj
                                  ffc00f04  ffc00f15        12

SECTION=D
FILE=.\src\FreeRTOS\Source\portable\MemMang\heap_4.obj
                                  ffc00f18  ffc00f2f        18
FILE=.\src\FreeRTOS\Source\portable\Renesas\RX\port.obj
                                  ffc00f30  ffc00f33         4
FILE=.\src\FreeRTOS\Source\tasks.obj
                                  ffc00f34  ffc00f67        34
FILE=.\src\FreeRTOS\Source\timers.obj
                                  ffc00f68  ffc00f73         c
FILE=.\src\FreeRTOS_Demo\Full_Demo\FreeRTOS-Plus-CLI\FreeRTOS_CLI.obj
                                  ffc00f74  ffc00f87        14
FILE=.\src\FreeRTOS_Demo\Full_Demo\Sample-CLI-commands.obj
                                  ffc00f88  ffc00f8f         8
FILE=.\src\FreeRTOS_Demo\Full_Demo\Standard_Demo_Tasks\EventGroupsDemo.obj
                                  ffc00f90  ffc00fbf        30
FILE=.\src\FreeRTOS_Demo\Full_Demo\Standard_Demo_Tasks\GenQTest.obj
                                  ffc00fc0  ffc00fdb        1c
FILE=.\src\FreeRTOS_Demo\Full_Demo\Standard_Demo_Tasks\IntQueue.obj
                                  ffc00fdc  ffc01017        3c
FILE=.\src\FreeRTOS_Demo\Full_Demo\Standard_Demo_Tasks\IntSemTest.obj
                                  ffc01018  ffc01043        2c
FILE=.\src\FreeRTOS_Demo\Full_Demo\Standard_Demo_Tasks\QueueOverwrite.obj
                                  ffc01044  ffc01053        10
FILE=.\src\FreeRTOS_Demo\Full_Demo\Standard_Demo_Tasks\TaskNotify.obj
                                  ffc01054  ffc0107f        2c
FILE=.\src\FreeRTOS_Demo\Full_Demo\Standard_Demo_Tasks\TaskNotifyArray.obj
                                  ffc01080  ffc010bf        40
FILE=.\src\FreeRTOS_Demo\Full_Demo\Standard_Demo_Tasks\TimerDemo.obj
                                  ffc010c0  ffc010ff        40
FILE=.\src\FreeRTOS_Demo\Full_Demo\Standard_Demo_Tasks\blocktim.obj
                                  ffc01100  ffc01113        14
FILE=.\src\FreeRTOS_Demo\Full_Demo\Standard_Demo_Tasks\countsem.obj
                                  ffc01114  ffc0111f         c
FILE=.\src\FreeRTOS_Demo\Full_Demo\Standard_Demo_Tasks\death.obj
                                  ffc01120  ffc01123         4
FILE=.\src\FreeRTOS_Demo\Full_Demo\Standard_Demo_Tasks\dynamic.obj
                                  ffc01124  ffc01137        14
FILE=.\src\FreeRTOS_Demo\Full_Demo\Standard_Demo_Tasks\recmutex.obj
                                  ffc01138  ffc0115b        24
FILE=.\src\FreeRTOS_Demo\Full_Demo\UARTCommandConsole.obj
                                  ffc0115c  ffc0115f         4
FILE=.\src\FreeRTOS_Demo\Full_Demo\main_full.obj
                                  ffc01160  ffc01167         8
FILE=.\src\FreeRTOS_Demo\Full_Demo\serial.obj
                                  ffc01168  ffc0116f         8
FILE=.\src\smc_gen\r_sci_rx\src\targets\rx72n\r_sci_rx72n_data.obj
                                  ffc01170  ffc011af        40
FILE=xfiles
                                  ffc011b0  ffc01287        d8
FILE=xctype
                                  ffc01288  ffc0128b         4
FILE=xstate
                                  ffc0128c  ffc012d3        48
FILE=localeco
                                  ffc012d4  ffc01323        50
FILE=xwcstate
                                  ffc01324  ffc01367        44
FILE=xvalues
                                  ffc01368  ffc01377        10

SECTION=D_8
FILE=xvalues
                                  ffc01378  ffc0137f         8

SECTION=W_1
FILE=.\src\smc_gen\r_bsp\mcu\all\r_bsp_cpu.obj
                                  ffc01380  ffc0138f        10

SECTION=W_2
FILE=.\src\FreeRTOS\Source\timers.obj
                                  ffc01390  ffc013a3        14
FILE=.\src\smc_gen\r_bsp\mcu\all\r_bsp_interrupts.obj
                                  ffc013a4  ffc013b1         e
FILE=.\src\smc_gen\r_bsp\mcu\all\r_bsp_software_interrupt.obj
                                  ffc013b2  ffc013cb        1a
FILE=.\src\smc_gen\r_sci_rx\src\targets\rx72n\r_sci_rx72n.obj
                                  ffc013cc  ffc013dd        12
FILE=.\src\smc_workaround\r_dtc_rx_patch\r_dtc_rx.obj
                                  ffc013de  ffc013f5        18
FILE=xputfld
                                  ffc013f6  ffc014cf        da

SECTION=L
FILE=.\src\FreeRTOS\Source\tasks.obj
                                  ffc014d0  ffc014e3        14
FILE=.\src\FreeRTOS\Source\timers.obj
                                  ffc014e4  ffc014eb         8
FILE=.\src\FreeRTOS_Demo\Blinky_Demo\main_blinky.obj
                                  ffc014ec  ffc01515        2a
FILE=.\src\FreeRTOS_Demo\Full_Demo\FreeRTOS-Plus-CLI\FreeRTOS_CLI.obj
                                  ffc01518  ffc015f4        dd
FILE=.\src\FreeRTOS_Demo\Full_Demo\Sample-CLI-commands.obj
                                  ffc015f8  ffc01856       25f
FILE=.\src\FreeRTOS_Demo\Full_Demo\Standard_Demo_Tasks\BlockQ.obj
                                  ffc01858  ffc01887        30
FILE=.\src\FreeRTOS_Demo\Full_Demo\Standard_Demo_Tasks\EventGroupsDemo.obj
                                  ffc01888  ffc01897        10
FILE=.\src\FreeRTOS_Demo\Full_Demo\Standard_Demo_Tasks\GenQTest.obj
                                  ffc01898  ffc018af        18
FILE=.\src\FreeRTOS_Demo\Full_Demo\Standard_Demo_Tasks\IntQueue.obj
                                  ffc018b0  ffc018d3        24
FILE=.\src\FreeRTOS_Demo\Full_Demo\Standard_Demo_Tasks\IntSemTest.obj
                                  ffc018d4  ffc018e8        15
FILE=.\src\FreeRTOS_Demo\Full_Demo\Standard_Demo_Tasks\QueueOverwrite.obj
                                  ffc018ec  ffc018f1         6
FILE=.\src\FreeRTOS_Demo\Full_Demo\Standard_Demo_Tasks\TaskNotify.obj
                                  ffc018f4  ffc01912        1f
FILE=.\src\FreeRTOS_Demo\Full_Demo\Standard_Demo_Tasks\TaskNotifyArray.obj
                                  ffc01914  ffc01936        23
FILE=.\src\FreeRTOS_Demo\Full_Demo\Standard_Demo_Tasks\TimerDemo.obj
                                  ffc01938  ffc01964        2d
FILE=.\src\FreeRTOS_Demo\Full_Demo\Standard_Demo_Tasks\blocktim.obj
                                  ffc01968  ffc01975         e
FILE=.\src\FreeRTOS_Demo\Full_Demo\Standard_Demo_Tasks\countsem.obj
                                  ffc01978  ffc01981         a
FILE=.\src\FreeRTOS_Demo\Full_Demo\Standard_Demo_Tasks\death.obj
                                  ffc01984  ffc0199b        18
FILE=.\src\FreeRTOS_Demo\Full_Demo\Standard_Demo_Tasks\dynamic.obj
                                  ffc0199c  ffc019c2        27
FILE=.\src\FreeRTOS_Demo\Full_Demo\Standard_Demo_Tasks\flop.obj
                                  ffc019c4  ffc019db        18
FILE=.\src\FreeRTOS_Demo\Full_Demo\Standard_Demo_Tasks\recmutex.obj
                                  ffc019dc  ffc019ea         f
FILE=.\src\FreeRTOS_Demo\Full_Demo\Standard_Demo_Tasks\semtest.obj
                                  ffc019ec  ffc01a0b        20
FILE=.\src\FreeRTOS_Demo\Full_Demo\UARTCommandConsole.obj
                                  ffc01a0c  ffc01a9b        90
FILE=.\src\FreeRTOS_Demo\Full_Demo\main_full.obj
                                  ffc01a9c  ffc01d20       285
FILE=.\src\frtos_startup\freertos_start.obj
                                  ffc01d24  ffc01d65        42
FILE=.\src\smc_gen\r_bsp\mcu\all\lowsrc.obj
                                  ffc01d68  ffc01da9        42
FILE=xprintf
                                  ffc01dac  ffc01db2         7
FILE=xldtob
                                  ffc01db4  ffc01dd5        22
FILE=xgenld
                                  ffc01dd8  ffc01dd9         2
FILE=localeco
                                  ffc01ddc  ffc01de8         d

SECTION=P
FILE=.\src\FreeRTOS\Source\portable\Renesas\RX\port_asm.obj
                                  ffc01de9  ffc01deb         3
  _vSoftwareInterruptEntry
                                  ffc01de9         0   none ,g         1
FILE=.\src\FreeRTOS\Source\event_groups.obj
                                  ffc01dec  ffc02116       32b
  _xEventGroupCreate
                                  ffc01dec        1f   func ,g         3  ch
  _xEventGroupSync
                                  ffc01e0b       118   func ,g         8  ch
  _xEventGroupWaitBits
                                  ffc01f23        e2   func ,g         9  ch
  _xEventGroupClearBits
                                  ffc02005        2b   func ,g         a  ch
  _xEventGroupClearBitsFromISR
                                  ffc02030        10   func ,g         1  ch
  _xEventGroupGetBitsFromISR
                                  ffc02040        17   func ,g         2
  _xEventGroupSetBits
                                  ffc02057        6e   func ,g         a  ch
  _vEventGroupDelete
                                  ffc020c5        3a   func ,g         2  ch
  _vEventGroupSetBitsCallback
                                  ffc020ff         3   func ,g         1
  _vEventGroupClearBitsCallback
                                  ffc02102         3   func ,g         1
  _xEventGroupSetBitsFromISR
                                  ffc02105        12   func ,g         1  ch
FILE=.\src\FreeRTOS\Source\list.obj
                                  ffc02117  ffc02192        7c
  _vListInitialise
                                  ffc02117        11   func ,g         f
  _vListInitialiseItem
                                  ffc02128         4   func ,g         3
  _vListInsertEnd
                                  ffc0212c        17   func ,g        16
  _vListInsert
                                  ffc02143        2e   func ,g        13
  _uxListRemove
                                  ffc02171        22   func ,g        21
FILE=.\src\FreeRTOS\Source\portable\MemMang\heap_4.obj
                                  ffc02193  ffc023e2       250
  _pvPortMalloc
                                  ffc02193       19d   func ,g        14  ch
  _vPortFree
                                  ffc02330        a3   func ,g         9  ch
  _xPortGetFreeHeapSize
                                  ffc023d3         8   func ,g         2  ch
  _xPortGetMinimumEverFreeHeapSize
                                  ffc023db         8   func ,g         1  ch
FILE=.\src\FreeRTOS\Source\portable\Renesas\RX\port.obj
                                  ffc023e3  ffc02626       244
  _pxPortInitialiseStack
                                  ffc023e3        57   func ,g         1
  _vPortTaskUsesDPFPU
                                  ffc0243a         9   func ,g         6  ch
  _xPortStartScheduler
                                  ffc02443       112   func ,g         1  ch
  _vSoftwareInterruptISR
                                  ffc02555        ab   func ,g         1  ch
  _vTickISR
                                  ffc02600        27   func ,g         0  ch
FILE=.\src\FreeRTOS\Source\queue.obj
                                  ffc02627  ffc037f0      11ca
  _xQueueGenericReset
                                  ffc02627        6c   func ,g         2  ch
  _xQueueGenericCreate
                                  ffc02693        81   func ,g        11  ch
  _xQueueCreateMutex
                                  ffc02714        2d   func ,g         6
  _xQueueGiveMutexRecursive
                                  ffc02741        30   func ,g         5  ch
  _xQueueTakeMutexRecursive
                                  ffc02771        3f   func ,g         3  ch
  _xQueueCreateCountingSemaphore
                                  ffc027b0        28   func ,g         3
  _xQueueGenericSend
                                  ffc027d8       31c   func ,g        35  ch
  _xQueueGenericSendFromISR
                                  ffc02af4       1be   func ,g         d  ch
  _xQueueGiveFromISR
                                  ffc02cb2       132   func ,g         3  ch
  _xQueueReceive
                                  ffc02de4       21b   func ,g        13  ch
  _xQueueSemaphoreTake
                                  ffc02fff       333   func ,g        19  ch
  _xQueuePeek
                                  ffc03332       21a   func ,g         2  ch
  _xQueueReceiveFromISR
                                  ffc0354c        a7   func ,g         7  ch
  _xQueuePeekFromISR
                                  ffc035f3        71   func ,g         1
  _uxQueueMessagesWaiting
                                  ffc03664        17   func ,g        13  ch
  _uxQueueSpacesAvailable
                                  ffc0367b        1b   func ,g         1  ch
  _prvUnlockQueue
                                  ffc03696       109   func ,l         8  ch
  _xQueueIsQueueFullFromISR
                                  ffc0379f        16   func ,g         8
  _vQueueWaitForMessageRestricted
                                  ffc037b5        3c   func ,g         1  ch
FILE=.\src\FreeRTOS\Source\tasks.obj
                                  ffc037f1  ffc055d5      1de5
  _xTaskCreate
                                  ffc037f1       230   func ,g        39  ch
  _vTaskDelete
                                  ffc03a21        f9   func ,g         4  ch
  _xTaskDelayUntil
                                  ffc03b1a        ad   func ,g         7  ch
  _vTaskDelay
                                  ffc03bc7        7c   func ,g        20  ch
  _eTaskGetState
                                  ffc03c43        de   func ,g        36  ch
  _uxTaskPriorityGet
                                  ffc03d21        42   func ,g        1a  ch
  _vTaskPrioritySet
                                  ffc03d63        f9   func ,g        1a  ch
  _vTaskSuspend
                                  ffc03e5c       1f2   func ,g        1a  ch
  _vTaskResume
                                  ffc0404e        c2   func ,g        1f  ch
  _vTaskStartScheduler
                                  ffc04110        64   func ,g         2  ch
  _vTaskSuspendAll
                                  ffc04174         c   func ,g        10  ch
  _xTaskResumeAll
                                  ffc04180       240   func ,g        21  ch
  _xTaskGetTickCount
                                  ffc043c0         8   func ,g        27  ch
  _xTaskGetTickCountFromISR
                                  ffc043c8        17   func ,g         3  ch
  _uxTaskGetNumberOfTasks
                                  ffc043df         8   func ,g         2  ch
  _xTaskIncrementTick
                                  ffc043e7       127   func ,g         1  ch
  _vTaskSwitchContext
                                  ffc0450e        ac   func ,g         2  ch
  _vTaskPlaceOnEventList
                                  ffc045ba        23   func ,g         4  ch
  _vTaskPlaceOnUnorderedEventList
                                  ffc045dd        89   func ,g         2  ch
  _vTaskPlaceOnEventListRestricted
                                  ffc04666        2a   func ,g         1  ch
  _xTaskRemoveFromEventList
                                  ffc04690        6c   func ,g        1d  ch
  _vTaskRemoveFromUnorderedEventList
                                  ffc046fc        65   func ,g         3  ch
  _vTaskInternalSetTimeOutState
                                  ffc04761        12   func ,g         4  ch
  _xTaskCheckForTimeOut
                                  ffc04773        a2   func ,g         4  ch
  _vTaskMissedYield
                                  ffc04815         9   func ,g         c  ch
  _prvIdleTask
                                  ffc0481e        a4   func ,l         1  ch
  _vTaskGetInfo
                                  ffc048c2       174   func ,g         3  ch
  _prvListTasksWithinSingleList
                                  ffc04a36        56   func ,l         3
  _xTaskGetCurrentTaskHandle
                                  ffc04a8c         8   func ,g         4  ch
  _xTaskGetSchedulerState
                                  ffc04a94        1c   func ,g         b  ch
  _xTaskPriorityInherit
                                  ffc04ab0        85   func ,g         1  ch
  _xTaskPriorityDisinherit
                                  ffc04b35        67   func ,g         b  ch
  _vTaskPriorityDisinheritAfterTimeout
                                  ffc04b9c        79   func ,g         1  ch
  _vTaskEnterCritical
                                  ffc04c15        2b   func ,g        45  ch
  _vTaskExitCritical
                                  ffc04c40        2b   func ,g        49  ch
  _vTaskList
                                  ffc04c6b       25f   func ,g         1  ch
  _uxTaskResetEventItemValue
                                  ffc04eca        16   func ,g         2  ch
  _pvTaskIncrementMutexHeldCount
                                  ffc04ee0        15   func ,g         1  ch
  _ulTaskGenericNotifyTake
                                  ffc04ef5       149   func ,g         8  ch
  _xTaskGenericNotifyWait
                                  ffc0503e       162   func ,g        2e  ch
  _xTaskGenericNotify
                                  ffc051a0       125   func ,g        2a  ch
  _xTaskGenericNotifyFromISR
                                  ffc052c5       111   func ,g         4  ch
  _vTaskGenericNotifyGiveFromISR
                                  ffc053d6        b6   func ,g         3  ch
  _xTaskGenericNotifyStateClear
                                  ffc0548c        7a   func ,g        12  ch
  _ulTaskGenericNotifyValueClear
                                  ffc05506        69   func ,g        15  ch
  _prvAddCurrentTaskToDelayedList
                                  ffc0556f        67   func ,l         2  ch
FILE=.\src\FreeRTOS\Source\timers.obj
                                  ffc055d6  ffc05b22       54d
  _xTimerCreateTimerTask
                                  ffc055d6        7a   func ,g         1  ch
  _xTimerCreate
                                  ffc05650        8a   func ,g         9  ch
  _xTimerGenericCommand
                                  ffc056da        60   func ,g        15  ch
  _vTimerSetReloadMode
                                  ffc0573a        19   func ,g         2  ch
  _uxTimerGetReloadMode
                                  ffc05753        1a   func ,g         2  ch
  _pcTimerGetName
                                  ffc0576d         e   func ,g         1  ch
  _prvTimerTask
                                  ffc0577b       344   func ,l         1  ch
  _xTimerIsTimerActive
                                  ffc05abf        19   func ,g        10  ch
  _pvTimerGetTimerID
                                  ffc05ad8        16   func ,g         2  ch
  _vTimerSetTimerID
                                  ffc05aee        15   func ,g         1  ch
  _xTimerPendFunctionCallFromISR
                                  ffc05b03        20   func ,g         2  ch
FILE=.\src\FreeRTOS_Demo\Full_Demo\FreeRTOS-Plus-CLI\FreeRTOS_CLI.obj
                                  ffc05b23  ffc05cfe       1dc
  _FreeRTOS_CLIRegisterCommand
                                  ffc05b23        35   func ,g         4  ch
  _FreeRTOS_CLIProcessCommand
                                  ffc05b58        f4   func ,g         1  ch
  _FreeRTOS_CLIGetOutputBuffer
                                  ffc05c4c         6   func ,g         1  ch
  _FreeRTOS_CLIGetParameter
                                  ffc05c52        78   func ,g         2
  _prvHelpCommand
                                  ffc05cca        35   func ,l         1  ch
FILE=.\src\FreeRTOS_Demo\Full_Demo\IntQueueTimer.obj
                                  ffc05cff  ffc05e0f       111
  _vInitialiseTimerForIntQueueTest
                                  ffc05cff        cd   func ,g         1  ch
  _prvIntQTimer_0_1_ISR
                                  ffc05dcc        22   func ,l         0  ch
  _prvIntQTimer_2_3_ISR
                                  ffc05dee        22   func ,l         0  ch
FILE=.\src\FreeRTOS_Demo\Full_Demo\Sample-CLI-commands.obj
                                  ffc05e10  ffc060a8       299
  _vRegisterSampleCLICommands
                                  ffc05e10        20   func ,g         1  ch
  _prvTaskStatsCommand
                                  ffc05e30        b2   func ,l         1  ch
  _prvQueryHeapCommand
                                  ffc05ee2        2b   func ,l         1  ch
  _prvThreeParameterEchoCommand
                                  ffc05f0d        cf   func ,l         1  ch
  _prvParameterEchoCommand
                                  ffc05fdc        cd   func ,l         1  ch
FILE=.\src\FreeRTOS_Demo\Full_Demo\Standard_Demo_Tasks\BlockQ.obj
                                  ffc060a9  ffc062e5       23d
  _vStartBlockingQueueTasks
                                  ffc060a9       151   func ,g         1  ch
  _vBlockingQueueProducer
                                  ffc061fa        3b   func ,l         2  ch
  _vBlockingQueueConsumer
                                  ffc06235        39   func ,l         1  ch
  _xAreBlockingQueuesStillRunning
                                  ffc0626e        78   func ,g         1  ch
FILE=.\src\FreeRTOS_Demo\Full_Demo\Standard_Demo_Tasks\EventGroupsDemo.obj
                                  ffc062e6  ffc06a1d       738
  _vStartEventGroupTasks
                                  ffc062e6        97   func ,g         1  ch
  _prvTestMasterTask
                                  ffc0637d       40f   func ,l         1  ch
  _prvSyncTask
                                  ffc0678c        a1   func ,l         1  ch
  _prvTestSlaveTask
                                  ffc0682d       11e   func ,l         1  ch
  _vPeriodicEventGroupsProcessing
                                  ffc0694b        87   func ,g         1  ch
  _xAreEventGroupTasksStillRunning
                                  ffc069d2        4c   func ,g         1  ch
FILE=.\src\FreeRTOS_Demo\Full_Demo\Standard_Demo_Tasks\GenQTest.obj
                                  ffc06a1e  ffc06f4e       531
  _vStartGenericQueueTasks
                                  ffc06a1e        96   func ,g         1  ch
  _prvSendFrontAndBackTest
                                  ffc06ab4       205   func ,l         1  ch
  _prvLowPriorityMutexTask
                                  ffc06cb9       1f3   func ,l         1  ch
  _prvMediumPriorityMutexTask
                                  ffc06eac        16   func ,l         1  ch
  _prvHighPriorityMutexTask
                                  ffc06ec2        46   func ,l         1  ch
  _xAreGenericQueueTasksStillRunning
                                  ffc06f08        47   func ,g         1  ch
FILE=.\src\FreeRTOS_Demo\Full_Demo\Standard_Demo_Tasks\IntQueue.obj
                                  ffc06f4f  ffc07aa9       b5b
  _vStartInterruptQueueTasks
                                  ffc06f4f        e3   func ,g         1  ch
  _prvHigherPriorityNormallyEmptyTask
                                  ffc07032       23e   func ,l         1  ch
  _prvLowerPriorityNormallyEmptyTask
                                  ffc07270        a4   func ,l         1  ch
  _prv1stHigherPriorityNormallyFullTask
                                  ffc07314       21e   func ,l         1  ch
  _prv2ndHigherPriorityNormallyFullTask
                                  ffc07532        84   func ,l         1  ch
  _prvLowerPriorityNormallyFullTask
                                  ffc075b6        97   func ,l         1  ch
  _xFirstTimerHandler
                                  ffc0764d       18c   func ,g         1  ch
  _xSecondTimerHandler
                                  ffc077d9       22d   func ,g         1  ch
  _xAreIntQueueTasksStillRunning
                                  ffc07a06        a4   func ,g         1  ch
FILE=.\src\FreeRTOS_Demo\Full_Demo\Standard_Demo_Tasks\IntSemTest.obj
                                  ffc07aaa  ffc07e61       3b8
  _vStartInterruptSemaphoreTasks
                                  ffc07aaa        97   func ,g         1  ch
  _vInterruptMutexMasterTask
                                  ffc07b41       19b   func ,l         1  ch
  _vInterruptMutexSlaveTask
                                  ffc07cdc        37   func ,l         1  ch
  _vInterruptCountingSemaphoreTask
                                  ffc07d13        a0   func ,l         1  ch
  _vInterruptSemaphorePeriodicTest
                                  ffc07db3        62   func ,g         1  ch
  _xAreInterruptSemaphoreTasksStillRunning
                                  ffc07e15        4d   func ,g         1  ch
FILE=.\src\FreeRTOS_Demo\Full_Demo\Standard_Demo_Tasks\QueueOverwrite.obj
                                  ffc07e62  ffc07fce       16d
  _vStartQueueOverwriteTask
                                  ffc07e62        34   func ,g         1  ch
  _prvQueueOverwriteTask
                                  ffc07e96        9e   func ,l         1  ch
  _xIsQueueOverwriteTaskStillRunning
                                  ffc07f34        22   func ,g         1  ch
  _vQueueOverwritePeriodicISRDemo
                                  ffc07f56        79   func ,g         1  ch
FILE=.\src\FreeRTOS_Demo\Full_Demo\Standard_Demo_Tasks\TaskNotify.obj
                                  ffc07fcf  ffc087e4       816
  _vStartTaskNotifyTask
                                  ffc07fcf        2d   func ,g         1  ch
  _prvSuspendedTaskTimerTestCallback
                                  ffc07ffc        46   func ,l         1  ch
  _prvNotifyingTimer
                                  ffc08042        28   func ,l         1  ch
  _prvNotifiedTask
                                  ffc0806a       681   func ,l         1  ch
  _xNotifyTaskFromISR
                                  ffc086eb        9f   func ,g         1  ch
  _xAreTaskNotificationTasksStillRunning
                                  ffc0878a        44   func ,g         1  ch
  _prvRand
                                  ffc087ce        17   func ,l         1  ch
FILE=.\src\FreeRTOS_Demo\Full_Demo\Standard_Demo_Tasks\TaskNotifyArray.obj
                                  ffc087e5  ffc09462       c7e
  _vStartTaskNotifyArrayTask
                                  ffc087e5        85   func ,g         1  ch
  _prvNotifiedTask
                                  ffc0886a       a63   func ,l         1  ch
  _prvSuspendedTaskTimerTestCallback
                                  ffc092cd        5b   func ,l         1  ch
  _prvNotifyingTimerCallback
                                  ffc09328        2e   func ,l         1  ch
  _xNotifyArrayTaskFromISR
                                  ffc09356        a4   func ,g         1  ch
  _xAreTaskNotificationArrayTasksStillRunning
                                  ffc093fa        52   func ,g         1  ch
  _prvRand
                                  ffc0944c        17   func ,l         1  ch
FILE=.\src\FreeRTOS_Demo\Full_Demo\Standard_Demo_Tasks\TimerDemo.obj
                                  ffc09463  ffc09e81       a1f
  _vStartTimerDemoTask
                                  ffc09463       170   func ,g         1  ch
  _prvTimerTestTask
                                  ffc095d3       455   func ,l         1  ch
  _xAreTimerDemoTasksStillRunning
                                  ffc09a28        60   func ,g         1  ch
  _vTimerPeriodicISRTests
                                  ffc09a88       389   func ,g         1  ch
  _prvAutoReloadTimerCallback
                                  ffc09e11        26   func ,l         1  ch
  _prvOneShotTimerCallback
                                  ffc09e37        33   func ,l         1  ch
  _prvISRAutoReloadTimerCallback
                                  ffc09e6a         c   func ,l         1  ch
  _prvISROneShotTimerCallback
                                  ffc09e76         c   func ,l         1  ch
FILE=.\src\FreeRTOS_Demo\Full_Demo\Standard_Demo_Tasks\blocktim.obj
                                  ffc09e82  ffc0a243       3c2
  _vCreateBlockTimeTasks
                                  ffc09e82        5a   func ,g         1  ch
  _vPrimaryBlockTimeTestTask
                                  ffc09edc       295   func ,l         1  ch
  _vSecondaryBlockTimeTestTask
                                  ffc0a171        92   func ,l         1  ch
  _xAreBlockTimeTestTasksStillRunning
                                  ffc0a203        41   func ,g         1  ch
FILE=.\src\FreeRTOS_Demo\Full_Demo\Standard_Demo_Tasks\countsem.obj
                                  ffc0a244  ffc0a423       1e0
  _vStartCountingSemaphoreTasks
                                  ffc0a244        76   func ,g         1  ch
  _prvCountingSemaphoreTask
                                  ffc0a2ba       133   func ,l         1  ch
  _xAreCountingSemaphoreTasksStillRunning
                                  ffc0a3ed        37   func ,g         1  ch
FILE=.\src\FreeRTOS_Demo\Full_Demo\Standard_Demo_Tasks\death.obj
                                  ffc0a424  ffc0a545       122
  _vCreateSuicidalTasks
                                  ffc0a424        1c   func ,g         1  ch
  _vSuicidalTask
                                  ffc0a440        4c   func ,l         1  ch
  _vCreateTasks
                                  ffc0a48c        74   func ,l         1  ch
  _xIsCreateTaskStillRunning
                                  ffc0a500        46   func ,g         1  ch
FILE=.\src\FreeRTOS_Demo\Full_Demo\Standard_Demo_Tasks\dynamic.obj
                                  ffc0a546  ffc0a7cc       287
  _vStartDynamicPriorityTasks
                                  ffc0a546        b4   func ,g         1  ch
  _vLimitedIncrementTask
                                  ffc0a5fa        1f   func ,l         1  ch
  _vContinuousIncrementTask
                                  ffc0a619        3d   func ,l         1  ch
  _vCounterControlTask
                                  ffc0a656        a7   func ,l         1  ch
  _vQueueSendWhenSuspendedTask
                                  ffc0a6fd        3a   func ,l         1  ch
  _vQueueReceiveWhenSuspendedTask
                                  ffc0a737        4c   func ,l         1  ch
  _xAreDynamicPriorityTasksStillRunning
                                  ffc0a783        4a   func ,g         1  ch
FILE=.\src\FreeRTOS_Demo\Full_Demo\Standard_Demo_Tasks\flop.obj
                                  ffc0a7cd  ffc0ad0b       53f
  _vStartMathTasks
                                  ffc0a7cd        7b   func ,g         1  ch
  _vCompetingMathTask1
                                  ffc0a848        d3   func ,l         1
  _vCompetingMathTask2
                                  ffc0a91b        d3   func ,l         1
  _vCompetingMathTask3
                                  ffc0a9ee       171   func ,l         1
  _vCompetingMathTask4
                                  ffc0ab5f       178   func ,l         1
  _xAreMathsTaskStillRunning
                                  ffc0acd7        35   func ,g         1  ch
FILE=.\src\FreeRTOS_Demo\Full_Demo\Standard_Demo_Tasks\recmutex.obj
                                  ffc0ad0c  ffc0af7a       26f
  _vStartRecursiveMutexTasks
                                  ffc0ad0c        76   func ,g         1  ch
  _prvRecursiveMutexControllingTask
                                  ffc0ad82        7d   func ,l         1  ch
  _prvRecursiveMutexBlockingTask
                                  ffc0adff        66   func ,l         1  ch
  _prvRecursiveMutexPollingTask
                                  ffc0ae65        b5   func ,l         1  ch
  _xAreRecursiveMutexTasksStillRunning
                                  ffc0af1a        61   func ,g         1  ch
FILE=.\src\FreeRTOS_Demo\Full_Demo\Standard_Demo_Tasks\semtest.obj
                                  ffc0af7b  ffc0b14e       1d4
  _vStartSemaphoreTasks
                                  ffc0af7b        e0   func ,g         1  ch
  _prvSemaphoreTest
                                  ffc0b05b        a7   func ,l         2  ch
  _xAreSemaphoreTasksStillRunning
                                  ffc0b102        4d   func ,g         1  ch
FILE=.\src\FreeRTOS_Demo\Full_Demo\UARTCommandConsole.obj
                                  ffc0b14f  ffc0b2b8       16a
  _vUARTCommandConsoleStart
                                  ffc0b14f        36   func ,g         1  ch
  _prvUARTCommandConsoleTask
                                  ffc0b185       134   func ,l         1  ch
FILE=.\src\FreeRTOS_Demo\Full_Demo\main_full.obj
                                  ffc0b2b9  ffc0b9cd       715
  _main_full
                                  ffc0b2b9        cd   func ,g         1  ch
  _prvCheckTask
                                  ffc0b386       180   func ,l         1  ch
  _prvPseudoRandomiser
                                  ffc0b506        43   func ,l         1  ch
  _vFullDemoTickHook
[...]
                                          0053(ffc0d602:P)
                                          0053(ffc0d616:P)
                                          0053(ffc0d62a:P)
                                          0053(ffc0d63e:P)
                                          0053(ffc0d652:P)
                                          0053(ffc0d66b:P)
                                          0053(ffc0d695:P)
                                          0053(ffc0d6bf:P)
                                          0053(ffc0d6de:P)
                                          0053(ffc0d702:P)
                                          0060(ffc0db95:P)
                                          0060(ffc0dbae:P)
                                          0061(ffc0e334:P)
                                          0064(ffc0005e:PResetPRG)
                                          0066(ffc0ed58:P)
                                          0066(ffc0ed6c:P)
                 _excep_supervisor_inst_isr
                                 ffc0c552 0055(ffffffd0:EXCEPTVECT)
                 _excep_access_isr
                                 ffc0c569 0055(ffffffd4:EXCEPTVECT)
                 _excep_undefined_inst_isr
                                 ffc0c580 0055(ffffffdc:EXCEPTVECT)
                 _excep_floating_point_isr
                                 ffc0c597 0055(ffffffe4:EXCEPTVECT)
                 _non_maskable_isr
                                 ffc0c5b8 0055(fffffff8:EXCEPTVECT)
                 _undefined_interrupt_source_isr
                                 ffc0c796 0055(ffffffd8:EXCEPTVECT)
                                          0055(ffffffe0:EXCEPTVECT)
                                          0055(ffffffe8:EXCEPTVECT)
                                          0055(ffffffec:EXCEPTVECT)
                                          0055(fffffff0:EXCEPTVECT)
                                          0055(fffffff4:EXCEPTVECT)
                 _bus_error_isr
                                 ffc0c7ad
     SECTION=B
     SECTION=W
     SECTION=W_1
     SECTION=W_2
0047 r_bsp_locking
     SECTION=P
                 _R_BSP_SoftwareLock
                                 ffc0c7cb 0047(ffc0c7f0:P)
                 _R_BSP_HardwareLock
                                 ffc0c7e4 0049(ffc0c80e:P)
                                          0064(ffc00064:PResetPRG)
                                          0065(ffc0e926:P)
                 _R_BSP_HardwareUnlock
                                 ffc0c7f1 0065(ffc0e952:P)
                                          0065(ffc0e9e3:P)
                                          0065(ffc0eb30:P)
0048 r_bsp_mcu_startup
0049 r_bsp_software_interrupt
     SECTION=B
                 _g_bsp_swint_access_ctrl
                                 0000cf60 0049(ffc0c81b:P)
                                          0049(ffc0ca25:P)
                                          0049(ffc0cb93:P)
                                          0049(ffc0cbaa:P)
     SECTION=P
                 _R_BSP_SoftwareInterruptOpen
                                 ffc0c7fe 0046(ffc0c218:P)
                 _R_BSP_SoftwareInterruptControl
                                 ffc0c8c2 0049(ffc0c82e:P)
                                          0049(ffc0c837:P)
                                          0049(ffc0c845:P)
                                          0049(ffc0c8b0:P)
                                          0049(ffc0ca87:P)
     SECTION=B_1
     SECTION=W
     SECTION=W_1
     SECTION=W_2
0050 sbrk
0051 mcu_clocks
     SECTION=P
                 _get_iclk_freq_hz
                                 ffc0cc86 0044(ffc0bf91:P)
                 _mcu_clock_setup
                                 ffc0cd33 0064(ffc00030:PResetPRG)
0052 mcu_init
     SECTION=P
                 _bsp_non_existent_port_init
                                 ffc0ceb6 0039(ffc0bdb4:P)
0053 mcu_interrupts
     SECTION=P
                 _bsp_interrupt_enable_disable
                                 ffc0cfac 0046(ffc0c279:P)
                                          0046(ffc0c281:P)
0054 mcu_mapped_interrupts
     SECTION=P
                 _bsp_mapped_interrupt_open
                                 ffc0d706 0046(ffc0c213:P)
0055 vecttbl
     SECTION=$ADDR_C_FE7F5D00
                 ___MDEreg
                                 fe7f5d00
                 ___OFS0reg
                                 fe7f5d04
                 ___OFS1reg
                                 fe7f5d08
     SECTION=$ADDR_C_FE7F5D10
                 ___TMINFreg
                                 fe7f5d10
     SECTION=$ADDR_C_FE7F5D20
                 ___BANKSELreg
                                 fe7f5d20
     SECTION=$ADDR_C_FE7F5D40
                 ___SPCCreg
                                 fe7f5d40
     SECTION=$ADDR_C_FE7F5D48
                 ___TMEFreg
                                 fe7f5d48
     SECTION=$ADDR_C_FE7F5D50
                 ___OSIS1reg
                                 fe7f5d50
                 ___OSIS2reg
                                 fe7f5d54
                 ___OSIS3reg
                                 fe7f5d58
                 ___OSIS4reg
                                 fe7f5d5c
     SECTION=$ADDR_C_FE7F5D64
                 ___FAWreg
                                 fe7f5d64
     SECTION=$ADDR_C_FE7F5D70
                 ___ROMCODEreg
                                 fe7f5d70
     SECTION=EXCEPTVECT
                 _Except_Vectors
                                 ffffff80
     SECTION=RESETVECT
                 _Reset_Vector
                                 fffffffc
0056 r_byteq
     SECTION=P
                 _R_BYTEQ_Open
                                 ffc0d906 0060(ffc0dcb5:P)
                                          0060(ffc0dcd6:P)
                                          0060(ffc0dce7:P)
                 _R_BYTEQ_Put
                                 ffc0da04 0060(ffc0dd7f:P)
                                          0060(ffc0de36:P)
                 _R_BYTEQ_Get
                                 ffc0da38 0060(ffc0ddaf:P)
                 _R_BYTEQ_Flush
                                 ffc0da70 0061(ffc0e42c:P)
                                          0061(ffc0e452:P)
                                          0061(ffc0e486:P)
                 _R_BYTEQ_Used
                                 ffc0da7f 0060(ffc0ddbf:P)
                                          0061(ffc0e470:P)
                 _R_BYTEQ_Unused
                                 ffc0da97 0060(ffc0dd65:P)
                                          0061(ffc0e464:P)
     SECTION=D_1
     SECTION=B
     SECTION=R_1
0057 r_gpio_rx
     SECTION=P
                 _R_GPIO_PinWrite
                                 ffc0dab4 0035(ffc0bd55:P)
                 _R_GPIO_PinDirectionSet
                                 ffc0dad4 0035(ffc0bd5c:P)
                                          0035(ffc0bd65:P)
     SECTION=W
     SECTION=W_1
     SECTION=W_2
0058 r_gpio_rx72n
     SECTION=C_1
                 _g_gpio_open_drain_n_support
                                 ffc0007a
0059 r_sci_rx_pinset
     SECTION=P
                 _R_SCI_PinSet_SCI2
                                 ffc0dafb 0035(ffc0bd68:P)
0060 r_sci_rx
     SECTION=P
                 _R_SCI_Open
                                 ffc0db1f 0035(ffc0bd8d:P)
                 _R_SCI_Send
                                 ffc0dd18 0032(ffc0bb05:P)
                 _txi_handler
                                 ffc0dda4 0061(ffc0e8b8:P)
                                          0061(ffc0e8ca:P)
                 _tei_handler
                                 ffc0ddef 0061(ffc0e8d8:P)
                                          0061(ffc0e8e0:P)
                 _rxi_handler
                                 ffc0de1f 0061(ffc0e8ec:P)
                                          0061(ffc0e8fe:P)
                 _eri_handler
                                 ffc0de5a 0061(ffc0e90c:P)
                                          0061(ffc0e914:P)
                 _R_SCI_Control
                                 ffc0dec6 0067(ffc0ed88:P)
                                          0067(ffc0ed91:P)
                                          0067(ffc0ed9f:P)
     SECTION=B_1
0061 r_sci_rx72n
     SECTION=P
                 _sci_mcu_param_check
                                 ffc0dfcc 0060(ffc0db2c:P)
                 _sci_init_register
                                 ffc0dfd2 0060(ffc0dbbe:P)
                 _sci_init_bit_rate
                                 ffc0e08d 0060(ffc0dc50:P)
                                          0060(ffc0df56:P)
                 _sci_initialize_ints
                                 ffc0e28f 0060(ffc0dd06:P)
                 _sci_async_cmds
                                 ffc0e35c 0060(ffc0df34:P)
                 _sci2_tei2_isr
                                 ffc0e8d2 0062(ffc00408:C)
                 _sci9_tei9_isr
                                 ffc0e8da 0062(ffc0044c:C)
                 _sci2_eri2_isr
                                 ffc0e906 0062(ffc00410:C)
                 _sci9_eri9_isr
                                 ffc0e90e 0062(ffc00454:C)
     SECTION=W
     SECTION=W_1
     SECTION=W_2
0062 r_sci_rx72n_data
     SECTION=R
                 _ch2_ctrl
                                 0000d3b4 0061(ffc0e8b4:P)
                                          0061(ffc0e8d4:P)
                                          0061(ffc0e8e8:P)
                                          0061(ffc0e908:P)
                                          0062(ffc00488:C)
                 _ch9_ctrl
                                 0000d3d4 0061(ffc0e8c6:P)
                                          0061(ffc0e8dc:P)
                                          0061(ffc0e8fa:P)
                                          0061(ffc0e910:P)
                                          0062(ffc004a4:C)
     SECTION=C_2
                 _async_baud
                                 ffc0016a 0061(ffc0e0b3:P)
                                          0061(ffc0e4d6:P)
                                          0061(ffc0e704:P)
     SECTION=C
                 _ch2_rom
                                 ffc003f8 0062(0000d3b4:R)
                 _ch9_rom
                                 ffc0043c 0062(0000d3d4:R)
                 _g_handles
                                 ffc00480 0060(ffc0db37:P)
                                          0060(ffc0dbb7:P)
     SECTION=D
0063 FIT_patch
     SECTION=P
                 _malloc
                                 ffc0e916 0065(ffc0e940:P)
                                          0087(ffc10267:P)
                 _free
                                 ffc0e91a 0069(ffc0edf2:P)
                                          0077(ffc0f346:P)
                                          0087(ffc102f5:P)
0064 resetprg
     SECTION=PResetPRG
                 _PowerON_Reset_PC
                                 ffc00000 0055(fffffffc:RESETVECT)
     SECTION=SI
     SECTION=C$VECT
     SECTION=EXCEPTVECT
0065 r_dtc_rx
     SECTION=B
                 _gp_dtc_table_work
                                 0000d150 0065(ffc0e947:P)
     SECTION=P
                 _R_DTC_Open
                                 ffc0e91e 0035(ffc0bd92:P)
                 _R_DTC_Create
                                 ffc0e9a8 0032(ffc0badf:P)
                 _R_DTC_Control
                                 ffc0ead4 0032(ffc0bae8:P)
                                          0035(ffc0bd9b:P)
     SECTION=D_1
     SECTION=W
     SECTION=W_1
     SECTION=W_2
     SECTION=R_1
0066 r_dtc_rx_target
     SECTION=C
                 _g_source_array
                                 ffc004b4 0065(ffc0e971:P)
     SECTION=P
                 _r_dtc_module_enable
                                 ffc0ed41 0065(ffc0e98c:P)
0067 u_sci_rx_ext
     SECTION=P
                 _U_SCI_Control_EXT
                                 ffc0ed76 0032(ffc0ba71:P)
0068 freopen
     SECTION=P
                 _freopen
                                 ffc0eda1 0042(ffc0be52:P)
                                          0042(ffc0be6b:P)
                                          0042(ffc0be8f:P)
0069 fclose
     SECTION=P
                 _fclose
                                 ffc0edce 0042(ffc0bec2:P)
                                          0068(ffc0edb0:P)
                                          0076(ffc0f204:P)
                                          0076(ffc0f27a:P)
0070 sprintf
     SECTION=P
                 _sprintf
                                 ffc0ee2e 0008(ffc04e9e:P)
                                          0013(ffc05f03:P)
                                          0013(ffc05f33:P)
                                          0013(ffc05f68:P)
                                          0013(ffc06002:P)
                                          0013(ffc06040:P)
0071 xfiles
     SECTION=R
                 __Stdin
                                 0000d3f4 0042(ffc0be2d:P)
                                          0071(0000d3f8:R)
                                          0071(0000d3fc:R)
                                          0071(0000d400:R)
                                          0071(0000d404:R)
                                          0071(0000d408:R)
                                          0071(0000d40c:R)
                                          0071(0000d410:R)
                 __Stdout
                                 0000d43c 0042(ffc0be39:P)
                                          0071(0000d440:R)
                                          0071(0000d444:R)
                                          0071(0000d448:R)
                                          0071(0000d44c:R)
                                          0071(0000d450:R)
                                          0071(0000d454:R)
                                          0071(0000d458:R)
                 __Stderr
                                 0000d484 0042(ffc0be40:P)
                                          0042(ffc0be78:P)
                                          0071(0000d49c:R)
                                          0071(0000d4a0:R)
     SECTION=D
     SECTION=D_1
     SECTION=R_1
0072 _nfiles
     SECTION=C
                 __nfiles
                                 ffc007e4 0042(ffc0bea8:P)
                                          0075(ffc0f0ca:P)
                                          0077(ffc0f2af:P)
0073 __COM_DIV64u_sp
     SECTION=P
                 __COM_DIV64u
                                 ffc0ee58 0044(ffc0bfee:P)
                                          0044(ffc0c01d:P)
                                          0088(ffc10388:P)
                                          0088(ffc103a2:P)
0074 __initsct
     SECTION=P
                 __INITSCT
                                 ffc0f077 0064(ffc00034:PResetPRG)
     SECTION=C$BSEC
     SECTION=C$DSEC
0075 fflush
     SECTION=P
                 _fflush
                                 ffc0f0c1 0069(ffc0ede5:P)
                                          0075(ffc0f0e9:P)
0076 xfoprep
     SECTION=P
                 __Foprep
                                 ffc0f13b 0068(ffc0edc7:P)
     SECTION=C
0077 xfofind
     SECTION=P
                 __Fofree
                                 ffc0f288 0069(ffc0ee03:P)
                                          0069(ffc0ee13:P)
0078 xprintf
     SECTION=P
                 __Printf
                                 ffc0f349 0070(ffc0ee48:P)
     SECTION=C
     SECTION=C_1
     SECTION=L
     SECTION=D
     SECTION=R
0079 _errno
     SECTION=B
                 __errno
                                 0000d158 0069(ffc0ee1a:P)
                                          0076(ffc0f20a:P)
                                          0076(ffc0f274:P)
                                          0090(ffc10927:P)
0080 xputfld
     SECTION=P
                 __Putfld
                                 ffc0f5ba 0078(ffc0f58e:P)
     SECTION=W
     SECTION=W_1
     SECTION=W_2
0081 xfopen
     SECTION=P
                 __Fopen
                                 ffc0f9c2 0076(ffc0f268:P)
     SECTION=C
0082 xvacopy
     SECTION=P
                 __Vacopy
                                 ffc0f9fe 0078(ffc0f35a:P)
                                          0078(ffc0f575:P)
0083 xputtxt
     SECTION=P
                 __Puttxt
                                 ffc0fa06 0078(ffc0f59b:P)
                                          0087(ffc102a7:P)
                                          0087(ffc102d8:P)
     SECTION=C_1
0084 strchr
     SECTION=P
                 _strchr
                                 ffc0fca2 0078(ffc0f413:P)
                                          0078(ffc0f435:P)
                                          0078(ffc0f4e6:P)
0085 xctype
     SECTION=R
                 __Ctype
                                 0000d4cc 0078(ffc0f361:P)
     SECTION=P
     SECTION=C_2
     SECTION=D
0086 xldtob
     SECTION=P
                 __Ldtob
                                 ffc0fcc3 0080(ffc0f7d5:P)
     SECTION=C_8
     SECTION=L
0087 xputstr
     SECTION=P
                 __Putstr
                                 ffc10226 0080(ffc0f964:P)
0088 xlitob
     SECTION=P
                 __Litob
                                 ffc102fc 0080(ffc0f77a:P)
     SECTION=C_1
0089 xgenld
     SECTION=P
                 __Genld
                                 ffc10430 0086(ffc10216:P)
     SECTION=L
0090 xwctomb
     SECTION=P
                 __Wctombx
                                 ffc1076f 0090(ffc1096a:P)
                 __Wctomb
                                 ffc10930 0087(ffc10280:P)
0091 xstate
     SECTION=R_1
                 __Mbcurmax
                                 0000c957 0091(ffc10983:P)
     SECTION=R
                 __Tls_setup__Mbcurmax
                                 0000d4d0 0091(ffc10977:P)
                 __Mbstate
                                 0000d4d4 0090(ffc1095e:P)
                 __Tls_setup__Mbstate
                                 0000d514 0090(ffc10934:P)
     SECTION=P
                 __Getmbcurmax
                                 ffc10975 0087(ffc10236:P)
                                          0090(ffc108ab:P)
     SECTION=D
     SECTION=D_1
0092 xldscale
     SECTION=P
                 __LDscale
                                 ffc10989 0086(ffc0fe03:P)
0093 xldunsca
     SECTION=P
                 __LDunscale
                                 ffc1098c 0086(ffc0fd0a:P)
0094 __COM_MOD64u_sp
     SECTION=P
                 __COM_MOD64u
                                 ffc1098f 0088(ffc10375:P)
0095 _div
     SECTION=P
                 _div
                                 ffc10b7b 0089(ffc1055a:P)
                 _ldiv
                                 ffc10b7b 0086(ffc100d1:P)
0096 localeco
     SECTION=R
                 __Locale
                                 0000d518 0096(ffc10b89:P)
     SECTION=P
                 _localeconv
                                 ffc10b87 0089(ffc1043e:P)
     SECTION=C_1
     SECTION=L
     SECTION=D
0097 xwcstate
     SECTION=R
                 __Wcstate
                                 0000d568 0090(ffc10957:P)
                 __Tls_setup__Wcstate
                                 0000d5a8 0090(ffc1094c:P)
     SECTION=P
     SECTION=D
0098 xdscale
     SECTION=P
                 __Dscale
                                 ffc10b8d 0092(ffc1098a:P)
0099 xdunscal
     SECTION=P
                 __Dunscale
                                 ffc10d4d 0093(ffc1098d:P)
0100 xdnorm
     SECTION=P
                 __Dnorm
                                 ffc10dba 0098(ffc10bd0:P)
                                          0099(ffc10d92:P)
0101 xvalues
     SECTION=R
                 __Inf
                                 0000d5ac 0098(ffc10bee:P)
     SECTION=R_8
                 __Xbig
                                 0000d5c0
     SECTION=D_8
     SECTION=D
